2025-07-13 12:18:19.213 27121-29078 okhttp.OkHttpClient     app.forku                            I  <-- 200 https://godev.collectiveintelligence.com.au/forkuapp-de6b98b5-4402-4a8f-891b-70b3591df162/api/gouser/byid/d139312d-3d82-4a47-8f1f-b9e1fc380d27?include=UserBusinesses (349ms, unknown-length body)
2025-07-13 12:18:19.216 27121-29078 UserDto                 app.forku                            D  Initializing UserDto with picture: null
2025-07-13 12:18:19.218 27121-29166 okhttp.OkHttpClient     app.forku                            I  <-- 200 https://godev.collectiveintelligence.com.au/forkuapp-de6b98b5-4402-4a8f-891b-70b3591df162/api/site/list?include=business%2Ccountry&filter=BusinessId%20%3D%3D%20Guid.Parse%28%22dcd930f6-6d66-4990-8837-a6c1e96a8256%22%29 (360ms, unknown-length body)
2025-07-13 12:18:19.221 27121-29089 UserRepository          app.forku                            D  Raw UserBusinesses from API: [UserBusinessDto(businessId=dcd930f6-6d66-4990-8837-a6c1e96a8256, siteId=null, goUserId=d139312d-3d82-4a47-8f1f-b9e1fc380d27, isDirty=true)]
2025-07-13 12:18:19.221 27121-29089 UserRepository          app.forku                            D  UserBusinesses size: 1
2025-07-13 12:18:19.221 27121-29089 UserRepository          app.forku                            D  UserBusiness: businessId=dcd930f6-6d66-4990-8837-a6c1e96a8256, siteId=null
2025-07-13 12:18:19.221 27121-29089 UserRepository          app.forku                            D  Extracted business IDs: [dcd930f6-6d66-4990-8837-a6c1e96a8256]
2025-07-13 12:18:19.221 27121-29089 UserRepository          app.forku                            D  Found 1 assigned businesses for user: [dcd930f6-6d66-4990-8837-a6c1e96a8256]
2025-07-13 12:18:19.257 27121-27121 AuthDataStore           app.forku                            D  Updated last activity: 1752427098817
2025-07-13 12:18:19.257 27121-27121 AuthDataStore           app.forku                            D  Getting cached application token: eyJhbGciOi
2025-07-13 12:18:19.257 27121-27121 BaseScreen              app.forku                            D  ðŸš€ Auto-starting SessionKeepAlive on BaseScreen load
2025-07-13 12:18:19.257 27121-27121 SessionKeepAlive        app.forku                            D  ðŸš€ Starting session keep-alive service
2025-07-13 12:18:19.257 27121-27121 SessionKeepAlive        app.forku                            D  âš ï¸ Keep-alive already active, stopping previous instance
2025-07-13 12:18:19.257 27121-27121 SessionKeepAlive        app.forku                            D  ðŸ›‘ Stopping session keep-alive service
2025-07-13 12:18:19.257 27121-27121 SessionKeepAliveWorker  app.forku                            D  âŒ Cancelled session keep-alive work
2025-07-13 12:18:19.257 27121-27121 SessionKeepAlive        app.forku                            D  ðŸ”„ Cancelling keep-alive job (isActive: true)
2025-07-13 12:18:19.258 27121-27121 SessionKeepAlive        app.forku                            D  ðŸ”„ Cancelling token renewal job (isActive: true)
2025-07-13 12:18:19.259 27121-27121 SessionKeepAlive        app.forku                            D  âœ… Session keep-alive service stopped and cleaned up
2025-07-13 12:18:19.259 27121-27121 SessionKeepAlive        app.forku                            D  âœ… Keep-alive status set to active
2025-07-13 12:18:19.260 27121-27121 SessionKeepAliveWorker  app.forku                            D  ðŸ“… Scheduled periodic session keep-alive work
2025-07-13 12:18:19.261 27121-29165 SessionKeepAlive        app.forku                            D  ðŸ”„ Token renewal job cancelled - this is normal during app lifecycle changes
2025-07-13 12:18:19.263 27121-27121 SessionKeepAlive        app.forku                            D  ðŸŽ¯ Session keep-alive service fully started
2025-07-13 12:18:19.264 27121-29089 SessionKeepAlive        app.forku                            D  ðŸ”„ Keep-alive coroutine started
2025-07-13 12:18:19.265 27121-29089 SessionKeepAlive        app.forku                            W  ðŸš¨ Emergency session check triggered - forcing immediate keep-alive and token validation
2025-07-13 12:18:19.265 27121-29089 AuthDataStore           app.forku                            D  Getting cached application token: eyJhbGciOi
2025-07-13 12:18:19.265 27121-27159 SessionKeepAlive        app.forku                            D  ðŸ”„ Token renewal coroutine started
2025-07-13 12:18:19.265 27121-27121 SessionModalDebug       app.forku                            D  --- LaunchedEffect triggered ---
2025-07-13 12:18:19.265 27121-27159 SessionKeepAlive        app.forku                            D  â³ Waiting 450000ms for token renewal check
2025-07-13 12:18:19.266 27121-27121 SessionModalDebug       app.forku                            D  tokenExpiration: Sun Jul 13 12:47:57 GMT-05:00 2025
2025-07-13 12:18:19.266 27121-27121 SessionModalDebug       app.forku                            D  isKeepAliveActive: true
2025-07-13 12:18:19.266 27121-27121 SessionModalDebug       app.forku                            D  lastKeepAliveTime: null
2025-07-13 12:18:19.266 27121-27121 SessionModalDebug       app.forku                            D  secondsLeftFromToken: 1777
2025-07-13 12:18:19.266 27121-27121 SessionModalDebug       app.forku                            W  âš ï¸ lastKeepAliveTime is null
2025-07-13 12:18:19.266 27121-27121 SessionModalDebug       app.forku                            D  mostCriticalExpiration: -1
2025-07-13 12:18:19.266 27121-27121 SessionModalDebug       app.forku                            D  âœ… Session is healthy, hiding modal
2025-07-13 12:18:19.266 27121-27121 OperatorsListScreen     app.forku                            D  === OPERATORS LOAD TRIGGERED ===
2025-07-13 12:18:19.266 27121-27121 OperatorsListScreen     app.forku                            D  [UI] LaunchedEffect triggered: filtersInitialized=true, filterBusinessId=dcd930f6-6d66-4990-8837-a6c1e96a8256
2025-07-13 12:18:19.267 27121-27121 SessionModalDebug       app.forku                            D  --- LaunchedEffect triggered ---
2025-07-13 12:18:19.267 27121-29089 SessionKeepAlive        app.forku                            D  ðŸ•’ Token expires in 1777s
2025-07-13 12:18:19.267 27121-27132 OpenGLRenderer          app.forku                            I  Davey! duration=1088ms; Flags=0, FrameTimelineVsyncId=136295, IntendedVsync=20261693448704, Vsync=20262310115346, InputEventId=-214630841, HandleInputStart=20262317298507, AnimationStart=20262334565238, PerformTraversalsStart=20262667452891, DrawStart=20262765965007, FrameDeadline=20261726782036, FrameInterval=20262317153315, FrameStartTime=16666666, SyncQueued=20262770860237, SyncStart=20262771034545, IssueDrawCommandsStart=20262771615507, SwapBuffers=20262776267430, FrameCompleted=20262782167622, DequeueBufferDuration=37539, QueueBufferDuration=1503538, GpuCompleted=20262782167622, SwapBuffersCompleted=20262779474122, DisplayPresentTime=0, 
2025-07-13 12:18:19.267 27121-29089 SessionKeepAlive        app.forku                            D  âœ… Token still valid for 1777s - no renewal needed
2025-07-13 12:18:19.267 27121-27121 SessionModalDebug       app.forku                            D  tokenExpiration: Sun Jul 13 12:47:57 GMT-05:00 2025
2025-07-13 12:18:19.267 27121-29089 SessionKeepAlive        app.forku                            D  ðŸ”„ Performing keep-alive ping...
2025-07-13 12:18:19.267 27121-27121 SessionModalDebug       app.forku                            D  isKeepAliveActive: true
2025-07-13 12:18:19.267 27121-27121 SessionModalDebug       app.forku                            D  lastKeepAliveTime: null
2025-07-13 12:18:19.267 27121-27121 SessionModalDebug       app.forku                            D  secondsLeftFromToken: 1777
2025-07-13 12:18:19.267 27121-29089 GOServicesManager       app.forku                            D  Getting CSRF token... forceRefresh=false
2025-07-13 12:18:19.267 27121-29089 GOServicesManager       app.forku                            D  Using cached CSRF token and cookie
2025-07-13 12:18:19.267 27121-29089 SessionKeepAlive        app.forku                            D  ðŸ” Keep-alive headers obtained:
2025-07-13 12:18:19.268 27121-27121 SessionModalDebug       app.forku                            W  âš ï¸ lastKeepAliveTime is null
2025-07-13 12:18:19.268 27121-27121 SessionModalDebug       app.forku                            D  mostCriticalExpiration: -1
2025-07-13 12:18:19.268 27121-27121 SessionModalDebug       app.forku                            D  âœ… Session is healthy, hiding modal
2025-07-13 12:18:19.268 27121-29089 SessionKeepAlive        app.forku                            D    - CSRF Token: CfDJ8Fg4pSr8DoxBgBaS...
2025-07-13 12:18:19.268 27121-29089 SessionKeepAlive        app.forku                            D    - Cookie length: 271
2025-07-13 12:18:19.277 27121-29037 okhttp.OkHttpClient     app.forku                            I  --> GET https://godev.collectiveintelligence.com.au/forkuapp-de6b98b5-4402-4a8f-891b-70b3591df162/api/gosecurityprovider/keepalive
2025-07-13 12:18:19.324 27121-27121 BusinessContextManager  app.forku                            D  ðŸ” getCurrentUserPreferences() returned: true
2025-07-13 12:18:19.324 27121-27121 BusinessContextManager  app.forku                            D  ðŸ” User preferences loading result:
2025-07-13 12:18:19.324 27121-27121 BusinessContextManager  app.forku                            D    - Preferences found: true
2025-07-13 12:18:19.324 27121-27121 BusinessContextManager  app.forku                            D    - Business ID: dcd930f6-6d66-4990-8837-a6c1e96a8256
2025-07-13 12:18:19.324 27121-27121 BusinessContextManager  app.forku                            D    - Site ID: 7ecd101b-1f23-442d-bcd6-75be6c5a3e8f
2025-07-13 12:18:19.324 27121-27121 BusinessContextManager  app.forku                            D    - Last Selected Business: dcd930f6-6d66-4990-8837-a6c1e96a8256
2025-07-13 12:18:19.324 27121-27121 BusinessContextManager  app.forku                            D    - Last Selected Site: 7ecd101b-1f23-442d-bcd6-75be6c5a3e8f
2025-07-13 12:18:19.324 27121-27121 BusinessContextManager  app.forku                            D  ðŸ” Effective context from preferences:
2025-07-13 12:18:19.324 27121-27121 BusinessContextManager  app.forku                            D    - Effective Business ID: dcd930f6-6d66-4990-8837-a6c1e96a8256
2025-07-13 12:18:19.324 27121-27121 BusinessContextManager  app.forku                            D    - Effective Site ID: 7ecd101b-1f23-442d-bcd6-75be6c5a3e8f
2025-07-13 12:18:19.324 27121-27121 BusinessContextManager  app.forku                            D  âœ… Valid business context found from preferences
2025-07-13 12:18:19.325 27121-27121 BusinessesViewModel     app.forku                            D  Found 1 assigned business IDs: [dcd930f6-6d66-4990-8837-a6c1e96a8256]
2025-07-13 12:18:19.326 27121-27121 BusinessesViewModel     app.forku                            D  Fetching business details for ID: dcd930f6-6d66-4990-8837-a6c1e96a8256
2025-07-13 12:18:19.338 27121-29078 appflow AuthInterceptor app.forku                            D  Starting request interception:
                                                                                                    - URL: https://godev.collectiveintelligence.com.au/forkuapp-de6b98b5-4402-4a8f-891b-70b3591df162/api/business/byid/dcd930f6-6d66-4990-8837-a6c1e96a8256
                                                                                                    - Method: GET
2025-07-13 12:18:19.338 27121-29078 AuthDataStore           app.forku                            D  Getting cached application token: eyJhbGciOi
2025-07-13 12:18:19.339 27121-29078 GOServicesManager       app.forku                            D  Getting CSRF token... forceRefresh=false
2025-07-13 12:18:19.339 27121-29078 GOServicesManager       app.forku                            D  Using cached CSRF token and cookie
2025-07-13 12:18:19.340 27121-29078 appflow AuthInterceptor app.forku                            D  ðŸ” Added ApplicationToken and BearerToken to cookie
2025-07-13 12:18:19.341 27121-29078 appflow AuthInterceptor app.forku                            D  ðŸ§¹ Cleaned cookie from '.AspNetCore.Antiforgery._bj8tIMu5EI=CfDJ8Fg4pSr8DoxBgBaSElZSS11WlZwroq95n0RFpKF2M3hGO7RYs7fKnukHX0f8...' to '.AspNetCore.Antiforgery._bj8tIMu5EI=CfDJ8Fg4pSr8DoxBgBaSElZSS11WlZwroq95n0RFpKF2M3hGO7RYs7fKnukHX0f8KW9qvvpfrTbNw5SKHsPs_X_GRBBo0o5EVhtPNghRMLNl889x-Dc9h_bmKpMxkNMnFE8yNgYJB88Fn3O8I7NDS03fpj4'
2025-07-13 12:18:19.341 27121-29078 appflow AuthInterceptor app.forku                            D  ðŸ” Added cleaned Antiforgery cookie: .AspNetCore.Antiforgery._bj8tIMu5EI=CfDJ8Fg4pSr8Do...
2025-07-13 12:18:19.341 27121-29078 appflow AuthInterceptor app.forku                            D  ðŸ” Final cookie string length: 994
2025-07-13 12:18:19.342 27121-29078 okhttp.OkHttpClient     app.forku                            I  --> GET https://godev.collectiveintelligence.com.au/forkuapp-de6b98b5-4402-4a8f-891b-70b3591df162/api/business/byid/dcd930f6-6d66-4990-8837-a6c1e96a8256
2025-07-13 12:18:19.487 27121-27121 SiteRepo                app.forku                            D  Found 3 total sites for business dcd930f6-6d66-4990-8837-a6c1e96a8256
2025-07-13 12:18:19.487 27121-27121 SiteRepo                app.forku                            D    - Default Site Example Business (370affcb-34a1-4993-a613-729fe31e9834)
2025-07-13 12:18:19.487 27121-27121 SiteRepo                app.forku                            D    - Other Site Example Business (7ecd101b-1f23-442d-bcd6-75be6c5a3e8f)
2025-07-13 12:18:19.487 27121-27121 SiteRepo                app.forku                            D    - Third Site Example Business yes (7a60cbbe-8ad4-4d55-b381-b1223f97bc88)
2025-07-13 12:18:19.487 27121-27121 SiteRepo                app.forku                            D  =====================================
2025-07-13 12:18:19.487 27121-27121 SitesViewModel          app.forku                            D  Loaded 3 sites for business dcd930f6-6d66-4990-8837-a6c1e96a8256
2025-07-13 12:18:19.556 27121-29037 okhttp.OkHttpClient     app.forku                            I  <-- 200 https://godev.collectiveintelligence.com.au/forkuapp-de6b98b5-4402-4a8f-891b-70b3591df162/api/gosecurityprovider/keepalive (278ms, unknown-length body)
2025-07-13 12:18:19.558 27121-29165 SessionKeepAlive        app.forku                            D  âœ… Keep-alive successful
2025-07-13 12:18:19.558 27121-29165 AuthDataStore           app.forku                            D  Getting cached application token: eyJhbGciOi
2025-07-13 12:18:19.559 27121-29165 SessionKeepAlive        app.forku                            I  âœ… Emergency session check passed - session is healthy
2025-07-13 12:18:19.559 27121-29165 BaseScreen              app.forku                            D  âœ… Session health check passed - session is valid
2025-07-13 12:18:19.627 27121-29078 okhttp.OkHttpClient     app.forku                            I  <-- 200 https://godev.collectiveintelligence.com.au/forkuapp-de6b98b5-4402-4a8f-891b-70b3591df162/api/business/byid/dcd930f6-6d66-4990-8837-a6c1e96a8256 (284ms, unknown-length body)
2025-07-13 12:18:19.748 27121-27121 BaseScreen              app.forku                            D  ðŸ§¹ BaseScreen disposed
2025-07-13 12:18:19.787 27121-27121 OperatorsListScreen     app.forku                            D  [UI] loadOperatorsData: Admin loading with filters
2025-07-13 12:18:19.787 27121-27121 OperatorsListScreen     app.forku                            D  [UI] Parameters: businessId=dcd930f6-6d66-4990-8837-a6c1e96a8256, siteId=null
2025-07-13 12:18:19.789 27121-27121 OperatorsList           app.forku                            D  === ðŸš€ VIEW_FILTER: LOADING OPERATORS WITH FILTERS (UserPreferences) ===
2025-07-13 12:18:19.789 27121-27121 OperatorsList           app.forku                            D  ðŸ”§ VIEW_FILTER: Loading operators with filters - businessId: dcd930f6-6d66-4990-8837-a6c1e96a8256, siteId: null (null = All Sites)
2025-07-13 12:18:19.796 27121-29165 UserRepository          app.forku                            D  Starting getAllUsers request with include: UserSiteItems,UserBusinesses
2025-07-13 12:18:19.796 27121-29165 UserRepository          app.forku                            D  Making API call to: api/gouser/list
2025-07-13 12:18:19.796 27121-29165 AuthDataStore           app.forku                            D  Getting cached application token: eyJhbGciOi
2025-07-13 12:18:19.801 27121-29165 UserRepository          app.forku                            D  Auth state:
                                                                                                    - Application token present: true
                                                                                                    - Auth token present: true
                                                                                                    - CSRF token present: true
2025-07-13 12:18:19.801 27121-29165 GOServicesManager       app.forku                            D  Getting CSRF token... forceRefresh=false
2025-07-13 12:18:19.801 27121-29165 GOServicesManager       app.forku                            D  Using cached CSRF token and cookie
2025-07-13 12:18:19.822 27121-27121 BaseScreen              app.forku                            D  ðŸ”„ App resumed - managing session keep-alive
2025-07-13 12:18:19.822 27121-27121 BaseScreen              app.forku                            D  ðŸš€ Starting SessionKeepAlive on app resume
2025-07-13 12:18:19.823 27121-29078 appflow AuthInterceptor app.forku                            D  Starting request interception:
                                                                                                    - URL: https://godev.collectiveintelligence.com.au/forkuapp-de6b98b5-4402-4a8f-891b-70b3591df162/api/gouser/list?include=UserSiteItems%2CUserBusinesses
                                                                                                    - Method: GET
2025-07-13 12:18:19.824 27121-29078 AuthDataStore           app.forku                            D  Getting cached application token: eyJhbGciOi
2025-07-13 12:18:19.824 27121-29078 GOServicesManager       app.forku                            D  Getting CSRF token... forceRefresh=false
2025-07-13 12:18:19.824 27121-29078 GOServicesManager       app.forku                            D  Using cached CSRF token and cookie
2025-07-13 12:18:19.825 27121-27121 BusinessSiteFilters     app.forku                            D  === SITE SELECTION DEBUG ===
2025-07-13 12:18:19.825 27121-27121 BusinessSiteFilters     app.forku                            D  effectiveSiteId: null
2025-07-13 12:18:19.825 27121-27121 BusinessSiteFilters     app.forku                            D  sitesUiState.sites.size: 3
2025-07-13 12:18:19.825 27121-27121 BusinessSiteFilters     app.forku                            D  selectedSite found: null (null)
2025-07-13 12:18:19.825 27121-27121 BusinessSiteFilters     app.forku                            D  =============================
2025-07-13 12:18:19.825 27121-29078 appflow AuthInterceptor app.forku                            D  ðŸ” Added ApplicationToken and BearerToken to cookie
2025-07-13 12:18:19.826 27121-29078 appflow AuthInterceptor app.forku                            D  ðŸ§¹ Cleaned cookie from '.AspNetCore.Antiforgery._bj8tIMu5EI=CfDJ8Fg4pSr8DoxBgBaSElZSS11WlZwroq95n0RFpKF2M3hGO7RYs7fKnukHX0f8...' to '.AspNetCore.Antiforgery._bj8tIMu5EI=CfDJ8Fg4pSr8DoxBgBaSElZSS11WlZwroq95n0RFpKF2M3hGO7RYs7fKnukHX0f8KW9qvvpfrTbNw5SKHsPs_X_GRBBo0o5EVhtPNghRMLNl889x-Dc9h_bmKpMxkNMnFE8yNgYJB88Fn3O8I7NDS03fpj4'
2025-07-13 12:18:19.826 27121-29078 appflow AuthInterceptor app.forku                            D  ðŸ” Added cleaned Antiforgery cookie: .AspNetCore.Antiforgery._bj8tIMu5EI=CfDJ8Fg4pSr8Do...
2025-07-13 12:18:19.826 27121-29078 appflow AuthInterceptor app.forku                            D  ðŸ” Final cookie string length: 994
2025-07-13 12:18:19.827 27121-29078 okhttp.OkHttpClient     app.forku                            I  --> GET https://godev.collectiveintelligence.com.au/forkuapp-de6b98b5-4402-4a8f-891b-70b3591df162/api/gouser/list?include=UserSiteItems%2CUserBusinesses
2025-07-13 12:18:19.968 27121-27121 BusinessRepository      app.forku                            D  Mapping DTO to Business
2025-07-13 12:18:19.969 27121-27121 BusinessesViewModel     app.forku                            D  Successfully fetched business: Example Business yes
2025-07-13 12:18:19.969 27121-27121 BusinessesViewModel     app.forku                            D  Successfully loaded 1 businesses
2025-07-13 12:18:19.969 27121-27121 SessionKeepAlive        app.forku                            D  ðŸŒ… App coming to foreground - checking session validity
2025-07-13 12:18:19.969 27121-27121 SessionKeepAlive        app.forku                            D  ðŸ“Š Background duration: 1s (was in deep background: false)
2025-07-13 12:18:19.969 27121-27121 SessionKeepAlive        app.forku                            D  ðŸ“Š Debug: backgroundStartTime=1752427098178, currentTime=1752427099969
2025-07-13 12:18:19.970 27121-27121 AuthDataStore           app.forku                            D  Getting cached application token: eyJhbGciOi
2025-07-13 12:18:19.970 27121-27121 SessionKeepAlive        app.forku                            D  ðŸ•’ Token expires in 1777s
2025-07-13 12:18:19.970 27121-27121 SessionKeepAlive        app.forku                            D  âœ… Token still valid for 1777s - no renewal needed
2025-07-13 12:18:19.970 27121-27121 SessionKeepAlive        app.forku                            D  ðŸ” Testing session validity with keep-alive
2025-07-13 12:18:19.970 27121-27121 SessionKeepAlive        app.forku                            D  ðŸ”„ Performing keep-alive ping...
2025-07-13 12:18:19.970 27121-27121 GOServicesManager       app.forku                            D  Getting CSRF token... forceRefresh=false
2025-07-13 12:18:19.971 27121-27121 GOServicesManager       app.forku                            D  Using cached CSRF token and cookie
2025-07-13 12:18:19.971 27121-27121 SessionKeepAlive        app.forku                            D  ðŸ” Keep-alive headers obtained:
2025-07-13 12:18:19.971 27121-27121 SessionKeepAlive        app.forku                            D    - CSRF Token: CfDJ8Fg4pSr8DoxBgBaS...
2025-07-13 12:18:19.971 27121-27121 SessionKeepAlive        app.forku                            D    - Cookie length: 271
2025-07-13 12:18:19.975 27121-27121 SessionModalDebug       app.forku                            D  --- LaunchedEffect triggered ---
2025-07-13 12:18:19.976 27121-27121 SessionModalDebug       app.forku                            D  tokenExpiration: Sun Jul 13 12:47:57 GMT-05:00 2025
2025-07-13 12:18:19.976 27121-27121 SessionModalDebug       app.forku                            D  isKeepAliveActive: true
2025-07-13 12:18:19.976 27121-27121 SessionModalDebug       app.forku                            D  lastKeepAliveTime: 1752427099558
2025-07-13 12:18:19.976 27121-27121 SessionModalDebug       app.forku                            D  secondsLeftFromToken: 1777
2025-07-13 12:18:19.976 27121-27121 SessionModalDebug       app.forku                            D  mostCriticalExpiration: -1
2025-07-13 12:18:19.976 27121-27121 SessionModalDebug       app.forku                            D  âœ… Session is healthy, hiding modal
2025-07-13 12:18:19.978 27121-29037 okhttp.OkHttpClient     app.forku                            I  --> GET https://godev.collectiveintelligence.com.au/forkuapp-de6b98b5-4402-4a8f-891b-70b3591df162/api/gosecurityprovider/keepalive
2025-07-13 12:18:20.009 27121-27121 BaseScreen              app.forku                            D  ðŸ“Š Session Status - KeepAlive: true, Background: false
2025-07-13 12:18:20.177 27121-29078 okhttp.OkHttpClient     app.forku                            I  <-- 200 https://godev.collectiveintelligence.com.au/forkuapp-de6b98b5-4402-4a8f-891b-70b3591df162/api/gouser/list?include=UserSiteItems%2CUserBusinesses (348ms, unknown-length body)
2025-07-13 12:18:20.181 27121-29078 UserDto                 app.forku                            D  Initializing UserDto with picture: null
2025-07-13 12:18:20.185 27121-29078 UserDto                 app.forku                            D  Initializing UserDto with picture: null
2025-07-13 12:18:20.189 27121-29078 UserDto                 app.forku                            D  Initializing UserDto with picture: null
2025-07-13 12:18:20.194 27121-29078 UserDto                 app.forku                            D  Initializing UserDto with picture: null
2025-07-13 12:18:20.197 27121-29078 UserDto                 app.forku                            D  Initializing UserDto with picture: null
2025-07-13 12:18:20.200 27121-29078 UserDto                 app.forku                            D  Initializing UserDto with picture: null
2025-07-13 12:18:20.203 27121-29078 UserDto                 app.forku                            D  Initializing UserDto with picture: null
2025-07-13 12:18:20.207 27121-29078 UserDto                 app.forku                            D  Initializing UserDto with picture: null
2025-07-13 12:18:20.211 27121-29078 UserDto                 app.forku                            D  Initializing UserDto with picture: null
2025-07-13 12:18:20.214 27121-29078 UserDto                 app.forku                            D  Initializing UserDto with picture: null
2025-07-13 12:18:20.218 27121-29078 UserDto                 app.forku                            D  Initializing UserDto with picture: null
2025-07-13 12:18:20.220 27121-29078 UserDto                 app.forku                            D  Initializing UserDto with picture: null
2025-07-13 12:18:20.223 27121-29078 UserDto                 app.forku                            D  Initializing UserDto with picture: null
2025-07-13 12:18:20.229 27121-29078 UserDto                 app.forku                            D  Initializing UserDto with picture: null
2025-07-13 12:18:20.232 27121-29078 UserDto                 app.forku                            D  Initializing UserDto with picture: null
2025-07-13 12:18:20.236 27121-29078 UserDto                 app.forku                            D  Initializing UserDto with picture: null
2025-07-13 12:18:20.239 27121-29078 UserDto                 app.forku                            D  Initializing UserDto with picture: null
2025-07-13 12:18:20.242 27121-29078 UserDto                 app.forku                            D  Initializing UserDto with picture: null
2025-07-13 12:18:20.246 27121-29078 UserDto                 app.forku                            D  Initializing UserDto with picture: null
2025-07-13 12:18:20.252 27121-29165 UserRepository          app.forku                            D  API Response:
2025-07-13 12:18:20.253 27121-29165 UserRepository          app.forku                            D  - Status: 200
2025-07-13 12:18:20.253 27121-29165 UserRepository          app.forku                            D  - Success: true
2025-07-13 12:18:20.253 27121-29165 UserRepository          app.forku                            D  - Body size: 19
2025-07-13 12:18:20.253 27121-29165 UserRepository          app.forku                            D  User 0: id=281067a7-7d3b-4a37-a547-0d3f5aed0c44, roles=0, sites=1, businesses=1
2025-07-13 12:18:20.253 27121-29165 UserRepository          app.forku                            D    - SiteItem: siteId=ae4ee9f6-93b4-42d4-9deb-d3f3b9066557, goUserId=281067a7-7d3b-4a37-a547-0d3f5aed0c44
2025-07-13 12:18:20.253 27121-29165 UserRepository          app.forku                            D    - BusinessItem: businessId=200dd110-d7f4-421f-8263-9265c85e8315, siteId=null
2025-07-13 12:18:20.253 27121-29165 UserRepository          app.forku                            D  User 1: id=6ec7aea9-13bb-402e-8f44-2ecc3e6c3257, roles=0, sites=3, businesses=1
2025-07-13 12:18:20.253 27121-29165 UserRepository          app.forku                            D    - SiteItem: siteId=26abc0be-2f3e-4571-9df4-766c525dd54e, goUserId=6ec7aea9-13bb-402e-8f44-2ecc3e6c3257
2025-07-13 12:18:20.253 27121-29165 UserRepository          app.forku                            D    - SiteItem: siteId=577bfb60-def2-490d-ad25-57235d2e0916, goUserId=6ec7aea9-13bb-402e-8f44-2ecc3e6c3257
2025-07-13 12:18:20.253 27121-29165 UserRepository          app.forku                            D    - SiteItem: siteId=ae4ee9f6-93b4-42d4-9deb-d3f3b9066557, goUserId=6ec7aea9-13bb-402e-8f44-2ecc3e6c3257
2025-07-13 12:18:20.253 27121-29165 UserRepository          app.forku                            D    - BusinessItem: businessId=ce85fe9f-c8c0-4216-9d29-92940ec3473e, siteId=null
2025-07-13 12:18:20.253 27121-29165 UserRepository          app.forku                            D  User 2: id=21be1160-4b8e-4b1b-ae71-31146068721f, roles=0, sites=2, businesses=1
2025-07-13 12:18:20.254 27121-29165 UserRepository          app.forku                            D    - SiteItem: siteId=577bfb60-def2-490d-ad25-57235d2e0916, goUserId=21be1160-4b8e-4b1b-ae71-31146068721f
2025-07-13 12:18:20.254 27121-29165 UserRepository          app.forku                            D    - SiteItem: siteId=26abc0be-2f3e-4571-9df4-766c525dd54e, goUserId=21be1160-4b8e-4b1b-ae71-31146068721f
2025-07-13 12:18:20.254 27121-29165 UserRepository          app.forku                            D    - BusinessItem: businessId=ce85fe9f-c8c0-4216-9d29-92940ec3473e, siteId=null
2025-07-13 12:18:20.254 27121-29165 UserRepository          app.forku                            D  User 3: id=008a3bc5-dfbc-41d8-b7b2-3e2d69e534b1, roles=0, sites=1, businesses=1
2025-07-13 12:18:20.254 27121-29165 UserRepository          app.forku                            D    - SiteItem: siteId=26abc0be-2f3e-4571-9df4-766c525dd54e, goUserId=008a3bc5-dfbc-41d8-b7b2-3e2d69e534b1
2025-07-13 12:18:20.254 27121-29165 UserRepository          app.forku                            D    - BusinessItem: businessId=ce85fe9f-c8c0-4216-9d29-92940ec3473e, siteId=null
2025-07-13 12:18:20.254 27121-29165 UserRepository          app.forku                            D  User 4: id=867b342e-5d9a-484c-a2db-3fd08a0dfeaf, roles=0, sites=1, businesses=1
2025-07-13 12:18:20.254 27121-29165 UserRepository          app.forku                            D    - SiteItem: siteId=ae4ee9f6-93b4-42d4-9deb-d3f3b9066557, goUserId=867b342e-5d9a-484c-a2db-3fd08a0dfeaf
2025-07-13 12:18:20.254 27121-29165 UserRepository          app.forku                            D    - BusinessItem: businessId=200dd110-d7f4-421f-8263-9265c85e8315, siteId=null
2025-07-13 12:18:20.254 27121-29165 UserRepository          app.forku                            D  User 5: id=029b3b5c-7d16-449e-9316-4730f3979139, roles=0, sites=0, businesses=1
2025-07-13 12:18:20.254 27121-29165 UserRepository          app.forku                            D    - BusinessItem: businessId=ce85fe9f-c8c0-4216-9d29-92940ec3473e, siteId=null
2025-07-13 12:18:20.254 27121-29165 UserRepository          app.forku                            D  User 6: id=6ee9fe36-096e-486d-90ed-57c93f9d56cb, roles=0, sites=1, businesses=1
2025-07-13 12:18:20.255 27121-29165 UserRepository          app.forku                            D    - SiteItem: siteId=b26db10b-8028-4b4a-8198-3f7734b1fbff, goUserId=6ee9fe36-096e-486d-90ed-57c93f9d56cb
2025-07-13 12:18:20.255 27121-29165 UserRepository          app.forku                            D    - BusinessItem: businessId=bd196450-a8f7-4fe9-8345-f7cdee0ab6da, siteId=null
2025-07-13 12:18:20.255 27121-29165 UserRepository          app.forku                            D  User 7: id=867dfa5c-ca6f-4cab-aad6-77d610bd10c1, roles=0, sites=2, businesses=1
2025-07-13 12:18:20.255 27121-29165 UserRepository          app.forku                            D    - SiteItem: siteId=ae4ee9f6-93b4-42d4-9deb-d3f3b9066557, goUserId=867dfa5c-ca6f-4cab-aad6-77d610bd10c1
2025-07-13 12:18:20.255 27121-29165 UserRepository          app.forku                            D    - SiteItem: siteId=577bfb60-def2-490d-ad25-57235d2e0916, goUserId=867dfa5c-ca6f-4cab-aad6-77d610bd10c1
2025-07-13 12:18:20.255 27121-29165 UserRepository          app.forku                            D    - BusinessItem: businessId=ce85fe9f-c8c0-4216-9d29-92940ec3473e, siteId=null
2025-07-13 12:18:20.255 27121-29165 UserRepository          app.forku                            D  User 8: id=61321269-2f56-4510-b7fd-910c26391150, roles=0, sites=0, businesses=1
2025-07-13 12:18:20.255 27121-29165 UserRepository          app.forku                            D    - BusinessItem: businessId=200dd110-d7f4-421f-8263-9265c85e8315, siteId=null
2025-07-13 12:18:20.255 27121-29165 UserRepository          app.forku                            D  User 9: id=4d793757-0df6-4a27-9e7c-95c1e81e29e3, roles=0, sites=1, businesses=2
2025-07-13 12:18:20.255 27121-29165 UserRepository          app.forku                            D    - SiteItem: siteId=b26db10b-8028-4b4a-8198-3f7734b1fbff, goUserId=4d793757-0df6-4a27-9e7c-95c1e81e29e3
2025-07-13 12:18:20.255 27121-29165 UserRepository          app.forku                            D    - BusinessItem: businessId=200dd110-d7f4-421f-8263-9265c85e8315, siteId=null
2025-07-13 12:18:20.255 27121-29165 UserRepository          app.forku                            D    - BusinessItem: businessId=bd196450-a8f7-4fe9-8345-f7cdee0ab6da, siteId=null
2025-07-13 12:18:20.255 27121-29165 UserRepository          app.forku                            D  User 10: id=e6e8a1dd-50bf-4732-9af9-9ba4d8958fb2, roles=0, sites=0, businesses=0
2025-07-13 12:18:20.255 27121-29165 UserRepository          app.forku                            D  User 11: id=be120103-76ed-49fc-ad2e-9fdf89f74a88, roles=0, sites=0, businesses=1
2025-07-13 12:18:20.256 27121-29165 UserRepository          app.forku                            D    - BusinessItem: businessId=200dd110-d7f4-421f-8263-9265c85e8315, siteId=null
2025-07-13 12:18:20.256 27121-29165 UserRepository          app.forku                            D  User 12: id=c313e548-f959-476d-8315-a0b2855ad3b3, roles=0, sites=1, businesses=1
2025-07-13 12:18:20.256 27121-29165 UserRepository          app.forku                            D    - SiteItem: siteId=e1ea655e-0bae-48d8-90d8-1f736cec4921, goUserId=c313e548-f959-476d-8315-a0b2855ad3b3
2025-07-13 12:18:20.256 27121-29165 UserRepository          app.forku                            D    - BusinessItem: businessId=200dd110-d7f4-421f-8263-9265c85e8315, siteId=null
2025-07-13 12:18:20.256 27121-29165 UserRepository          app.forku                            D  User 13: id=d139312d-3d82-4a47-8f1f-b9e1fc380d27, roles=0, sites=0, businesses=1
2025-07-13 12:18:20.256 27121-29165 UserRepository          app.forku                            D    - BusinessItem: businessId=dcd930f6-6d66-4990-8837-a6c1e96a8256, siteId=null
2025-07-13 12:18:20.256 27121-29165 UserRepository          app.forku                            D  User 14: id=f343f7a1-f31a-4e58-a388-c9ac15221444, roles=0, sites=1, businesses=1
2025-07-13 12:18:20.256 27121-29165 UserRepository          app.forku                            D    - SiteItem: siteId=577bfb60-def2-490d-ad25-57235d2e0916, goUserId=f343f7a1-f31a-4e58-a388-c9ac15221444
2025-07-13 12:18:20.256 27121-29165 UserRepository          app.forku                            D    - BusinessItem: businessId=ce85fe9f-c8c0-4216-9d29-92940ec3473e, siteId=null
2025-07-13 12:18:20.256 27121-29165 UserRepository          app.forku                            D  User 15: id=11717300-cb52-4e87-bae9-d5a4a8323e5e, roles=0, sites=0, businesses=2
2025-07-13 12:18:20.256 27121-29165 UserRepository          app.forku                            D    - BusinessItem: businessId=200dd110-d7f4-421f-8263-9265c85e8315, siteId=null
2025-07-13 12:18:20.256 27121-29165 UserRepository          app.forku                            D    - BusinessItem: businessId=dcd930f6-6d66-4990-8837-a6c1e96a8256, siteId=null
2025-07-13 12:18:20.256 27121-29165 UserRepository          app.forku                            D  User 16: id=30272f3b-16fa-43bf-ad55-de7be0118e78, roles=0, sites=1, businesses=1
2025-07-13 12:18:20.256 27121-29165 UserRepository          app.forku                            D    - SiteItem: siteId=ae4ee9f6-93b4-42d4-9deb-d3f3b9066557, goUserId=30272f3b-16fa-43bf-ad55-de7be0118e78
2025-07-13 12:18:20.256 27121-29165 UserRepository          app.forku                            D    - BusinessItem: businessId=200dd110-d7f4-421f-8263-9265c85e8315, siteId=null
2025-07-13 12:18:20.257 27121-29165 UserRepository          app.forku                            D  User 17: id=05d40f2f-582e-47d7-a1e6-ee7615fd2a5b, roles=0, sites=2, businesses=1
2025-07-13 12:18:20.257 27121-29165 UserRepository          app.forku                            D    - SiteItem: siteId=03bad8f2-88c3-490c-9d18-c04047d4fe3f, goUserId=05d40f2f-582e-47d7-a1e6-ee7615fd2a5b
2025-07-13 12:18:20.257 27121-29165 UserRepository          app.forku                            D    - SiteItem: siteId=b26db10b-8028-4b4a-8198-3f7734b1fbff, goUserId=05d40f2f-582e-47d7-a1e6-ee7615fd2a5b
2025-07-13 12:18:20.257 27121-29165 UserRepository          app.forku                            D    - BusinessItem: businessId=bd196450-a8f7-4fe9-8345-f7cdee0ab6da, siteId=null
2025-07-13 12:18:20.257 27121-29165 UserRepository          app.forku                            D  User 18: id=7c48494b-298a-4a7c-8dec-f9492f236b84, roles=0, sites=2, businesses=1
2025-07-13 12:18:20.257 27121-29165 UserRepository          app.forku                            D    - SiteItem: siteId=370affcb-34a1-4993-a613-729fe31e9834, goUserId=7c48494b-298a-4a7c-8dec-f9492f236b84
2025-07-13 12:18:20.257 27121-29165 UserRepository          app.forku                            D    - SiteItem: siteId=7ecd101b-1f23-442d-bcd6-75be6c5a3e8f, goUserId=7c48494b-298a-4a7c-8dec-f9492f236b84
2025-07-13 12:18:20.257 27121-29165 UserRepository          app.forku                            D    - BusinessItem: businessId=dcd930f6-6d66-4990-8837-a6c1e96a8256, siteId=null
2025-07-13 12:18:20.257 27121-29165 UserRepository          app.forku                            D  Cached user-site mappings: {281067a7-7d3b-4a37-a547-0d3f5aed0c44=[ae4ee9f6-93b4-42d4-9deb-d3f3b9066557], 6ec7aea9-13bb-402e-8f44-2ecc3e6c3257=[26abc0be-2f3e-4571-9df4-766c525dd54e, 577bfb60-def2-490d-ad25-57235d2e0916, ae4ee9f6-93b4-42d4-9deb-d3f3b9066557], 21be1160-4b8e-4b1b-ae71-31146068721f=[577bfb60-def2-490d-ad25-57235d2e0916, 26abc0be-2f3e-4571-9df4-766c525dd54e], 008a3bc5-dfbc-41d8-b7b2-3e2d69e534b1=[26abc0be-2f3e-4571-9df4-766c525dd54e], 867b342e-5d9a-484c-a2db-3fd08a0dfeaf=[ae4ee9f6-93b4-42d4-9deb-d3f3b9066557], 029b3b5c-7d16-449e-9316-4730f3979139=[], 6ee9fe36-096e-486d-90ed-57c93f9d56cb=[b26db10b-8028-4b4a-8198-3f7734b1fbff], 867dfa5c-ca6f-4cab-aad6-77d610bd10c1=[ae4ee9f6-93b4-42d4-9deb-d3f3b9066557, 577bfb60-def2-490d-ad25-57235d2e0916], 61321269-2f56-4510-b7fd-910c26391150=[], 4d793757-0df6-4a27-9e7c-95c1e81e29e3=[b26db10b-8028-4b4a-8198-3f7734b1fbff], e6e8a1dd-50bf-4732-9af9-9ba4d8958fb2=[], be120103-76ed-49fc-ad2e-9fdf89f74a88=[], c313e548-f959-476d-8315-a0b2855ad3b3=[e1ea655e-0bae-48d8-90d8-1f736cec4921], d139312d-3d82-4a47-8f1f-b9e1fc380d27=[], f343f7a1-f31a-4e58-a388-c9ac15221444=[577bfb60-def2-490d-ad25-57235d2e0916], 11717300-cb52-4e87-bae9-d5a4a8323e5e=[], 30272f3b-16fa-43bf-ad55-de7be0118e78=[ae4ee9f6-93b4-42d4-9deb-d3f3b9066557], 05d40f2f-582e-47d7-a1e6-ee7615fd2a5b=[03bad8f2-88c3-490c-9d18-c04047d4fe3f, b26db10b-8028-4b4a-8198-3f7734b1fbff], 7c48494b-298a-4a7c-8dec-f9492f236b84=[370affcb-34a1-4993-a613-729fe31e9834, 7ecd101b-1f23-442d-bcd6-75be6c5a3e8f]}
2025-07-13 12:18:20.258 27121-29165 UserRepository          app.forku                            D  Processing user DTO: id=281067a7-7d3b-4a37-a547-0d3f5aed0c44, email=testaccount@collectiveintention.com
2025-07-13 12:18:20.258 27121-29165 UserMapper              app.forku                            D  === Mapping UserDto to User ===
2025-07-13 12:18:20.258 27121-29165 UserMapper              app.forku                            D  User ID: 281067a7-7d3b-4a37-a547-0d3f5aed0c44
2025-07-13 12:18:20.258 27121-29165 UserMapper              app.forku                            D  User fullName: Test account name Test account LastName
2025-07-13 12:18:20.258 27121-29165 UserMapper              app.forku                            D  User username: testaccount@collectiveintention.com
2025-07-13 12:18:20.258 27121-29165 UserMapper              app.forku                            D  UserRoleItems count: 0
2025-07-13 12:18:20.258 27121-29165 UserMapper              app.forku                            D  Raw userRoleItems data: []
2025-07-13 12:18:20.258 27121-29165 UserMapper              app.forku                            W  No userRoleItems found for user 281067a7-7d3b-4a37-a547-0d3f5aed0c44, using fallback detection
2025-07-13 12:18:20.259 27121-29165 UserMapper              app.forku                            D  No admin pattern detected, using OPERATOR default
2025-07-13 12:18:20.259 27121-29165 UserMapper              app.forku                            D  Final mapped role for user 281067a7-7d3b-4a37-a547-0d3f5aed0c44: operator
2025-07-13 12:18:20.259 27121-29165 UserMapper              app.forku                            D  Processing user photo: id=281067a7-7d3b-4a37-a547-0d3f5aed0c44, picture=null, pictureInternalName=null
2025-07-13 12:18:20.259 27121-29165 UserMapper              app.forku                            D  No picture field or it's blank, setting photoUrl to null
2025-07-13 12:18:20.259 27121-29165 UserMapper              app.forku                            D  Final user mapping: id=281067a7-7d3b-4a37-a547-0d3f5aed0c44, photoUrl=null, role=operator
2025-07-13 12:18:20.259 27121-29165 UserRepository          app.forku                            D  Mapped to domain user: id=281067a7-7d3b-4a37-a547-0d3f5aed0c44, role=operator
2025-07-13 12:18:20.259 27121-29165 UserRepository          app.forku                            D  Processing user DTO: id=6ec7aea9-13bb-402e-8f44-2ecc3e6c3257, email=qa
2025-07-13 12:18:20.259 27121-29165 UserMapper              app.forku                            D  === Mapping UserDto to User ===
2025-07-13 12:18:20.260 27121-29165 UserMapper              app.forku                            D  User ID: 6ec7aea9-13bb-402e-8f44-2ecc3e6c3257
2025-07-13 12:18:20.260 27121-29165 UserMapper              app.forku                            D  User fullName: QA QA
2025-07-13 12:18:20.260 27121-29165 UserMapper              app.forku                            D  User username: QA
2025-07-13 12:18:20.260 27121-29165 UserMapper              app.forku                            D  UserRoleItems count: 0
2025-07-13 12:18:20.260 27121-29165 UserMapper              app.forku                            D  Raw userRoleItems data: []
2025-07-13 12:18:20.260 27121-29165 UserMapper              app.forku                            W  No userRoleItems found for user 6ec7aea9-13bb-402e-8f44-2ecc3e6c3257, using fallback detection
2025-07-13 12:18:20.260 27121-29165 UserMapper              app.forku                            D  No admin pattern detected, using OPERATOR default
2025-07-13 12:18:20.260 27121-29165 UserMapper              app.forku                            D  Final mapped role for user 6ec7aea9-13bb-402e-8f44-2ecc3e6c3257: operator
2025-07-13 12:18:20.260 27121-29165 UserMapper              app.forku                            D  Processing user photo: id=6ec7aea9-13bb-402e-8f44-2ecc3e6c3257, picture=, pictureInternalName=null
2025-07-13 12:18:20.260 27121-29165 UserMapper              app.forku                            D  No picture field or it's blank, setting photoUrl to null
2025-07-13 12:18:20.260 27121-29165 UserMapper              app.forku                            D  Final user mapping: id=6ec7aea9-13bb-402e-8f44-2ecc3e6c3257, photoUrl=null, role=operator
2025-07-13 12:18:20.260 27121-29165 UserRepository          app.forku                            D  Mapped to domain user: id=6ec7aea9-13bb-402e-8f44-2ecc3e6c3257, role=operator
2025-07-13 12:18:20.260 27121-29165 UserRepository          app.forku                            D  Processing user DTO: id=21be1160-4b8e-4b1b-ae71-31146068721f, email=1@rigright.io
2025-07-13 12:18:20.260 27121-29165 UserMapper              app.forku                            D  === Mapping UserDto to User ===
2025-07-13 12:18:20.261 27121-29165 UserMapper              app.forku                            D  User ID: 21be1160-4b8e-4b1b-ae71-31146068721f
2025-07-13 12:18:20.261 27121-29165 UserMapper              app.forku                            D  User fullName: Operator 1
2025-07-13 12:18:20.261 27121-29165 UserMapper              app.forku                            D  User username: 1
2025-07-13 12:18:20.261 27121-29165 UserMapper              app.forku                            D  UserRoleItems count: 0
2025-07-13 12:18:20.261 27121-29165 UserMapper              app.forku                            D  Raw userRoleItems data: []
2025-07-13 12:18:20.261 27121-29165 UserMapper              app.forku                            W  No userRoleItems found for user 21be1160-4b8e-4b1b-ae71-31146068721f, using fallback detection
2025-07-13 12:18:20.261 27121-29165 UserMapper              app.forku                            D  No admin pattern detected, using OPERATOR default
2025-07-13 12:18:20.261 27121-29165 UserMapper              app.forku                            D  Final mapped role for user 21be1160-4b8e-4b1b-ae71-31146068721f: operator
2025-07-13 12:18:20.261 27121-29165 UserMapper              app.forku                            D  Processing user photo: id=21be1160-4b8e-4b1b-ae71-31146068721f, picture=Screenshot 2025-07-03 at 9.20.59â€¯pm.png, pictureInternalName=47fe405e-b53b-4a3d-b3b3-4c28edc55711.png                                                            
2025-07-13 12:18:20.261 27121-29165 UserMapper              app.forku                            D  Generated photo URL: https://godev.collectiveintelligence.com.au/forkuapp-de6b98b5-4402-4a8f-891b-70b3591df162/api/gouser/file/21be1160-4b8e-4b1b-ae71-31146068721f/Picture?t=%LASTEDITEDTIME%
2025-07-13 12:18:20.261 27121-29165 UserMapper              app.forku                            D  Picture field: Screenshot 2025-07-03 at 9.20.59â€¯pm.png
2025-07-13 12:18:20.261 27121-29165 UserMapper              app.forku                            D  PictureInternalName field: 47fe405e-b53b-4a3d-b3b3-4c28edc55711.png                                                            
2025-07-13 12:18:20.261 27121-29165 UserMapper              app.forku                            D  Final user mapping: id=21be1160-4b8e-4b1b-ae71-31146068721f, photoUrl=https://godev.collectiveintelligence.com.au/forkuapp-de6b98b5-4402-4a8f-891b-70b3591df162/api/gouser/file/21be1160-4b8e-4b1b-ae71-31146068721f/Picture?t=%LASTEDITEDTIME%, role=operator
2025-07-13 12:18:20.262 27121-29165 UserRepository          app.forku                            D  Mapped to domain user: id=21be1160-4b8e-4b1b-ae71-31146068721f, role=operator
2025-07-13 12:18:20.262 27121-29165 UserRepository          app.forku                            D  Processing user DTO: id=008a3bc5-dfbc-41d8-b7b2-3e2d69e534b1, email=mtbuser@morethanbusiness.com
2025-07-13 12:18:20.262 27121-29165 UserMapper              app.forku                            D  === Mapping UserDto to User ===
2025-07-13 12:18:20.262 27121-29165 UserMapper              app.forku                            D  User ID: 008a3bc5-dfbc-41d8-b7b2-3e2d69e534b1
2025-07-13 12:18:20.262 27121-29165 UserMapper              app.forku                            D  User fullName: More Than Business
2025-07-13 12:18:20.262 27121-29165 UserMapper              app.forku                            D  User username: mtbuser
2025-07-13 12:18:20.262 27121-29165 UserMapper              app.forku                            D  UserRoleItems count: 0
2025-07-13 12:18:20.262 27121-29165 UserMapper              app.forku                            D  Raw userRoleItems data: []
2025-07-13 12:18:20.262 27121-29165 UserMapper              app.forku                            W  No userRoleItems found for user 008a3bc5-dfbc-41d8-b7b2-3e2d69e534b1, using fallback detection
2025-07-13 12:18:20.262 27121-29165 UserMapper              app.forku                            D  No admin pattern detected, using OPERATOR default
2025-07-13 12:18:20.262 27121-29165 UserMapper              app.forku                            D  Final mapped role for user 008a3bc5-dfbc-41d8-b7b2-3e2d69e534b1: operator
2025-07-13 12:18:20.263 27121-29165 UserMapper              app.forku                            D  Processing user photo: id=008a3bc5-dfbc-41d8-b7b2-3e2d69e534b1, picture=null, pictureInternalName=null
2025-07-13 12:18:20.263 27121-29165 UserMapper              app.forku                            D  No picture field or it's blank, setting photoUrl to null
2025-07-13 12:18:20.263 27121-29165 UserMapper              app.forku                            D  Final user mapping: id=008a3bc5-dfbc-41d8-b7b2-3e2d69e534b1, photoUrl=null, role=operator
2025-07-13 12:18:20.265 27121-29165 UserRepository          app.forku                            D  Mapped to domain user: id=008a3bc5-dfbc-41d8-b7b2-3e2d69e534b1, role=operator
2025-07-13 12:18:20.265 27121-29165 UserRepository          app.forku                            D  Processing user DTO: id=867b342e-5d9a-484c-a2db-3fd08a0dfeaf, email=Admin
2025-07-13 12:18:20.265 27121-29165 UserMapper              app.forku                            D  === Mapping UserDto to User ===
