2025-07-13 12:18:06.194 27121-27121 UserMapper              app.forku                            D  === Mapping UserDto to User ===
2025-07-13 12:18:06.194 27121-27121 UserMapper              app.forku                            D  User ID: d139312d-3d82-4a47-8f1f-b9e1fc380d27
2025-07-13 12:18:06.194 27121-27121 UserMapper              app.forku                            D  User fullName: NoBusinessUser NoSiteUserAsWell
2025-07-13 12:18:06.194 27121-27121 UserMapper              app.forku                            D  User username: NoBusinessUser
2025-07-13 12:18:06.194 27121-27121 UserMapper              app.forku                            D  UserRoleItems count: 2
2025-07-13 12:18:06.194 27121-27121 UserMapper              app.forku                            D  Raw userRoleItems data: [GOUserRoleDto(GOUserId=d139312d-3d82-4a47-8f1f-b9e1fc380d27, gORoleName=Administrator, isActive=false, isMarkedForDeletion=false, isDirty=true, internalObjectId=5), GOUserRoleDto(GOUserId=d139312d-3d82-4a47-8f1f-b9e1fc380d27, gORoleName=User, isActive=false, isMarkedForDeletion=false, isDirty=true, internalObjectId=6)]
2025-07-13 12:18:06.194 27121-27121 UserMapper              app.forku                            D  Role 0: userId=d139312d-3d82-4a47-8f1f-b9e1fc380d27, roleName=Administrator, isActive=false
2025-07-13 12:18:06.194 27121-27121 UserMapper              app.forku                            D  Role 1: userId=d139312d-3d82-4a47-8f1f-b9e1fc380d27, roleName=User, isActive=false
2025-07-13 12:18:06.194 27121-27121 UserMapper              app.forku                            D  Using UserRoleManager.getEffectiveRole for proper priority handling
2025-07-13 12:18:06.194 27121-27121 UserRoleManager         app.forku                            D  === Determining Effective Role ===
2025-07-13 12:18:06.194 27121-27121 UserRoleManager         app.forku                            D  User: null (null)
2025-07-13 12:18:06.194 27121-27121 UserRoleManager         app.forku                            D  User general role: null
2025-07-13 12:18:06.194 27121-27121 UserRoleManager         app.forku                            D  UserRoleItems count: 2
2025-07-13 12:18:06.194 27121-27121 UserRoleManager         app.forku                            D  Business role: null
2025-07-13 12:18:06.194 27121-27121 UserRoleManager         app.forku                            D  Business context: null
2025-07-13 12:18:06.194 27121-27121 UserRoleManager         app.forku                            D  --- Analyzing UserRoleItems with Priority Logic ---
2025-07-13 12:18:06.195 27121-27121 UserRoleManager         app.forku                            D  Role 0: Administrator, active: false
2025-07-13 12:18:06.195 27121-27121 UserRoleManager         app.forku                            D  Role 1: User, active: false
2025-07-13 12:18:06.195 27121-27121 UserRoleManager         app.forku                            D  === Converting role string ===
2025-07-13 12:18:06.195 27121-27121 UserRoleManager         app.forku                            D  Input roleString: 'Administrator'
2025-07-13 12:18:06.195 27121-27121 UserRoleManager         app.forku                            D  Default role: operator
2025-07-13 12:18:06.195 27121-27121 UserRoleManager         app.forku                            D  Normalized role string: 'administrator'
2025-07-13 12:18:06.195 27121-27121 UserRoleManager         app.forku                            D  Final conversion result: administrator
2025-07-13 12:18:06.195 27121-27121 UserRoleManager         app.forku                            D  Found priority role (may be inactive): Administrator -> administrator
2025-07-13 12:18:06.195 27121-27121 UserRoleManager         app.forku                            D  âœ… Using UserRoleItems role: administrator
2025-07-13 12:18:06.195 27121-27121 UserMapper              app.forku                            D  Final mapped role for user d139312d-3d82-4a47-8f1f-b9e1fc380d27: admin
2025-07-13 12:18:06.195 27121-27121 UserMapper              app.forku                            D  Processing user photo: id=d139312d-3d82-4a47-8f1f-b9e1fc380d27, picture=, pictureInternalName=null
2025-07-13 12:18:06.195 27121-27121 UserMapper              app.forku                            D  No picture field or it's blank, setting photoUrl to null
2025-07-13 12:18:06.195 27121-27121 UserMapper              app.forku                            D  Final user mapping: id=d139312d-3d82-4a47-8f1f-b9e1fc380d27, photoUrl=null, role=administrator
2025-07-13 12:18:06.195 27121-27121 VehicleSessionRepo      app.forku                            D  [getActiveSessionsWithRelatedData] ðŸ‘¥ Operators extracted: 2
2025-07-13 12:18:06.196 27121-28737 OpenGLRenderer          app.forku                            I  Davey! duration=703ms; Flags=0, FrameTimelineVsyncId=135828, IntendedVsync=20249003575481, Vsync=20249453575463, InputEventId=0, HandleInputStart=20249455783439, AnimationStart=20249455786901, PerformTraversalsStart=20249660644631, DrawStart=20249687182324, FrameDeadline=20249036908813, FrameInterval=20249455776247, FrameStartTime=16666666, SyncQueued=20249692663131, SyncStart=20249692901324, IssueDrawCommandsStart=20249693461555, SwapBuffers=20249703141362, FrameCompleted=20249707547362, DequeueBufferDuration=46424, QueueBufferDuration=1323307, GpuCompleted=20249707547362, SwapBuffersCompleted=20249705317054, DisplayPresentTime=0, 
2025-07-13 12:18:06.196 27121-27121 VehicleSessionRepo      app.forku                            D  [getActiveSessionsWithRelatedData] âœ… ChecklistAnswers extracted: 2
2025-07-13 12:18:06.196 27121-27121 VehicleSessionRepo      app.forku                            D  [getActiveSessionsWithRelatedData] âœ… Final result - Sessions: 2, Vehicles: 2, Operators: 2, ChecklistAnswers: 2
2025-07-13 12:18:06.196 27121-27121 VehicleSessionRepo      app.forku                            D  [getActiveSessionsWithRelatedData] === ðŸŽ‰ OPTIMIZATION COMPLETE - 1 API CALL vs 7 CALLS ===
2025-07-13 12:18:06.196 27121-27121 AdminDashboard          app.forku                            D  [loadDashboardDataWithFilters] âœ… Active sessions loaded: 2
2025-07-13 12:18:06.196 27121-27121 AdminDashboard          app.forku                            D  [loadDashboardDataWithFilters] âœ… Operator from optimized data: multisiteuser onlythat
2025-07-13 12:18:06.197 27121-29162 appflow AuthInterceptor app.forku                            D  Starting request interception:
                                                                                                    - URL: https://godev.collectiveintelligence.com.au/forkuapp-de6b98b5-4402-4a8f-891b-70b3591df162/dataset/api/safetyalert/count?filter=BusinessId%20%3D%3D%20Guid.Parse%28%22dcd930f6-6d66-4990-8837-a6c1e96a8256%22%29%20%26%26%20SiteId%20%3D%3D%20Guid.Parse%28%227ecd101b-1f23-442d-bcd6-75be6c5a3e8f%22%29
                                                                                                    - Method: GET
2025-07-13 12:18:06.197 27121-27121 AdminDashboard          app.forku                            D  [loadDashboardDataWithFilters] âœ… Operator from optimized data: NoBusinessUser NoSiteUserAsWell
2025-07-13 12:18:06.197 27121-27121 SafetyAlertRepo         app.forku                            D  Getting safety alert count for business: 'dcd930f6-6d66-4990-8837-a6c1e96a8256', site: '7ecd101b-1f23-442d-bcd6-75be6c5a3e8f'
2025-07-13 12:18:06.197 27121-27121 AuthDataStore           app.forku                            D  Getting cached application token: eyJhbGciOi
2025-07-13 12:18:06.197 27121-27121 GOServicesManager       app.forku                            D  Getting CSRF token... forceRefresh=false
2025-07-13 12:18:06.197 27121-29162 AuthDataStore           app.forku                            D  Getting cached application token: eyJhbGciOi
2025-07-13 12:18:06.197 27121-27121 GOServicesManager       app.forku                            D  Using cached CSRF token and cookie
2025-07-13 12:18:06.197 27121-29162 GOServicesManager       app.forku                            D  Getting CSRF token... forceRefresh=false
2025-07-13 12:18:06.197 27121-29162 GOServicesManager       app.forku                            D  Using cached CSRF token and cookie
2025-07-13 12:18:06.198 27121-29162 appflow AuthInterceptor app.forku                            D  ðŸ” Added ApplicationToken and BearerToken to cookie
2025-07-13 12:18:06.198 27121-29162 appflow AuthInterceptor app.forku                            D  ðŸ§¹ Cleaned cookie from '.AspNetCore.Antiforgery._bj8tIMu5EI=CfDJ8Fg4pSr8DoxBgBaSElZSS11WlZwroq95n0RFpKF2M3hGO7RYs7fKnukHX0f8...' to '.AspNetCore.Antiforgery._bj8tIMu5EI=CfDJ8Fg4pSr8DoxBgBaSElZSS11WlZwroq95n0RFpKF2M3hGO7RYs7fKnukHX0f8KW9qvvpfrTbNw5SKHsPs_X_GRBBo0o5EVhtPNghRMLNl889x-Dc9h_bmKpMxkNMnFE8yNgYJB88Fn3O8I7NDS03fpj4'
2025-07-13 12:18:06.198 27121-29162 appflow AuthInterceptor app.forku                            D  ðŸ” Added cleaned Antiforgery cookie: .AspNetCore.Antiforgery._bj8tIMu5EI=CfDJ8Fg4pSr8Do...
2025-07-13 12:18:06.199 27121-29162 appflow AuthInterceptor app.forku                            D  ðŸ” Final cookie string length: 994
2025-07-13 12:18:06.200 27121-29162 okhttp.OkHttpClient     app.forku                            I  --> GET https://godev.collectiveintelligence.com.au/forkuapp-de6b98b5-4402-4a8f-891b-70b3591df162/dataset/api/safetyalert/count?filter=BusinessId%20%3D%3D%20Guid.Parse%28%22dcd930f6-6d66-4990-8837-a6c1e96a8256%22%29%20%26%26%20SiteId%20%3D%3D%20Guid.Parse%28%227ecd101b-1f23-442d-bcd6-75be6c5a3e8f%22%29
2025-07-13 12:18:06.214 27121-29166 appflow AuthInterceptor app.forku                            D  Starting request interception:
                                                                                                    - URL: https://godev.collectiveintelligence.com.au/forkuapp-de6b98b5-4402-4a8f-891b-70b3591df162/dataset/api/safetyalert/count?filter=BusinessId%20%3D%3D%20Guid.Parse%28%22dcd930f6-6d66-4990-8837-a6c1e96a8256%22%29%20%26%26%20SiteId%20%3D%3D%20Guid.Parse%28%227ecd101b-1f23-442d-bcd6-75be6c5a3e8f%22%29
                                                                                                    - Method: GET
2025-07-13 12:18:06.214 27121-29166 AuthDataStore           app.forku                            D  Getting cached application token: eyJhbGciOi
2025-07-13 12:18:06.214 27121-29166 GOServicesManager       app.forku                            D  Getting CSRF token... forceRefresh=false
2025-07-13 12:18:06.214 27121-29166 GOServicesManager       app.forku                            D  Using cached CSRF token and cookie
2025-07-13 12:18:06.215 27121-29166 appflow AuthInterceptor app.forku                            D  ðŸ” Added ApplicationToken and BearerToken to cookie
2025-07-13 12:18:06.215 27121-29166 appflow AuthInterceptor app.forku                            D  ðŸ§¹ Cleaned cookie from '.AspNetCore.Antiforgery._bj8tIMu5EI=CfDJ8Fg4pSr8DoxBgBaSElZSS11WlZwroq95n0RFpKF2M3hGO7RYs7fKnukHX0f8...' to '.AspNetCore.Antiforgery._bj8tIMu5EI=CfDJ8Fg4pSr8DoxBgBaSElZSS11WlZwroq95n0RFpKF2M3hGO7RYs7fKnukHX0f8KW9qvvpfrTbNw5SKHsPs_X_GRBBo0o5EVhtPNghRMLNl889x-Dc9h_bmKpMxkNMnFE8yNgYJB88Fn3O8I7NDS03fpj4'
2025-07-13 12:18:06.216 27121-29166 appflow AuthInterceptor app.forku                            D  ðŸ” Added cleaned Antiforgery cookie: .AspNetCore.Antiforgery._bj8tIMu5EI=CfDJ8Fg4pSr8Do...
2025-07-13 12:18:06.216 27121-29166 appflow AuthInterceptor app.forku                            D  ðŸ” Final cookie string length: 994
2025-07-13 12:18:06.217 27121-29166 okhttp.OkHttpClient     app.forku                            I  --> GET https://godev.collectiveintelligence.com.au/forkuapp-de6b98b5-4402-4a8f-891b-70b3591df162/dataset/api/safetyalert/count?filter=BusinessId%20%3D%3D%20Guid.Parse%28%22dcd930f6-6d66-4990-8837-a6c1e96a8256%22%29%20%26%26%20SiteId%20%3D%3D%20Guid.Parse%28%227ecd101b-1f23-442d-bcd6-75be6c5a3e8f%22%29
2025-07-13 12:18:06.218 27121-27121 BusinessSiteFilters     app.forku                            D  === SITE SELECTION DEBUG ===
2025-07-13 12:18:06.218 27121-27121 BusinessSiteFilters     app.forku                            D  effectiveSiteId: null
2025-07-13 12:18:06.218 27121-27121 BusinessSiteFilters     app.forku                            D  sitesUiState.sites.size: 3
2025-07-13 12:18:06.218 27121-27121 BusinessSiteFilters     app.forku                            D  selectedSite found: null (null)
2025-07-13 12:18:06.218 27121-27121 BusinessSiteFilters     app.forku                            D  =============================
2025-07-13 12:18:06.368 27121-27121 DashboardHeader         app.forku                            D  DashboardHeader created - onSettingsClick is NOT NULL
2025-07-13 12:18:06.369 27121-27121 DashboardHeader         app.forku                            D  Total buttons to show: 1 (Profile: false, Notifications: false, Settings: true)
2025-07-13 12:18:06.370 27121-27121 DashboardHeader         app.forku                            D  Notifications button will NOT be shown
2025-07-13 12:18:06.370 27121-27121 DashboardHeader         app.forku                            D  Settings button will be shown
2025-07-13 12:18:06.383 27121-29169 okhttp.OkHttpClient     app.forku                            I  <-- 200 https://godev.collectiveintelligence.com.au/forkuapp-de6b98b5-4402-4a8f-891b-70b3591df162/dataset/api/vehiclesession/count?filter=Status%20%3D%3D%200%20%26%26%20BusinessId%20%3D%3D%20Guid.Parse%28%22dcd930f6-6d66-4990-8837-a6c1e96a8256%22%29 (537ms, unknown-length body)
2025-07-13 12:18:06.387 27121-29078 okhttp.OkHttpClient     app.forku                            I  <-- 200 https://godev.collectiveintelligence.com.au/forkuapp-de6b98b5-4402-4a8f-891b-70b3591df162/dataset/api/safetyalert/count?filter=BusinessId%20%3D%3D%20Guid.Parse%28%22dcd930f6-6d66-4990-8837-a6c1e96a8256%22%29%20%26%26%20SiteId%20%3D%3D%20Guid.Parse%28%227ecd101b-1f23-442d-bcd6-75be6c5a3e8f%22%29 (454ms, unknown-length body)
2025-07-13 12:18:06.391 27121-29168 okhttp.OkHttpClient     app.forku                            I  <-- 200 https://godev.collectiveintelligence.com.au/forkuapp-de6b98b5-4402-4a8f-891b-70b3591df162/dataset/api/safetyalert/count?filter=BusinessId%20%3D%3D%20Guid.Parse%28%22dcd930f6-6d66-4990-8837-a6c1e96a8256%22%29%20%26%26%20SiteId%20%3D%3D%20Guid.Parse%28%227ecd101b-1f23-442d-bcd6-75be6c5a3e8f%22%29 (525ms, unknown-length body)
2025-07-13 12:18:06.461 27121-29037 okhttp.OkHttpClient     app.forku                            I  <-- 200 https://godev.collectiveintelligence.com.au/forkuapp-de6b98b5-4402-4a8f-891b-70b3591df162/api/gosecurityprovider/keepalive (288ms, unknown-length body)
2025-07-13 12:18:06.483 27121-27121 IncidentRepository      app.forku                            D  [getIncidentCountForAdmin] âœ… SUCCESS: Found 3 incidents
2025-07-13 12:18:06.483 27121-27121 GetAdminIn...untUseCase app.forku                            D  [invoke] RESULT: 3 incidents found for Admin
2025-07-13 12:18:06.483 27121-27121 GetAdminIn...untUseCase app.forku                            D  [invoke] === END ADMIN INCIDENT COUNT ====
2025-07-13 12:18:06.483 27121-27121 AdminDashboard          app.forku                            D  [loadIncidentCountForAdminDashboard] âœ… ALL SITES RESULT: getAdminIncidentCountUseCase(dcd930f6-6d66-4990-8837-a6c1e96a8256, null) = 3
2025-07-13 12:18:06.483 27121-27121 AdminDashboard          app.forku                            D  [loadIncidentCountForAdminDashboard] ðŸŽ¯ FINAL COUNT: 3 incidents
2025-07-13 12:18:06.483 27121-27121 AdminDashboard          app.forku                            D  [loadIncidentCountForAdminDashboard] === âœ… CONTADOR DE INCIDENTES CARGADO (ADMIN DASHBOARD) ===
2025-07-13 12:18:06.486 27121-27121 AdminDashboardScreen    app.forku                            D  === UI STATE UPDATE ===
2025-07-13 12:18:06.486 27121-27121 AdminDashboardScreen    app.forku                            D  operatingVehiclesCount (from API): 2
2025-07-13 12:18:06.486 27121-27121 AdminDashboardScreen    app.forku                            D  activeVehicleSessions.size (from UI): 0
2025-07-13 12:18:06.486 27121-27121 AdminDashboardScreen    app.forku                            D  userIncidentsCount: 3
2025-07-13 12:18:06.486 27121-27121 AdminDashboardScreen    app.forku                            D  totalIncidentsCount: 3
2025-07-13 12:18:06.486 27121-27121 AdminDashboardScreen    app.forku                            D  safetyAlertsCount: 0
2025-07-13 12:18:06.486 27121-27121 AdminDashboardScreen    app.forku                            D  isLoading: false
2025-07-13 12:18:06.486 27121-27121 AdminDashboardScreen    app.forku                            D  error: null
2025-07-13 12:18:06.486 27121-27121 AdminDashboardScreen    app.forku                            D  ========================
2025-07-13 12:18:06.525 27121-27121 VehicleSessionRepo      app.forku                            D  [getOperatingSessionsCount] ðŸ“¡ Respuesta HTTP: isSuccessful=true, code=200
2025-07-13 12:18:06.525 27121-27121 VehicleSessionRepo      app.forku                            D  [getOperatingSessionsCount] ðŸ“Š Body: 2
2025-07-13 12:18:06.525 27121-27121 VehicleSessionRepo      app.forku                            D  [getOperatingSessionsCount] âœ… Conteo final: 2
2025-07-13 12:18:06.525 27121-27121 VehicleSessionRepo      app.forku                            D  [getOperatingSessionsCount] === CONTEO COMPLETADO EN REPOSITORY ===
2025-07-13 12:18:06.525 27121-27121 AdminDashboard          app.forku                            D  [loadOperatingVehiclesCount] âœ… Conteo recibido para business 'dcd930f6-6d66-4990-8837-a6c1e96a8256', site 'null': 2
2025-07-13 12:18:06.525 27121-27121 AdminDashboard          app.forku                            D  [loadOperatingVehiclesCount] === CONTEO COMPLETADO: 2 vehÃ­culos operando ===
2025-07-13 12:18:06.525 27121-27121 SafetyAlertRepo         app.forku                            D  Safety alert count for business 'dcd930f6-6d66-4990-8837-a6c1e96a8256': 2
2025-07-13 12:18:06.526 27121-27121 AdminDashboard          app.forku                            D  [loadDashboardDataWithFilters] ðŸš— Getting operating vehicles count with filters: businessId='dcd930f6-6d66-4990-8837-a6c1e96a8256', siteId='null'
2025-07-13 12:18:06.526 27121-27121 VehicleSessionRepo      app.forku                            D  [getOperatingSessionsCount] === INICIANDO CONTEO EN REPOSITORY ===
2025-07-13 12:18:06.526 27121-27121 VehicleSessionRepo      app.forku                            D  [getOperatingSessionsCount] BusinessId recibido: 'dcd930f6-6d66-4990-8837-a6c1e96a8256'
2025-07-13 12:18:06.526 27121-27121 VehicleSessionRepo      app.forku                            D  [getOperatingSessionsCount] SiteId filter recibido: 'null' (null = All Sites)
2025-07-13 12:18:06.526 27121-27121 VehicleSessionRepo      app.forku                            D  [getOperatingSessionsCount] CSRF Token obtenido: CfDJ8Fg4pS...
2025-07-13 12:18:06.526 27121-27121 VehicleSessionRepo      app.forku                            D  [getOperatingSessionsCount] Cookie obtenido: .AspNetCore.Antiforg...
2025-07-13 12:18:06.526 27121-27121 VehicleSessionRepo      app.forku                            D  [getOperatingSessionsCount] Using filter siteId: 'null'
2025-07-13 12:18:06.526 27121-27121 VehicleSessionRepo      app.forku                            D  [getOperatingSessionsCount] ðŸ” Filtro construido: 'Status == 0 && BusinessId == Guid.Parse("dcd930f6-6d66-4990-8837-a6c1e96a8256")'
2025-07-13 12:18:06.526 27121-27121 VehicleSessionRepo      app.forku                            D  [getOperatingSessionsCount] ðŸŒ Llamando a GET /dataset/api/vehiclesession/count?filter=Status == 0 && BusinessId == Guid.Parse("dcd930f6-6d66-4990-8837-a6c1e96a8256")
2025-07-13 12:18:06.535 27121-27121 SafetyAlertRepo         app.forku                            D  Safety alert count for business 'dcd930f6-6d66-4990-8837-a6c1e96a8256': 2
2025-07-13 12:18:06.535 27121-27121 AdminDashboard          app.forku                            D  [loadDashboardDataWithFilters] ðŸš— Getting operating vehicles count with filters: businessId='dcd930f6-6d66-4990-8837-a6c1e96a8256', siteId='null'
2025-07-13 12:18:06.535 27121-27121 VehicleSessionRepo      app.forku                            D  [getOperatingSessionsCount] === INICIANDO CONTEO EN REPOSITORY ===
2025-07-13 12:18:06.535 27121-27121 VehicleSessionRepo      app.forku                            D  [getOperatingSessionsCount] BusinessId recibido: 'dcd930f6-6d66-4990-8837-a6c1e96a8256'
2025-07-13 12:18:06.535 27121-27121 VehicleSessionRepo      app.forku                            D  [getOperatingSessionsCount] SiteId filter recibido: 'null' (null = All Sites)
2025-07-13 12:18:06.535 27121-27121 VehicleSessionRepo      app.forku                            D  [getOperatingSessionsCount] CSRF Token obtenido: CfDJ8Fg4pS...
2025-07-13 12:18:06.535 27121-27121 VehicleSessionRepo      app.forku                            D  [getOperatingSessionsCount] Cookie obtenido: .AspNetCore.Antiforg...
2025-07-13 12:18:06.535 27121-27121 VehicleSessionRepo      app.forku                            D  [getOperatingSessionsCount] Using filter siteId: 'null'
2025-07-13 12:18:06.535 27121-27121 VehicleSessionRepo      app.forku                            D  [getOperatingSessionsCount] ðŸ” Filtro construido: 'Status == 0 && BusinessId == Guid.Parse("dcd930f6-6d66-4990-8837-a6c1e96a8256")'
2025-07-13 12:18:06.535 27121-27121 VehicleSessionRepo      app.forku                            D  [getOperatingSessionsCount] ðŸŒ Llamando a GET /dataset/api/vehiclesession/count?filter=Status == 0 && BusinessId == Guid.Parse("dcd930f6-6d66-4990-8837-a6c1e96a8256")
2025-07-13 12:18:06.545 27121-29168 appflow AuthInterceptor app.forku                            D  Starting request interception:
                                                                                                    - URL: https://godev.collectiveintelligence.com.au/forkuapp-de6b98b5-4402-4a8f-891b-70b3591df162/dataset/api/vehiclesession/count?filter=Status%20%3D%3D%200%20%26%26%20BusinessId%20%3D%3D%20Guid.Parse%28%22dcd930f6-6d66-4990-8837-a6c1e96a8256%22%29
                                                                                                    - Method: GET
2025-07-13 12:18:06.545 27121-27121 SessionKeepAlive        app.forku                            D  âœ… Keep-alive successful
2025-07-13 12:18:06.545 27121-27121 AuthDataStore           app.forku                            D  Getting cached application token: eyJhbGciOi
2025-07-13 12:18:06.545 27121-29168 AuthDataStore           app.forku                            D  Getting cached application token: eyJhbGciOi
2025-07-13 12:18:06.545 27121-29168 GOServicesManager       app.forku                            D  Getting CSRF token... forceRefresh=false
2025-07-13 12:18:06.545 27121-29168 GOServicesManager       app.forku                            D  Using cached CSRF token and cookie
2025-07-13 12:18:06.545 27121-27121 SessionKeepAlive        app.forku                            D  âœ… Session valid - switching to foreground intervals
2025-07-13 12:18:06.546 27121-29168 appflow AuthInterceptor app.forku                            D  ðŸ” Added ApplicationToken and BearerToken to cookie
2025-07-13 12:18:06.546 27121-29168 appflow AuthInterceptor app.forku                            D  ðŸ§¹ Cleaned cookie from '.AspNetCore.Antiforgery._bj8tIMu5EI=CfDJ8Fg4pSr8DoxBgBaSElZSS11WlZwroq95n0RFpKF2M3hGO7RYs7fKnukHX0f8...' to '.AspNetCore.Antiforgery._bj8tIMu5EI=CfDJ8Fg4pSr8DoxBgBaSElZSS11WlZwroq95n0RFpKF2M3hGO7RYs7fKnukHX0f8KW9qvvpfrTbNw5SKHsPs_X_GRBBo0o5EVhtPNghRMLNl889x-Dc9h_bmKpMxkNMnFE8yNgYJB88Fn3O8I7NDS03fpj4'
2025-07-13 12:18:06.547 27121-29168 appflow AuthInterceptor app.forku                            D  ðŸ” Added cleaned Antiforgery cookie: .AspNetCore.Antiforgery._bj8tIMu5EI=CfDJ8Fg4pSr8Do...
2025-07-13 12:18:06.547 27121-29168 appflow AuthInterceptor app.forku                            D  ðŸ” Final cookie string length: 994
2025-07-13 12:18:06.547 27121-27121 SessionKeepAlive        app.forku                            D  ðŸ”„ Starting foreground jobs - Keep-alive: 120s, Token renewal: 300s
2025-07-13 12:18:06.547 27121-29164 SessionKeepAlive        app.forku                            D  ðŸ”„ Token renewal job cancelled - this is normal during app lifecycle changes
2025-07-13 12:18:06.548 27121-29168 okhttp.OkHttpClient     app.forku                            I  --> GET https://godev.collectiveintelligence.com.au/forkuapp-de6b98b5-4402-4a8f-891b-70b3591df162/dataset/api/vehiclesession/count?filter=Status%20%3D%3D%200%20%26%26%20BusinessId%20%3D%3D%20Guid.Parse%28%22dcd930f6-6d66-4990-8837-a6c1e96a8256%22%29
2025-07-13 12:18:06.549 27121-27121 SessionKeepAlive        app.forku                            D  ðŸš€ Starting session keep-alive service
2025-07-13 12:18:06.549 27121-27121 SessionKeepAlive        app.forku                            D  âš ï¸ Keep-alive already active, stopping previous instance
2025-07-13 12:18:06.549 27121-27121 SessionKeepAlive        app.forku                            D  ðŸ›‘ Stopping session keep-alive service
2025-07-13 12:18:06.550 27121-29087 SessionKeepAlive        app.forku                            D  ðŸ”„ Performing immediate session refresh after background
2025-07-13 12:18:06.550 27121-29087 SessionKeepAlive        app.forku                            D  ðŸ”„ Performing keep-alive ping...
2025-07-13 12:18:06.550 27121-27121 SessionKeepAliveWorker  app.forku                            D  âŒ Cancelled session keep-alive work
2025-07-13 12:18:06.550 27121-29087 GOServicesManager       app.forku                            D  Getting CSRF token... forceRefresh=false
2025-07-13 12:18:06.550 27121-29087 GOServicesManager       app.forku                            D  Using cached CSRF token and cookie
2025-07-13 12:18:06.550 27121-29087 SessionKeepAlive        app.forku                            D  ðŸ” Keep-alive headers obtained:
2025-07-13 12:18:06.550 27121-27121 SessionKeepAlive        app.forku                            D  ðŸ”„ Cancelling keep-alive job (isActive: true)
2025-07-13 12:18:06.550 27121-29078 appflow AuthInterceptor app.forku                            D  Starting request interception:
                                                                                                    - URL: https://godev.collectiveintelligence.com.au/forkuapp-de6b98b5-4402-4a8f-891b-70b3591df162/dataset/api/vehiclesession/count?filter=Status%20%3D%3D%200%20%26%26%20BusinessId%20%3D%3D%20Guid.Parse%28%22dcd930f6-6d66-4990-8837-a6c1e96a8256%22%29
                                                                                                    - Method: GET
2025-07-13 12:18:06.550 27121-29087 SessionKeepAlive        app.forku                            D    - CSRF Token: CfDJ8Fg4pSr8DoxBgBaS...
2025-07-13 12:18:06.550 27121-29087 SessionKeepAlive        app.forku                            D    - Cookie length: 271
2025-07-13 12:18:06.551 27121-29078 AuthDataStore           app.forku                            D  Getting cached application token: eyJhbGciOi
2025-07-13 12:18:06.551 27121-29078 GOServicesManager       app.forku                            D  Getting CSRF token... forceRefresh=false
2025-07-13 12:18:06.551 27121-29078 GOServicesManager       app.forku                            D  Using cached CSRF token and cookie
2025-07-13 12:18:06.551 27121-27121 SessionKeepAlive        app.forku                            D  ðŸ”„ Cancelling token renewal job (isActive: true)
2025-07-13 12:18:06.552 27121-29078 appflow AuthInterceptor app.forku                            D  ðŸ” Added ApplicationToken and BearerToken to cookie
2025-07-13 12:18:06.552 27121-29078 appflow AuthInterceptor app.forku                            D  ðŸ§¹ Cleaned cookie from '.AspNetCore.Antiforgery._bj8tIMu5EI=CfDJ8Fg4pSr8DoxBgBaSElZSS11WlZwroq95n0RFpKF2M3hGO7RYs7fKnukHX0f8...' to '.AspNetCore.Antiforgery._bj8tIMu5EI=CfDJ8Fg4pSr8DoxBgBaSElZSS11WlZwroq95n0RFpKF2M3hGO7RYs7fKnukHX0f8KW9qvvpfrTbNw5SKHsPs_X_GRBBo0o5EVhtPNghRMLNl889x-Dc9h_bmKpMxkNMnFE8yNgYJB88Fn3O8I7NDS03fpj4'
2025-07-13 12:18:06.552 27121-29078 appflow AuthInterceptor app.forku                            D  ðŸ” Added cleaned Antiforgery cookie: .AspNetCore.Antiforgery._bj8tIMu5EI=CfDJ8Fg4pSr8Do...
2025-07-13 12:18:06.552 27121-27121 SessionKeepAlive        app.forku                            D  âœ… Session keep-alive service stopped and cleaned up
2025-07-13 12:18:06.552 27121-27121 SessionKeepAlive        app.forku                            D  âœ… Keep-alive status set to active
2025-07-13 12:18:06.553 27121-29078 appflow AuthInterceptor app.forku                            D  ðŸ” Final cookie string length: 994
2025-07-13 12:18:06.553 27121-29165 SessionKeepAlive        app.forku                            D  ðŸ”„ Token renewal job cancelled - this is normal during app lifecycle changes
2025-07-13 12:18:06.553 27121-29078 okhttp.OkHttpClient     app.forku                            I  --> GET https://godev.collectiveintelligence.com.au/forkuapp-de6b98b5-4402-4a8f-891b-70b3591df162/dataset/api/vehiclesession/count?filter=Status%20%3D%3D%200%20%26%26%20BusinessId%20%3D%3D%20Guid.Parse%28%22dcd930f6-6d66-4990-8837-a6c1e96a8256%22%29
2025-07-13 12:18:06.554 27121-27121 SessionKeepAliveWorker  app.forku                            D  ðŸ“… Scheduled periodic session keep-alive work
2025-07-13 12:18:06.555 27121-29088 SessionKeepAlive        app.forku                            D  ðŸ”„ Keep-alive coroutine started
2025-07-13 12:18:06.556 27121-27121 SessionKeepAlive        app.forku                            D  ðŸŽ¯ Session keep-alive service fully started
2025-07-13 12:18:06.556 27121-27161 SessionKeepAlive        app.forku                            D  ðŸ”„ Token renewal coroutine started
2025-07-13 12:18:06.556 27121-27161 SessionKeepAlive        app.forku                            D  â³ Waiting 300000ms for token renewal check
2025-07-13 12:18:06.557 27121-27161 AuthDataStore           app.forku                            D  Getting cached application token: eyJhbGciOi
2025-07-13 12:18:06.557 27121-27161 SessionKeepAlive        app.forku                            D  ðŸ•’ Token expires in 1790s
2025-07-13 12:18:06.557 27121-27161 SessionKeepAlive        app.forku                            D  âœ… Token still valid for 1790s - no renewal needed
2025-07-13 12:18:06.557 27121-27161 SessionKeepAlive        app.forku                            D  âœ… Manual token renewal check - no renewal needed
2025-07-13 12:18:06.558 27121-29037 okhttp.OkHttpClient     app.forku                            I  --> GET https://godev.collectiveintelligence.com.au/forkuapp-de6b98b5-4402-4a8f-891b-70b3591df162/api/gosecurityprovider/keepalive
2025-07-13 12:18:06.582 27121-27121 SessionModalDebug       app.forku                            D  --- LaunchedEffect triggered ---
2025-07-13 12:18:06.582 27121-27121 SessionModalDebug       app.forku                            D  tokenExpiration: Sun Jul 13 12:47:57 GMT-05:00 2025
2025-07-13 12:18:06.582 27121-27121 SessionModalDebug       app.forku                            D  isKeepAliveActive: true
2025-07-13 12:18:06.582 27121-27121 SessionModalDebug       app.forku                            D  lastKeepAliveTime: null
2025-07-13 12:18:06.582 27121-27121 SessionModalDebug       app.forku                            D  secondsLeftFromToken: 1790
2025-07-13 12:18:06.582 27121-27121 SessionModalDebug       app.forku                            W  âš ï¸ lastKeepAliveTime is null
2025-07-13 12:18:06.582 27121-27121 SessionModalDebug       app.forku                            D  mostCriticalExpiration: -1
2025-07-13 12:18:06.582 27121-27121 SessionModalDebug       app.forku                            D  âœ… Session is healthy, hiding modal
2025-07-13 12:18:06.638 27121-29162 okhttp.OkHttpClient     app.forku                            I  <-- 200 https://godev.collectiveintelligence.com.au/forkuapp-de6b98b5-4402-4a8f-891b-70b3591df162/dataset/api/safetyalert/count?filter=BusinessId%20%3D%3D%20Guid.Parse%28%22dcd930f6-6d66-4990-8837-a6c1e96a8256%22%29%20%26%26%20SiteId%20%3D%3D%20Guid.Parse%28%227ecd101b-1f23-442d-bcd6-75be6c5a3e8f%22%29 (437ms, unknown-length body)
2025-07-13 12:18:06.642 27121-29166 okhttp.OkHttpClient     app.forku                            I  <-- 200 https://godev.collectiveintelligence.com.au/forkuapp-de6b98b5-4402-4a8f-891b-70b3591df162/dataset/api/safetyalert/count?filter=BusinessId%20%3D%3D%20Guid.Parse%28%22dcd930f6-6d66-4990-8837-a6c1e96a8256%22%29%20%26%26%20SiteId%20%3D%3D%20Guid.Parse%28%227ecd101b-1f23-442d-bcd6-75be6c5a3e8f%22%29 (425ms, unknown-length body)
2025-07-13 12:18:06.688 27121-27121 SafetyAlertRepo         app.forku                            D  Safety alert count for business 'dcd930f6-6d66-4990-8837-a6c1e96a8256': 2
2025-07-13 12:18:06.688 27121-27121 AdminDashboard          app.forku                            D  [loadDashboardDataWithFilters] ðŸš— Getting operating vehicles count with filters: businessId='dcd930f6-6d66-4990-8837-a6c1e96a8256', siteId='null'
2025-07-13 12:18:06.688 27121-27121 VehicleSessionRepo      app.forku                            D  [getOperatingSessionsCount] === INICIANDO CONTEO EN REPOSITORY ===
2025-07-13 12:18:06.689 27121-27121 VehicleSessionRepo      app.forku                            D  [getOperatingSessionsCount] BusinessId recibido: 'dcd930f6-6d66-4990-8837-a6c1e96a8256'
2025-07-13 12:18:06.689 27121-27121 VehicleSessionRepo      app.forku                            D  [getOperatingSessionsCount] SiteId filter recibido: 'null' (null = All Sites)
2025-07-13 12:18:06.689 27121-27121 VehicleSessionRepo      app.forku                            D  [getOperatingSessionsCount] CSRF Token obtenido: CfDJ8Fg4pS...
2025-07-13 12:18:06.689 27121-27121 VehicleSessionRepo      app.forku                            D  [getOperatingSessionsCount] Cookie obtenido: .AspNetCore.Antiforg...
2025-07-13 12:18:06.689 27121-27121 VehicleSessionRepo      app.forku                            D  [getOperatingSessionsCount] Using filter siteId: 'null'
2025-07-13 12:18:06.689 27121-27121 VehicleSessionRepo      app.forku                            D  [getOperatingSessionsCount] ðŸ” Filtro construido: 'Status == 0 && BusinessId == Guid.Parse("dcd930f6-6d66-4990-8837-a6c1e96a8256")'
2025-07-13 12:18:06.689 27121-27121 VehicleSessionRepo      app.forku                            D  [getOperatingSessionsCount] ðŸŒ Llamando a GET /dataset/api/vehiclesession/count?filter=Status == 0 && BusinessId == Guid.Parse("dcd930f6-6d66-4990-8837-a6c1e96a8256")
2025-07-13 12:18:06.698 27121-27121 SafetyAlertRepo         app.forku                            D  Safety alert count for business 'dcd930f6-6d66-4990-8837-a6c1e96a8256': 2
2025-07-13 12:18:06.698 27121-27121 AdminDashboard          app.forku                            D  [loadDashboardDataWithFilters] ðŸš— Getting operating vehicles count with filters: businessId='dcd930f6-6d66-4990-8837-a6c1e96a8256', siteId='null'
2025-07-13 12:18:06.698 27121-27121 VehicleSessionRepo      app.forku                            D  [getOperatingSessionsCount] === INICIANDO CONTEO EN REPOSITORY ===
2025-07-13 12:18:06.698 27121-27121 VehicleSessionRepo      app.forku                            D  [getOperatingSessionsCount] BusinessId recibido: 'dcd930f6-6d66-4990-8837-a6c1e96a8256'
2025-07-13 12:18:06.698 27121-27121 VehicleSessionRepo      app.forku                            D  [getOperatingSessionsCount] SiteId filter recibido: 'null' (null = All Sites)
2025-07-13 12:18:06.698 27121-27121 VehicleSessionRepo      app.forku                            D  [getOperatingSessionsCount] CSRF Token obtenido: CfDJ8Fg4pS...
2025-07-13 12:18:06.698 27121-27121 VehicleSessionRepo      app.forku                            D  [getOperatingSessionsCount] Cookie obtenido: .AspNetCore.Antiforg...
2025-07-13 12:18:06.698 27121-27121 VehicleSessionRepo      app.forku                            D  [getOperatingSessionsCount] Using filter siteId: 'null'
2025-07-13 12:18:06.698 27121-27121 VehicleSessionRepo      app.forku                            D  [getOperatingSessionsCount] ðŸ” Filtro construido: 'Status == 0 && BusinessId == Guid.Parse("dcd930f6-6d66-4990-8837-a6c1e96a8256")'
2025-07-13 12:18:06.698 27121-27121 VehicleSessionRepo      app.forku                            D  [getOperatingSessionsCount] ðŸŒ Llamando a GET /dataset/api/vehiclesession/count?filter=Status == 0 && BusinessId == Guid.Parse("dcd930f6-6d66-4990-8837-a6c1e96a8256")
2025-07-13 12:18:06.705 27121-29166 appflow AuthInterceptor app.forku                            D  Starting request interception:
                                                                                                    - URL: https://godev.collectiveintelligence.com.au/forkuapp-de6b98b5-4402-4a8f-891b-70b3591df162/dataset/api/vehiclesession/count?filter=Status%20%3D%3D%200%20%26%26%20BusinessId%20%3D%3D%20Guid.Parse%28%22dcd930f6-6d66-4990-8837-a6c1e96a8256%22%29
                                                                                                    - Method: GET
2025-07-13 12:18:06.706 27121-29166 AuthDataStore           app.forku                            D  Getting cached application token: eyJhbGciOi
2025-07-13 12:18:06.706 27121-29166 GOServicesManager       app.forku                            D  Getting CSRF token... forceRefresh=false
2025-07-13 12:18:06.706 27121-29166 GOServicesManager       app.forku                            D  Using cached CSRF token and cookie
2025-07-13 12:18:06.707 27121-29166 appflow AuthInterceptor app.forku                            D  ðŸ” Added ApplicationToken and BearerToken to cookie
2025-07-13 12:18:06.708 27121-29166 appflow AuthInterceptor app.forku                            D  ðŸ§¹ Cleaned cookie from '.AspNetCore.Antiforgery._bj8tIMu5EI=CfDJ8Fg4pSr8DoxBgBaSElZSS11WlZwroq95n0RFpKF2M3hGO7RYs7fKnukHX0f8...' to '.AspNetCore.Antiforgery._bj8tIMu5EI=CfDJ8Fg4pSr8DoxBgBaSElZSS11WlZwroq95n0RFpKF2M3hGO7RYs7fKnukHX0f8KW9qvvpfrTbNw5SKHsPs_X_GRBBo0o5EVhtPNghRMLNl889x-Dc9h_bmKpMxkNMnFE8yNgYJB88Fn3O8I7NDS03fpj4'
2025-07-13 12:18:06.708 27121-29166 appflow AuthInterceptor app.forku                            D  ðŸ” Added cleaned Antiforgery cookie: .AspNetCore.Antiforgery._bj8tIMu5EI=CfDJ8Fg4pSr8Do...
2025-07-13 12:18:06.708 27121-29166 appflow AuthInterceptor app.forku                            D  ðŸ” Final cookie string length: 994
2025-07-13 12:18:06.709 27121-29166 okhttp.OkHttpClient     app.forku                            I  --> GET https://godev.collectiveintelligence.com.au/forkuapp-de6b98b5-4402-4a8f-891b-70b3591df162/dataset/api/vehiclesession/count?filter=Status%20%3D%3D%200%20%26%26%20BusinessId%20%3D%3D%20Guid.Parse%28%22dcd930f6-6d66-4990-8837-a6c1e96a8256%22%29
2025-07-13 12:18:06.713 27121-29162 appflow AuthInterceptor app.forku                            D  Starting request interception:
                                                                                                    - URL: https://godev.collectiveintelligence.com.au/forkuapp-de6b98b5-4402-4a8f-891b-70b3591df162/dataset/api/vehiclesession/count?filter=Status%20%3D%3D%200%20%26%26%20BusinessId%20%3D%3D%20Guid.Parse%28%22dcd930f6-6d66-4990-8837-a6c1e96a8256%22%29
                                                                                                    - Method: GET
2025-07-13 12:18:06.713 27121-29162 AuthDataStore           app.forku                            D  Getting cached application token: eyJhbGciOi
2025-07-13 12:18:06.713 27121-29162 GOServicesManager       app.forku                            D  Getting CSRF token... forceRefresh=false
2025-07-13 12:18:06.713 27121-29162 GOServicesManager       app.forku                            D  Using cached CSRF token and cookie
2025-07-13 12:18:06.714 27121-29162 appflow AuthInterceptor app.forku                            D  ðŸ” Added ApplicationToken and BearerToken to cookie
2025-07-13 12:18:06.715 27121-29162 appflow AuthInterceptor app.forku                            D  ðŸ§¹ Cleaned cookie from '.AspNetCore.Antiforgery._bj8tIMu5EI=CfDJ8Fg4pSr8DoxBgBaSElZSS11WlZwroq95n0RFpKF2M3hGO7RYs7fKnukHX0f8...' to '.AspNetCore.Antiforgery._bj8tIMu5EI=CfDJ8Fg4pSr8DoxBgBaSElZSS11WlZwroq95n0RFpKF2M3hGO7RYs7fKnukHX0f8KW9qvvpfrTbNw5SKHsPs_X_GRBBo0o5EVhtPNghRMLNl889x-Dc9h_bmKpMxkNMnFE8yNgYJB88Fn3O8I7NDS03fpj4'
2025-07-13 12:18:06.715 27121-29162 appflow AuthInterceptor app.forku                            D  ðŸ” Added cleaned Antiforgery cookie: .AspNetCore.Antiforgery._bj8tIMu5EI=CfDJ8Fg4pSr8Do...
2025-07-13 12:18:06.715 27121-29162 appflow AuthInterceptor app.forku                            D  ðŸ” Final cookie string length: 994
2025-07-13 12:18:06.716 27121-29162 okhttp.OkHttpClient     app.forku                            I  --> GET https://godev.collectiveintelligence.com.au/forkuapp-de6b98b5-4402-4a8f-891b-70b3591df162/dataset/api/vehiclesession/count?filter=Status%20%3D%3D%200%20%26%26%20BusinessId%20%3D%3D%20Guid.Parse%28%22dcd930f6-6d66-4990-8837-a6c1e96a8256%22%29
2025-07-13 12:18:06.840 27121-29037 okhttp.OkHttpClient     app.forku                            I  <-- 200 https://godev.collectiveintelligence.com.au/forkuapp-de6b98b5-4402-4a8f-891b-70b3591df162/api/gosecurityprovider/keepalive (280ms, unknown-length body)
2025-07-13 12:18:06.844 27121-27161 SessionKeepAlive        app.forku                            D  âœ… Keep-alive successful
2025-07-13 12:18:06.844 27121-27161 AuthDataStore           app.forku                            D  Getting cached application token: eyJhbGciOi
2025-07-13 12:18:06.866 27121-27121 SessionModalDebug       app.forku                            D  --- LaunchedEffect triggered ---
2025-07-13 12:18:06.867 27121-27121 SessionModalDebug       app.forku                            D  tokenExpiration: Sun Jul 13 12:47:57 GMT-05:00 2025
2025-07-13 12:18:06.867 27121-27121 SessionModalDebug       app.forku                            D  isKeepAliveActive: true
2025-07-13 12:18:06.867 27121-27121 SessionModalDebug       app.forku                            D  lastKeepAliveTime: 1752427086843
2025-07-13 12:18:06.867 27121-27121 SessionModalDebug       app.forku                            D  secondsLeftFromToken: 1790
2025-07-13 12:18:06.867 27121-27121 SessionModalDebug       app.forku                            D  mostCriticalExpiration: -1
2025-07-13 12:18:06.867 27121-27121 SessionModalDebug       app.forku                            D  âœ… Session is healthy, hiding modal
2025-07-13 12:18:06.913 27121-29168 okhttp.OkHttpClient     app.forku                            I  <-- 200 https://godev.collectiveintelligence.com.au/forkuapp-de6b98b5-4402-4a8f-891b-70b3591df162/dataset/api/vehiclesession/count?filter=Status%20%3D%3D%200%20%26%26%20BusinessId%20%3D%3D%20Guid.Parse%28%22dcd930f6-6d66-4990-8837-a6c1e96a8256%22%29 (364ms, unknown-length body)
2025-07-13 12:18:06.918 27121-29078 okhttp.OkHttpClient     app.forku                            I  <-- 200 https://godev.collectiveintelligence.com.au/forkuapp-de6b98b5-4402-4a8f-891b-70b3591df162/dataset/api/vehiclesession/count?filter=Status%20%3D%3D%200%20%26%26%20BusinessId%20%3D%3D%20Guid.Parse%28%22dcd930f6-6d66-4990-8837-a6c1e96a8256%22%29 (363ms, unknown-length body)
2025-07-13 12:18:06.933 27121-27121 VehicleSessionRepo      app.forku                            D  [getOperatingSessionsCount] ðŸ“¡ Respuesta HTTP: isSuccessful=true, code=200
2025-07-13 12:18:06.933 27121-27121 VehicleSessionRepo      app.forku                            D  [getOperatingSessionsCount] ðŸ“Š Body: 2
2025-07-13 12:18:06.933 27121-27121 VehicleSessionRepo      app.forku                            D  [getOperatingSessionsCount] âœ… Conteo final: 2
2025-07-13 12:18:06.933 27121-27121 VehicleSessionRepo      app.forku                            D  [getOperatingSessionsCount] === CONTEO COMPLETADO EN REPOSITORY ===
2025-07-13 12:18:06.933 27121-27121 AdminDashboard          app.forku                            D  [loadDashboardDataWithFilters] ðŸš— Operating vehicles count from repository: 2
2025-07-13 12:18:06.934 27121-27121 AdminDashboard          app.forku                            D  [loadDashboardDataWithFilters] === ðŸŽ‰ DASHBOARD CON FILTROS CARGADO ===
2025-07-13 12:18:06.934 27121-27121 AdminDashboard          app.forku                            D  [loadDashboardDataWithFilters] âœ… Sessions: 2, Operators: 2
2025-07-13 12:18:06.934 27121-27121 AdminDashboard          app.forku                            D  [loadDashboardDataWithFilters] ðŸš— Operating Vehicles: 2
2025-07-13 12:18:06.934 27121-27121 VehicleSessionRepo      app.forku                            D  [getOperatingSessionsCount] ðŸ“¡ Respuesta HTTP: isSuccessful=true, code=200
2025-07-13 12:18:06.934 27121-27121 VehicleSessionRepo      app.forku                            D  [getOperatingSessionsCount] ðŸ“Š Body: 2
2025-07-13 12:18:06.935 27121-27121 VehicleSessionRepo      app.forku                            D  [getOperatingSessionsCount] âœ… Conteo final: 2
2025-07-13 12:18:06.935 27121-27121 VehicleSessionRepo      app.forku                            D  [getOperatingSessionsCount] === CONTEO COMPLETADO EN REPOSITORY ===
2025-07-13 12:18:06.935 27121-27121 AdminDashboard          app.forku                            D  [loadDashboardDataWithFilters] ðŸš— Operating vehicles count from repository: 2
2025-07-13 12:18:06.936 27121-27121 AdminDashboard          app.forku                            D  [loadDashboardDataWithFilters] === ðŸŽ‰ DASHBOARD CON FILTROS CARGADO ===
2025-07-13 12:18:06.936 27121-27121 AdminDashboard          app.forku                            D  [loadDashboardDataWithFilters] âœ… Sessions: 2, Operators: 2
2025-07-13 12:18:06.936 27121-27121 AdminDashboard          app.forku                            D  [loadDashboardDataWithFilters] ðŸš— Operating Vehicles: 2
2025-07-13 12:18:07.044 27121-27121 VehicleItem             app.forku                            D  vehicle.type: VehicleType(Id=6948c970-bbeb-48d3-bd4c-ce26b2d30993, Name=Light Truck, RequiresCertification=false, VehicleCategoryId=a0f2f612-7a71-479d-9dbf-19369a5a0de3, IsMarkedForDeletion=false, InternalObjectId=10)
2025-07-13 12:18:07.044 27121-27121 VehicleItem             app.forku                            D  vehicle.type.Name: Light Truck
2025-07-13 12:18:07.059 27121-27121 VehicleItem             app.forku                            D  operatorName value: multisiteuser onlythat
2025-07-13 12:18:07.059 27121-27121 VehicleItem             app.forku                            D  operatorImage value: null
2025-07-13 12:18:07.089 27121-27121 VehicleItem             app.forku                            D  vehicle.type: VehicleType(Id=6948c970-bbeb-48d3-bd4c-ce26b2d30993, Name=Light Truck, RequiresCertification=false, VehicleCategoryId=a0f2f612-7a71-479d-9dbf-19369a5a0de3, IsMarkedForDeletion=false, InternalObjectId=10)
2025-07-13 12:18:07.090 27121-27121 VehicleItem             app.forku                            D  vehicle.type.Name: Light Truck
2025-07-13 12:18:07.099 27121-27121 VehicleItem             app.forku                            D  operatorName value: NoBusinessUser NoSiteUserAsWell
2025-07-13 12:18:07.099 27121-27121 VehicleItem             app.forku                            D  operatorImage value: null
2025-07-13 12:18:07.147 27121-27121 DashboardHeader         app.forku                            D  DashboardHeader created - onSettingsClick is NOT NULL
2025-07-13 12:18:07.147 27121-27121 DashboardHeader         app.forku                            D  Total buttons to show: 1 (Profile: false, Notifications: false, Settings: true)
2025-07-13 12:18:07.149 27121-27121 DashboardHeader         app.forku                            D  Notifications button will NOT be shown
2025-07-13 12:18:07.149 27121-27121 DashboardHeader         app.forku                            D  Settings button will be shown
2025-07-13 12:18:07.188 27121-29166 okhttp.OkHttpClient     app.forku                            I  <-- 200 https://godev.collectiveintelligence.com.au/forkuapp-de6b98b5-4402-4a8f-891b-70b3591df162/dataset/api/vehiclesession/count?filter=Status%20%3D%3D%200%20%26%26%20BusinessId%20%3D%3D%20Guid.Parse%28%22dcd930f6-6d66-4990-8837-a6c1e96a8256%22%29 (478ms, unknown-length body)
2025-07-13 12:18:07.192 27121-29162 okhttp.OkHttpClient     app.forku                            I  <-- 200 https://godev.collectiveintelligence.com.au/forkuapp-de6b98b5-4402-4a8f-891b-70b3591df162/dataset/api/vehiclesession/count?filter=Status%20%3D%3D%200%20%26%26%20BusinessId%20%3D%3D%20Guid.Parse%28%22dcd930f6-6d66-4990-8837-a6c1e96a8256%22%29 (475ms, unknown-length body)
2025-07-13 12:18:07.417 27121-29162 appflow AuthInterceptor app.forku                            D  Starting request interception:
                                                                                                    - URL: https://godev.collectiveintelligence.com.au/forkuapp-de6b98b5-4402-4a8f-891b-70b3591df162/api/vehicle/file/7c9f56bf-deed-4be4-b046-17fef34ecf7e/Picture?t=%LASTEDITEDTIME%
                                                                                                    - Method: GET
2025-07-13 12:18:07.418 27121-29162 AuthDataStore           app.forku                            D  Getting cached application token: eyJhbGciOi
2025-07-13 12:18:07.418 27121-29162 GOServicesManager       app.forku                            D  Getting CSRF token... forceRefresh=false
2025-07-13 12:18:07.418 27121-29162 GOServicesManager       app.forku                            D  Using cached CSRF token and cookie
