2025-07-13 12:17:55.629 27121-27121 ViewRootImpl            app.forku                            I  updatePointerIcon pointerType = 1000, calling pid = 27121
2025-07-13 12:17:55.630 27121-27121 InputManager            app.forku                            D  setPointerIconType iconId = 1000, callingPid = 27121
2025-07-13 12:17:56.121 27121-27121 ViewRootIm...nActivity] app.forku                            I  ViewPostIme pointer 0
2025-07-13 12:17:56.129 27121-27121 ViewRootIm...nActivity] app.forku                            I  ViewPostIme pointer 1
2025-07-13 12:17:56.133 27121-27121 LoginScreen             app.forku                            D  Login button clicked for user: NoBusinessUser
2025-07-13 12:17:56.134 27121-27121 LoginViewModel          app.forku                            D  Attempting login for user: NoBusinessUser
2025-07-13 12:17:56.182 27121-29037 okhttp.OkHttpClient     app.forku                            I  --> GET https://godev.collectiveintelligence.com.au/forkuapp-de6b98b5-4402-4a8f-891b-70b3591df162/dataset/api/goservices/csrf-token
2025-07-13 12:17:56.760 27121-27121 IMM_LC                  app.forku                            I  notifyImeHidden
2025-07-13 12:17:56.761 27121-27121 InsetsSourceConsumer    app.forku                            D  setRequestedVisible: visible=false, type=19, host=app.forku/app.forku.MainActivity, from=android.view.InsetsSourceConsumer.hide:253 android.view.ImeInsetsSourceConsumer.hide:68 android.view.ImeInsetsSourceConsumer.hide:74 android.view.InsetsController.hideDirectly:1473 android.view.InsetsController.controlAnimationUnchecked:1139 android.view.InsetsController.applyAnimation:1456 android.view.InsetsController.applyAnimation:1437 android.view.InsetsController.hide:1006 android.view.InsetsController.hide:981 androidx.core.view.SoftwareKeyboardControllerCompat$Impl30.hide:227 
2025-07-13 12:17:56.761 27121-27121 InputMethodManager      app.forku                            D  startInputInner - Id : 0
2025-07-13 12:17:56.762 27121-27121 InputMethodManager      app.forku                            I  startInputInner - mService.startInputOrWindowGainedFocus
2025-07-13 12:17:56.856 27121-27121 InsetsSourceConsumer    app.forku                            D  ensureControlAlpha: for ITYPE_NAVIGATION_BAR on app.forku/app.forku.MainActivity
2025-07-13 12:17:57.111 27121-27121 IMM_LC                  app.forku                            I  notifyImeHidden
2025-07-13 12:17:57.163 27121-27121 InsetsController        app.forku                            D  show(ime(), fromIme=true)
2025-07-13 12:17:57.164 27121-27121 InsetsSourceConsumer    app.forku                            D  setRequestedVisible: visible=true, type=19, host=app.forku/app.forku.MainActivity, from=android.view.InsetsSourceConsumer.show:246 android.view.InsetsController.showDirectly:1489 android.view.InsetsController.controlAnimationUnchecked:1137 android.view.InsetsController.applyAnimation:1456 android.view.InsetsController.applyAnimation:1437 android.view.InsetsController.show:976 android.view.ViewRootImpl$ViewRootHandler.handleMessageImpl:6483 android.view.ViewRootImpl$ViewRootHandler.handleMessage:6408 android.os.Handler.dispatchMessage:106 android.os.Looper.loopOnce:226 
2025-07-13 12:17:57.167 27121-27121 InsetsSourceConsumer    app.forku                            D  setRequestedVisible: visible=false, type=19, host=app.forku/app.forku.MainActivity, from=android.view.InsetsSourceConsumer.hide:253 android.view.ImeInsetsSourceConsumer.hide:68 android.view.ImeInsetsSourceConsumer.hide:74 android.view.InsetsController.hideDirectly:1473 android.view.InsetsController.controlAnimationUnchecked:1139 android.view.InsetsController.applyAnimation:1456 android.view.InsetsController.applyAnimation:1437 android.view.InsetsController.hide:1006 android.view.ViewRootImpl$ViewRootHandler.handleMessageImpl:6487 android.view.ViewRootImpl$ViewRootHandler.handleMessage:6408 
2025-07-13 12:17:57.189 27121-27121 InsetsSourceConsumer    app.forku                            D  ensureControlAlpha: for ITYPE_NAVIGATION_BAR on app.forku/app.forku.MainActivity
2025-07-13 12:17:57.423 27121-27121 IMM_LC                  app.forku                            I  notifyImeHidden
2025-07-13 12:17:57.857 27121-29037 okhttp.OkHttpClient     app.forku                            I  <-- 200 https://godev.collectiveintelligence.com.au/forkuapp-de6b98b5-4402-4a8f-891b-70b3591df162/dataset/api/goservices/csrf-token (1674ms, 171-byte body)
2025-07-13 12:17:57.879 27121-27159 AuthDataStore           app.forku                            D  Saved CSRF token: CfDJ8Fg4pS...
2025-07-13 12:17:57.888 27121-27159 AuthDataStore           app.forku                            D  Saved Antiforgery cookie: .AspNetCore.Antiforg...
2025-07-13 12:17:57.929 27121-29037 okhttp.OkHttpClient     app.forku                            I  --> POST https://godev.collectiveintelligence.com.au/forkuapp-de6b98b5-4402-4a8f-891b-70b3591df162/api/gosecurityprovider/authenticate (638-byte body)
2025-07-13 12:17:58.546 27121-29037 okhttp.OkHttpClient     app.forku                            I  <-- 200 https://godev.collectiveintelligence.com.au/forkuapp-de6b98b5-4402-4a8f-891b-70b3591df162/api/gosecurityprovider/authenticate (616ms, unknown-length body)
2025-07-13 12:17:58.767 27121-27159 AuthDataStore           app.forku                            D  Saved application token: eyJhbGciOi...
2025-07-13 12:17:58.774 27121-27159 AuthDataStore           app.forku                            D  Saved authentication token: eyJhbGciOi...
2025-07-13 12:17:58.774 27121-27159 AuthDataStore           app.forku                            D  Getting cached application token: eyJhbGciOi
2025-07-13 12:17:58.784 27121-27159 AuthDataStore           app.forku                            D  JWT token expires at: Sun Jul 13 12:47:57 GMT-05:00 2025
2025-07-13 12:17:58.786 27121-27159 appflow                 app.forku                            D  TokenParser parseJwtToken:  {"UserId":"d139312d-3d82-4a47-8f1f-b9e1fc380d27","unique_name":"NoBusinessUser","family_name":"NoSiteUserAsWell","Is2FAEnabled":"false","role":"Administrator,User","nbf":1752427077,"exp":1752428877,"iat":1752427077,"iss":"self"}
2025-07-13 12:17:58.786 27121-27159 appflow                 app.forku                            D  TokenParser parseJwtToken role:  Administrator,User
2025-07-13 12:17:58.787 27121-27159 appflow                 app.forku                            D  TokenParser multiple roles found: [Administrator, User]
2025-07-13 12:17:58.789 27121-27159 UserRoleManager         app.forku                            D  --- Determining highest priority role from JWT roles: [Administrator, User] ---
2025-07-13 12:17:58.789 27121-27159 UserRoleManager         app.forku                            D  === Converting role string ===
2025-07-13 12:17:58.789 27121-27159 UserRoleManager         app.forku                            D  Input roleString: 'Administrator'
2025-07-13 12:17:58.790 27121-27159 UserRoleManager         app.forku                            D  Default role: operator
2025-07-13 12:17:58.790 27121-27159 UserRoleManager         app.forku                            D  Normalized role string: 'administrator'
2025-07-13 12:17:58.791 27121-27159 UserRoleManager         app.forku                            D  Final conversion result: administrator
2025-07-13 12:17:58.791 27121-27159 UserRoleManager         app.forku                            D  âœ… Highest priority JWT role found: Administrator -> administrator
2025-07-13 12:17:58.791 27121-27159 appflow                 app.forku                            D  TokenParser effective role: administrator
2025-07-13 12:17:58.791 27121-27159 appflow UserRepository  app.forku                            D  Getting real user data from API to extract email
2025-07-13 12:17:58.792 27121-27159 GOServicesManager       app.forku                            D  Getting CSRF token... forceRefresh=false
2025-07-13 12:17:58.792 27121-27159 GOServicesManager       app.forku                            D  Using cached CSRF token and cookie
2025-07-13 12:17:58.859 27121-29078 appflow AuthInterceptor app.forku                            D  Starting request interception:
                                                                                                    - URL: https://godev.collectiveintelligence.com.au/forkuapp-de6b98b5-4402-4a8f-891b-70b3591df162/api/gouser/byid/d139312d-3d82-4a47-8f1f-b9e1fc380d27
                                                                                                    - Method: GET
2025-07-13 12:17:58.860 27121-29078 AuthDataStore           app.forku                            D  Getting cached application token: eyJhbGciOi
2025-07-13 12:17:58.860 27121-29078 GOServicesManager       app.forku                            D  Getting CSRF token... forceRefresh=false
2025-07-13 12:17:58.860 27121-29078 GOServicesManager       app.forku                            D  Using cached CSRF token and cookie
2025-07-13 12:17:58.862 27121-29078 appflow AuthInterceptor app.forku                            D  ðŸ” Added ApplicationToken and BearerToken to cookie
2025-07-13 12:17:58.863 27121-29078 appflow AuthInterceptor app.forku                            D  ðŸ§¹ Cleaned cookie from '.AspNetCore.Antiforgery._bj8tIMu5EI=CfDJ8Fg4pSr8DoxBgBaSElZSS11WlZwroq95n0RFpKF2M3hGO7RYs7fKnukHX0f8...' to '.AspNetCore.Antiforgery._bj8tIMu5EI=CfDJ8Fg4pSr8DoxBgBaSElZSS11WlZwroq95n0RFpKF2M3hGO7RYs7fKnukHX0f8KW9qvvpfrTbNw5SKHsPs_X_GRBBo0o5EVhtPNghRMLNl889x-Dc9h_bmKpMxkNMnFE8yNgYJB88Fn3O8I7NDS03fpj4'
2025-07-13 12:17:58.863 27121-29078 appflow AuthInterceptor app.forku                            D  ðŸ” Added cleaned Antiforgery cookie: .AspNetCore.Antiforgery._bj8tIMu5EI=CfDJ8Fg4pSr8Do...
2025-07-13 12:17:58.863 27121-29078 appflow AuthInterceptor app.forku                            D  ðŸ” Final cookie string length: 994
2025-07-13 12:17:58.869 27121-29078 okhttp.OkHttpClient     app.forku                            I  --> GET https://godev.collectiveintelligence.com.au/forkuapp-de6b98b5-4402-4a8f-891b-70b3591df162/api/gouser/byid/d139312d-3d82-4a47-8f1f-b9e1fc380d27
2025-07-13 12:18:00.251 27121-29078 okhttp.OkHttpClient     app.forku                            I  <-- 200 https://godev.collectiveintelligence.com.au/forkuapp-de6b98b5-4402-4a8f-891b-70b3591df162/api/gouser/byid/d139312d-3d82-4a47-8f1f-b9e1fc380d27 (1381ms, unknown-length body)
2025-07-13 12:18:00.257 27121-29078 UserDto                 app.forku                            D  Initializing UserDto with picture: null
2025-07-13 12:18:00.264 27121-27159 appflow UserRepository  app.forku                            D  Real email from API: 'NoBusinessUser'
2025-07-13 12:18:00.264 27121-27159 appflow UserRepository  app.forku                            D  Effective email for user: 'NoBusinessUser' (API: 'NoBusinessUser', Token: 'null', Login: 'NoBusinessUser')
2025-07-13 12:18:00.279 27121-27159 AuthDataStore           app.forku                            D  Storing user data:
                                                                                                    - ID: d139312d-3d82-4a47-8f1f-b9e1fc380d27
                                                                                                    - Name: NoBusinessUser NoSiteUserAsWell
                                                                                                    - Token: eyJhbGciOi...
                                                                                                    - Role: administrator
                                                                                                    - Business ID: null
                                                                                                    - Site ID: null
                                                                                                    - System Owner ID: null
2025-07-13 12:18:00.343 27121-27161 AuthDataStore           app.forku                            D  Tokens stored in secure preferences: eyJhbGciOi...
2025-07-13 12:18:00.343 27121-27161 AuthDataStore           app.forku                            D  User data stored successfully
2025-07-13 12:18:00.343 27121-27161 appflow UserRepository  app.forku                            D  Getting business context for user: d139312d-3d82-4a47-8f1f-b9e1fc380d27
2025-07-13 12:18:00.344 27121-27161 UserRepository          app.forku                            D  Getting user with businesses and sites: d139312d-3d82-4a47-8f1f-b9e1fc380d27
2025-07-13 12:18:00.344 27121-27161 GOServicesManager       app.forku                            D  Getting CSRF token... forceRefresh=false
2025-07-13 12:18:00.352 27121-27161 AuthDataStore           app.forku                            D  Reloaded CSRF token from storage: CfDJ8Fg4pS
2025-07-13 12:18:00.359 27121-27161 AuthDataStore           app.forku                            D  Reloaded antiforgery cookie from storage: .AspNetCore.Antiforg
2025-07-13 12:18:00.359 27121-27161 GOServicesManager       app.forku                            D  Using cached CSRF token and cookie
2025-07-13 12:18:00.387 27121-29078 appflow AuthInterceptor app.forku                            D  Starting request interception:
                                                                                                    - URL: https://godev.collectiveintelligence.com.au/forkuapp-de6b98b5-4402-4a8f-891b-70b3591df162/api/gouser/byid/d139312d-3d82-4a47-8f1f-b9e1fc380d27?include=UserBusinesses%2CUserSiteItems
                                                                                                    - Method: GET
2025-07-13 12:18:00.387 27121-29078 AuthDataStore           app.forku                            D  Getting cached application token: eyJhbGciOi
2025-07-13 12:18:00.388 27121-29078 GOServicesManager       app.forku                            D  Getting CSRF token... forceRefresh=false
2025-07-13 12:18:00.388 27121-29078 GOServicesManager       app.forku                            D  Using cached CSRF token and cookie
2025-07-13 12:18:00.389 27121-29078 appflow AuthInterceptor app.forku                            D  ðŸ” Added ApplicationToken and BearerToken to cookie
2025-07-13 12:18:00.390 27121-29078 appflow AuthInterceptor app.forku                            D  ðŸ§¹ Cleaned cookie from '.AspNetCore.Antiforgery._bj8tIMu5EI=CfDJ8Fg4pSr8DoxBgBaSElZSS11WlZwroq95n0RFpKF2M3hGO7RYs7fKnukHX0f8...' to '.AspNetCore.Antiforgery._bj8tIMu5EI=CfDJ8Fg4pSr8DoxBgBaSElZSS11WlZwroq95n0RFpKF2M3hGO7RYs7fKnukHX0f8KW9qvvpfrTbNw5SKHsPs_X_GRBBo0o5EVhtPNghRMLNl889x-Dc9h_bmKpMxkNMnFE8yNgYJB88Fn3O8I7NDS03fpj4'
2025-07-13 12:18:00.390 27121-29078 appflow AuthInterceptor app.forku                            D  ðŸ” Added cleaned Antiforgery cookie: .AspNetCore.Antiforgery._bj8tIMu5EI=CfDJ8Fg4pSr8Do...
2025-07-13 12:18:00.390 27121-29078 appflow AuthInterceptor app.forku                            D  ðŸ” Final cookie string length: 994
2025-07-13 12:18:00.396 27121-29078 okhttp.OkHttpClient     app.forku                            I  --> GET https://godev.collectiveintelligence.com.au/forkuapp-de6b98b5-4402-4a8f-891b-70b3591df162/api/gouser/byid/d139312d-3d82-4a47-8f1f-b9e1fc380d27?include=UserBusinesses%2CUserSiteItems
2025-07-13 12:18:00.828 27121-29078 okhttp.OkHttpClient     app.forku                            I  <-- 200 https://godev.collectiveintelligence.com.au/forkuapp-de6b98b5-4402-4a8f-891b-70b3591df162/api/gouser/byid/d139312d-3d82-4a47-8f1f-b9e1fc380d27?include=UserBusinesses%2CUserSiteItems (431ms, unknown-length body)
2025-07-13 12:18:00.832 27121-29078 UserDto                 app.forku                            D  Initializing UserDto with picture: null
2025-07-13 12:18:00.838 27121-27161 UserRepository          app.forku                            D  User businesses: 1
2025-07-13 12:18:00.838 27121-27161 UserRepository          app.forku                            D  User sites: 0
2025-07-13 12:18:00.839 27121-27161 UserRepository          app.forku                            D  Business: dcd930f6-6d66-4990-8837-a6c1e96a8256, Site: null
2025-07-13 12:18:00.839 27121-27161 UserRepository          app.forku                            D  Saving business context: dcd930f6-6d66-4990-8837-a6c1e96a8256
2025-07-13 12:18:00.867 27121-27160 AuthDataStore           app.forku                            D  Saved business context: dcd930f6-6d66-4990-8837-a6c1e96a8256
2025-07-13 12:18:00.869 27121-27160 UserMapper              app.forku                            D  === Mapping UserDto to User ===
2025-07-13 12:18:00.869 27121-27160 UserMapper              app.forku                            D  User ID: d139312d-3d82-4a47-8f1f-b9e1fc380d27
2025-07-13 12:18:00.869 27121-27160 UserMapper              app.forku                            D  User fullName: NoBusinessUser NoSiteUserAsWell
2025-07-13 12:18:00.869 27121-27160 UserMapper              app.forku                            D  User username: NoBusinessUser
2025-07-13 12:18:00.869 27121-27160 UserMapper              app.forku                            D  UserRoleItems count: 0
2025-07-13 12:18:00.869 27121-27160 UserMapper              app.forku                            D  Raw userRoleItems data: []
2025-07-13 12:18:00.869 27121-27160 UserMapper              app.forku                            W  No userRoleItems found for user d139312d-3d82-4a47-8f1f-b9e1fc380d27, using fallback detection
2025-07-13 12:18:00.869 27121-27160 UserMapper              app.forku                            D  No admin pattern detected, using OPERATOR default
2025-07-13 12:18:00.870 27121-27160 UserMapper              app.forku                            D  Final mapped role for user d139312d-3d82-4a47-8f1f-b9e1fc380d27: operator
2025-07-13 12:18:00.870 27121-27160 UserMapper              app.forku                            D  Processing user photo: id=d139312d-3d82-4a47-8f1f-b9e1fc380d27, picture=, pictureInternalName=null
2025-07-13 12:18:00.870 27121-27160 UserMapper              app.forku                            D  No picture field or it's blank, setting photoUrl to null
2025-07-13 12:18:00.870 27121-27160 UserMapper              app.forku                            D  Final user mapping: id=d139312d-3d82-4a47-8f1f-b9e1fc380d27, photoUrl=null, role=operator
2025-07-13 12:18:00.873 27121-27121 LoginViewModel          app.forku                            D  Login successful, checking user preferences...
2025-07-13 12:18:00.873 27121-27121 LoginViewModel          app.forku                            D  ðŸ” About to call businessContextManager.loadBusinessContext()
2025-07-13 12:18:00.873 27121-27121 BusinessContextManager  app.forku                            D  ðŸ” loadBusinessContext called - fetching user preferences
2025-07-13 12:18:00.874 27121-27121 BusinessContextManager  app.forku                            D  ðŸ” About to call userPreferencesRepository.getCurrentUserPreferences()
2025-07-13 12:18:00.875 27121-27160 UserPreferencesRepo     app.forku                            D  ðŸ” getCurrentUserPreferences called - starting user preferences loading
2025-07-13 12:18:00.878 27121-27160 UserPreferencesRepo     app.forku                            D  ðŸ” About to call getCurrentUserWithPreferences...
2025-07-13 12:18:00.887 27121-27160 appflow UserRepository  app.forku                            D  Getting current user from API to check UserPreferencesId: d139312d-3d82-4a47-8f1f-b9e1fc380d27
2025-07-13 12:18:00.888 27121-27160 GOServicesManager       app.forku                            D  Getting CSRF token... forceRefresh=false
2025-07-13 12:18:00.888 27121-27160 GOServicesManager       app.forku                            D  Using cached CSRF token and cookie
2025-07-13 12:18:00.912 27121-29078 appflow AuthInterceptor app.forku                            D  Starting request interception:
                                                                                                    - URL: https://godev.collectiveintelligence.com.au/forkuapp-de6b98b5-4402-4a8f-891b-70b3591df162/api/gouser/byid/d139312d-3d82-4a47-8f1f-b9e1fc380d27
                                                                                                    - Method: GET
2025-07-13 12:18:00.912 27121-29078 AuthDataStore           app.forku                            D  Getting cached application token: eyJhbGciOi
2025-07-13 12:18:00.913 27121-29078 GOServicesManager       app.forku                            D  Getting CSRF token... forceRefresh=false
2025-07-13 12:18:00.913 27121-29078 GOServicesManager       app.forku                            D  Using cached CSRF token and cookie
2025-07-13 12:18:00.914 27121-29078 appflow AuthInterceptor app.forku                            D  ðŸ” Added ApplicationToken and BearerToken to cookie
2025-07-13 12:18:00.915 27121-29078 appflow AuthInterceptor app.forku                            D  ðŸ§¹ Cleaned cookie from '.AspNetCore.Antiforgery._bj8tIMu5EI=CfDJ8Fg4pSr8DoxBgBaSElZSS11WlZwroq95n0RFpKF2M3hGO7RYs7fKnukHX0f8...' to '.AspNetCore.Antiforgery._bj8tIMu5EI=CfDJ8Fg4pSr8DoxBgBaSElZSS11WlZwroq95n0RFpKF2M3hGO7RYs7fKnukHX0f8KW9qvvpfrTbNw5SKHsPs_X_GRBBo0o5EVhtPNghRMLNl889x-Dc9h_bmKpMxkNMnFE8yNgYJB88Fn3O8I7NDS03fpj4'
2025-07-13 12:18:00.915 27121-29078 appflow AuthInterceptor app.forku                            D  ðŸ” Added cleaned Antiforgery cookie: .AspNetCore.Antiforgery._bj8tIMu5EI=CfDJ8Fg4pSr8Do...
2025-07-13 12:18:00.915 27121-29078 appflow AuthInterceptor app.forku                            D  ðŸ” Final cookie string length: 994
2025-07-13 12:18:00.921 27121-29078 okhttp.OkHttpClient     app.forku                            I  --> GET https://godev.collectiveintelligence.com.au/forkuapp-de6b98b5-4402-4a8f-891b-70b3591df162/api/gouser/byid/d139312d-3d82-4a47-8f1f-b9e1fc380d27
2025-07-13 12:18:01.208 27121-29078 okhttp.OkHttpClient     app.forku                            I  <-- 200 https://godev.collectiveintelligence.com.au/forkuapp-de6b98b5-4402-4a8f-891b-70b3591df162/api/gouser/byid/d139312d-3d82-4a47-8f1f-b9e1fc380d27 (287ms, unknown-length body)
2025-07-13 12:18:01.211 27121-29078 UserDto                 app.forku                            D  Initializing UserDto with picture: null
2025-07-13 12:18:01.217 27121-27160 appflow UserRepository  app.forku                            D  User preferences status:
2025-07-13 12:18:01.217 27121-27160 appflow UserRepository  app.forku                            D    Has UserPreferencesId: true
2025-07-13 12:18:01.217 27121-27160 appflow UserRepository  app.forku                            D    UserPreferencesId: 0f8280cf-a51d-4890-8eae-5bb442593375
2025-07-13 12:18:01.217 27121-27160 appflow UserRepository  app.forku                            D  Fetching UserPreferences by ID: 0f8280cf-a51d-4890-8eae-5bb442593375
2025-07-13 12:18:01.217 27121-27160 GOServicesManager       app.forku                            D  Getting CSRF token... forceRefresh=false
2025-07-13 12:18:01.217 27121-27160 GOServicesManager       app.forku                            D  Using cached CSRF token and cookie
2025-07-13 12:18:01.318 27121-29078 appflow AuthInterceptor app.forku                            D  Starting request interception:
                                                                                                    - URL: https://godev.collectiveintelligence.com.au/forkuapp-de6b98b5-4402-4a8f-891b-70b3591df162/api/userpreferences/byid/0f8280cf-a51d-4890-8eae-5bb442593375
                                                                                                    - Method: GET
2025-07-13 12:18:01.318 27121-29078 AuthDataStore           app.forku                            D  Getting cached application token: eyJhbGciOi
2025-07-13 12:18:01.318 27121-29078 GOServicesManager       app.forku                            D  Getting CSRF token... forceRefresh=false
2025-07-13 12:18:01.318 27121-29078 GOServicesManager       app.forku                            D  Using cached CSRF token and cookie
2025-07-13 12:18:01.320 27121-29078 appflow AuthInterceptor app.forku                            D  ðŸ” Added ApplicationToken and BearerToken to cookie
2025-07-13 12:18:01.321 27121-29078 appflow AuthInterceptor app.forku                            D  ðŸ§¹ Cleaned cookie from '.AspNetCore.Antiforgery._bj8tIMu5EI=CfDJ8Fg4pSr8DoxBgBaSElZSS11WlZwroq95n0RFpKF2M3hGO7RYs7fKnukHX0f8...' to '.AspNetCore.Antiforgery._bj8tIMu5EI=CfDJ8Fg4pSr8DoxBgBaSElZSS11WlZwroq95n0RFpKF2M3hGO7RYs7fKnukHX0f8KW9qvvpfrTbNw5SKHsPs_X_GRBBo0o5EVhtPNghRMLNl889x-Dc9h_bmKpMxkNMnFE8yNgYJB88Fn3O8I7NDS03fpj4'
2025-07-13 12:18:01.321 27121-29078 appflow AuthInterceptor app.forku                            D  ðŸ” Added cleaned Antiforgery cookie: .AspNetCore.Antiforgery._bj8tIMu5EI=CfDJ8Fg4pSr8Do...
2025-07-13 12:18:01.321 27121-29078 appflow AuthInterceptor app.forku                            D  ðŸ” Final cookie string length: 994
2025-07-13 12:18:01.326 27121-29078 okhttp.OkHttpClient     app.forku                            I  --> GET https://godev.collectiveintelligence.com.au/forkuapp-de6b98b5-4402-4a8f-891b-70b3591df162/api/userpreferences/byid/0f8280cf-a51d-4890-8eae-5bb442593375
2025-07-13 12:18:01.613 27121-29078 okhttp.OkHttpClient     app.forku                            I  <-- 200 https://godev.collectiveintelligence.com.au/forkuapp-de6b98b5-4402-4a8f-891b-70b3591df162/api/userpreferences/byid/0f8280cf-a51d-4890-8eae-5bb442593375 (286ms, unknown-length body)
2025-07-13 12:18:01.624 27121-27160 appflow UserRepository  app.forku                            D  Successfully fetched UserPreferences:
2025-07-13 12:18:01.624 27121-27160 appflow UserRepository  app.forku                            D    Business ID: dcd930f6-6d66-4990-8837-a6c1e96a8256
2025-07-13 12:18:01.624 27121-27160 appflow UserRepository  app.forku                            D    Site ID: 7ecd101b-1f23-442d-bcd6-75be6c5a3e8f
2025-07-13 12:18:01.624 27121-27160 appflow UserRepository  app.forku                            D    Last Selected Business: dcd930f6-6d66-4990-8837-a6c1e96a8256
2025-07-13 12:18:01.624 27121-27160 appflow UserRepository  app.forku                            D    Last Selected Site: 7ecd101b-1f23-442d-bcd6-75be6c5a3e8f
2025-07-13 12:18:01.624 27121-27160 appflow UserRepository  app.forku                            D    Effective context: businessId=dcd930f6-6d66-4990-8837-a6c1e96a8256, siteId=7ecd101b-1f23-442d-bcd6-75be6c5a3e8f
2025-07-13 12:18:01.624 27121-27160 UserMapper              app.forku                            D  === Mapping UserDto to User ===
2025-07-13 12:18:01.624 27121-27160 UserMapper              app.forku                            D  User ID: d139312d-3d82-4a47-8f1f-b9e1fc380d27
2025-07-13 12:18:01.624 27121-27160 UserMapper              app.forku                            D  User fullName: NoBusinessUser NoSiteUserAsWell
2025-07-13 12:18:01.624 27121-27160 UserMapper              app.forku                            D  User username: NoBusinessUser
2025-07-13 12:18:01.625 27121-27160 UserMapper              app.forku                            D  UserRoleItems count: 0
2025-07-13 12:18:01.625 27121-27160 UserMapper              app.forku                            D  Raw userRoleItems data: []
2025-07-13 12:18:01.625 27121-27160 UserMapper              app.forku                            W  No userRoleItems found for user d139312d-3d82-4a47-8f1f-b9e1fc380d27, using fallback detection
2025-07-13 12:18:01.625 27121-27160 UserMapper              app.forku                            D  No admin pattern detected, using OPERATOR default
2025-07-13 12:18:01.625 27121-27160 UserMapper              app.forku                            D  Final mapped role for user d139312d-3d82-4a47-8f1f-b9e1fc380d27: operator
2025-07-13 12:18:01.625 27121-27160 UserMapper              app.forku                            D  Processing user photo: id=d139312d-3d82-4a47-8f1f-b9e1fc380d27, picture=, pictureInternalName=null
2025-07-13 12:18:01.625 27121-27160 UserMapper              app.forku                            D  No picture field or it's blank, setting photoUrl to null
2025-07-13 12:18:01.625 27121-27160 UserMapper              app.forku                            D  Final user mapping: id=d139312d-3d82-4a47-8f1f-b9e1fc380d27, photoUrl=null, role=operator
2025-07-13 12:18:01.626 27121-27160 UserPreferencesRepo     app.forku                            D  ðŸ” getCurrentUserWithPreferences completed:
2025-07-13 12:18:01.626 27121-27160 UserPreferencesRepo     app.forku                            D    - User found: true
2025-07-13 12:18:01.626 27121-27160 UserPreferencesRepo     app.forku                            D    - User ID: d139312d-3d82-4a47-8f1f-b9e1fc380d27
2025-07-13 12:18:01.626 27121-27160 UserPreferencesRepo     app.forku                            D    - User name: NoBusinessUser
2025-07-13 12:18:01.626 27121-27160 UserPreferencesRepo     app.forku                            D    - Preferences found: true
2025-07-13 12:18:01.626 27121-27160 UserPreferencesRepo     app.forku                            D  âœ… Successfully loaded preferences for user d139312d-3d82-4a47-8f1f-b9e1fc380d27
2025-07-13 12:18:01.626 27121-27160 UserPreferencesRepo     app.forku                            D    Business ID: dcd930f6-6d66-4990-8837-a6c1e96a8256
2025-07-13 12:18:01.626 27121-27160 UserPreferencesRepo     app.forku                            D    Site ID: 7ecd101b-1f23-442d-bcd6-75be6c5a3e8f
2025-07-13 12:18:01.626 27121-27160 UserPreferencesRepo     app.forku                            D    Last Selected Business: dcd930f6-6d66-4990-8837-a6c1e96a8256
2025-07-13 12:18:01.626 27121-27160 UserPreferencesRepo     app.forku                            D    Last Selected Site: 7ecd101b-1f23-442d-bcd6-75be6c5a3e8f
2025-07-13 12:18:01.626 27121-27160 UserPreferencesRepo     app.forku                            D    Effective context: businessId=dcd930f6-6d66-4990-8837-a6c1e96a8256, siteId=7ecd101b-1f23-442d-bcd6-75be6c5a3e8f
2025-07-13 12:18:01.637 27121-27121 BusinessContextManager  app.forku                            D  ðŸ” getCurrentUserPreferences() returned: true
2025-07-13 12:18:01.637 27121-27121 BusinessContextManager  app.forku                            D  ðŸ” User preferences loading result:
2025-07-13 12:18:01.637 27121-27121 BusinessContextManager  app.forku                            D    - Preferences found: true
2025-07-13 12:18:01.637 27121-27121 BusinessContextManager  app.forku                            D    - Business ID: dcd930f6-6d66-4990-8837-a6c1e96a8256
2025-07-13 12:18:01.637 27121-27121 BusinessContextManager  app.forku                            D    - Site ID: 7ecd101b-1f23-442d-bcd6-75be6c5a3e8f
2025-07-13 12:18:01.638 27121-27121 BusinessContextManager  app.forku                            D    - Last Selected Business: dcd930f6-6d66-4990-8837-a6c1e96a8256
2025-07-13 12:18:01.638 27121-27121 BusinessContextManager  app.forku                            D    - Last Selected Site: 7ecd101b-1f23-442d-bcd6-75be6c5a3e8f
2025-07-13 12:18:01.638 27121-27121 BusinessContextManager  app.forku                            D  ðŸ” Effective context from preferences:
2025-07-13 12:18:01.638 27121-27121 BusinessContextManager  app.forku                            D    - Effective Business ID: dcd930f6-6d66-4990-8837-a6c1e96a8256
2025-07-13 12:18:01.638 27121-27121 BusinessContextManager  app.forku                            D    - Effective Site ID: 7ecd101b-1f23-442d-bcd6-75be6c5a3e8f
2025-07-13 12:18:01.638 27121-27121 BusinessContextManager  app.forku                            D  âœ… Valid business context found from preferences
2025-07-13 12:18:01.640 27121-27121 LoginViewModel          app.forku                            D  âœ… Business context loaded successfully
2025-07-13 12:18:01.641 27121-27121 LoginViewModel          app.forku                            D  ðŸ” Checking if user needs preferences setup...
2025-07-13 12:18:01.646 27121-27159 UserPreferencesRepo     app.forku                            D  ðŸ” getCurrentUserPreferences called - starting user preferences loading
2025-07-13 12:18:01.646 27121-27159 UserPreferencesRepo     app.forku                            D  ðŸ” About to call getCurrentUserWithPreferences...
2025-07-13 12:18:01.655 27121-27159 appflow UserRepository  app.forku                            D  Getting current user from API to check UserPreferencesId: d139312d-3d82-4a47-8f1f-b9e1fc380d27
2025-07-13 12:18:01.655 27121-27159 GOServicesManager       app.forku                            D  Getting CSRF token... forceRefresh=false
2025-07-13 12:18:01.655 27121-27159 GOServicesManager       app.forku                            D  Using cached CSRF token and cookie
2025-07-13 12:18:01.680 27121-29078 appflow AuthInterceptor app.forku                            D  Starting request interception:
                                                                                                    - URL: https://godev.collectiveintelligence.com.au/forkuapp-de6b98b5-4402-4a8f-891b-70b3591df162/api/gouser/byid/d139312d-3d82-4a47-8f1f-b9e1fc380d27
                                                                                                    - Method: GET
2025-07-13 12:18:01.681 27121-29078 AuthDataStore           app.forku                            D  Getting cached application token: eyJhbGciOi
2025-07-13 12:18:01.681 27121-29078 GOServicesManager       app.forku                            D  Getting CSRF token... forceRefresh=false
2025-07-13 12:18:01.681 27121-29078 GOServicesManager       app.forku                            D  Using cached CSRF token and cookie
2025-07-13 12:18:01.683 27121-29078 appflow AuthInterceptor app.forku                            D  ðŸ” Added ApplicationToken and BearerToken to cookie
2025-07-13 12:18:01.683 27121-29078 appflow AuthInterceptor app.forku                            D  ðŸ§¹ Cleaned cookie from '.AspNetCore.Antiforgery._bj8tIMu5EI=CfDJ8Fg4pSr8DoxBgBaSElZSS11WlZwroq95n0RFpKF2M3hGO7RYs7fKnukHX0f8...' to '.AspNetCore.Antiforgery._bj8tIMu5EI=CfDJ8Fg4pSr8DoxBgBaSElZSS11WlZwroq95n0RFpKF2M3hGO7RYs7fKnukHX0f8KW9qvvpfrTbNw5SKHsPs_X_GRBBo0o5EVhtPNghRMLNl889x-Dc9h_bmKpMxkNMnFE8yNgYJB88Fn3O8I7NDS03fpj4'
2025-07-13 12:18:01.684 27121-29078 appflow AuthInterceptor app.forku                            D  ðŸ” Added cleaned Antiforgery cookie: .AspNetCore.Antiforgery._bj8tIMu5EI=CfDJ8Fg4pSr8Do...
2025-07-13 12:18:01.684 27121-29078 appflow AuthInterceptor app.forku                            D  ðŸ” Final cookie string length: 994
2025-07-13 12:18:01.689 27121-29078 okhttp.OkHttpClient     app.forku                            I  --> GET https://godev.collectiveintelligence.com.au/forkuapp-de6b98b5-4402-4a8f-891b-70b3591df162/api/gouser/byid/d139312d-3d82-4a47-8f1f-b9e1fc380d27
2025-07-13 12:18:01.976 27121-29078 okhttp.OkHttpClient     app.forku                            I  <-- 200 https://godev.collectiveintelligence.com.au/forkuapp-de6b98b5-4402-4a8f-891b-70b3591df162/api/gouser/byid/d139312d-3d82-4a47-8f1f-b9e1fc380d27 (285ms, unknown-length body)
2025-07-13 12:18:01.980 27121-29078 UserDto                 app.forku                            D  Initializing UserDto with picture: null
2025-07-13 12:18:01.984 27121-27159 appflow UserRepository  app.forku                            D  User preferences status:
2025-07-13 12:18:01.985 27121-27159 appflow UserRepository  app.forku                            D    Has UserPreferencesId: true
2025-07-13 12:18:01.985 27121-27159 appflow UserRepository  app.forku                            D    UserPreferencesId: 0f8280cf-a51d-4890-8eae-5bb442593375
2025-07-13 12:18:01.985 27121-27159 appflow UserRepository  app.forku                            D  Fetching UserPreferences by ID: 0f8280cf-a51d-4890-8eae-5bb442593375
2025-07-13 12:18:01.985 27121-27159 GOServicesManager       app.forku                            D  Getting CSRF token... forceRefresh=false
2025-07-13 12:18:01.985 27121-27159 GOServicesManager       app.forku                            D  Using cached CSRF token and cookie
2025-07-13 12:18:02.008 27121-29078 appflow AuthInterceptor app.forku                            D  Starting request interception:
                                                                                                    - URL: https://godev.collectiveintelligence.com.au/forkuapp-de6b98b5-4402-4a8f-891b-70b3591df162/api/userpreferences/byid/0f8280cf-a51d-4890-8eae-5bb442593375
                                                                                                    - Method: GET
2025-07-13 12:18:02.008 27121-29078 AuthDataStore           app.forku                            D  Getting cached application token: eyJhbGciOi
2025-07-13 12:18:02.008 27121-29078 GOServicesManager       app.forku                            D  Getting CSRF token... forceRefresh=false
2025-07-13 12:18:02.008 27121-29078 GOServicesManager       app.forku                            D  Using cached CSRF token and cookie
2025-07-13 12:18:02.011 27121-29078 appflow AuthInterceptor app.forku                            D  ðŸ” Added ApplicationToken and BearerToken to cookie
2025-07-13 12:18:02.011 27121-29078 appflow AuthInterceptor app.forku                            D  ðŸ§¹ Cleaned cookie from '.AspNetCore.Antiforgery._bj8tIMu5EI=CfDJ8Fg4pSr8DoxBgBaSElZSS11WlZwroq95n0RFpKF2M3hGO7RYs7fKnukHX0f8...' to '.AspNetCore.Antiforgery._bj8tIMu5EI=CfDJ8Fg4pSr8DoxBgBaSElZSS11WlZwroq95n0RFpKF2M3hGO7RYs7fKnukHX0f8KW9qvvpfrTbNw5SKHsPs_X_GRBBo0o5EVhtPNghRMLNl889x-Dc9h_bmKpMxkNMnFE8yNgYJB88Fn3O8I7NDS03fpj4'
2025-07-13 12:18:02.011 27121-29078 appflow AuthInterceptor app.forku                            D  ðŸ” Added cleaned Antiforgery cookie: .AspNetCore.Antiforgery._bj8tIMu5EI=CfDJ8Fg4pSr8Do...
2025-07-13 12:18:02.012 27121-29078 appflow AuthInterceptor app.forku                            D  ðŸ” Final cookie string length: 994
2025-07-13 12:18:02.017 27121-29078 okhttp.OkHttpClient     app.forku                            I  --> GET https://godev.collectiveintelligence.com.au/forkuapp-de6b98b5-4402-4a8f-891b-70b3591df162/api/userpreferences/byid/0f8280cf-a51d-4890-8eae-5bb442593375
2025-07-13 12:18:02.300 27121-29078 okhttp.OkHttpClient     app.forku                            I  <-- 200 https://godev.collectiveintelligence.com.au/forkuapp-de6b98b5-4402-4a8f-891b-70b3591df162/api/userpreferences/byid/0f8280cf-a51d-4890-8eae-5bb442593375 (283ms, unknown-length body)
2025-07-13 12:18:02.306 27121-27159 appflow UserRepository  app.forku                            D  Successfully fetched UserPreferences:
2025-07-13 12:18:02.306 27121-27159 appflow UserRepository  app.forku                            D    Business ID: dcd930f6-6d66-4990-8837-a6c1e96a8256
2025-07-13 12:18:02.306 27121-27159 appflow UserRepository  app.forku                            D    Site ID: 7ecd101b-1f23-442d-bcd6-75be6c5a3e8f
2025-07-13 12:18:02.306 27121-27159 appflow UserRepository  app.forku                            D    Last Selected Business: dcd930f6-6d66-4990-8837-a6c1e96a8256
2025-07-13 12:18:02.306 27121-27159 appflow UserRepository  app.forku                            D    Last Selected Site: 7ecd101b-1f23-442d-bcd6-75be6c5a3e8f
2025-07-13 12:18:02.306 27121-27159 appflow UserRepository  app.forku                            D    Effective context: businessId=dcd930f6-6d66-4990-8837-a6c1e96a8256, siteId=7ecd101b-1f23-442d-bcd6-75be6c5a3e8f
2025-07-13 12:18:02.306 27121-27159 UserMapper              app.forku                            D  === Mapping UserDto to User ===
2025-07-13 12:18:02.307 27121-27159 UserMapper              app.forku                            D  User ID: d139312d-3d82-4a47-8f1f-b9e1fc380d27
2025-07-13 12:18:02.307 27121-27159 UserMapper              app.forku                            D  User fullName: NoBusinessUser NoSiteUserAsWell
2025-07-13 12:18:02.307 27121-27159 UserMapper              app.forku                            D  User username: NoBusinessUser
2025-07-13 12:18:02.307 27121-27159 UserMapper              app.forku                            D  UserRoleItems count: 0
2025-07-13 12:18:02.307 27121-27159 UserMapper              app.forku                            D  Raw userRoleItems data: []
2025-07-13 12:18:02.307 27121-27159 UserMapper              app.forku                            W  No userRoleItems found for user d139312d-3d82-4a47-8f1f-b9e1fc380d27, using fallback detection
2025-07-13 12:18:02.307 27121-27159 UserMapper              app.forku                            D  No admin pattern detected, using OPERATOR default
2025-07-13 12:18:02.307 27121-27159 UserMapper              app.forku                            D  Final mapped role for user d139312d-3d82-4a47-8f1f-b9e1fc380d27: operator
2025-07-13 12:18:02.307 27121-27159 UserMapper              app.forku                            D  Processing user photo: id=d139312d-3d82-4a47-8f1f-b9e1fc380d27, picture=, pictureInternalName=null
2025-07-13 12:18:02.307 27121-27159 UserMapper              app.forku                            D  No picture field or it's blank, setting photoUrl to null
2025-07-13 12:18:02.307 27121-27159 UserMapper              app.forku                            D  Final user mapping: id=d139312d-3d82-4a47-8f1f-b9e1fc380d27, photoUrl=null, role=operator
2025-07-13 12:18:02.308 27121-27159 UserPreferencesRepo     app.forku                            D  ðŸ” getCurrentUserWithPreferences completed:
2025-07-13 12:18:02.308 27121-27159 UserPreferencesRepo     app.forku                            D    - User found: true
2025-07-13 12:18:02.308 27121-27159 UserPreferencesRepo     app.forku                            D    - User ID: d139312d-3d82-4a47-8f1f-b9e1fc380d27
2025-07-13 12:18:02.308 27121-27159 UserPreferencesRepo     app.forku                            D    - User name: NoBusinessUser
2025-07-13 12:18:02.308 27121-27159 UserPreferencesRepo     app.forku                            D    - Preferences found: true
2025-07-13 12:18:02.308 27121-27159 UserPreferencesRepo     app.forku                            D  âœ… Successfully loaded preferences for user d139312d-3d82-4a47-8f1f-b9e1fc380d27
2025-07-13 12:18:02.308 27121-27159 UserPreferencesRepo     app.forku                            D    Business ID: dcd930f6-6d66-4990-8837-a6c1e96a8256
2025-07-13 12:18:02.308 27121-27159 UserPreferencesRepo     app.forku                            D    Site ID: 7ecd101b-1f23-442d-bcd6-75be6c5a3e8f
2025-07-13 12:18:02.308 27121-27159 UserPreferencesRepo     app.forku                            D    Last Selected Business: dcd930f6-6d66-4990-8837-a6c1e96a8256
2025-07-13 12:18:02.308 27121-27159 UserPreferencesRepo     app.forku                            D    Last Selected Site: 7ecd101b-1f23-442d-bcd6-75be6c5a3e8f
2025-07-13 12:18:02.308 27121-27159 UserPreferencesRepo     app.forku                            D    Effective context: businessId=dcd930f6-6d66-4990-8837-a6c1e96a8256, siteId=7ecd101b-1f23-442d-bcd6-75be6c5a3e8f
2025-07-13 12:18:02.316 27121-27121 UserPreferencesRepo     app.forku                            D  User preferences setup check:
2025-07-13 12:18:02.316 27121-27121 UserPreferencesRepo     app.forku                            D    Has business context: true
2025-07-13 12:18:02.316 27121-27121 UserPreferencesRepo     app.forku                            D    Business ID: dcd930f6-6d66-4990-8837-a6c1e96a8256
2025-07-13 12:18:02.316 27121-27121 UserPreferencesRepo     app.forku                            D    Last Selected Business: dcd930f6-6d66-4990-8837-a6c1e96a8256
2025-07-13 12:18:02.316 27121-27121 LoginViewModel          app.forku                            D  ðŸ” UserPreferences check completed: false
2025-07-13 12:18:02.316 27121-27121 BusinessContextManager  app.forku                            D  Checking if user needs preferences setup:
2025-07-13 12:18:02.316 27121-27121 BusinessContextManager  app.forku                            D    Current Business ID: dcd930f6-6d66-4990-8837-a6c1e96a8256
2025-07-13 12:18:02.316 27121-27121 BusinessContextManager  app.forku                            D    Current Site ID: 7ecd101b-1f23-442d-bcd6-75be6c5a3e8f
2025-07-13 12:18:02.317 27121-27121 BusinessContextManager  app.forku                            D    Has Valid Preferences: true
2025-07-13 12:18:02.317 27121-27121 LoginViewModel          app.forku                            D  ðŸ” BusinessContext check completed: false
2025-07-13 12:18:02.317 27121-27121 LoginViewModel          app.forku                            D  ðŸ“Š Preferences setup check summary:
2025-07-13 12:18:02.317 27121-27121 LoginViewModel          app.forku                            D    From UserPreferences: false
2025-07-13 12:18:02.317 27121-27121 LoginViewModel          app.forku                            D    From BusinessContext: false
2025-07-13 12:18:02.317 27121-27121 LoginViewModel          app.forku                            D    Final decision: false
2025-07-13 12:18:02.317 27121-27121 LoginViewModel          app.forku                            D  âœ… User preferences are configured, proceeding to dashboard
2025-07-13 12:18:02.646 27121-27121 LoginScreen             app.forku                            D  Login successful, navigating to dashboard
2025-07-13 12:18:02.741 27121-27127 InputTransport          app.forku                            D  Input channel destroyed: 'ClientS', fd=133
2025-07-13 12:18:03.427 27121-27121 Compatibil...geReporter app.forku                            D  Compat change id reported: 171228096; UID 10941; state: ENABLED
2025-07-13 12:18:03.518 27121-27121 DashboardHeader         app.forku                            D  DashboardHeader created - onSettingsClick is NOT NULL
2025-07-13 12:18:03.518 27121-27121 DashboardHeader         app.forku                            D  Total buttons to show: 1 (Profile: false, Notifications: false, Settings: true)
2025-07-13 12:18:03.526 27121-27121 DashboardHeader         app.forku                            D  Notifications button will NOT be shown
2025-07-13 12:18:03.526 27121-27121 DashboardHeader         app.forku                            D  Settings button will be shown
2025-07-13 12:18:03.612 27121-27121 BusinessSiteFilters     app.forku                            W  âš ï¸ Site '7ecd101b-1f23-442d-bcd6-75be6c5a3e8f' not found in loaded sites
2025-07-13 12:18:04.317 27121-27121 AdminSharedFilters      app.forku                            D  ðŸ”§ No persisted site filter found - setting default to 'All Sites'
2025-07-13 12:18:04.319 27121-27121 AdminSharedFilters      app.forku                            D  Loaded filter businessId: dcd930f6-6d66-4990-8837-a6c1e96a8256
2025-07-13 12:18:04.320 27121-27121 AdminSharedFilters      app.forku                            D  Loaded filter siteId: null
2025-07-13 12:18:04.321 27121-27121 AdminSharedFilters      app.forku                            D  Loaded isAllSitesSelected: true
2025-07-13 12:18:04.332 27121-27131 OpenGLRenderer          app.forku                            I  Davey! duration=1981ms; Flags=0, FrameTimelineVsyncId=135809, IntendedVsync=20245872623067, Vsync=20246239289719, InputEventId=0, HandleInputStart=20246240319865, AnimationStart=20246240324672, PerformTraversalsStart=20246541775711, DrawStart=20247754830325, FrameDeadline=20245905956399, FrameInterval=20246240309365, FrameStartTime=16666666, SyncQueued=20247847181364, SyncStart=20247847417094, IssueDrawCommandsStart=20247848285825, SwapBuffers=20247850650440, FrameCompleted=20247854202979, DequeueBufferDuration=41423, QueueBufferDuration=2530961, GpuCompleted=20247853662248, SwapBuffersCompleted=20247854202979, DisplayPresentTime=0, 
2025-07-13 12:18:04.334 27121-27121 AdminDashboardScreen    app.forku                            D  === UI STATE UPDATE ===
2025-07-13 12:18:04.334 27121-27121 AdminDashboardScreen    app.forku                            D  operatingVehiclesCount (from API): 0
2025-07-13 12:18:04.334 27121-27121 AdminDashboardScreen    app.forku                            D  activeVehicleSessions.size (from UI): 0
2025-07-13 12:18:04.334 27121-27121 AdminDashboardScreen    app.forku                            D  userIncidentsCount: 0
2025-07-13 12:18:04.334 27121-27121 AdminDashboardScreen    app.forku                            D  totalIncidentsCount: 0
2025-07-13 12:18:04.334 27121-27121 AdminDashboardScreen    app.forku                            D  safetyAlertsCount: 0
2025-07-13 12:18:04.334 27121-27121 AdminDashboardScreen    app.forku                            D  isLoading: false
2025-07-13 12:18:04.334 27121-27121 AdminDashboardScreen    app.forku                            D  error: null
2025-07-13 12:18:04.334 27121-27121 AdminDashboardScreen    app.forku                            D  ========================
2025-07-13 12:18:04.339 27121-27121 SessionModalDebug       app.forku                            D  --- LaunchedEffect triggered ---
2025-07-13 12:18:04.339 27121-27121 SessionModalDebug       app.forku                            D  tokenExpiration: null
2025-07-13 12:18:04.339 27121-27121 SessionModalDebug       app.forku                            D  isKeepAliveActive: false
2025-07-13 12:18:04.339 27121-27121 SessionModalDebug       app.forku                            D  lastKeepAliveTime: null
2025-07-13 12:18:04.339 27121-27121 SessionModalDebug       app.forku                            D  secondsLeftFromToken: 9223372036854775807
2025-07-13 12:18:04.339 27121-27121 SessionModalDebug       app.forku                            W  âš ï¸ lastKeepAliveTime is null
2025-07-13 12:18:04.339 27121-27121 SessionModalDebug       app.forku                            D  mostCriticalExpiration: -1
2025-07-13 12:18:04.339 27121-27121 SessionModalDebug       app.forku                            D  âœ… Session is healthy, hiding modal
