2025-07-13 12:18:07.419 27121-29162 appflow AuthInterceptor app.forku                            D  ðŸ” Added ApplicationToken and BearerToken to cookie
2025-07-13 12:18:07.420 27121-29162 appflow AuthInterceptor app.forku                            D  ðŸ§¹ Cleaned cookie from '.AspNetCore.Antiforgery._bj8tIMu5EI=CfDJ8Fg4pSr8DoxBgBaSElZSS11WlZwroq95n0RFpKF2M3hGO7RYs7fKnukHX0f8...' to '.AspNetCore.Antiforgery._bj8tIMu5EI=CfDJ8Fg4pSr8DoxBgBaSElZSS11WlZwroq95n0RFpKF2M3hGO7RYs7fKnukHX0f8KW9qvvpfrTbNw5SKHsPs_X_GRBBo0o5EVhtPNghRMLNl889x-Dc9h_bmKpMxkNMnFE8yNgYJB88Fn3O8I7NDS03fpj4'
2025-07-13 12:18:07.420 27121-29162 appflow AuthInterceptor app.forku                            D  ðŸ” Added cleaned Antiforgery cookie: .AspNetCore.Antiforgery._bj8tIMu5EI=CfDJ8Fg4pSr8Do...
2025-07-13 12:18:07.420 27121-29162 appflow AuthInterceptor app.forku                            D  ðŸ” Final cookie string length: 994
2025-07-13 12:18:07.421 27121-29162 okhttp.OkHttpClient     app.forku                            I  --> GET https://godev.collectiveintelligence.com.au/forkuapp-de6b98b5-4402-4a8f-891b-70b3591df162/api/vehicle/file/7c9f56bf-deed-4be4-b046-17fef34ecf7e/Picture?t=%LASTEDITEDTIME%
2025-07-13 12:18:07.554 27121-27121 Choreographer           app.forku                            I  Skipped 34 frames!  The application may be doing too much work on its main thread.
2025-07-13 12:18:07.554 27121-27121 AdminDashboardScreen    app.forku                            D  === UI STATE UPDATE ===
2025-07-13 12:18:07.554 27121-27121 AdminDashboardScreen    app.forku                            D  operatingVehiclesCount (from API): 2
2025-07-13 12:18:07.554 27121-27121 AdminDashboardScreen    app.forku                            D  activeVehicleSessions.size (from UI): 2
2025-07-13 12:18:07.554 27121-27121 AdminDashboardScreen    app.forku                            D  userIncidentsCount: 3
2025-07-13 12:18:07.554 27121-27121 AdminDashboardScreen    app.forku                            D  totalIncidentsCount: 3
2025-07-13 12:18:07.554 27121-27121 AdminDashboardScreen    app.forku                            D  safetyAlertsCount: 2
2025-07-13 12:18:07.554 27121-27121 AdminDashboardScreen    app.forku                            D  isLoading: false
2025-07-13 12:18:07.554 27121-27121 AdminDashboardScreen    app.forku                            D  error: null
2025-07-13 12:18:07.554 27121-27121 AdminDashboardScreen    app.forku                            D  ========================
2025-07-13 12:18:07.707 27121-29162 okhttp.OkHttpClient     app.forku                            I  <-- 500 https://godev.collectiveintelligence.com.au/forkuapp-de6b98b5-4402-4a8f-891b-70b3591df162/api/vehicle/file/7c9f56bf-deed-4be4-b046-17fef34ecf7e/Picture?t=%LASTEDITEDTIME% (285ms, 488-byte body)
2025-07-13 12:18:07.707 27121-29162 RetryInterceptor        app.forku                            D  Request failed (500), attempt 1 of 3
2025-07-13 12:18:07.732 27121-27121 VehicleSessionRepo      app.forku                            D  [getOperatingSessionsCount] ðŸ“¡ Respuesta HTTP: isSuccessful=true, code=200
2025-07-13 12:18:07.732 27121-27121 VehicleSessionRepo      app.forku                            D  [getOperatingSessionsCount] ðŸ“Š Body: 2
2025-07-13 12:18:07.732 27121-27121 VehicleSessionRepo      app.forku                            D  [getOperatingSessionsCount] âœ… Conteo final: 2
2025-07-13 12:18:07.732 27121-27121 VehicleSessionRepo      app.forku                            D  [getOperatingSessionsCount] === CONTEO COMPLETADO EN REPOSITORY ===
2025-07-13 12:18:07.732 27121-27121 AdminDashboard          app.forku                            D  [loadDashboardDataWithFilters] ðŸš— Operating vehicles count from repository: 2
2025-07-13 12:18:07.733 27121-27121 AdminDashboard          app.forku                            D  [loadDashboardDataWithFilters] === ðŸŽ‰ DASHBOARD CON FILTROS CARGADO ===
2025-07-13 12:18:07.733 27121-27121 AdminDashboard          app.forku                            D  [loadDashboardDataWithFilters] âœ… Sessions: 2, Operators: 2
2025-07-13 12:18:07.733 27121-27121 AdminDashboard          app.forku                            D  [loadDashboardDataWithFilters] ðŸš— Operating Vehicles: 2
2025-07-13 12:18:07.733 27121-27121 VehicleSessionRepo      app.forku                            D  [getOperatingSessionsCount] ðŸ“¡ Respuesta HTTP: isSuccessful=true, code=200
2025-07-13 12:18:07.733 27121-27121 VehicleSessionRepo      app.forku                            D  [getOperatingSessionsCount] ðŸ“Š Body: 2
2025-07-13 12:18:07.733 27121-27121 VehicleSessionRepo      app.forku                            D  [getOperatingSessionsCount] âœ… Conteo final: 2
2025-07-13 12:18:07.733 27121-27121 VehicleSessionRepo      app.forku                            D  [getOperatingSessionsCount] === CONTEO COMPLETADO EN REPOSITORY ===
2025-07-13 12:18:07.734 27121-27121 AdminDashboard          app.forku                            D  [loadDashboardDataWithFilters] ðŸš— Operating vehicles count from repository: 2
2025-07-13 12:18:07.735 27121-27121 AdminDashboard          app.forku                            D  [loadDashboardDataWithFilters] === ðŸŽ‰ DASHBOARD CON FILTROS CARGADO ===
2025-07-13 12:18:07.735 27121-27121 AdminDashboard          app.forku                            D  [loadDashboardDataWithFilters] âœ… Sessions: 2, Operators: 2
2025-07-13 12:18:07.735 27121-27121 AdminDashboard          app.forku                            D  [loadDashboardDataWithFilters] ðŸš— Operating Vehicles: 2
2025-07-13 12:18:07.737 27121-27121 RealImageLoader         app.forku                            I  ðŸ’¾ Successful (DISK) - https://godev.collectiveintelligence.com.au/forkuapp-de6b98b5-4402-4a8f-891b-70b3591df162/api/vehicle/file/f3940e07-2c1a-4047-8444-036f5157f820/Picture?t=%LASTEDITEDTIME%
2025-07-13 12:18:07.741 27121-27121 VehicleImage            app.forku                            D  Successfully loaded image for vehicle f3940e07-2c1a-4047-8444-036f5157f820
2025-07-13 12:18:07.760 27121-27132 OpenGLRenderer          app.forku                            I  Davey! duration=753ms; Flags=0, FrameTimelineVsyncId=135867, IntendedVsync=20250518938482, Vsync=20251085605126, InputEventId=0, HandleInputStart=20251087128400, AnimationStart=20251087130630, PerformTraversalsStart=20251171564284, DrawStart=20251171670015, FrameDeadline=20250552271814, FrameInterval=20251086993938, FrameStartTime=16666666, SyncQueued=20251263671438, SyncStart=20251263816438, IssueDrawCommandsStart=20251264177015, SwapBuffers=20251267380669, FrameCompleted=20251273009361, DequeueBufferDuration=34539, QueueBufferDuration=998577, GpuCompleted=20251273009361, SwapBuffersCompleted=20251269641246, DisplayPresentTime=0, 
2025-07-13 12:18:07.850 27121-27161 SessionKeepAlive        app.forku                            D  ðŸ”„ Performing token renewal...
2025-07-13 12:18:07.850 27121-27161 AuthDataStore           app.forku                            D  Getting cached application token: eyJhbGciOi
2025-07-13 12:18:07.851 27121-27161 SessionKeepAlive        app.forku                            D  ðŸ”„ Using GOSecurityProviderRepository for token renewal...
2025-07-13 12:18:07.859 27121-27161 GOSecurityProvider      app.forku                            D  ðŸ”„ Starting token renewal process...
2025-07-13 12:18:07.862 27121-27161 GOSecurityProvider      app.forku                            D  ðŸ” Current user context: NoBusinessUser (d139312d-3d82-4a47-8f1f-b9e1fc380d27)
2025-07-13 12:18:07.862 27121-27161 GOSecurityProvider      app.forku                            D  ðŸ” Getting headers for renewal (CSRF token AND cookies)...
2025-07-13 12:18:07.862 27121-27161 AuthDataStore           app.forku                            D  Getting cached application token: eyJhbGciOi
2025-07-13 12:18:07.862 27121-27161 GOServicesManager       app.forku                            D  Getting CSRF token... forceRefresh=false
2025-07-13 12:18:07.862 27121-27161 GOServicesManager       app.forku                            D  Using cached CSRF token and cookie
2025-07-13 12:18:07.862 27121-27161 GOSecurityProvider      app.forku                            D  ðŸ” Got headers for renewal:
2025-07-13 12:18:07.863 27121-27161 GOSecurityProvider      app.forku                            D    - CSRF Token: CfDJ8Fg4pSr8DoxBgBaS...
2025-07-13 12:18:07.863 27121-27161 GOSecurityProvider      app.forku                            D    - Raw Cookie: .AspNetCore.Antiforgery._bj8tIMu5EI=CfDJ8Fg4pSr8DoxBgBaSElZSS11WlZwroq95n0RFpKF2M3hGO7RYs7fKnukHX0f8...
2025-07-13 12:18:07.863 27121-27161 GOSecurityProvider      app.forku                            D    - ApplicationToken: eyJhbGciOiJIUzI1NiIs...
2025-07-13 12:18:07.863 27121-27161 GOSecurityProvider      app.forku                            D  ðŸ”§ Debug cookie constructed: ApplicationToken=eyJhbGciOiJIUzI1NiIsInR5cCI6IkpXVCJ9.eyJVc2VySWQiOiJkMTM5MzEyZC0zZDgyLTRhNDctOGYxZi1iOWUxZmMzODBkMjciLCJ1bmlxdWVfbmFtZSI6Ik5vQnVzaW5l...
2025-07-13 12:18:07.863 27121-27161 GOSecurityProvider      app.forku                            D  ðŸŒ Sending token renewal request with debug cookie...
2025-07-13 12:18:07.876 27121-29037 okhttp.OkHttpClient     app.forku                            I  --> GET https://godev.collectiveintelligence.com.au/forkuapp-de6b98b5-4402-4a8f-891b-70b3591df162/api/gosecurityprovider/renewtoken
2025-07-13 12:18:08.227 27121-29037 okhttp.OkHttpClient     app.forku                            I  <-- 200 https://godev.collectiveintelligence.com.au/forkuapp-de6b98b5-4402-4a8f-891b-70b3591df162/api/gosecurityprovider/renewtoken (350ms, unknown-length body)
2025-07-13 12:18:08.496 27121-27161 GOSecurityProvider      app.forku                            D  ðŸ“¡ Token renewal response: code=200, isSuccessful=true
2025-07-13 12:18:08.496 27121-27161 GOSecurityProvider      app.forku                            D  âœ… Token renewal successful, processing response...
2025-07-13 12:18:08.496 27121-27161 GOSecurityProvider      app.forku                            D  ðŸ”„ New application token received, updating stored data...
2025-07-13 12:18:08.505 27121-27161 AuthDataStore           app.forku                            D  Saved application token: eyJhbGciOi...
2025-07-13 12:18:08.509 27121-27161 AuthDataStore           app.forku                            D  Storing user data:
                                                                                                    - ID: d139312d-3d82-4a47-8f1f-b9e1fc380d27
                                                                                                    - Name: NoBusinessUser NoSiteUserAsWell
                                                                                                    - Token: eyJhbGciOi...
                                                                                                    - Role: administrator
                                                                                                    - Business ID: null
                                                                                                    - Site ID: null
                                                                                                    - System Owner ID: null
2025-07-13 12:18:08.564 27121-29087 AuthDataStore           app.forku                            D  Tokens stored in secure preferences: eyJhbGciOi...
2025-07-13 12:18:08.564 27121-29087 AuthDataStore           app.forku                            D  User data stored successfully
2025-07-13 12:18:08.564 27121-29087 GOSecurityProvider      app.forku                            D  âœ… Token renewal completed successfully
2025-07-13 12:18:08.564 27121-29087 SessionKeepAlive        app.forku                            D  âœ… Token renewal successful - updating stored user and tokens
2025-07-13 12:18:08.568 27121-29087 AuthDataStore           app.forku                            D  Storing user data:
                                                                                                    - ID: d139312d-3d82-4a47-8f1f-b9e1fc380d27
                                                                                                    - Name: NoBusinessUser NoSiteUserAsWell
                                                                                                    - Token: eyJhbGciOi...
                                                                                                    - Role: administrator
                                                                                                    - Business ID: null
                                                                                                    - Site ID: null
                                                                                                    - System Owner ID: null
2025-07-13 12:18:08.621 27121-27161 AuthDataStore           app.forku                            D  Tokens stored in secure preferences: eyJhbGciOi...
2025-07-13 12:18:08.621 27121-27161 AuthDataStore           app.forku                            D  User data stored successfully
2025-07-13 12:18:08.623 27121-27161 SessionKeepAlive        app.forku                            D  âœ… Token renewal completed successfully (1 successes)
2025-07-13 12:18:08.623 27121-27161 AuthDataStore           app.forku                            D  Initializing application token...
2025-07-13 12:18:08.654 27121-27161 AuthDataStore           app.forku                            D  Application token initialized: eyJhbGciOi
2025-07-13 12:18:08.654 27121-27161 AuthDataStore           app.forku                            D  Authentication token initialized: eyJhbGciOi
2025-07-13 12:18:08.654 27121-27161 AuthDataStore           app.forku                            D  CSRF token initialized: CfDJ8Fg4pS
2025-07-13 12:18:08.654 27121-27161 AuthDataStore           app.forku                            D  Antiforgery cookie initialized: .AspNetCore.Antiforg
2025-07-13 12:18:08.654 27121-27161 AuthDataStore           app.forku                            D  Getting cached application token: eyJhbGciOi
2025-07-13 12:18:08.709 27121-27126 app.forku               app.forku                            I  Background concurrent copying GC freed 5380KB AllocSpace bytes, 9(252KB) LOS objects, 49% free, 9087KB/17MB, paused 298us,65us total 100.702ms
2025-07-13 12:18:08.709 27121-29162 okhttp.OkHttpClient     app.forku                            I  --> GET https://godev.collectiveintelligence.com.au/forkuapp-de6b98b5-4402-4a8f-891b-70b3591df162/api/vehicle/file/7c9f56bf-deed-4be4-b046-17fef34ecf7e/Picture?t=%LASTEDITEDTIME%
2025-07-13 12:18:09.003 27121-29162 okhttp.OkHttpClient     app.forku                            I  <-- 500 https://godev.collectiveintelligence.com.au/forkuapp-de6b98b5-4402-4a8f-891b-70b3591df162/api/vehicle/file/7c9f56bf-deed-4be4-b046-17fef34ecf7e/Picture?t=%LASTEDITEDTIME% (292ms, 488-byte body)
2025-07-13 12:18:09.003 27121-29162 RetryInterceptor        app.forku                            D  Request failed (500), attempt 2 of 3
2025-07-13 12:18:10.272 27121-27121 ViewRootImpl            app.forku                            I  updatePointerIcon pointerType = 1000, calling pid = 27121
2025-07-13 12:18:10.272 27121-27121 InputManager            app.forku                            D  setPointerIconType iconId = 1000, callingPid = 27121
2025-07-13 12:18:11.005 27121-29162 okhttp.OkHttpClient     app.forku                            I  --> GET https://godev.collectiveintelligence.com.au/forkuapp-de6b98b5-4402-4a8f-891b-70b3591df162/api/vehicle/file/7c9f56bf-deed-4be4-b046-17fef34ecf7e/Picture?t=%LASTEDITEDTIME%
2025-07-13 12:18:11.298 27121-29162 okhttp.OkHttpClient     app.forku                            I  <-- 500 https://godev.collectiveintelligence.com.au/forkuapp-de6b98b5-4402-4a8f-891b-70b3591df162/api/vehicle/file/7c9f56bf-deed-4be4-b046-17fef34ecf7e/Picture?t=%LASTEDITEDTIME% (292ms, 488-byte body)
2025-07-13 12:18:11.298 27121-29162 RetryInterceptor        app.forku                            D  Request failed (500), attempt 3 of 3
2025-07-13 12:18:11.560 27121-27161 SessionKeepAlive        app.forku                            D  â° Initial delay completed, starting keep-alive loop
2025-07-13 12:18:11.560 27121-27161 SessionKeepAlive        app.forku                            D  ðŸ”„ Keep-alive loop iteration starting
2025-07-13 12:18:11.560 27121-27161 SessionKeepAlive        app.forku                            D  ðŸ”„ Performing keep-alive ping...
2025-07-13 12:18:11.560 27121-27161 GOServicesManager       app.forku                            D  Getting CSRF token... forceRefresh=false
2025-07-13 12:18:11.561 27121-27161 GOServicesManager       app.forku                            D  Using cached CSRF token and cookie
2025-07-13 12:18:11.561 27121-27161 SessionKeepAlive        app.forku                            D  ðŸ” Keep-alive headers obtained:
2025-07-13 12:18:11.561 27121-27161 SessionKeepAlive        app.forku                            D    - CSRF Token: CfDJ8Fg4pSr8DoxBgBaS...
2025-07-13 12:18:11.561 27121-27161 SessionKeepAlive        app.forku                            D    - Cookie length: 271
2025-07-13 12:18:11.569 27121-29037 okhttp.OkHttpClient     app.forku                            I  --> GET https://godev.collectiveintelligence.com.au/forkuapp-de6b98b5-4402-4a8f-891b-70b3591df162/api/gosecurityprovider/keepalive
2025-07-13 12:18:11.880 27121-29037 okhttp.OkHttpClient     app.forku                            I  <-- 200 https://godev.collectiveintelligence.com.au/forkuapp-de6b98b5-4402-4a8f-891b-70b3591df162/api/gosecurityprovider/keepalive (310ms, unknown-length body)
2025-07-13 12:18:11.883 27121-27161 SessionKeepAlive        app.forku                            D  âœ… Keep-alive successful
2025-07-13 12:18:11.883 27121-27161 AuthDataStore           app.forku                            D  Getting cached application token: eyJhbGciOi
2025-07-13 12:18:11.884 27121-27161 AuthDataStore           app.forku                            D  Getting cached application token: eyJhbGciOi
2025-07-13 12:18:11.884 27121-27161 SessionKeepAlive        app.forku                            D  â³ Waiting 120000ms for next keep-alive
2025-07-13 12:18:11.895 27121-27121 SessionModalDebug       app.forku                            D  --- LaunchedEffect triggered ---
2025-07-13 12:18:11.896 27121-27121 SessionModalDebug       app.forku                            D  tokenExpiration: Sun Jul 13 12:47:57 GMT-05:00 2025
2025-07-13 12:18:11.896 27121-27121 SessionModalDebug       app.forku                            D  isKeepAliveActive: true
2025-07-13 12:18:11.896 27121-27121 SessionModalDebug       app.forku                            D  lastKeepAliveTime: 1752427091883
2025-07-13 12:18:11.896 27121-27121 SessionModalDebug       app.forku                            D  secondsLeftFromToken: 1785
2025-07-13 12:18:11.896 27121-27121 SessionModalDebug       app.forku                            D  mostCriticalExpiration: -1
2025-07-13 12:18:11.896 27121-27121 SessionModalDebug       app.forku                            D  âœ… Session is healthy, hiding modal
2025-07-13 12:18:13.965 27121-27121 ViewRootIm...nActivity] app.forku                            I  ViewPostIme pointer 0
2025-07-13 12:18:14.734 27121-27121 ViewRootIm...nActivity] app.forku                            I  ViewPostIme pointer 1
2025-07-13 12:18:14.838 27121-27121 ViewRootImpl            app.forku                            I  updatePointerIcon pointerType = 1000, calling pid = 27121
2025-07-13 12:18:14.839 27121-27121 InputManager            app.forku                            D  setPointerIconType iconId = 1000, callingPid = 27121
2025-07-13 12:18:15.299 27121-29162 okhttp.OkHttpClient     app.forku                            I  --> GET https://godev.collectiveintelligence.com.au/forkuapp-de6b98b5-4402-4a8f-891b-70b3591df162/api/vehicle/file/7c9f56bf-deed-4be4-b046-17fef34ecf7e/Picture?t=%LASTEDITEDTIME%
2025-07-13 12:18:15.598 27121-29162 okhttp.OkHttpClient     app.forku                            I  <-- 500 https://godev.collectiveintelligence.com.au/forkuapp-de6b98b5-4402-4a8f-891b-70b3591df162/api/vehicle/file/7c9f56bf-deed-4be4-b046-17fef34ecf7e/Picture?t=%LASTEDITEDTIME% (297ms, 488-byte body)
2025-07-13 12:18:15.698 27121-27121 RealImageLoader         app.forku                            I  ðŸš¨ Failed - https://godev.collectiveintelligence.com.au/forkuapp-de6b98b5-4402-4a8f-891b-70b3591df162/api/vehicle/file/7c9f56bf-deed-4be4-b046-17fef34ecf7e/Picture?t=%LASTEDITEDTIME% - coil.network.HttpException: HTTP 500: 
2025-07-13 12:18:15.701 27121-27121 VehicleImage            app.forku                            E  Error loading image for vehicle 7c9f56bf-deed-4be4-b046-17fef34ecf7e: Error(painter=BitmapPainter(image=androidx.compose.ui.graphics.AndroidImageBitmap@9a1efeb, srcOffset=(0, 0), srcSize=60 x 60, filterQuality=Low), result=coil.request.ErrorResult@334bb646)
2025-07-13 12:18:16.432 27121-27121 ViewRootIm...nActivity] app.forku                            I  ViewPostIme pointer 0
2025-07-13 12:18:17.209 27121-27121 ViewRootIm...nActivity] app.forku                            I  ViewPostIme pointer 1
2025-07-13 12:18:17.290 27121-27121 ViewRootImpl            app.forku                            I  updatePointerIcon pointerType = 1000, calling pid = 27121
2025-07-13 12:18:17.291 27121-27121 InputManager            app.forku                            D  setPointerIconType iconId = 1000, callingPid = 27121
2025-07-13 12:18:18.139 27121-27121 ViewRootIm...nActivity] app.forku                            I  ViewPostIme pointer 0
2025-07-13 12:18:18.150 27121-27121 ViewRootIm...nActivity] app.forku                            I  ViewPostIme pointer 1
2025-07-13 12:18:18.177 27121-27121 BaseScreen              app.forku                            D  â¸ï¸ App paused - transitioning to background mode
2025-07-13 12:18:18.178 27121-27121 BaseScreen              app.forku                            D  ðŸŒ™ Transitioning SessionKeepAlive to background mode
2025-07-13 12:18:18.178 27121-27121 SessionKeepAlive        app.forku                            D  ðŸŒ™ App going to background - switching to background intervals
2025-07-13 12:18:18.178 27121-27121 SessionKeepAlive        app.forku                            D  ðŸ”„ Restarting jobs with background intervals
2025-07-13 12:18:18.179 27121-27161 SessionKeepAlive        app.forku                            D  ðŸ”„ Keep-alive job cancelled - this is normal during app lifecycle changes
2025-07-13 12:18:18.179 27121-27121 SessionKeepAlive        app.forku                            D  ðŸ”„ Starting background jobs - Keep-alive: 300s, Token renewal: 450s
2025-07-13 12:18:18.180 27121-27160 SessionKeepAlive        app.forku                            D  ðŸ”„ Token renewal job cancelled - this is normal during app lifecycle changes
2025-07-13 12:18:18.181 27121-27121 BaseScreen              app.forku                            D  ðŸ›‘ App stopped - maintaining background session
2025-07-13 12:18:18.188 27121-27121 ViewRootImpl            app.forku                            I  updatePointerIcon pointerType = 1000, calling pid = 27121
2025-07-13 12:18:18.189 27121-27121 InputManager            app.forku                            D  setPointerIconType iconId = 1000, callingPid = 27121
2025-07-13 12:18:18.235 27121-27121 AdminSharedFilters      app.forku                            D  ðŸ”§ No persisted site filter found - setting default to 'All Sites'
2025-07-13 12:18:18.237 27121-27121 AdminSharedFilters      app.forku                            D  Loaded filter businessId: dcd930f6-6d66-4990-8837-a6c1e96a8256
2025-07-13 12:18:18.238 27121-27121 AdminSharedFilters      app.forku                            D  Loaded filter siteId: null
2025-07-13 12:18:18.239 27121-27121 AdminSharedFilters      app.forku                            D  Loaded isAllSitesSelected: true
2025-07-13 12:18:18.270 27121-27121 BusinessContextManager  app.forku                            D  ðŸ” loadBusinessContext called - fetching user preferences
2025-07-13 12:18:18.271 27121-27121 BusinessContextManager  app.forku                            D  ðŸ” About to call userPreferencesRepository.getCurrentUserPreferences()
2025-07-13 12:18:18.272 27121-27159 UserPreferencesRepo     app.forku                            D  ðŸ” getCurrentUserPreferences called - starting user preferences loading
2025-07-13 12:18:18.272 27121-27159 UserPreferencesRepo     app.forku                            D  ðŸ” About to call getCurrentUserWithPreferences...
2025-07-13 12:18:18.279 27121-27159 appflow UserRepository  app.forku                            D  Getting current user from API to check UserPreferencesId: d139312d-3d82-4a47-8f1f-b9e1fc380d27
2025-07-13 12:18:18.279 27121-27159 GOServicesManager       app.forku                            D  Getting CSRF token... forceRefresh=false
2025-07-13 12:18:18.279 27121-27159 GOServicesManager       app.forku                            D  Using cached CSRF token and cookie
2025-07-13 12:18:18.292 27121-29162 appflow AuthInterceptor app.forku                            D  Starting request interception:
                                                                                                    - URL: https://godev.collectiveintelligence.com.au/forkuapp-de6b98b5-4402-4a8f-891b-70b3591df162/api/gouser/byid/d139312d-3d82-4a47-8f1f-b9e1fc380d27
                                                                                                    - Method: GET
2025-07-13 12:18:18.292 27121-29162 AuthDataStore           app.forku                            D  Getting cached application token: eyJhbGciOi
2025-07-13 12:18:18.292 27121-29162 GOServicesManager       app.forku                            D  Getting CSRF token... forceRefresh=false
2025-07-13 12:18:18.292 27121-29162 GOServicesManager       app.forku                            D  Using cached CSRF token and cookie
2025-07-13 12:18:18.294 27121-29162 appflow AuthInterceptor app.forku                            D  ðŸ” Added ApplicationToken and BearerToken to cookie
2025-07-13 12:18:18.295 27121-29162 appflow AuthInterceptor app.forku                            D  ðŸ§¹ Cleaned cookie from '.AspNetCore.Antiforgery._bj8tIMu5EI=CfDJ8Fg4pSr8DoxBgBaSElZSS11WlZwroq95n0RFpKF2M3hGO7RYs7fKnukHX0f8...' to '.AspNetCore.Antiforgery._bj8tIMu5EI=CfDJ8Fg4pSr8DoxBgBaSElZSS11WlZwroq95n0RFpKF2M3hGO7RYs7fKnukHX0f8KW9qvvpfrTbNw5SKHsPs_X_GRBBo0o5EVhtPNghRMLNl889x-Dc9h_bmKpMxkNMnFE8yNgYJB88Fn3O8I7NDS03fpj4'
2025-07-13 12:18:18.295 27121-29162 appflow AuthInterceptor app.forku                            D  ðŸ” Added cleaned Antiforgery cookie: .AspNetCore.Antiforgery._bj8tIMu5EI=CfDJ8Fg4pSr8Do...
2025-07-13 12:18:18.295 27121-29162 appflow AuthInterceptor app.forku                            D  ðŸ” Final cookie string length: 994
2025-07-13 12:18:18.296 27121-29162 okhttp.OkHttpClient     app.forku                            I  --> GET https://godev.collectiveintelligence.com.au/forkuapp-de6b98b5-4402-4a8f-891b-70b3591df162/api/gouser/byid/d139312d-3d82-4a47-8f1f-b9e1fc380d27
2025-07-13 12:18:18.587 27121-29162 okhttp.OkHttpClient     app.forku                            I  <-- 200 https://godev.collectiveintelligence.com.au/forkuapp-de6b98b5-4402-4a8f-891b-70b3591df162/api/gouser/byid/d139312d-3d82-4a47-8f1f-b9e1fc380d27 (289ms, unknown-length body)
2025-07-13 12:18:18.590 27121-29162 UserDto                 app.forku                            D  Initializing UserDto with picture: null
2025-07-13 12:18:18.594 27121-27159 appflow UserRepository  app.forku                            D  User preferences status:
2025-07-13 12:18:18.594 27121-27159 appflow UserRepository  app.forku                            D    Has UserPreferencesId: true
2025-07-13 12:18:18.594 27121-27159 appflow UserRepository  app.forku                            D    UserPreferencesId: 0f8280cf-a51d-4890-8eae-5bb442593375
2025-07-13 12:18:18.595 27121-27159 appflow UserRepository  app.forku                            D  Fetching UserPreferences by ID: 0f8280cf-a51d-4890-8eae-5bb442593375
2025-07-13 12:18:18.595 27121-27159 GOServicesManager       app.forku                            D  Getting CSRF token... forceRefresh=false
2025-07-13 12:18:18.595 27121-27159 GOServicesManager       app.forku                            D  Using cached CSRF token and cookie
2025-07-13 12:18:18.614 27121-29162 appflow AuthInterceptor app.forku                            D  Starting request interception:
                                                                                                    - URL: https://godev.collectiveintelligence.com.au/forkuapp-de6b98b5-4402-4a8f-891b-70b3591df162/api/userpreferences/byid/0f8280cf-a51d-4890-8eae-5bb442593375
                                                                                                    - Method: GET
2025-07-13 12:18:18.615 27121-29162 AuthDataStore           app.forku                            D  Getting cached application token: eyJhbGciOi
2025-07-13 12:18:18.615 27121-29162 GOServicesManager       app.forku                            D  Getting CSRF token... forceRefresh=false
2025-07-13 12:18:18.615 27121-29162 GOServicesManager       app.forku                            D  Using cached CSRF token and cookie
2025-07-13 12:18:18.616 27121-29162 appflow AuthInterceptor app.forku                            D  ðŸ” Added ApplicationToken and BearerToken to cookie
2025-07-13 12:18:18.617 27121-29162 appflow AuthInterceptor app.forku                            D  ðŸ§¹ Cleaned cookie from '.AspNetCore.Antiforgery._bj8tIMu5EI=CfDJ8Fg4pSr8DoxBgBaSElZSS11WlZwroq95n0RFpKF2M3hGO7RYs7fKnukHX0f8...' to '.AspNetCore.Antiforgery._bj8tIMu5EI=CfDJ8Fg4pSr8DoxBgBaSElZSS11WlZwroq95n0RFpKF2M3hGO7RYs7fKnukHX0f8KW9qvvpfrTbNw5SKHsPs_X_GRBBo0o5EVhtPNghRMLNl889x-Dc9h_bmKpMxkNMnFE8yNgYJB88Fn3O8I7NDS03fpj4'
2025-07-13 12:18:18.617 27121-29162 appflow AuthInterceptor app.forku                            D  ðŸ” Added cleaned Antiforgery cookie: .AspNetCore.Antiforgery._bj8tIMu5EI=CfDJ8Fg4pSr8Do...
2025-07-13 12:18:18.617 27121-29162 appflow AuthInterceptor app.forku                            D  ðŸ” Final cookie string length: 994
2025-07-13 12:18:18.618 27121-29162 okhttp.OkHttpClient     app.forku                            I  --> GET https://godev.collectiveintelligence.com.au/forkuapp-de6b98b5-4402-4a8f-891b-70b3591df162/api/userpreferences/byid/0f8280cf-a51d-4890-8eae-5bb442593375
2025-07-13 12:18:18.784 27121-27121 Choreographer           app.forku                            I  Skipped 37 frames!  The application may be doing too much work on its main thread.
2025-07-13 12:18:18.808 27121-27121 BaseScreen              app.forku                            D  ðŸ“Š Session Status - KeepAlive: true, Background: true
2025-07-13 12:18:18.816 27121-27121 OperatorsListScreen     app.forku                            D  === OPERATORS LOAD TRIGGERED ===
2025-07-13 12:18:18.816 27121-27121 OperatorsListScreen     app.forku                            D  [UI] LaunchedEffect triggered: filtersInitialized=true, filterBusinessId=dcd930f6-6d66-4990-8837-a6c1e96a8256
2025-07-13 12:18:18.819 27121-27121 SessionModalDebug       app.forku                            D  --- LaunchedEffect triggered ---
2025-07-13 12:18:18.819 27121-27121 SessionModalDebug       app.forku                            D  tokenExpiration: Sun Jul 13 12:47:57 GMT-05:00 2025
2025-07-13 12:18:18.819 27121-27121 SessionModalDebug       app.forku                            D  isKeepAliveActive: true
2025-07-13 12:18:18.819 27121-27121 SessionModalDebug       app.forku                            D  lastKeepAliveTime: 1752427091883
2025-07-13 12:18:18.819 27121-27121 SessionModalDebug       app.forku                            D  secondsLeftFromToken: 1778
2025-07-13 12:18:18.819 27121-27121 SessionModalDebug       app.forku                            D  mostCriticalExpiration: -1
2025-07-13 12:18:18.819 27121-27121 SessionModalDebug       app.forku                            D  âœ… Session is healthy, hiding modal
2025-07-13 12:18:18.819 27121-27121 BaseScreen              app.forku                            D  âœ… Authentication confirmed
2025-07-13 12:18:18.819 27121-27121 BaseScreen              app.forku                            D  ðŸ”„ Restarting SessionKeepAlive after authentication
2025-07-13 12:18:18.819 27121-27121 SessionKeepAlive        app.forku                            D  ðŸš€ Starting session keep-alive service
2025-07-13 12:18:18.820 27121-27121 SessionKeepAlive        app.forku                            D  âš ï¸ Keep-alive already active, stopping previous instance
2025-07-13 12:18:18.820 27121-27121 SessionKeepAlive        app.forku                            D  ðŸ›‘ Stopping session keep-alive service
2025-07-13 12:18:18.820 27121-27121 SessionKeepAliveWorker  app.forku                            D  âŒ Cancelled session keep-alive work
2025-07-13 12:18:18.820 27121-27121 SessionKeepAlive        app.forku                            D  ðŸ”„ Cancelling keep-alive job (isActive: true)
2025-07-13 12:18:18.821 27121-27121 SessionKeepAlive        app.forku                            D  ðŸ”„ Cancelling token renewal job (isActive: true)
2025-07-13 12:18:18.822 27121-27121 SessionKeepAlive        app.forku                            D  âœ… Session keep-alive service stopped and cleaned up
2025-07-13 12:18:18.822 27121-27121 SessionKeepAlive        app.forku                            D  âœ… Keep-alive status set to active
2025-07-13 12:18:18.822 27121-29164 SessionKeepAlive        app.forku                            D  ðŸ”„ Token renewal job cancelled - this is normal during app lifecycle changes
2025-07-13 12:18:18.823 27121-27121 SessionKeepAliveWorker  app.forku                            D  ðŸ“… Scheduled periodic session keep-alive work
2025-07-13 12:18:18.824 27121-29164 SessionKeepAlive        app.forku                            D  ðŸ”„ Keep-alive coroutine started
2025-07-13 12:18:18.824 27121-27121 SessionKeepAlive        app.forku                            D  ðŸŽ¯ Session keep-alive service fully started
2025-07-13 12:18:18.824 27121-29165 SessionKeepAlive        app.forku                            D  ðŸ”„ Token renewal coroutine started
2025-07-13 12:18:18.824 27121-29165 SessionKeepAlive        app.forku                            D  â³ Waiting 450000ms for token renewal check
2025-07-13 12:18:18.825 27121-27121 BaseScreen              app.forku                            D  ðŸ“Š Session Status - KeepAlive: true, Background: true
2025-07-13 12:18:18.837 27121-27121 BusinessSiteFilters     app.forku                            D  === SITE SELECTION DEBUG ===
2025-07-13 12:18:18.838 27121-27121 BusinessSiteFilters     app.forku                            D  effectiveSiteId: null
2025-07-13 12:18:18.838 27121-27121 BusinessSiteFilters     app.forku                            D  sitesUiState.sites.size: 0
2025-07-13 12:18:18.838 27121-27121 BusinessSiteFilters     app.forku                            D  selectedSite found: null (null)
2025-07-13 12:18:18.838 27121-27121 BusinessSiteFilters     app.forku                            D  =============================
2025-07-13 12:18:18.838 27121-27121 BusinessesViewModel     app.forku                            D  Loading user assigned businesses...
2025-07-13 12:18:18.839 27121-27121 BusinessSiteFilters     app.forku                            D  === SITE LOADING LOGIC ===
2025-07-13 12:18:18.839 27121-27121 BusinessSiteFilters     app.forku                            D  effectiveBusinessId: dcd930f6-6d66-4990-8837-a6c1e96a8256
2025-07-13 12:18:18.839 27121-27121 BusinessSiteFilters     app.forku                            D  isAdmin: true
2025-07-13 12:18:18.839 27121-27121 BusinessSiteFilters     app.forku                            D  mode: VIEW_FILTER
2025-07-13 12:18:18.839 27121-27121 BusinessSiteFilters     app.forku                            D  ðŸ”§ VIEW_FILTER: Admin loading all sites for business: dcd930f6-6d66-4990-8837-a6c1e96a8256
2025-07-13 12:18:18.840 27121-27121 SitesViewModel          app.forku                            D  Loading all sites for business: dcd930f6-6d66-4990-8837-a6c1e96a8256
2025-07-13 12:18:18.840 27121-27121 GOServicesManager       app.forku                            D  Getting CSRF token... forceRefresh=false
2025-07-13 12:18:18.840 27121-27121 GOServicesManager       app.forku                            D  Using cached CSRF token and cookie
2025-07-13 12:18:18.841 27121-27121 SiteRepo                app.forku                            D  === ADMIN SITE FILTERING ===
2025-07-13 12:18:18.841 27121-27121 SiteRepo                app.forku                            D  Getting ALL sites for specific businessId: 'dcd930f6-6d66-4990-8837-a6c1e96a8256'
2025-07-13 12:18:18.841 27121-27121 SiteRepo                app.forku                            D  Note: This bypasses user context for admin filtering
2025-07-13 12:18:18.844 27121-29089 UserRepository          app.forku                            D  Getting assigned businesses for user: d139312d-3d82-4a47-8f1f-b9e1fc380d27
2025-07-13 12:18:18.845 27121-29089 GOServicesManager       app.forku                            D  Getting CSRF token... forceRefresh=false
2025-07-13 12:18:18.845 27121-29089 GOServicesManager       app.forku                            D  Using cached CSRF token and cookie
2025-07-13 12:18:18.849 27121-27121 BusinessSiteFilters     app.forku                            D  ===========================
2025-07-13 12:18:18.849 27121-27121 BusinessSiteFilters     app.forku                            D  === BUSINESS SITE FILTERS DEBUG ===
2025-07-13 12:18:18.849 27121-27121 BusinessSiteFilters     app.forku                            D  Mode: VIEW_FILTER
2025-07-13 12:18:18.849 27121-27121 BusinessSiteFilters     app.forku                            D  IsAdmin: true
2025-07-13 12:18:18.850 27121-27121 BusinessSiteFilters     app.forku                            D  selectedBusinessId (explicit): dcd930f6-6d66-4990-8837-a6c1e96a8256
2025-07-13 12:18:18.850 27121-27121 BusinessSiteFilters     app.forku                            D  businessContextState.businessId (fallback): dcd930f6-6d66-4990-8837-a6c1e96a8256
2025-07-13 12:18:18.850 27121-27121 BusinessSiteFilters     app.forku                            D  effectiveBusinessId (final): dcd930f6-6d66-4990-8837-a6c1e96a8256
2025-07-13 12:18:18.850 27121-27121 BusinessSiteFilters     app.forku                            D  selectedSiteId (explicit): null
2025-07-13 12:18:18.850 27121-27121 BusinessSiteFilters     app.forku                            D  businessContextState.siteId (fallback): 7ecd101b-1f23-442d-bcd6-75be6c5a3e8f
2025-07-13 12:18:18.850 27121-27121 BusinessSiteFilters     app.forku                            D  effectiveSiteId (final): null
2025-07-13 12:18:18.850 27121-27121 BusinessSiteFilters     app.forku                            D  showAllSitesOption: true
2025-07-13 12:18:18.850 27121-27121 BusinessSiteFilters     app.forku                            D  ====================================
2025-07-13 12:18:18.853 27121-29166 appflow AuthInterceptor app.forku                            D  Starting request interception:
                                                                                                    - URL: https://godev.collectiveintelligence.com.au/forkuapp-de6b98b5-4402-4a8f-891b-70b3591df162/api/site/list?include=business%2Ccountry&filter=BusinessId%20%3D%3D%20Guid.Parse%28%22dcd930f6-6d66-4990-8837-a6c1e96a8256%22%29
                                                                                                    - Method: GET
2025-07-13 12:18:18.854 27121-29166 AuthDataStore           app.forku                            D  Getting cached application token: eyJhbGciOi
2025-07-13 12:18:18.854 27121-29166 GOServicesManager       app.forku                            D  Getting CSRF token... forceRefresh=false
2025-07-13 12:18:18.854 27121-29166 GOServicesManager       app.forku                            D  Using cached CSRF token and cookie
2025-07-13 12:18:18.855 27121-29166 appflow AuthInterceptor app.forku                            D  ðŸ” Added ApplicationToken and BearerToken to cookie
2025-07-13 12:18:18.856 27121-29166 appflow AuthInterceptor app.forku                            D  ðŸ§¹ Cleaned cookie from '.AspNetCore.Antiforgery._bj8tIMu5EI=CfDJ8Fg4pSr8DoxBgBaSElZSS11WlZwroq95n0RFpKF2M3hGO7RYs7fKnukHX0f8...' to '.AspNetCore.Antiforgery._bj8tIMu5EI=CfDJ8Fg4pSr8DoxBgBaSElZSS11WlZwroq95n0RFpKF2M3hGO7RYs7fKnukHX0f8KW9qvvpfrTbNw5SKHsPs_X_GRBBo0o5EVhtPNghRMLNl889x-Dc9h_bmKpMxkNMnFE8yNgYJB88Fn3O8I7NDS03fpj4'
2025-07-13 12:18:18.856 27121-29166 appflow AuthInterceptor app.forku                            D  ðŸ” Added cleaned Antiforgery cookie: .AspNetCore.Antiforgery._bj8tIMu5EI=CfDJ8Fg4pSr8Do...
2025-07-13 12:18:18.856 27121-29166 appflow AuthInterceptor app.forku                            D  ðŸ” Final cookie string length: 994
2025-07-13 12:18:18.857 27121-29166 okhttp.OkHttpClient     app.forku                            I  --> GET https://godev.collectiveintelligence.com.au/forkuapp-de6b98b5-4402-4a8f-891b-70b3591df162/api/site/list?include=business%2Ccountry&filter=BusinessId%20%3D%3D%20Guid.Parse%28%22dcd930f6-6d66-4990-8837-a6c1e96a8256%22%29
2025-07-13 12:18:18.859 27121-29078 appflow AuthInterceptor app.forku                            D  Starting request interception:
                                                                                                    - URL: https://godev.collectiveintelligence.com.au/forkuapp-de6b98b5-4402-4a8f-891b-70b3591df162/api/gouser/byid/d139312d-3d82-4a47-8f1f-b9e1fc380d27?include=UserBusinesses
                                                                                                    - Method: GET
2025-07-13 12:18:18.860 27121-29078 AuthDataStore           app.forku                            D  Getting cached application token: eyJhbGciOi
2025-07-13 12:18:18.860 27121-29078 GOServicesManager       app.forku                            D  Getting CSRF token... forceRefresh=false
2025-07-13 12:18:18.860 27121-29078 GOServicesManager       app.forku                            D  Using cached CSRF token and cookie
2025-07-13 12:18:18.861 27121-29078 appflow AuthInterceptor app.forku                            D  ðŸ” Added ApplicationToken and BearerToken to cookie
2025-07-13 12:18:18.861 27121-29078 appflow AuthInterceptor app.forku                            D  ðŸ§¹ Cleaned cookie from '.AspNetCore.Antiforgery._bj8tIMu5EI=CfDJ8Fg4pSr8DoxBgBaSElZSS11WlZwroq95n0RFpKF2M3hGO7RYs7fKnukHX0f8...' to '.AspNetCore.Antiforgery._bj8tIMu5EI=CfDJ8Fg4pSr8DoxBgBaSElZSS11WlZwroq95n0RFpKF2M3hGO7RYs7fKnukHX0f8KW9qvvpfrTbNw5SKHsPs_X_GRBBo0o5EVhtPNghRMLNl889x-Dc9h_bmKpMxkNMnFE8yNgYJB88Fn3O8I7NDS03fpj4'
2025-07-13 12:18:18.862 27121-29078 appflow AuthInterceptor app.forku                            D  ðŸ” Added cleaned Antiforgery cookie: .AspNetCore.Antiforgery._bj8tIMu5EI=CfDJ8Fg4pSr8Do...
2025-07-13 12:18:18.862 27121-29078 appflow AuthInterceptor app.forku                            D  ðŸ” Final cookie string length: 994
2025-07-13 12:18:18.863 27121-29078 okhttp.OkHttpClient     app.forku                            I  --> GET https://godev.collectiveintelligence.com.au/forkuapp-de6b98b5-4402-4a8f-891b-70b3591df162/api/gouser/byid/d139312d-3d82-4a47-8f1f-b9e1fc380d27?include=UserBusinesses
2025-07-13 12:18:18.918 27121-29162 okhttp.OkHttpClient     app.forku                            I  <-- 200 https://godev.collectiveintelligence.com.au/forkuapp-de6b98b5-4402-4a8f-891b-70b3591df162/api/userpreferences/byid/0f8280cf-a51d-4890-8eae-5bb442593375 (299ms, unknown-length body)
2025-07-13 12:18:18.924 27121-29089 appflow UserRepository  app.forku                            D  Successfully fetched UserPreferences:
2025-07-13 12:18:18.924 27121-29089 appflow UserRepository  app.forku                            D    Business ID: dcd930f6-6d66-4990-8837-a6c1e96a8256
2025-07-13 12:18:18.924 27121-29089 appflow UserRepository  app.forku                            D    Site ID: 7ecd101b-1f23-442d-bcd6-75be6c5a3e8f
2025-07-13 12:18:18.924 27121-29089 appflow UserRepository  app.forku                            D    Last Selected Business: dcd930f6-6d66-4990-8837-a6c1e96a8256
2025-07-13 12:18:18.924 27121-29089 appflow UserRepository  app.forku                            D    Last Selected Site: 7ecd101b-1f23-442d-bcd6-75be6c5a3e8f
2025-07-13 12:18:18.924 27121-29089 appflow UserRepository  app.forku                            D    Effective context: businessId=dcd930f6-6d66-4990-8837-a6c1e96a8256, siteId=7ecd101b-1f23-442d-bcd6-75be6c5a3e8f
2025-07-13 12:18:18.925 27121-29089 UserMapper              app.forku                            D  === Mapping UserDto to User ===
2025-07-13 12:18:18.925 27121-29089 UserMapper              app.forku                            D  User ID: d139312d-3d82-4a47-8f1f-b9e1fc380d27
2025-07-13 12:18:18.925 27121-29089 UserMapper              app.forku                            D  User fullName: NoBusinessUser NoSiteUserAsWell
2025-07-13 12:18:18.925 27121-29089 UserMapper              app.forku                            D  User username: NoBusinessUser
2025-07-13 12:18:18.925 27121-29089 UserMapper              app.forku                            D  UserRoleItems count: 0
2025-07-13 12:18:18.925 27121-29089 UserMapper              app.forku                            D  Raw userRoleItems data: []
2025-07-13 12:18:18.925 27121-29089 UserMapper              app.forku                            W  No userRoleItems found for user d139312d-3d82-4a47-8f1f-b9e1fc380d27, using fallback detection
2025-07-13 12:18:18.926 27121-29089 UserMapper              app.forku                            D  No admin pattern detected, using OPERATOR default
2025-07-13 12:18:18.926 27121-29089 UserMapper              app.forku                            D  Final mapped role for user d139312d-3d82-4a47-8f1f-b9e1fc380d27: operator
2025-07-13 12:18:18.926 27121-29089 UserMapper              app.forku                            D  Processing user photo: id=d139312d-3d82-4a47-8f1f-b9e1fc380d27, picture=, pictureInternalName=null
2025-07-13 12:18:18.926 27121-29089 UserMapper              app.forku                            D  No picture field or it's blank, setting photoUrl to null
2025-07-13 12:18:18.926 27121-29089 UserMapper              app.forku                            D  Final user mapping: id=d139312d-3d82-4a47-8f1f-b9e1fc380d27, photoUrl=null, role=operator
2025-07-13 12:18:18.927 27121-29089 UserPreferencesRepo     app.forku                            D  ðŸ” getCurrentUserWithPreferences completed:
2025-07-13 12:18:18.927 27121-29089 UserPreferencesRepo     app.forku                            D    - User found: true
2025-07-13 12:18:18.927 27121-29089 UserPreferencesRepo     app.forku                            D    - User ID: d139312d-3d82-4a47-8f1f-b9e1fc380d27
2025-07-13 12:18:18.928 27121-29089 UserPreferencesRepo     app.forku                            D    - User name: NoBusinessUser
2025-07-13 12:18:18.928 27121-29089 UserPreferencesRepo     app.forku                            D    - Preferences found: true
2025-07-13 12:18:18.928 27121-29089 UserPreferencesRepo     app.forku                            D  âœ… Successfully loaded preferences for user d139312d-3d82-4a47-8f1f-b9e1fc380d27
2025-07-13 12:18:18.928 27121-29089 UserPreferencesRepo     app.forku                            D    Business ID: dcd930f6-6d66-4990-8837-a6c1e96a8256
2025-07-13 12:18:18.928 27121-29089 UserPreferencesRepo     app.forku                            D    Site ID: 7ecd101b-1f23-442d-bcd6-75be6c5a3e8f
2025-07-13 12:18:18.928 27121-29089 UserPreferencesRepo     app.forku                            D    Last Selected Business: dcd930f6-6d66-4990-8837-a6c1e96a8256
2025-07-13 12:18:18.928 27121-29089 UserPreferencesRepo     app.forku                            D    Last Selected Site: 7ecd101b-1f23-442d-bcd6-75be6c5a3e8f
2025-07-13 12:18:18.928 27121-29089 UserPreferencesRepo     app.forku                            D    Effective context: businessId=dcd930f6-6d66-4990-8837-a6c1e96a8256, siteId=7ecd101b-1f23-442d-bcd6-75be6c5a3e8f
2025-07-13 12:18:18.988 27121-27121 VehicleItem             app.forku                            D  vehicle.type: VehicleType(Id=6948c970-bbeb-48d3-bd4c-ce26b2d30993, Name=Light Truck, RequiresCertification=false, VehicleCategoryId=a0f2f612-7a71-479d-9dbf-19369a5a0de3, IsMarkedForDeletion=false, InternalObjectId=10)
2025-07-13 12:18:18.988 27121-27121 VehicleItem             app.forku                            D  vehicle.type.Name: Light Truck
2025-07-13 12:18:18.991 27121-27121 VehicleItem             app.forku                            D  operatorName value: multisiteuser onlythat
2025-07-13 12:18:18.991 27121-27121 VehicleItem             app.forku                            D  operatorImage value: null
2025-07-13 12:18:18.998 27121-27121 VehicleItem             app.forku                            D  vehicle.type: VehicleType(Id=6948c970-bbeb-48d3-bd4c-ce26b2d30993, Name=Light Truck, RequiresCertification=false, VehicleCategoryId=a0f2f612-7a71-479d-9dbf-19369a5a0de3, IsMarkedForDeletion=false, InternalObjectId=10)
2025-07-13 12:18:18.998 27121-27121 VehicleItem             app.forku                            D  vehicle.type.Name: Light Truck
2025-07-13 12:18:19.001 27121-27121 VehicleItem             app.forku                            D  operatorName value: NoBusinessUser NoSiteUserAsWell
2025-07-13 12:18:19.001 27121-27121 VehicleItem             app.forku                            D  operatorImage value: null
