2025-07-19 17:10:06.966 28814-28939 UserMapper              app.forku                            D  === Mapping UserDto to User ===
2025-07-19 17:10:06.966 28814-28939 UserMapper              app.forku                            D  User ID: d139312d-3d82-4a47-8f1f-b9e1fc380d27
2025-07-19 17:10:06.966 28814-28939 UserMapper              app.forku                            D  User fullName: NoBusinessUser NoSiteUserAsWell
2025-07-19 17:10:06.966 28814-28939 UserMapper              app.forku                            D  User username: NoBusinessUser
2025-07-19 17:10:06.966 28814-28939 UserMapper              app.forku                            D  UserRoleItems count: 2
2025-07-19 17:10:06.966 28814-28939 UserMapper              app.forku                            D  Raw userRoleItems data: [GOUserRoleDto(GOUserId=d139312d-3d82-4a47-8f1f-b9e1fc380d27, gORoleName=Administrator, isActive=false, isMarkedForDeletion=false, isDirty=true, internalObjectId=null), GOUserRoleDto(GOUserId=d139312d-3d82-4a47-8f1f-b9e1fc380d27, gORoleName=User, isActive=false, isMarkedForDeletion=false, isDirty=true, internalObjectId=null)]
2025-07-19 17:10:06.966 28814-28939 UserMapper              app.forku                            D  Role 0: userId=d139312d-3d82-4a47-8f1f-b9e1fc380d27, roleName=Administrator, isActive=false
2025-07-19 17:10:06.967 28814-28939 UserMapper              app.forku                            D  Role 1: userId=d139312d-3d82-4a47-8f1f-b9e1fc380d27, roleName=User, isActive=false
2025-07-19 17:10:06.967 28814-28939 UserMapper              app.forku                            D  Using UserRoleManager.getEffectiveRole for proper priority handling
2025-07-19 17:10:06.967 28814-28939 UserRoleManager         app.forku                            D  === Determining Effective Role ===
2025-07-19 17:10:06.967 28814-28939 UserRoleManager         app.forku                            D  User: null (null)
2025-07-19 17:10:06.967 28814-28939 UserRoleManager         app.forku                            D  User general role: null
2025-07-19 17:10:06.967 28814-28939 UserRoleManager         app.forku                            D  UserRoleItems count: 2
2025-07-19 17:10:06.967 28814-28939 UserRoleManager         app.forku                            D  Business role: null
2025-07-19 17:10:06.967 28814-28939 UserRoleManager         app.forku                            D  Business context: null
2025-07-19 17:10:06.967 28814-28939 UserRoleManager         app.forku                            D  --- Analyzing UserRoleItems with Priority Logic ---
2025-07-19 17:10:06.967 28814-28939 UserRoleManager         app.forku                            D  Role 0: Administrator, active: false
2025-07-19 17:10:06.967 28814-28939 UserRoleManager         app.forku                            D  Role 1: User, active: false
2025-07-19 17:10:06.968 28814-28939 UserRoleManager         app.forku                            D  === Converting role string ===
2025-07-19 17:10:06.968 28814-28939 UserRoleManager         app.forku                            D  Input roleString: 'Administrator'
2025-07-19 17:10:06.968 28814-28939 UserRoleManager         app.forku                            D  Default role: operator
2025-07-19 17:10:06.968 28814-28939 UserRoleManager         app.forku                            D  Normalized role string: 'administrator'
2025-07-19 17:10:06.969 28814-28939 UserRoleManager         app.forku                            D  Final conversion result: administrator
2025-07-19 17:10:06.969 28814-28939 UserRoleManager         app.forku                            D  Found priority role (may be inactive): Administrator -> administrator
2025-07-19 17:10:06.969 28814-28939 UserRoleManager         app.forku                            D  ✅ Using UserRoleItems role: administrator
2025-07-19 17:10:06.969 28814-28939 UserMapper              app.forku                            D  Final mapped role for user d139312d-3d82-4a47-8f1f-b9e1fc380d27: admin
2025-07-19 17:10:06.969 28814-28939 UserMapper              app.forku                            D  UserBusinesses: [UserBusinessDto(businessId=dcd930f6-6d66-4990-8837-a6c1e96a8256, siteId=null, goUserId=d139312d-3d82-4a47-8f1f-b9e1fc380d27, isDirty=true)]
2025-07-19 17:10:06.969 28814-28939 UserMapper              app.forku                            D  Resolved businessId: dcd930f6-6d66-4990-8837-a6c1e96a8256
2025-07-19 17:10:06.969 28814-28939 UserMapper              app.forku                            D  Processing user photo: id=d139312d-3d82-4a47-8f1f-b9e1fc380d27, picture=, pictureInternalName=null
2025-07-19 17:10:06.969 28814-28939 UserMapper              app.forku                            D  No picture field or it's blank, setting photoUrl to null
2025-07-19 17:10:06.969 28814-28939 UserMapper              app.forku                            D  Final user mapping: id=d139312d-3d82-4a47-8f1f-b9e1fc380d27, photoUrl=null, role=administrator
2025-07-19 17:10:06.970 28814-28939 UserRepository          app.forku                            D  Mapped user: id=d139312d-3d82-4a47-8f1f-b9e1fc380d27, role=administrator, businessId=dcd930f6-6d66-4990-8837-a6c1e96a8256, siteId=null, photoUrl=null
2025-07-19 17:10:06.971 28814-28814 VehicleProfileVM        app.forku                            D  Loading last checklist operator: d139312d-3d82-4a47-8f1f-b9e1fc380d27
2025-07-19 17:10:06.973 28814-28939 UserRepository          app.forku                            D  Getting user by ID: d139312d-3d82-4a47-8f1f-b9e1fc380d27
2025-07-19 17:10:06.973 28814-28939 GOServicesManager       app.forku                            D  Getting CSRF token... forceRefresh=false
2025-07-19 17:10:06.973 28814-28939 GOServicesManager       app.forku                            D  Using cached CSRF token and cookie
2025-07-19 17:10:06.980 28814-30323 okhttp.OkHttpClient     app.forku                            I  <-- 200 https://godev.collectiveintelligence.com.au/forkuapp-de6b98b5-4402-4a8f-891b-70b3591df162/api/userpreferences/byid/0f8280cf-a51d-4890-8eae-5bb442593375 (535ms, unknown-length body)
2025-07-19 17:10:06.983 28814-30317 appflow AuthInterceptor app.forku                            D  Starting request interception:
                                                                                                    - URL: https://godev.collectiveintelligence.com.au/forkuapp-de6b98b5-4402-4a8f-891b-70b3591df162/api/gouser/byid/d139312d-3d82-4a47-8f1f-b9e1fc380d27?include=UserRoleItems%2CUserBusinesses%2CUserSiteItems
                                                                                                    - Method: GET
2025-07-19 17:10:06.984 28814-30317 AuthDataStore           app.forku                            D  Getting cached application token: eyJhbGciOi
2025-07-19 17:10:06.984 28814-30317 GOServicesManager       app.forku                            D  Getting CSRF token... forceRefresh=false
2025-07-19 17:10:06.984 28814-30317 GOServicesManager       app.forku                            D  Using cached CSRF token and cookie
2025-07-19 17:10:06.984 28814-28939 appflow UserRepository  app.forku                            D  Successfully fetched UserPreferences:
2025-07-19 17:10:06.984 28814-28939 appflow UserRepository  app.forku                            D    Business ID: dcd930f6-6d66-4990-8837-a6c1e96a8256
2025-07-19 17:10:06.984 28814-28939 appflow UserRepository  app.forku                            D    Site ID: 7ecd101b-1f23-442d-bcd6-75be6c5a3e8f
2025-07-19 17:10:06.984 28814-28939 appflow UserRepository  app.forku                            D    Last Selected Business: dcd930f6-6d66-4990-8837-a6c1e96a8256
2025-07-19 17:10:06.984 28814-28939 appflow UserRepository  app.forku                            D    Last Selected Site: 7ecd101b-1f23-442d-bcd6-75be6c5a3e8f
2025-07-19 17:10:06.984 28814-28939 appflow UserRepository  app.forku                            D    Effective context: businessId=dcd930f6-6d66-4990-8837-a6c1e96a8256, siteId=7ecd101b-1f23-442d-bcd6-75be6c5a3e8f
2025-07-19 17:10:06.984 28814-30317 appflow AuthInterceptor app.forku                            D  🔍 Added ApplicationToken and BearerToken to cookie
2025-07-19 17:10:06.984 28814-28939 UserMapper              app.forku                            D  === Mapping UserDto to User ===
2025-07-19 17:10:06.985 28814-28939 UserMapper              app.forku                            D  User ID: d139312d-3d82-4a47-8f1f-b9e1fc380d27
2025-07-19 17:10:06.985 28814-28939 UserMapper              app.forku                            D  User fullName: NoBusinessUser NoSiteUserAsWell
2025-07-19 17:10:06.985 28814-28939 UserMapper              app.forku                            D  User username: NoBusinessUser
2025-07-19 17:10:06.985 28814-30317 appflow AuthInterceptor app.forku                            D  🔍 Added cleaned Antiforgery cookie: .AspNetCore.Antiforgery._bj8tIMu5EI=CfDJ8Fg4pSr8Do...
2025-07-19 17:10:06.985 28814-28939 UserMapper              app.forku                            D  UserRoleItems count: 2
2025-07-19 17:10:06.985 28814-28939 UserMapper              app.forku                            D  Raw userRoleItems data: [GOUserRoleDto(GOUserId=d139312d-3d82-4a47-8f1f-b9e1fc380d27, gORoleName=Administrator, isActive=false, isMarkedForDeletion=false, isDirty=true, internalObjectId=null), GOUserRoleDto(GOUserId=d139312d-3d82-4a47-8f1f-b9e1fc380d27, gORoleName=User, isActive=false, isMarkedForDeletion=false, isDirty=true, internalObjectId=null)]
2025-07-19 17:10:06.985 28814-30317 appflow AuthInterceptor app.forku                            D  🔍 Final cookie string length: 994
2025-07-19 17:10:06.985 28814-28939 UserMapper              app.forku                            D  Role 0: userId=d139312d-3d82-4a47-8f1f-b9e1fc380d27, roleName=Administrator, isActive=false
2025-07-19 17:10:06.985 28814-28939 UserMapper              app.forku                            D  Role 1: userId=d139312d-3d82-4a47-8f1f-b9e1fc380d27, roleName=User, isActive=false
2025-07-19 17:10:06.985 28814-28939 UserMapper              app.forku                            D  Using UserRoleManager.getEffectiveRole for proper priority handling
2025-07-19 17:10:06.985 28814-28939 UserRoleManager         app.forku                            D  === Determining Effective Role ===
2025-07-19 17:10:06.985 28814-28939 UserRoleManager         app.forku                            D  User: null (null)
2025-07-19 17:10:06.985 28814-28939 UserRoleManager         app.forku                            D  User general role: null
2025-07-19 17:10:06.985 28814-28939 UserRoleManager         app.forku                            D  UserRoleItems count: 2
2025-07-19 17:10:06.985 28814-28939 UserRoleManager         app.forku                            D  Business role: null
2025-07-19 17:10:06.985 28814-28939 UserRoleManager         app.forku                            D  Business context: null
2025-07-19 17:10:06.985 28814-28939 UserRoleManager         app.forku                            D  --- Analyzing UserRoleItems with Priority Logic ---
2025-07-19 17:10:06.985 28814-28939 UserRoleManager         app.forku                            D  Role 0: Administrator, active: false
2025-07-19 17:10:06.985 28814-28939 UserRoleManager         app.forku                            D  Role 1: User, active: false
2025-07-19 17:10:06.985 28814-28939 UserRoleManager         app.forku                            D  === Converting role string ===
2025-07-19 17:10:06.985 28814-28939 UserRoleManager         app.forku                            D  Input roleString: 'Administrator'
2025-07-19 17:10:06.986 28814-28939 UserRoleManager         app.forku                            D  Default role: operator
2025-07-19 17:10:06.986 28814-30317 okhttp.OkHttpClient     app.forku                            I  --> GET https://godev.collectiveintelligence.com.au/forkuapp-de6b98b5-4402-4a8f-891b-70b3591df162/api/gouser/byid/d139312d-3d82-4a47-8f1f-b9e1fc380d27?include=UserRoleItems%2CUserBusinesses%2CUserSiteItems
2025-07-19 17:10:06.986 28814-28939 UserRoleManager         app.forku                            D  Normalized role string: 'administrator'
2025-07-19 17:10:06.986 28814-28939 UserRoleManager         app.forku                            D  Final conversion result: administrator
2025-07-19 17:10:06.986 28814-28939 UserRoleManager         app.forku                            D  Found priority role (may be inactive): Administrator -> administrator
2025-07-19 17:10:06.986 28814-28939 UserRoleManager         app.forku                            D  ✅ Using UserRoleItems role: administrator
2025-07-19 17:10:06.986 28814-28939 UserMapper              app.forku                            D  Final mapped role for user d139312d-3d82-4a47-8f1f-b9e1fc380d27: admin
2025-07-19 17:10:06.986 28814-28939 UserMapper              app.forku                            D  UserBusinesses: [UserBusinessDto(businessId=dcd930f6-6d66-4990-8837-a6c1e96a8256, siteId=null, goUserId=d139312d-3d82-4a47-8f1f-b9e1fc380d27, isDirty=true)]
2025-07-19 17:10:06.986 28814-28939 UserMapper              app.forku                            D  Resolved businessId: dcd930f6-6d66-4990-8837-a6c1e96a8256
2025-07-19 17:10:06.986 28814-28939 UserMapper              app.forku                            D  Processing user photo: id=d139312d-3d82-4a47-8f1f-b9e1fc380d27, picture=, pictureInternalName=null
2025-07-19 17:10:06.986 28814-28939 UserMapper              app.forku                            D  No picture field or it's blank, setting photoUrl to null
2025-07-19 17:10:06.986 28814-28939 UserMapper              app.forku                            D  Final user mapping: id=d139312d-3d82-4a47-8f1f-b9e1fc380d27, photoUrl=null, role=administrator
2025-07-19 17:10:06.987 28814-28939 UserPreferencesRepo     app.forku                            D  🔍 getCurrentUserWithPreferences completed:
2025-07-19 17:10:06.987 28814-28939 UserPreferencesRepo     app.forku                            D    - User found: true
2025-07-19 17:10:06.987 28814-28939 UserPreferencesRepo     app.forku                            D    - User ID: d139312d-3d82-4a47-8f1f-b9e1fc380d27
2025-07-19 17:10:06.987 28814-28939 UserPreferencesRepo     app.forku                            D    - User name: NoBusinessUser
2025-07-19 17:10:06.987 28814-28939 UserPreferencesRepo     app.forku                            D    - Preferences found: true
2025-07-19 17:10:06.987 28814-28939 UserPreferencesRepo     app.forku                            D  ✅ Successfully loaded preferences for user d139312d-3d82-4a47-8f1f-b9e1fc380d27
2025-07-19 17:10:06.987 28814-28939 UserPreferencesRepo     app.forku                            D    Business ID: dcd930f6-6d66-4990-8837-a6c1e96a8256
2025-07-19 17:10:06.987 28814-28939 UserPreferencesRepo     app.forku                            D    Site ID: 7ecd101b-1f23-442d-bcd6-75be6c5a3e8f
2025-07-19 17:10:06.987 28814-28939 UserPreferencesRepo     app.forku                            D    Last Selected Business: dcd930f6-6d66-4990-8837-a6c1e96a8256
2025-07-19 17:10:06.987 28814-28939 UserPreferencesRepo     app.forku                            D    Last Selected Site: 7ecd101b-1f23-442d-bcd6-75be6c5a3e8f
2025-07-19 17:10:06.987 28814-28939 UserPreferencesRepo     app.forku                            D    Effective context: businessId=dcd930f6-6d66-4990-8837-a6c1e96a8256, siteId=7ecd101b-1f23-442d-bcd6-75be6c5a3e8f
2025-07-19 17:10:06.989 28814-28939 UserPreferencesRepo     app.forku                            D  🔍 getCurrentUserPreferences called - starting user preferences loading
2025-07-19 17:10:06.989 28814-28939 UserPreferencesRepo     app.forku                            D  🔍 About to call getCurrentUserWithPreferences...
2025-07-19 17:10:06.992 28814-28939 appflow UserRepository  app.forku                            D  Getting current user from API to check UserPreferencesId: d139312d-3d82-4a47-8f1f-b9e1fc380d27
2025-07-19 17:10:06.992 28814-28939 GOServicesManager       app.forku                            D  Getting CSRF token... forceRefresh=false
2025-07-19 17:10:06.992 28814-28939 GOServicesManager       app.forku                            D  Using cached CSRF token and cookie
2025-07-19 17:10:07.002 28814-30323 appflow AuthInterceptor app.forku                            D  Starting request interception:
                                                                                                    - URL: https://godev.collectiveintelligence.com.au/forkuapp-de6b98b5-4402-4a8f-891b-70b3591df162/api/gouser/byid/d139312d-3d82-4a47-8f1f-b9e1fc380d27?include=UserRoleItems%2CUserBusinesses%2CUserSiteItems
                                                                                                    - Method: GET
2025-07-19 17:10:07.002 28814-30323 AuthDataStore           app.forku                            D  Getting cached application token: eyJhbGciOi
2025-07-19 17:10:07.002 28814-30323 GOServicesManager       app.forku                            D  Getting CSRF token... forceRefresh=false
2025-07-19 17:10:07.002 28814-30323 GOServicesManager       app.forku                            D  Using cached CSRF token and cookie
2025-07-19 17:10:07.003 28814-30323 appflow AuthInterceptor app.forku                            D  🔍 Added ApplicationToken and BearerToken to cookie
2025-07-19 17:10:07.003 28814-30323 appflow AuthInterceptor app.forku                            D  🔍 Added cleaned Antiforgery cookie: .AspNetCore.Antiforgery._bj8tIMu5EI=CfDJ8Fg4pSr8Do...
2025-07-19 17:10:07.004 28814-30323 appflow AuthInterceptor app.forku                            D  🔍 Final cookie string length: 994
2025-07-19 17:10:07.004 28814-30323 okhttp.OkHttpClient     app.forku                            I  --> GET https://godev.collectiveintelligence.com.au/forkuapp-de6b98b5-4402-4a8f-891b-70b3591df162/api/gouser/byid/d139312d-3d82-4a47-8f1f-b9e1fc380d27?include=UserRoleItems%2CUserBusinesses%2CUserSiteItems
2025-07-19 17:10:07.016 28814-30633 okhttp.OkHttpClient     app.forku                            I  <-- 200 https://godev.collectiveintelligence.com.au/forkuapp-de6b98b5-4402-4a8f-891b-70b3591df162/api/gouser/byid/d139312d-3d82-4a47-8f1f-b9e1fc380d27?include=UserRoleItems%2CUserBusinesses%2CUserSiteItems (531ms, unknown-length body)
2025-07-19 17:10:07.018 28814-30633 UserDto                 app.forku                            D  Initializing UserDto with picture: null
2025-07-19 17:10:07.156 28814-30385 okhttp.OkHttpClient     app.forku                            I  <-- 200 https://godev.collectiveintelligence.com.au/forkuapp-de6b98b5-4402-4a8f-891b-70b3591df162/api/gosecurityprovider/keepalive (275ms, unknown-length body)
2025-07-19 17:10:07.158 28814-28814 SESSION_FLOW            app.forku                            D  ✅ Keep-alive successful
2025-07-19 17:10:07.158 28814-28814 AuthDataStore           app.forku                            D  Getting cached application token: eyJhbGciOi
2025-07-19 17:10:07.158 28814-28814 AuthDataStore           app.forku                            D  [LOCK] getTokenExpirationDate() - token: eyJhbGciOiJIUzI1NiIsInR5cCI6Ik...
2025-07-19 17:10:07.159 28814-28814 AuthDataStore           app.forku                            D  [LOCK] JWT payload: {"UserId":"d139312d-3d82-4a47-8f1f-b9e1fc380d27","unique_name":"NoBusinessUser","family_name":"NoSiteUserAsWell","Is2FAEnabled":"false","role":"Administrator,User","nbf":1752960798,"exp":1753565598,"iat":1752960798,"iss":"self"}, exp: 1753565598
2025-07-19 17:10:07.159 28814-28814 SESSION_FLOW            app.forku                            D  ✅ Session valid - switching to foreground intervals
2025-07-19 17:10:07.161 28814-28814 SESSION_FLOW            app.forku                            D  🔄 Starting foreground jobs - Keep-alive: 300s, Token renewal: 300s
2025-07-19 17:10:07.162 28814-29043 SESSION_FLOW            app.forku                            D  🔄 Token renewal job cancelled - this is normal during app lifecycle changes
2025-07-19 17:10:07.164 28814-28814 AuthDataStore           app.forku                            D  Getting cached application token: eyJhbGciOi
2025-07-19 17:10:07.164 28814-28814 SESSION_FLOW            app.forku                            D  🚀 Starting session keep-alive service
2025-07-19 17:10:07.164 28814-28814 SESSION_FLOW            app.forku                            D  ⚠️ Keep-alive already active, stopping previous instance
2025-07-19 17:10:07.164 28814-28814 SESSION_FLOW            app.forku                            D  🛑 Stopping session keep-alive service
2025-07-19 17:10:07.164 28814-29043 SESSION_FLOW            app.forku                            D  🔄 Performing immediate session refresh after background
2025-07-19 17:10:07.165 28814-28814 SessionKeepAliveWorker  app.forku                            D  ❌ Cancelled session keep-alive work
2025-07-19 17:10:07.165 28814-28814 SESSION_FLOW            app.forku                            D  🔄 Cancelling keep-alive job (isActive: true)
2025-07-19 17:10:07.166 28814-28814 SESSION_FLOW            app.forku                            D  🔄 Cancelling token renewal job (isActive: true)
2025-07-19 17:10:07.167 28814-29045 SESSION_FLOW            app.forku                            D  🔄 Token renewal job cancelled - this is normal during app lifecycle changes
2025-07-19 17:10:07.167 28814-28814 SESSION_FLOW            app.forku                            D  ✅ Session keep-alive service stopped and cleaned up
2025-07-19 17:10:07.167 28814-28814 SESSION_FLOW            app.forku                            D  ✅ Keep-alive status set to active
2025-07-19 17:10:07.168 28814-28814 SessionKeepAliveWorker  app.forku                            D  📅 Scheduled periodic session keep-alive work
2025-07-19 17:10:07.170 28814-29045 SESSION_FLOW            app.forku                            D  🔄 Keep-alive coroutine started
2025-07-19 17:10:07.170 28814-28814 SESSION_FLOW            app.forku                            D  🎯 Session keep-alive service fully started
2025-07-19 17:10:07.171 28814-29042 SESSION_FLOW            app.forku                            D  🔄 Token renewal coroutine started
2025-07-19 17:10:07.171 28814-29042 SESSION_FLOW            app.forku                            D  ⏳ Waiting 300000ms for token renewal check
2025-07-19 17:10:07.172 28814-29045 AuthDataStore           app.forku                            D  Getting cached application token: eyJhbGciOi
2025-07-19 17:10:07.173 28814-29045 AuthDataStore           app.forku                            D  [LOCK] getTokenExpirationDate() - token: eyJhbGciOiJIUzI1NiIsInR5cCI6Ik...
2025-07-19 17:10:07.173 28814-29045 AuthDataStore           app.forku                            D  [LOCK] JWT payload: {"UserId":"d139312d-3d82-4a47-8f1f-b9e1fc380d27","unique_name":"NoBusinessUser","family_name":"NoSiteUserAsWell","Is2FAEnabled":"false","role":"Administrator,User","nbf":1752960798,"exp":1753565598,"iat":1752960798,"iss":"self"}, exp: 1753565598
2025-07-19 17:10:07.173 28814-29045 SESSION_FLOW            app.forku                            D  [SESSION_FLOW] [LOCK] shouldRenewToken() called
2025-07-19 17:10:07.173 28814-29045 AuthDataStore           app.forku                            D  Getting cached application token: eyJhbGciOi
2025-07-19 17:10:07.173 28814-29045 SESSION_FLOW            app.forku                            D  [SESSION_FLOW] [LOCK] shouldRenewToken Token actual: eyJhbGciOiJIUzI1NiIsInR5cCI6Ik...
2025-07-19 17:10:07.174 28814-29045 SESSION_FLOW            app.forku                            D  [SESSION_FLOW] [LOCK] shouldRenewToken Token expiration date: Sat Jul 26 16:33:18 GMT-05:00 2025
2025-07-19 17:10:07.174 28814-29045 SESSION_FLOW            app.forku                            D  [SESSION_FLOW] [LOCK] Token expiration: Sat Jul 26 16:33:18 GMT-05:00 2025 (epoch=1753565598000), now: 1752963007174, timeUntilExpiration: 602590826 ms
2025-07-19 17:10:07.174 28814-29045 SESSION_FLOW            app.forku                            D  [SESSION_FLOW] [LOCK] TOKEN_CRITICAL_THRESHOLD_MS: 600000, TOKEN_REFRESH_THRESHOLD_MS: 43200000
2025-07-19 17:10:07.174 28814-29045 SESSION_FLOW            app.forku                            D  ⚠️ Token still valid for 602590826 ms - no renewal needed
2025-07-19 17:10:07.174 28814-29045 SESSION_FLOW            app.forku                            D  ✅ Manual token renewal check - no renewal needed
2025-07-19 17:10:07.175 28814-29043 AuthDataStore           app.forku                            D  Getting cached application token: eyJhbGciOi
2025-07-19 17:10:07.175 28814-29043 AuthDataStore           app.forku                            D  Getting cached application token: eyJhbGciOi
2025-07-19 17:10:07.176 28814-29043 AuthDataStore           app.forku                            D  [LOCK] getTokenExpirationDate() - token: eyJhbGciOiJIUzI1NiIsInR5cCI6Ik...
2025-07-19 17:10:07.176 28814-29043 AuthDataStore           app.forku                            D  [LOCK] JWT payload: {"UserId":"d139312d-3d82-4a47-8f1f-b9e1fc380d27","unique_name":"NoBusinessUser","family_name":"NoSiteUserAsWell","Is2FAEnabled":"false","role":"Administrator,User","nbf":1752960798,"exp":1753565598,"iat":1752960798,"iss":"self"}, exp: 1753565598
2025-07-19 17:10:07.176 28814-29043 SESSION_FLOW            app.forku                            D  [DEBUG] SessionKeepAliveManager - Token: eyJhbGciOiJIUzI1NiIsInR5cCI6IkpXVCJ9.eyJVc2VySWQiOiJkMTM5MzEyZC0zZDgyLTRhNDctOGYxZi1iOWUxZmMzODBkMjciLCJ1bmlxdWVfbmFtZSI6Ik5vQnVzaW5lc3NVc2VyIiwiZmFtaWx5X25hbWUiOiJOb1NpdGVVc2VyQXNXZWxsIiwiSXMyRkFFbmFibGVkIjoiZmFsc2UiLCJyb2xlIjoiQWRtaW5pc3RyYXRvcixVc2VyIiwibmJmIjoxNzUyOTYwNzk4LCJleHAiOjE3NTM1NjU1OTgsImlhdCI6MTc1Mjk2MDc5OCwiaXNzIjoic2VsZiJ9.qcN874LbZhQeeDKTMNzJdurzknbEB_DCSlaU1IyEGe8
2025-07-19 17:10:07.176 28814-29043 SESSION_FLOW            app.forku                            D  [DEBUG] SessionKeepAliveManager - Token expiration: Sat Jul 26 16:33:18 GMT-05:00 2025
2025-07-19 17:10:07.176 28814-29043 SESSION_FLOW            app.forku                            D  🔄 Performing keep-alive ping...
2025-07-19 17:10:07.176 28814-29043 GOServicesManager       app.forku                            D  Getting CSRF token... forceRefresh=false
2025-07-19 17:10:07.176 28814-29043 GOServicesManager       app.forku                            D  Using cached CSRF token and cookie
2025-07-19 17:10:07.176 28814-29043 SESSION_FLOW            app.forku                            D  🔍 Keep-alive headers obtained:
2025-07-19 17:10:07.176 28814-29043 SESSION_FLOW            app.forku                            D    - CSRF Token: CfDJ8Fg4pSr8DoxBgBaS...
2025-07-19 17:10:07.176 28814-29043 SESSION_FLOW            app.forku                            D    - Cookie length: 191
2025-07-19 17:10:07.184 28814-30385 okhttp.OkHttpClient     app.forku                            I  --> GET https://godev.collectiveintelligence.com.au/forkuapp-de6b98b5-4402-4a8f-891b-70b3591df162/api/gosecurityprovider/keepalive
2025-07-19 17:10:07.212 28814-29043 UserRepository          app.forku                            D  API response code: 200
2025-07-19 17:10:07.212 28814-29043 UserRepository          app.forku                            D  Received user DTO: id=d139312d-3d82-4a47-8f1f-b9e1fc380d27, userRoleItems count: 2, userBusinesses count: 1, userSiteItems count: 0
2025-07-19 17:10:07.212 28814-29043 UserMapper              app.forku                            D  === Mapping UserDto to User ===
2025-07-19 17:10:07.212 28814-29043 UserMapper              app.forku                            D  User ID: d139312d-3d82-4a47-8f1f-b9e1fc380d27
2025-07-19 17:10:07.212 28814-29043 UserMapper              app.forku                            D  User fullName: NoBusinessUser NoSiteUserAsWell
2025-07-19 17:10:07.213 28814-29043 UserMapper              app.forku                            D  User username: NoBusinessUser
2025-07-19 17:10:07.213 28814-29043 UserMapper              app.forku                            D  UserRoleItems count: 2
2025-07-19 17:10:07.213 28814-29043 UserMapper              app.forku                            D  Raw userRoleItems data: [GOUserRoleDto(GOUserId=d139312d-3d82-4a47-8f1f-b9e1fc380d27, gORoleName=Administrator, isActive=false, isMarkedForDeletion=false, isDirty=true, internalObjectId=null), GOUserRoleDto(GOUserId=d139312d-3d82-4a47-8f1f-b9e1fc380d27, gORoleName=User, isActive=false, isMarkedForDeletion=false, isDirty=true, internalObjectId=null)]
2025-07-19 17:10:07.213 28814-29043 UserMapper              app.forku                            D  Role 0: userId=d139312d-3d82-4a47-8f1f-b9e1fc380d27, roleName=Administrator, isActive=false
2025-07-19 17:10:07.213 28814-29043 UserMapper              app.forku                            D  Role 1: userId=d139312d-3d82-4a47-8f1f-b9e1fc380d27, roleName=User, isActive=false
2025-07-19 17:10:07.213 28814-29043 UserMapper              app.forku                            D  Using UserRoleManager.getEffectiveRole for proper priority handling
2025-07-19 17:10:07.213 28814-29043 UserRoleManager         app.forku                            D  === Determining Effective Role ===
2025-07-19 17:10:07.213 28814-29043 UserRoleManager         app.forku                            D  User: null (null)
2025-07-19 17:10:07.213 28814-29043 UserRoleManager         app.forku                            D  User general role: null
2025-07-19 17:10:07.213 28814-29043 UserRoleManager         app.forku                            D  UserRoleItems count: 2
2025-07-19 17:10:07.213 28814-29043 UserRoleManager         app.forku                            D  Business role: null
2025-07-19 17:10:07.213 28814-29043 UserRoleManager         app.forku                            D  Business context: null
2025-07-19 17:10:07.213 28814-29043 UserRoleManager         app.forku                            D  --- Analyzing UserRoleItems with Priority Logic ---
2025-07-19 17:10:07.213 28814-29043 UserRoleManager         app.forku                            D  Role 0: Administrator, active: false
2025-07-19 17:10:07.213 28814-29043 UserRoleManager         app.forku                            D  Role 1: User, active: false
2025-07-19 17:10:07.214 28814-29043 UserRoleManager         app.forku                            D  === Converting role string ===
2025-07-19 17:10:07.214 28814-29043 UserRoleManager         app.forku                            D  Input roleString: 'Administrator'
2025-07-19 17:10:07.214 28814-29043 UserRoleManager         app.forku                            D  Default role: operator
2025-07-19 17:10:07.214 28814-29043 UserRoleManager         app.forku                            D  Normalized role string: 'administrator'
2025-07-19 17:10:07.214 28814-29043 UserRoleManager         app.forku                            D  Final conversion result: administrator
2025-07-19 17:10:07.214 28814-29043 UserRoleManager         app.forku                            D  Found priority role (may be inactive): Administrator -> administrator
2025-07-19 17:10:07.214 28814-29043 UserRoleManager         app.forku                            D  ✅ Using UserRoleItems role: administrator
2025-07-19 17:10:07.214 28814-29043 UserMapper              app.forku                            D  Final mapped role for user d139312d-3d82-4a47-8f1f-b9e1fc380d27: admin
2025-07-19 17:10:07.214 28814-29043 UserMapper              app.forku                            D  UserBusinesses: [UserBusinessDto(businessId=dcd930f6-6d66-4990-8837-a6c1e96a8256, siteId=null, goUserId=d139312d-3d82-4a47-8f1f-b9e1fc380d27, isDirty=true)]
2025-07-19 17:10:07.214 28814-29043 UserMapper              app.forku                            D  Resolved businessId: dcd930f6-6d66-4990-8837-a6c1e96a8256
2025-07-19 17:10:07.214 28814-29043 UserMapper              app.forku                            D  Processing user photo: id=d139312d-3d82-4a47-8f1f-b9e1fc380d27, picture=, pictureInternalName=null
2025-07-19 17:10:07.214 28814-29043 UserMapper              app.forku                            D  No picture field or it's blank, setting photoUrl to null
2025-07-19 17:10:07.214 28814-29043 UserMapper              app.forku                            D  Final user mapping: id=d139312d-3d82-4a47-8f1f-b9e1fc380d27, photoUrl=null, role=administrator
2025-07-19 17:10:07.215 28814-29043 UserRepository          app.forku                            D  Mapped user: id=d139312d-3d82-4a47-8f1f-b9e1fc380d27, role=administrator, businessId=dcd930f6-6d66-4990-8837-a6c1e96a8256, siteId=null, photoUrl=null
2025-07-19 17:10:07.216 28814-28814 VehicleProfileVM        app.forku                            D  Loading last checklist operator: d139312d-3d82-4a47-8f1f-b9e1fc380d27
2025-07-19 17:10:07.217 28814-29043 UserRepository          app.forku                            D  Getting user by ID: d139312d-3d82-4a47-8f1f-b9e1fc380d27
2025-07-19 17:10:07.217 28814-29043 GOServicesManager       app.forku                            D  Getting CSRF token... forceRefresh=false
2025-07-19 17:10:07.217 28814-29043 GOServicesManager       app.forku                            D  Using cached CSRF token and cookie
2025-07-19 17:10:07.228 28814-30633 appflow AuthInterceptor app.forku                            D  Starting request interception:
                                                                                                    - URL: https://godev.collectiveintelligence.com.au/forkuapp-de6b98b5-4402-4a8f-891b-70b3591df162/api/gouser/byid/d139312d-3d82-4a47-8f1f-b9e1fc380d27?include=UserRoleItems%2CUserBusinesses%2CUserSiteItems
                                                                                                    - Method: GET
2025-07-19 17:10:07.228 28814-30633 AuthDataStore           app.forku                            D  Getting cached application token: eyJhbGciOi
2025-07-19 17:10:07.228 28814-30633 GOServicesManager       app.forku                            D  Getting CSRF token... forceRefresh=false
2025-07-19 17:10:07.228 28814-30633 GOServicesManager       app.forku                            D  Using cached CSRF token and cookie
2025-07-19 17:10:07.229 28814-30633 appflow AuthInterceptor app.forku                            D  🔍 Added ApplicationToken and BearerToken to cookie
2025-07-19 17:10:07.230 28814-30633 appflow AuthInterceptor app.forku                            D  🔍 Added cleaned Antiforgery cookie: .AspNetCore.Antiforgery._bj8tIMu5EI=CfDJ8Fg4pSr8Do...
2025-07-19 17:10:07.230 28814-30633 appflow AuthInterceptor app.forku                            D  🔍 Final cookie string length: 994
2025-07-19 17:10:07.231 28814-30633 okhttp.OkHttpClient     app.forku                            I  --> GET https://godev.collectiveintelligence.com.au/forkuapp-de6b98b5-4402-4a8f-891b-70b3591df162/api/gouser/byid/d139312d-3d82-4a47-8f1f-b9e1fc380d27?include=UserRoleItems%2CUserBusinesses%2CUserSiteItems
2025-07-19 17:10:07.271 28814-30322 okhttp.OkHttpClient     app.forku                            I  <-- 200 https://godev.collectiveintelligence.com.au/forkuapp-de6b98b5-4402-4a8f-891b-70b3591df162/api/vehicle/byid/7c9f56bf-deed-4be4-b046-17fef34ecf7e?include=VehicleSessionItems%2CChecklistAnswerItems%2CVehicleType (434ms, unknown-length body)
2025-07-19 17:10:07.293 28814-29043 appflow VehicleRepo     app.forku                            D  Successfully fetched vehicle with included data
2025-07-19 17:10:07.293 28814-29043 VehicleMapper           app.forku                            D  === Mapping VehicleDto with included data ===
2025-07-19 17:10:07.293 28814-29043 VehicleMapper           app.forku                            D  Vehicle ID: 7c9f56bf-deed-4be4-b046-17fef34ecf7e
2025-07-19 17:10:07.293 28814-29043 VehicleMapper           app.forku                            D  VehicleSessionItems count: 4
2025-07-19 17:10:07.293 28814-29043 VehicleMapper           app.forku                            D  ChecklistAnswerItems count: 6
2025-07-19 17:10:07.293 28814-29043 VehicleMapper           app.forku                            D  Mapping VehicleDto to Vehicle: id=7c9f56bf-deed-4be4-b046-17fef34ecf7e, codename=Other Site Vehicle, businessId=dcd930f6-6d66-4990-8837-a6c1e96a8256, siteId=7ecd101b-1f23-442d-bcd6-75be6c5a3e8f, vehicleTypeId=6948c970-bbeb-48d3-bd4c-ce26b2d30993, categoryId=a0f2f612-7a71-479d-9dbf-19369a5a0de3
2025-07-19 17:10:07.293 28814-29043 VehicleMapper           app.forku                            D  Processing session: 0f5c8742-4212-4903-aa4b-1a39a593cc5f, Status: 1, UserId: d139312d-3d82-4a47-8f1f-b9e1fc380d27
2025-07-19 17:10:07.294 28814-29043 VehicleSessionMapper    app.forku                            D  VehicleSessionDto: VehicleSessionDto(Id=0f5c8742-4212-4903-aa4b-1a39a593cc5f, ChecklistAnswerId=e1436620-0a91-44f4-8334-ddf13fad7ebe, GOUserId=d139312d-3d82-4a47-8f1f-b9e1fc380d27, VehicleId=7c9f56bf-deed-4be4-b046-17fef34ecf7e, StartTime=2025-07-11T06:18:30.007+00:00, EndTime=2025-07-11T20:09:59.137+00:00, Status=1, StartLocationCoordinates=4.4011939,-74.3897191, EndLocationCoordinates=null, Timestamp=2025-07-11T20:09:59.137+00:00, VehicleSessionClosedMethod=1, ClosedBy=d139312d-3d82-4a47-8f1f-b9e1fc380d27, IsDirty=false, IsNew=false, IsMarkedForDeletion=false, Duration=831, BusinessId=dcd930f6-6d66-4990-8837-a6c1e96a8256, siteId=7ecd101b-1f23-442d-bcd6-75be6c5a3e8f, initialHourMeter=8,1, finalHourMeter=8,2, GOUser=null, Vehicle=null, ChecklistAnswer=null)
2025-07-19 17:10:07.294 28814-29043 VehicleSessionMapper    app.forku                            D  Mapping session 0f5c8742-4212-4903-aa4b-1a39a593cc5f - GOUser present: false, Vehicle present: false, ChecklistAnswer present: false
2025-07-19 17:10:07.294 28814-29043 VehicleSessionMapper    app.forku                            W  No GOUser data included for session 0f5c8742-4212-4903-aa4b-1a39a593cc5f
2025-07-19 17:10:07.294 28814-29043 VehicleSessionMapper    app.forku                            W  No Vehicle data included for session 0f5c8742-4212-4903-aa4b-1a39a593cc5f
2025-07-19 17:10:07.294 28814-29043 VehicleSessionMapper    app.forku                            D  Mapped session 0f5c8742-4212-4903-aa4b-1a39a593cc5f - operatorName: Unknown, vehicleName: Unknown
2025-07-19 17:10:07.294 28814-29043 VehicleMapper           app.forku                            D  Processing session: a22e3a8e-68e3-4710-b708-25def9c0948a, Status: 1, UserId: d139312d-3d82-4a47-8f1f-b9e1fc380d27
2025-07-19 17:10:07.294 28814-29043 VehicleSessionMapper    app.forku                            D  VehicleSessionDto: VehicleSessionDto(Id=a22e3a8e-68e3-4710-b708-25def9c0948a, ChecklistAnswerId=0d3bde61-5b1c-4c68-ad17-79e2736b9e4e, GOUserId=d139312d-3d82-4a47-8f1f-b9e1fc380d27, VehicleId=7c9f56bf-deed-4be4-b046-17fef34ecf7e, StartTime=2025-07-11T00:17:09.11+00:00, EndTime=2025-07-11T06:15:12.44+00:00, Status=1, StartLocationCoordinates=4.4386643,-74.3834886, EndLocationCoordinates=null, Timestamp=2025-07-11T06:15:12.44+00:00, VehicleSessionClosedMethod=1, ClosedBy=d139312d-3d82-4a47-8f1f-b9e1fc380d27, IsDirty=false, IsNew=false, IsMarkedForDeletion=false, Duration=358, BusinessId=dcd930f6-6d66-4990-8837-a6c1e96a8256, siteId=7ecd101b-1f23-442d-bcd6-75be6c5a3e8f, initialHourMeter=8,0, finalHourMeter=8,1, GOUser=null, Vehicle=null, ChecklistAnswer=null)
2025-07-19 17:10:07.294 28814-29043 VehicleSessionMapper    app.forku                            D  Mapping session a22e3a8e-68e3-4710-b708-25def9c0948a - GOUser present: false, Vehicle present: false, ChecklistAnswer present: false
2025-07-19 17:10:07.294 28814-29043 VehicleSessionMapper    app.forku                            W  No GOUser data included for session a22e3a8e-68e3-4710-b708-25def9c0948a
2025-07-19 17:10:07.294 28814-29043 VehicleSessionMapper    app.forku                            W  No Vehicle data included for session a22e3a8e-68e3-4710-b708-25def9c0948a
2025-07-19 17:10:07.294 28814-29043 VehicleSessionMapper    app.forku                            D  Mapped session a22e3a8e-68e3-4710-b708-25def9c0948a - operatorName: Unknown, vehicleName: Unknown
2025-07-19 17:10:07.295 28814-29043 VehicleMapper           app.forku                            D  Processing session: c2cfdc9f-d9f9-4cfa-af1a-4bc5fe6942ad, Status: 1, UserId: 7c48494b-298a-4a7c-8dec-f9492f236b84
2025-07-19 17:10:07.295 28814-29043 VehicleSessionMapper    app.forku                            D  VehicleSessionDto: VehicleSessionDto(Id=c2cfdc9f-d9f9-4cfa-af1a-4bc5fe6942ad, ChecklistAnswerId=f38c0564-4a3e-4d22-b89f-75e8624b4cab, GOUserId=7c48494b-298a-4a7c-8dec-f9492f236b84, VehicleId=7c9f56bf-deed-4be4-b046-17fef34ecf7e, StartTime=2025-07-10T22:29:56.3+00:00, EndTime=2025-07-10T22:36:24.78+00:00, Status=1, StartLocationCoordinates=4.4340249,-74.3845881, EndLocationCoordinates=null, Timestamp=2025-07-10T22:36:24.78+00:00, VehicleSessionClosedMethod=0, ClosedBy=7c48494b-298a-4a7c-8dec-f9492f236b84, IsDirty=false, IsNew=false, IsMarkedForDeletion=false, Duration=6, BusinessId=dcd930f6-6d66-4990-8837-a6c1e96a8256, siteId=370affcb-34a1-4993-a613-729fe31e9834, initialHourMeter=8,0, finalHourMeter=null, GOUser=null, Vehicle=null, ChecklistAnswer=null)
2025-07-19 17:10:07.295 28814-29043 VehicleSessionMapper    app.forku                            D  Mapping session c2cfdc9f-d9f9-4cfa-af1a-4bc5fe6942ad - GOUser present: false, Vehicle present: false, ChecklistAnswer present: false
2025-07-19 17:10:07.295 28814-29043 VehicleSessionMapper    app.forku                            W  No GOUser data included for session c2cfdc9f-d9f9-4cfa-af1a-4bc5fe6942ad
2025-07-19 17:10:07.295 28814-29043 VehicleSessionMapper    app.forku                            W  No Vehicle data included for session c2cfdc9f-d9f9-4cfa-af1a-4bc5fe6942ad
2025-07-19 17:10:07.295 28814-29043 VehicleSessionMapper    app.forku                            D  Mapped session c2cfdc9f-d9f9-4cfa-af1a-4bc5fe6942ad - operatorName: Unknown, vehicleName: Unknown
2025-07-19 17:10:07.295 28814-29043 VehicleMapper           app.forku                            D  Processing session: 1cfc8261-ce3e-4c9b-ae47-9b4a3c737347, Status: 1, UserId: d139312d-3d82-4a47-8f1f-b9e1fc380d27
2025-07-19 17:10:07.295 28814-29043 VehicleSessionMapper    app.forku                            D  VehicleSessionDto: VehicleSessionDto(Id=1cfc8261-ce3e-4c9b-ae47-9b4a3c737347, ChecklistAnswerId=20e77881-0c86-4680-a84d-871d13e3192b, GOUserId=d139312d-3d82-4a47-8f1f-b9e1fc380d27, VehicleId=7c9f56bf-deed-4be4-b046-17fef34ecf7e, StartTime=2025-07-12T19:49:23.323+00:00, EndTime=2025-07-19T17:27:13.707+00:00, Status=1, StartLocationCoordinates=4.4386643,-74.3834886, EndLocationCoordinates=null, Timestamp=2025-07-19T17:27:13.707+00:00, VehicleSessionClosedMethod=1, ClosedBy=d139312d-3d82-4a47-8f1f-b9e1fc380d27, IsDirty=false, IsNew=false, IsMarkedForDeletion=false, Duration=9937, BusinessId=dcd930f6-6d66-4990-8837-a6c1e96a8256, siteId=7ecd101b-1f23-442d-bcd6-75be6c5a3e8f, initialHourMeter=8,2, finalHourMeter=8,3, GOUser=null, Vehicle=null, ChecklistAnswer=null)
2025-07-19 17:10:07.295 28814-29043 VehicleSessionMapper    app.forku                            D  Mapping session 1cfc8261-ce3e-4c9b-ae47-9b4a3c737347 - GOUser present: false, Vehicle present: false, ChecklistAnswer present: false
2025-07-19 17:10:07.295 28814-29043 VehicleSessionMapper    app.forku                            W  No GOUser data included for session 1cfc8261-ce3e-4c9b-ae47-9b4a3c737347
2025-07-19 17:10:07.295 28814-29043 VehicleSessionMapper    app.forku                            W  No Vehicle data included for session 1cfc8261-ce3e-4c9b-ae47-9b4a3c737347
2025-07-19 17:10:07.295 28814-29043 VehicleSessionMapper    app.forku                            D  Mapped session 1cfc8261-ce3e-4c9b-ae47-9b4a3c737347 - operatorName: Unknown, vehicleName: Unknown
2025-07-19 17:10:07.295 28814-29043 VehicleMapper           app.forku                            D  Active session found: null
2025-07-19 17:10:07.295 28814-29043 VehicleMapper           app.forku                            D  Last session found: 1cfc8261-ce3e-4c9b-ae47-9b4a3c737347
2025-07-19 17:10:07.296 28814-29043 VehicleMapper           app.forku                            D  Processing checklist: 90e74532-4bc1-44fc-a35d-206ff290750a, Status: 1, UserId: d139312d-3d82-4a47-8f1f-b9e1fc380d27, LastCheckDateTime: 2025-07-19T17:28:03.917+00:00, EndDateTime: 2025-07-19T17:28:03.917+00:00
2025-07-19 17:10:07.296 28814-29043 VehicleMapper           app.forku                            D  Processing checklist: f38c0564-4a3e-4d22-b89f-75e8624b4cab, Status: 2, UserId: 7c48494b-298a-4a7c-8dec-f9492f236b84, LastCheckDateTime: 2025-07-10T22:29:45.677+00:00, EndDateTime: 2025-07-10T22:29:45.677+00:00
2025-07-19 17:10:07.296 28814-29043 VehicleMapper           app.forku                            D  Processing checklist: 0d3bde61-5b1c-4c68-ad17-79e2736b9e4e, Status: 2, UserId: d139312d-3d82-4a47-8f1f-b9e1fc380d27, LastCheckDateTime: 2025-07-11T00:17:01.157+00:00, EndDateTime: 2025-07-11T00:17:01.157+00:00
2025-07-19 17:10:07.296 28814-29043 VehicleMapper           app.forku                            D  Processing checklist: 20e77881-0c86-4680-a84d-871d13e3192b, Status: 2, UserId: d139312d-3d82-4a47-8f1f-b9e1fc380d27, LastCheckDateTime: 2025-07-12T19:49:01.31+00:00, EndDateTime: 2025-07-12T19:49:01.31+00:00
2025-07-19 17:10:07.296 28814-29043 VehicleMapper           app.forku                            D  Processing checklist: 67291d86-9dab-4867-8be8-d7fd3c0f005f, Status: 3, UserId: d139312d-3d82-4a47-8f1f-b9e1fc380d27, LastCheckDateTime: 2025-07-10T23:47:38.127+00:00, EndDateTime: 2025-07-10T23:47:38.127+00:00
2025-07-19 17:10:07.296 28814-29043 VehicleMapper           app.forku                            D  Processing checklist: e1436620-0a91-44f4-8334-ddf13fad7ebe, Status: 2, UserId: d139312d-3d82-4a47-8f1f-b9e1fc380d27, LastCheckDateTime: 2025-07-11T06:18:19.947+00:00, EndDateTime: 2025-07-11T06:18:19.947+00:00
2025-07-19 17:10:07.297 28814-29043 VehicleMapper           app.forku                            D  Last checklist answer found: 90e74532-4bc1-44fc-a35d-206ff290750a, Status: 1, DateTime: 2025-07-19T17:28:03.917+00:00
2025-07-19 17:10:07.297 28814-28814 VehicleProfileVM        app.forku                            D  Vehicle loaded with optimized data: Other Site Vehicle
2025-07-19 17:10:07.297 28814-28814 VehicleProfileVM        app.forku                            D  Loading last operator: d139312d-3d82-4a47-8f1f-b9e1fc380d27
2025-07-19 17:10:07.299 28814-29043 UserRepository          app.forku                            D  Getting user by ID: d139312d-3d82-4a47-8f1f-b9e1fc380d27
2025-07-19 17:10:07.300 28814-29043 GOServicesManager       app.forku                            D  Getting CSRF token... forceRefresh=false
2025-07-19 17:10:07.300 28814-29043 GOServicesManager       app.forku                            D  Using cached CSRF token and cookie
2025-07-19 17:10:07.312 28814-30322 appflow AuthInterceptor app.forku                            D  Starting request interception:
                                                                                                    - URL: https://godev.collectiveintelligence.com.au/forkuapp-de6b98b5-4402-4a8f-891b-70b3591df162/api/gouser/byid/d139312d-3d82-4a47-8f1f-b9e1fc380d27?include=UserRoleItems%2CUserBusinesses%2CUserSiteItems
                                                                                                    - Method: GET
2025-07-19 17:10:07.312 28814-30322 AuthDataStore           app.forku                            D  Getting cached application token: eyJhbGciOi
2025-07-19 17:10:07.312 28814-30322 GOServicesManager       app.forku                            D  Getting CSRF token... forceRefresh=false
2025-07-19 17:10:07.312 28814-30322 GOServicesManager       app.forku                            D  Using cached CSRF token and cookie
2025-07-19 17:10:07.313 28814-30322 appflow AuthInterceptor app.forku                            D  🔍 Added ApplicationToken and BearerToken to cookie
2025-07-19 17:10:07.313 28814-30322 appflow AuthInterceptor app.forku                            D  🔍 Added cleaned Antiforgery cookie: .AspNetCore.Antiforgery._bj8tIMu5EI=CfDJ8Fg4pSr8Do...
2025-07-19 17:10:07.314 28814-30322 appflow AuthInterceptor app.forku                            D  🔍 Final cookie string length: 994
2025-07-19 17:10:07.314 28814-30322 okhttp.OkHttpClient     app.forku                            I  --> GET https://godev.collectiveintelligence.com.au/forkuapp-de6b98b5-4402-4a8f-891b-70b3591df162/api/gouser/byid/d139312d-3d82-4a47-8f1f-b9e1fc380d27?include=UserRoleItems%2CUserBusinesses%2CUserSiteItems
2025-07-19 17:10:07.462 28814-30385 okhttp.OkHttpClient     app.forku                            I  <-- 200 https://godev.collectiveintelligence.com.au/forkuapp-de6b98b5-4402-4a8f-891b-70b3591df162/api/gosecurityprovider/keepalive (277ms, unknown-length body)
2025-07-19 17:10:07.464 28814-29043 SESSION_FLOW            app.forku                            D  ✅ Keep-alive successful
2025-07-19 17:10:07.464 28814-29043 AuthDataStore           app.forku                            D  Getting cached application token: eyJhbGciOi
2025-07-19 17:10:07.464 28814-29043 AuthDataStore           app.forku                            D  [LOCK] getTokenExpirationDate() - token: eyJhbGciOiJIUzI1NiIsInR5cCI6Ik...
2025-07-19 17:10:07.465 28814-29043 AuthDataStore           app.forku                            D  [LOCK] JWT payload: {"UserId":"d139312d-3d82-4a47-8f1f-b9e1fc380d27","unique_name":"NoBusinessUser","family_name":"NoSiteUserAsWell","Is2FAEnabled":"false","role":"Administrator,User","nbf":1752960798,"exp":1753565598,"iat":1752960798,"iss":"self"}, exp: 1753565598
