2025-07-19 17:09:13.537 28814-28814 ViewRootImpl            app.forku                            I  updatePointerIcon pointerType = 1000, calling pid = 28814
2025-07-19 17:09:13.537 28814-28814 InputManager            app.forku                            D  setPointerIconType iconId = 1000, callingPid = 28814
2025-07-19 17:09:14.107 28814-29045 SESSION_FLOW            app.forku                            D  ⏰ Initial delay completed, starting keep-alive loop
2025-07-19 17:09:14.107 28814-29045 SESSION_FLOW            app.forku                            D  🔄 Keep-alive loop iteration starting
2025-07-19 17:09:14.107 28814-29045 AuthDataStore           app.forku                            D  Getting cached application token: eyJhbGciOi
2025-07-19 17:09:14.107 28814-29045 AuthDataStore           app.forku                            D  Getting cached application token: eyJhbGciOi
2025-07-19 17:09:14.108 28814-29045 AuthDataStore           app.forku                            D  [LOCK] getTokenExpirationDate() - token: eyJhbGciOiJIUzI1NiIsInR5cCI6Ik...
2025-07-19 17:09:14.108 28814-29045 AuthDataStore           app.forku                            D  [LOCK] JWT payload: {"UserId":"d139312d-3d82-4a47-8f1f-b9e1fc380d27","unique_name":"NoBusinessUser","family_name":"NoSiteUserAsWell","Is2FAEnabled":"false","role":"Administrator,User","nbf":1752960798,"exp":1753565598,"iat":1752960798,"iss":"self"}, exp: 1753565598
2025-07-19 17:09:14.108 28814-29045 SESSION_FLOW            app.forku                            D  [DEBUG] SessionKeepAliveManager - Token: eyJhbGciOiJIUzI1NiIsInR5cCI6IkpXVCJ9.eyJVc2VySWQiOiJkMTM5MzEyZC0zZDgyLTRhNDctOGYxZi1iOWUxZmMzODBkMjciLCJ1bmlxdWVfbmFtZSI6Ik5vQnVzaW5lc3NVc2VyIiwiZmFtaWx5X25hbWUiOiJOb1NpdGVVc2VyQXNXZWxsIiwiSXMyRkFFbmFibGVkIjoiZmFsc2UiLCJyb2xlIjoiQWRtaW5pc3RyYXRvcixVc2VyIiwibmJmIjoxNzUyOTYwNzk4LCJleHAiOjE3NTM1NjU1OTgsImlhdCI6MTc1Mjk2MDc5OCwiaXNzIjoic2VsZiJ9.qcN874LbZhQeeDKTMNzJdurzknbEB_DCSlaU1IyEGe8
2025-07-19 17:09:14.109 28814-29045 SESSION_FLOW            app.forku                            D  [DEBUG] SessionKeepAliveManager - Token expiration: Sat Jul 26 16:33:18 GMT-05:00 2025
2025-07-19 17:09:14.109 28814-29045 SESSION_FLOW            app.forku                            D  🔄 Performing keep-alive ping...
2025-07-19 17:09:14.109 28814-29045 GOServicesManager       app.forku                            D  Getting CSRF token... forceRefresh=false
2025-07-19 17:09:14.109 28814-29045 GOServicesManager       app.forku                            D  Using cached CSRF token and cookie
2025-07-19 17:09:14.109 28814-29045 SESSION_FLOW            app.forku                            D  🔍 Keep-alive headers obtained:
2025-07-19 17:09:14.109 28814-29045 SESSION_FLOW            app.forku                            D    - CSRF Token: CfDJ8Fg4pSr8DoxBgBaS...
2025-07-19 17:09:14.110 28814-29045 SESSION_FLOW            app.forku                            D    - Cookie length: 191
2025-07-19 17:09:14.117 28814-30385 okhttp.OkHttpClient     app.forku                            I  --> GET https://godev.collectiveintelligence.com.au/forkuapp-de6b98b5-4402-4a8f-891b-70b3591df162/api/gosecurityprovider/keepalive
2025-07-19 17:09:14.392 28814-30385 okhttp.OkHttpClient     app.forku                            I  <-- 200 https://godev.collectiveintelligence.com.au/forkuapp-de6b98b5-4402-4a8f-891b-70b3591df162/api/gosecurityprovider/keepalive (274ms, unknown-length body)
2025-07-19 17:09:14.395 28814-29045 SESSION_FLOW            app.forku                            D  ✅ Keep-alive successful
2025-07-19 17:09:14.396 28814-29045 AuthDataStore           app.forku                            D  Getting cached application token: eyJhbGciOi
2025-07-19 17:09:14.396 28814-29045 AuthDataStore           app.forku                            D  [LOCK] getTokenExpirationDate() - token: eyJhbGciOiJIUzI1NiIsInR5cCI6Ik...
2025-07-19 17:09:14.396 28814-29045 AuthDataStore           app.forku                            D  [LOCK] JWT payload: {"UserId":"d139312d-3d82-4a47-8f1f-b9e1fc380d27","unique_name":"NoBusinessUser","family_name":"NoSiteUserAsWell","Is2FAEnabled":"false","role":"Administrator,User","nbf":1752960798,"exp":1753565598,"iat":1752960798,"iss":"self"}, exp: 1753565598
2025-07-19 17:09:14.397 28814-29045 AuthDataStore           app.forku                            D  Getting cached application token: eyJhbGciOi
2025-07-19 17:09:14.397 28814-29045 AuthDataStore           app.forku                            D  [LOCK] getTokenExpirationDate() - token: eyJhbGciOiJIUzI1NiIsInR5cCI6Ik...
2025-07-19 17:09:14.397 28814-29045 AuthDataStore           app.forku                            D  [LOCK] JWT payload: {"UserId":"d139312d-3d82-4a47-8f1f-b9e1fc380d27","unique_name":"NoBusinessUser","family_name":"NoSiteUserAsWell","Is2FAEnabled":"false","role":"Administrator,User","nbf":1752960798,"exp":1753565598,"iat":1752960798,"iss":"self"}, exp: 1753565598
2025-07-19 17:09:14.398 28814-29045 SESSION_FLOW            app.forku                            D  ⏳ Waiting 300000ms for next keep-alive
2025-07-19 17:09:15.243 28814-28814 ViewRootIm...nActivity] app.forku                            I  ViewPostIme pointer 0
2025-07-19 17:09:15.258 28814-28814 ViewRootIm...nActivity] app.forku                            I  ViewPostIme pointer 1
2025-07-19 17:09:15.291 28814-28814 SESSION_FLOW            app.forku                            D  ⏸️ App paused - transitioning to background mode
2025-07-19 17:09:15.291 28814-28814 SESSION_FLOW            app.forku                            D  🌙 Transitioning SessionKeepAlive to background mode
2025-07-19 17:09:15.291 28814-28814 SESSION_FLOW            app.forku                            D  🌙 App going to background - switching to background intervals
2025-07-19 17:09:15.291 28814-28814 SESSION_FLOW            app.forku                            D  🔄 Restarting jobs with background intervals
2025-07-19 17:09:15.292 28814-29045 SESSION_FLOW            app.forku                            D  🔄 Keep-alive job cancelled - this is normal during app lifecycle changes
2025-07-19 17:09:15.293 28814-29047 SESSION_FLOW            app.forku                            D  🔄 Token renewal job cancelled - this is normal during app lifecycle changes
2025-07-19 17:09:15.293 28814-28814 SESSION_FLOW            app.forku                            D  🔄 Starting background jobs - Keep-alive: 300s, Token renewal: 300s
2025-07-19 17:09:15.294 28814-28814 SESSION_FLOW            app.forku                            D  🛑 App stopped - maintaining background session
2025-07-19 17:09:15.347 28814-28814 AdminSharedFilters      app.forku                            D  [FLOW] INIT: Lanzando inicialización de filtros tras login
2025-07-19 17:09:15.348 28814-28814 FilterStorage           app.forku                            D  [FLOW] getBusinessId() -> dcd930f6-6d66-4990-8837-a6c1e96a8256
2025-07-19 17:09:15.349 28814-28814 FilterStorage           app.forku                            D  [FLOW] getSiteId() -> 7ecd101b-1f23-442d-bcd6-75be6c5a3e8f
2025-07-19 17:09:15.349 28814-28814 FilterStorage           app.forku                            D  [FLOW] getAllSitesSelected() -> false
2025-07-19 17:09:15.350 28814-28814 AdminSharedFilters      app.forku                            D  [FLOW] INIT: businessId from FilterStorage: dcd930f6-6d66-4990-8837-a6c1e96a8256
2025-07-19 17:09:15.350 28814-28814 AdminSharedFilters      app.forku                            D  [FLOW] INIT: siteId from FilterStorage: 7ecd101b-1f23-442d-bcd6-75be6c5a3e8f
2025-07-19 17:09:15.350 28814-28814 AdminSharedFilters      app.forku                            D  [FLOW] INIT: allSitesSelected from FilterStorage: false
2025-07-19 17:09:15.351 28814-28814 AdminSharedFilters      app.forku                            D  [FLOW] INIT: Filtros inicializados correctamente
2025-07-19 17:09:15.351 28814-28814 FilterStorage           app.forku                            D  [FLOW] saveBusinessId() called with value: dcd930f6-6d66-4990-8837-a6c1e96a8256
2025-07-19 17:09:15.352 28814-28814 FilterStorage           app.forku                            D  [FLOW] saveSiteId() called with value: 7ecd101b-1f23-442d-bcd6-75be6c5a3e8f
2025-07-19 17:09:15.352 28814-28814 FilterStorage           app.forku                            D  [FLOW] saveAllSitesSelected() called with value: false
2025-07-19 17:09:15.354 28814-28814 AdminDashboardScreen    app.forku                            D  [FLOW] Composable loaded - currentUser: User(id=d139312d-3d82-4a47-8f1f-b9e1fc380d27, token=eyJhbGciOiJIUzI1NiIsInR5cCI6IkpXVCJ9.eyJVc2VySWQiOiJkMTM5MzEyZC0zZDgyLTRhNDctOGYxZi1iOWUxZmMzODBkMjciLCJ1bmlxdWVfbmFtZSI6Ik5vQnVzaW5lc3NVc2VyIiwiZmFtaWx5X25hbWUiOiJOb1NpdGVVc2VyQXNXZWxsIiwiSXMyRkFFbmFibGVkIjoiZmFsc2UiLCJyb2xlIjoiQWRtaW5pc3RyYXRvcixVc2VyIiwibmJmIjoxNzUyOTYwNzk4LCJleHAiOjE3NTM1NjU1OTgsImlhdCI6MTc1Mjk2MDc5OCwiaXNzIjoic2VsZiJ9.qcN874LbZhQeeDKTMNzJdurzknbEB_DCSlaU1IyEGe8, refreshToken=eyJhbGciOiJIUzI1NiIsInR5cCI6IkpXVCJ9.eyJVc2VySWQiOiJkMTM5MzEyZC0zZDgyLTRhNDctOGYxZi1iOWUxZmMzODBkMjciLCJuYmYiOjE3NTI5NjA3OTgsImV4cCI6MTc1MzU2NTU5OCwiaWF0IjoxNzUyOTYwNzk4LCJpc3MiOiJzZWxmIn0.2UD_XcIqNa0XjsN_kV7Y9bfmEEjRD6lTjHzf7QIkqps, email=NoBusinessUser, username=NoBusinessUser, firstName=NoBusinessUser, lastName=NoSiteUserAsWell, photoUrl=null, role=administrator, certifications=[], points=0, totalHours=0.0, totalDistance=0, sessionsCompleted=0, incidentsReported=0, lastMedicalCheck=null, lastLogin=1752960798768, isActive=true, isApproved=true, password=1234567890, businessId=null, siteId=null, systemOwnerId=null, userPreferencesId=null), role: administrator, filterBusinessId: dcd930f6-6d66-4990-8837-a6c1e96a8256, filterSiteId: 7ecd101b-1f23-442d-bcd6-75be6c5a3e8f, isAllSitesSelected: false
2025-07-19 17:09:15.374 28814-28814 DashboardViewModel      app.forku                            D  [loadCurrentUser] user original: User(id=d139312d-3d82-4a47-8f1f-b9e1fc380d27, token=eyJhbGciOiJIUzI1NiIsInR5cCI6IkpXVCJ9.eyJVc2VySWQiOiJkMTM5MzEyZC0zZDgyLTRhNDctOGYxZi1iOWUxZmMzODBkMjciLCJ1bmlxdWVfbmFtZSI6Ik5vQnVzaW5lc3NVc2VyIiwiZmFtaWx5X25hbWUiOiJOb1NpdGVVc2VyQXNXZWxsIiwiSXMyRkFFbmFibGVkIjoiZmFsc2UiLCJyb2xlIjoiQWRtaW5pc3RyYXRvcixVc2VyIiwibmJmIjoxNzUyOTYwNzk4LCJleHAiOjE3NTM1NjU1OTgsImlhdCI6MTc1Mjk2MDc5OCwiaXNzIjoic2VsZiJ9.qcN874LbZhQeeDKTMNzJdurzknbEB_DCSlaU1IyEGe8, refreshToken=eyJhbGciOiJIUzI1NiIsInR5cCI6IkpXVCJ9.eyJVc2VySWQiOiJkMTM5MzEyZC0zZDgyLTRhNDctOGYxZi1iOWUxZmMzODBkMjciLCJuYmYiOjE3NTI5NjA3OTgsImV4cCI6MTc1MzU2NTU5OCwiaWF0IjoxNzUyOTYwNzk4LCJpc3MiOiJzZWxmIn0.2UD_XcIqNa0XjsN_kV7Y9bfmEEjRD6lTjHzf7QIkqps, email=NoBusinessUser, username=NoBusinessUser, firstName=NoBusinessUser, lastName=NoSiteUserAsWell, photoUrl=null, role=administrator, certifications=[], points=0, totalHours=0.0, totalDistance=0, sessionsCompleted=0, incidentsReported=0, lastMedicalCheck=null, lastLogin=1752960798768, isActive=true, isApproved=true, password=1234567890, businessId=null, siteId=null, systemOwnerId=null, userPreferencesId=null)
2025-07-19 17:09:15.375 28814-28814 DashboardViewModel      app.forku                            D  [loadCurrentUser] fixedUser: User(id=d139312d-3d82-4a47-8f1f-b9e1fc380d27, token=eyJhbGciOiJIUzI1NiIsInR5cCI6IkpXVCJ9.eyJVc2VySWQiOiJkMTM5MzEyZC0zZDgyLTRhNDctOGYxZi1iOWUxZmMzODBkMjciLCJ1bmlxdWVfbmFtZSI6Ik5vQnVzaW5lc3NVc2VyIiwiZmFtaWx5X25hbWUiOiJOb1NpdGVVc2VyQXNXZWxsIiwiSXMyRkFFbmFibGVkIjoiZmFsc2UiLCJyb2xlIjoiQWRtaW5pc3RyYXRvcixVc2VyIiwibmJmIjoxNzUyOTYwNzk4LCJleHAiOjE3NTM1NjU1OTgsImlhdCI6MTc1Mjk2MDc5OCwiaXNzIjoic2VsZiJ9.qcN874LbZhQeeDKTMNzJdurzknbEB_DCSlaU1IyEGe8, refreshToken=eyJhbGciOiJIUzI1NiIsInR5cCI6IkpXVCJ9.eyJVc2VySWQiOiJkMTM5MzEyZC0zZDgyLTRhNDctOGYxZi1iOWUxZmMzODBkMjciLCJuYmYiOjE3NTI5NjA3OTgsImV4cCI6MTc1MzU2NTU5OCwiaWF0IjoxNzUyOTYwNzk4LCJpc3MiOiJzZWxmIn0.2UD_XcIqNa0XjsN_kV7Y9bfmEEjRD6lTjHzf7QIkqps, email=NoBusinessUser, username=NoBusinessUser, firstName=NoBusinessUser, lastName=NoSiteUserAsWell, photoUrl=null, role=administrator, certifications=[], points=0, totalHours=0.0, totalDistance=0, sessionsCompleted=0, incidentsReported=0, lastMedicalCheck=null, lastLogin=1752960798768, isActive=true, isApproved=true, password=1234567890, businessId=dcd930f6-6d66-4990-8837-a6c1e96a8256, siteId=null, systemOwnerId=null, userPreferencesId=null)
2025-07-19 17:09:15.381 28814-28814 AuthDataStore           app.forku                            D  Getting cached application token: eyJhbGciOi
2025-07-19 17:09:15.382 28814-28814 DashboardViewModel      app.forku                            D  🔍 Found saved user and token - validating session
2025-07-19 17:09:15.382 28814-28814 AuthDataStore           app.forku                            D  Getting cached application token: eyJhbGciOi
2025-07-19 17:09:15.382 28814-28814 AuthDataStore           app.forku                            D  [LOCK] getTokenExpirationDate() - token: eyJhbGciOiJIUzI1NiIsInR5cCI6Ik...
2025-07-19 17:09:15.382 28814-28814 AuthDataStore           app.forku                            D  [LOCK] JWT payload: {"UserId":"d139312d-3d82-4a47-8f1f-b9e1fc380d27","unique_name":"NoBusinessUser","family_name":"NoSiteUserAsWell","Is2FAEnabled":"false","role":"Administrator,User","nbf":1752960798,"exp":1753565598,"iat":1752960798,"iss":"self"}, exp: 1753565598
2025-07-19 17:09:15.382 28814-28814 DashboardViewModel      app.forku                            D  ✅ Token is valid - performing silent login
2025-07-19 17:09:15.390 28814-28814 VehicleListViewModel    app.forku                            D  Business context changed: businessId=dcd930f6-6d66-4990-8837-a6c1e96a8256, siteId=7ecd101b-1f23-442d-bcd6-75be6c5a3e8f
2025-07-19 17:09:15.390 28814-28814 VehicleListViewModel    app.forku                            D  🔍 Context change check: isUserAdmin=true, isAdminMode=false, hasRealBusinessContext=true, isLoading=false
2025-07-19 17:09:15.390 28814-28814 VehicleListViewModel    app.forku                            D  🚫 ADMIN USER/MODE: Skipping automatic reload due to context change
2025-07-19 17:09:15.391 28814-28814 BusinessContextManager  app.forku                            D  🔍 loadBusinessContext called - fetching user preferences
2025-07-19 17:09:15.391 28814-28814 BusinessContextManager  app.forku                            D  🔍 About to call userPreferencesRepository.getCurrentUserPreferences()
2025-07-19 17:09:15.392 28814-28814 VehicleListViewModel    app.forku                            D  Business context changed: businessId=dcd930f6-6d66-4990-8837-a6c1e96a8256, siteId=7ecd101b-1f23-442d-bcd6-75be6c5a3e8f
2025-07-19 17:09:15.392 28814-28814 VehicleListViewModel    app.forku                            D  🔍 Context change check: isUserAdmin=true, isAdminMode=false, hasRealBusinessContext=true, isLoading=true
2025-07-19 17:09:15.392 28814-28814 VehicleListViewModel    app.forku                            D  🚫 ADMIN USER/MODE: Skipping automatic reload due to context change
2025-07-19 17:09:15.393 28814-29045 UserPreferencesRepo     app.forku                            D  🔍 getCurrentUserPreferences called - starting user preferences loading
2025-07-19 17:09:15.393 28814-29045 UserPreferencesRepo     app.forku                            D  🔍 About to call getCurrentUserWithPreferences...
2025-07-19 17:09:15.398 28814-29045 appflow UserRepository  app.forku                            D  Getting current user from API to check UserPreferencesId: d139312d-3d82-4a47-8f1f-b9e1fc380d27
2025-07-19 17:09:15.399 28814-29045 GOServicesManager       app.forku                            D  Getting CSRF token... forceRefresh=false
2025-07-19 17:09:15.399 28814-29045 GOServicesManager       app.forku                            D  Using cached CSRF token and cookie
2025-07-19 17:09:15.414 28814-30633 appflow AuthInterceptor app.forku                            D  Starting request interception:
                                                                                                    - URL: https://godev.collectiveintelligence.com.au/forkuapp-de6b98b5-4402-4a8f-891b-70b3591df162/api/gouser/byid/d139312d-3d82-4a47-8f1f-b9e1fc380d27?include=UserRoleItems%2CUserBusinesses%2CUserSiteItems
                                                                                                    - Method: GET
2025-07-19 17:09:15.415 28814-30633 AuthDataStore           app.forku                            D  Getting cached application token: eyJhbGciOi
2025-07-19 17:09:15.415 28814-30633 GOServicesManager       app.forku                            D  Getting CSRF token... forceRefresh=false
2025-07-19 17:09:15.415 28814-30633 GOServicesManager       app.forku                            D  Using cached CSRF token and cookie
2025-07-19 17:09:15.416 28814-30633 appflow AuthInterceptor app.forku                            D  🔍 Added ApplicationToken and BearerToken to cookie
2025-07-19 17:09:15.416 28814-30633 appflow AuthInterceptor app.forku                            D  🔍 Added cleaned Antiforgery cookie: .AspNetCore.Antiforgery._bj8tIMu5EI=CfDJ8Fg4pSr8Do...
2025-07-19 17:09:15.416 28814-30633 appflow AuthInterceptor app.forku                            D  🔍 Final cookie string length: 994
2025-07-19 17:09:15.417 28814-30633 okhttp.OkHttpClient     app.forku                            I  --> GET https://godev.collectiveintelligence.com.au/forkuapp-de6b98b5-4402-4a8f-891b-70b3591df162/api/gouser/byid/d139312d-3d82-4a47-8f1f-b9e1fc380d27?include=UserRoleItems%2CUserBusinesses%2CUserSiteItems
2025-07-19 17:09:15.541 28814-28814 VehicleListScreen       app.forku                            D  🔍 RENDER BusinessSiteFilters with:
2025-07-19 17:09:15.541 28814-28814 VehicleListScreen       app.forku                            D    - selectedBusinessId: dcd930f6-6d66-4990-8837-a6c1e96a8256
2025-07-19 17:09:15.541 28814-28814 VehicleListScreen       app.forku                            D    - selectedSiteId: 7ecd101b-1f23-442d-bcd6-75be6c5a3e8f
2025-07-19 17:09:15.541 28814-28814 VehicleListScreen       app.forku                            D    - isAllSitesSelected: false
2025-07-19 17:09:15.541 28814-28814 VehicleListScreen       app.forku                            D    - currentUserRole: administrator
2025-07-19 17:09:15.550 28814-28814 BusinessSiteFilters     app.forku                            W  ⚠️ Site '7ecd101b-1f23-442d-bcd6-75be6c5a3e8f' not found in loaded sites
2025-07-19 17:09:15.669 28814-28814 SESSION_FLOW            app.forku                            D  📊 Session Status - KeepAlive: true, Background: true
2025-07-19 17:09:15.680 28814-28814 VehicleListScreen       app.forku                            D  === VEHICLE LOAD TRIGGERED ===
2025-07-19 17:09:15.680 28814-28814 VehicleListScreen       app.forku                            D  currentUser: d139312d-3d82-4a47-8f1f-b9e1fc380d27, role: administrator
2025-07-19 17:09:15.680 28814-28814 VehicleListScreen       app.forku                            D  filterBusinessId: dcd930f6-6d66-4990-8837-a6c1e96a8256, filterSiteId: 7ecd101b-1f23-442d-bcd6-75be6c5a3e8f, isAllSitesSelected: false
2025-07-19 17:09:15.680 28814-28814 VehicleListScreen       app.forku                            D  businessContextState.businessId: dcd930f6-6d66-4990-8837-a6c1e96a8256, businessContextState.siteId: 7ecd101b-1f23-442d-bcd6-75be6c5a3e8f
2025-07-19 17:09:15.680 28814-28814 VehicleListScreen       app.forku                            D  isAdmin: true
2025-07-19 17:09:15.680 28814-28814 VehicleListScreen       app.forku                            D  🎯 ADMIN LOAD: Loading vehicles with filters
2025-07-19 17:09:15.681 28814-28814 VehicleListScreen       app.forku                            D    - businessId: dcd930f6-6d66-4990-8837-a6c1e96a8256
2025-07-19 17:09:15.681 28814-28814 VehicleListScreen       app.forku                            D    - isAllSitesSelected: false
2025-07-19 17:09:15.681 28814-28814 VehicleListScreen       app.forku                            D    - filterSiteId: 7ecd101b-1f23-442d-bcd6-75be6c5a3e8f
2025-07-19 17:09:15.681 28814-28814 VehicleListScreen       app.forku                            D    - effectiveSiteId: 7ecd101b-1f23-442d-bcd6-75be6c5a3e8f
2025-07-19 17:09:15.681 28814-28814 VehicleListViewModel    app.forku                            D  🔧 Setting admin mode: true
2025-07-19 17:09:15.681 28814-28814 VehicleListViewModel    app.forku                            D  🔄 Admin mode changed, reloading sites...
2025-07-19 17:09:15.682 28814-28814 VehicleListViewModel    app.forku                            D  🔧 ADMIN MODE: Loading all sites for business: dcd930f6-6d66-4990-8837-a6c1e96a8256
2025-07-19 17:09:15.682 28814-28814 GOServicesManager       app.forku                            D  Getting CSRF token... forceRefresh=false
2025-07-19 17:09:15.682 28814-28814 GOServicesManager       app.forku                            D  Using cached CSRF token and cookie
2025-07-19 17:09:15.682 28814-28814 SiteRepo                app.forku                            D  === SITE REPOSITORY DEBUG ===
2025-07-19 17:09:15.682 28814-28814 SiteRepo                app.forku                            D  Getting ALL sites for businessId: 'dcd930f6-6d66-4990-8837-a6c1e96a8256'
2025-07-19 17:09:15.691 28814-28814 SESSION_FLOW            app.forku                            D  [DEBUG] LaunchedEffect(authState) triggered. Current state: app.forku.core.auth.AuthenticationState$Authenticated@2a30ad8
2025-07-19 17:09:15.691 28814-28814 SESSION_FLOW            app.forku                            D  [DEBUG] Authentication confirmed. User is authenticated.
2025-07-19 17:09:15.691 28814-28814 SESSION_FLOW            app.forku                            D  [DEBUG] Restarting SessionKeepAlive after authentication
2025-07-19 17:09:15.691 28814-28814 AuthDataStore           app.forku                            D  Getting cached application token: eyJhbGciOi
2025-07-19 17:09:15.692 28814-28814 SESSION_FLOW            app.forku                            D  🚀 Starting session keep-alive service
2025-07-19 17:09:15.692 28814-28814 SESSION_FLOW            app.forku                            D  ⚠️ Keep-alive already active, stopping previous instance
2025-07-19 17:09:15.692 28814-28814 SESSION_FLOW            app.forku                            D  🛑 Stopping session keep-alive service
2025-07-19 17:09:15.692 28814-28814 SessionKeepAliveWorker  app.forku                            D  ❌ Cancelled session keep-alive work
2025-07-19 17:09:15.692 28814-28814 SESSION_FLOW            app.forku                            D  🔄 Cancelling keep-alive job (isActive: true)
2025-07-19 17:09:15.693 28814-30324 appflow AuthInterceptor app.forku                            D  Starting request interception:
                                                                                                    - URL: https://godev.collectiveintelligence.com.au/forkuapp-de6b98b5-4402-4a8f-891b-70b3591df162/api/site/list?include=business%2Ccountry&filter=BusinessId%20%3D%3D%20Guid.Parse%28%22dcd930f6-6d66-4990-8837-a6c1e96a8256%22%29
                                                                                                    - Method: GET
2025-07-19 17:09:15.693 28814-30324 AuthDataStore           app.forku                            D  Getting cached application token: eyJhbGciOi
2025-07-19 17:09:15.693 28814-28814 SESSION_FLOW            app.forku                            D  🔄 Cancelling token renewal job (isActive: true)
2025-07-19 17:09:15.693 28814-30324 GOServicesManager       app.forku                            D  Getting CSRF token... forceRefresh=false
2025-07-19 17:09:15.693 28814-30324 GOServicesManager       app.forku                            D  Using cached CSRF token and cookie
2025-07-19 17:09:15.694 28814-29043 SESSION_FLOW            app.forku                            D  🔄 Token renewal job cancelled - this is normal during app lifecycle changes
2025-07-19 17:09:15.694 28814-28814 SESSION_FLOW            app.forku                            D  ✅ Session keep-alive service stopped and cleaned up
2025-07-19 17:09:15.694 28814-30324 appflow AuthInterceptor app.forku                            D  🔍 Added ApplicationToken and BearerToken to cookie
2025-07-19 17:09:15.694 28814-28814 SESSION_FLOW            app.forku                            D  ✅ Keep-alive status set to active
2025-07-19 17:09:15.694 28814-30324 appflow AuthInterceptor app.forku                            D  🔍 Added cleaned Antiforgery cookie: .AspNetCore.Antiforgery._bj8tIMu5EI=CfDJ8Fg4pSr8Do...
2025-07-19 17:09:15.695 28814-30324 appflow AuthInterceptor app.forku                            D  🔍 Final cookie string length: 994
2025-07-19 17:09:15.695 28814-28814 SessionKeepAliveWorker  app.forku                            D  📅 Scheduled periodic session keep-alive work
2025-07-19 17:09:15.696 28814-30324 okhttp.OkHttpClient     app.forku                            I  --> GET https://godev.collectiveintelligence.com.au/forkuapp-de6b98b5-4402-4a8f-891b-70b3591df162/api/site/list?include=business%2Ccountry&filter=BusinessId%20%3D%3D%20Guid.Parse%28%22dcd930f6-6d66-4990-8837-a6c1e96a8256%22%29
2025-07-19 17:09:15.697 28814-29043 SESSION_FLOW            app.forku                            D  🔄 Keep-alive coroutine started
2025-07-19 17:09:15.697 28814-28814 SESSION_FLOW            app.forku                            D  🎯 Session keep-alive service fully started
2025-07-19 17:09:15.698 28814-29043 SESSION_FLOW            app.forku                            D  🔄 Token renewal coroutine started
2025-07-19 17:09:15.698 28814-29043 SESSION_FLOW            app.forku                            D  ⏳ Waiting 300000ms for token renewal check
2025-07-19 17:09:15.698 28814-28814 SESSION_FLOW            app.forku                            D  📊 Session Status - KeepAlive: true, Background: true
2025-07-19 17:09:15.700 28814-28814 SESSION_FLOW            app.forku                            D  [SESSION_FLOW] LaunchedEffect(sessionExpired) triggered. sessionExpired=false
2025-07-19 17:09:15.701 28814-28814 TokenExpirationInfo     app.forku                            D  Tiempo restante de token: 10044m 2s
2025-07-19 17:09:15.718 28814-28814 BusinessSiteFilters     app.forku                            D  === SITE SELECTION DEBUG ===
2025-07-19 17:09:15.718 28814-28814 BusinessSiteFilters     app.forku                            D  effectiveSiteId: 7ecd101b-1f23-442d-bcd6-75be6c5a3e8f
2025-07-19 17:09:15.718 28814-28814 BusinessSiteFilters     app.forku                            D  sitesUiState.sites.size: 0
2025-07-19 17:09:15.718 28814-28814 BusinessSiteFilters     app.forku                            D  selectedSite found: null (null)
2025-07-19 17:09:15.718 28814-28814 BusinessSiteFilters     app.forku                            D  ⏳ Sites not loaded yet, will retry when sites load
2025-07-19 17:09:15.718 28814-28814 BusinessSiteFilters     app.forku                            D  =============================
2025-07-19 17:09:15.719 28814-28814 BusinessesViewModel     app.forku                            D  Loading user assigned businesses...
2025-07-19 17:09:15.720 28814-28814 BusinessSiteFilters     app.forku                            D  === SITE LOADING LOGIC ===
2025-07-19 17:09:15.720 28814-28814 BusinessSiteFilters     app.forku                            D  effectiveBusinessId: dcd930f6-6d66-4990-8837-a6c1e96a8256
2025-07-19 17:09:15.720 28814-28814 BusinessSiteFilters     app.forku                            D  isAdmin: true
2025-07-19 17:09:15.720 28814-28814 BusinessSiteFilters     app.forku                            D  mode: VIEW_FILTER
2025-07-19 17:09:15.720 28814-28814 BusinessSiteFilters     app.forku                            D  🔧 VIEW_FILTER: Admin loading all sites for business: dcd930f6-6d66-4990-8837-a6c1e96a8256
2025-07-19 17:09:15.721 28814-28814 SitesViewModel          app.forku                            D  Loading all sites for business: dcd930f6-6d66-4990-8837-a6c1e96a8256
2025-07-19 17:09:15.722 28814-28814 GOServicesManager       app.forku                            D  Getting CSRF token... forceRefresh=false
2025-07-19 17:09:15.722 28814-28814 GOServicesManager       app.forku                            D  Using cached CSRF token and cookie
2025-07-19 17:09:15.722 28814-28814 SiteRepo                app.forku                            D  === ADMIN SITE FILTERING ===
2025-07-19 17:09:15.722 28814-28814 SiteRepo                app.forku                            D  Getting ALL sites for specific businessId: 'dcd930f6-6d66-4990-8837-a6c1e96a8256'
2025-07-19 17:09:15.722 28814-28814 SiteRepo                app.forku                            D  Note: This bypasses user context for admin filtering
2025-07-19 17:09:15.723 28814-29042 UserRepository          app.forku                            D  Getting assigned businesses for user: d139312d-3d82-4a47-8f1f-b9e1fc380d27
2025-07-19 17:09:15.723 28814-29042 GOServicesManager       app.forku                            D  Getting CSRF token... forceRefresh=false
2025-07-19 17:09:15.723 28814-29042 GOServicesManager       app.forku                            D  Using cached CSRF token and cookie
2025-07-19 17:09:15.728 28814-28814 BusinessSiteFilters     app.forku                            D  ===========================
2025-07-19 17:09:15.728 28814-28814 BusinessSiteFilters     app.forku                            D  === BUSINESS SITE FILTERS DEBUG ===
2025-07-19 17:09:15.728 28814-28814 BusinessSiteFilters     app.forku                            D  Mode: VIEW_FILTER
2025-07-19 17:09:15.728 28814-28814 BusinessSiteFilters     app.forku                            D  IsAdmin: true
2025-07-19 17:09:15.728 28814-28814 BusinessSiteFilters     app.forku                            D  selectedBusinessId (explicit): dcd930f6-6d66-4990-8837-a6c1e96a8256
2025-07-19 17:09:15.728 28814-28814 BusinessSiteFilters     app.forku                            D  businessContextState.businessId (fallback): dcd930f6-6d66-4990-8837-a6c1e96a8256
2025-07-19 17:09:15.728 28814-28814 BusinessSiteFilters     app.forku                            D  effectiveBusinessId (final): dcd930f6-6d66-4990-8837-a6c1e96a8256
2025-07-19 17:09:15.728 28814-28814 BusinessSiteFilters     app.forku                            D  selectedSiteId (explicit): 7ecd101b-1f23-442d-bcd6-75be6c5a3e8f
2025-07-19 17:09:15.729 28814-28814 BusinessSiteFilters     app.forku                            D  businessContextState.siteId (fallback): 7ecd101b-1f23-442d-bcd6-75be6c5a3e8f
2025-07-19 17:09:15.729 28814-28814 BusinessSiteFilters     app.forku                            D  effectiveSiteId (final): 7ecd101b-1f23-442d-bcd6-75be6c5a3e8f
2025-07-19 17:09:15.729 28814-28814 BusinessSiteFilters     app.forku                            D  showAllSitesOption: true
2025-07-19 17:09:15.729 28814-28814 BusinessSiteFilters     app.forku                            D  ====================================
2025-07-19 17:09:15.732 28814-30322 appflow AuthInterceptor app.forku                            D  Starting request interception:
                                                                                                    - URL: https://godev.collectiveintelligence.com.au/forkuapp-de6b98b5-4402-4a8f-891b-70b3591df162/api/site/list?include=business%2Ccountry&filter=BusinessId%20%3D%3D%20Guid.Parse%28%22dcd930f6-6d66-4990-8837-a6c1e96a8256%22%29
                                                                                                    - Method: GET
2025-07-19 17:09:15.732 28814-30322 AuthDataStore           app.forku                            D  Getting cached application token: eyJhbGciOi
2025-07-19 17:09:15.732 28814-30322 GOServicesManager       app.forku                            D  Getting CSRF token... forceRefresh=false
2025-07-19 17:09:15.733 28814-30322 GOServicesManager       app.forku                            D  Using cached CSRF token and cookie
2025-07-19 17:09:15.733 28814-30322 appflow AuthInterceptor app.forku                            D  🔍 Added ApplicationToken and BearerToken to cookie
2025-07-19 17:09:15.734 28814-30322 appflow AuthInterceptor app.forku                            D  🔍 Added cleaned Antiforgery cookie: .AspNetCore.Antiforgery._bj8tIMu5EI=CfDJ8Fg4pSr8Do...
2025-07-19 17:09:15.734 28814-30322 appflow AuthInterceptor app.forku                            D  🔍 Final cookie string length: 994
2025-07-19 17:09:15.735 28814-30322 okhttp.OkHttpClient     app.forku                            I  --> GET https://godev.collectiveintelligence.com.au/forkuapp-de6b98b5-4402-4a8f-891b-70b3591df162/api/site/list?include=business%2Ccountry&filter=BusinessId%20%3D%3D%20Guid.Parse%28%22dcd930f6-6d66-4990-8837-a6c1e96a8256%22%29
2025-07-19 17:09:15.736 28814-30323 appflow AuthInterceptor app.forku                            D  Starting request interception:
                                                                                                    - URL: https://godev.collectiveintelligence.com.au/forkuapp-de6b98b5-4402-4a8f-891b-70b3591df162/api/gouser/byid/d139312d-3d82-4a47-8f1f-b9e1fc380d27?include=UserRoleItems%2CUserBusinesses%2CUserSiteItems
                                                                                                    - Method: GET
2025-07-19 17:09:15.736 28814-30323 AuthDataStore           app.forku                            D  Getting cached application token: eyJhbGciOi
2025-07-19 17:09:15.736 28814-30323 GOServicesManager       app.forku                            D  Getting CSRF token... forceRefresh=false
2025-07-19 17:09:15.736 28814-30323 GOServicesManager       app.forku                            D  Using cached CSRF token and cookie
2025-07-19 17:09:15.737 28814-30323 appflow AuthInterceptor app.forku                            D  🔍 Added ApplicationToken and BearerToken to cookie
2025-07-19 17:09:15.737 28814-30323 appflow AuthInterceptor app.forku                            D  🔍 Added cleaned Antiforgery cookie: .AspNetCore.Antiforgery._bj8tIMu5EI=CfDJ8Fg4pSr8Do...
2025-07-19 17:09:15.738 28814-30323 appflow AuthInterceptor app.forku                            D  🔍 Final cookie string length: 994
2025-07-19 17:09:15.738 28814-30323 okhttp.OkHttpClient     app.forku                            I  --> GET https://godev.collectiveintelligence.com.au/forkuapp-de6b98b5-4402-4a8f-891b-70b3591df162/api/gouser/byid/d139312d-3d82-4a47-8f1f-b9e1fc380d27?include=UserRoleItems%2CUserBusinesses%2CUserSiteItems
2025-07-19 17:09:15.753 28814-28814 VehicleListViewModel    app.forku                            D  [LOG] INICIO loadVehiclesWithFilters() -> filterBusinessId=dcd930f6-6d66-4990-8837-a6c1e96a8256, filterSiteId=7ecd101b-1f23-442d-bcd6-75be6c5a3e8f, isAllSitesSelected=false
2025-07-19 17:09:15.754 28814-28814 VehicleListViewModel    app.forku                            D  [LOG] Lanzando coroutine para loadVehiclesWithFilters
2025-07-19 17:09:15.754 28814-28814 VehicleListViewModel    app.forku                            D  [LOG] Estado actualizado: isLoading=true, isRefreshing=true
2025-07-19 17:09:15.754 28814-28814 VehicleListViewModel    app.forku                            D  [LOG] businessId calculado: dcd930f6-6d66-4990-8837-a6c1e96a8256 (filterBusinessId=dcd930f6-6d66-4990-8837-a6c1e96a8256, context=dcd930f6-6d66-4990-8837-a6c1e96a8256)
2025-07-19 17:09:15.754 28814-28814 VehicleListViewModel    app.forku                            D  [LOG] siteId calculado: 7ecd101b-1f23-442d-bcd6-75be6c5a3e8f (isAllSitesSelected=false, filterSiteId=7ecd101b-1f23-442d-bcd6-75be6c5a3e8f)
2025-07-19 17:09:15.754 28814-28814 VehicleListViewModel    app.forku                            D  [LOG] Llamando vehicleRepository.getVehiclesWithRelatedData(businessId=dcd930f6-6d66-4990-8837-a6c1e96a8256, siteId=7ecd101b-1f23-442d-bcd6-75be6c5a3e8f)
2025-07-19 17:09:15.755 28814-29042 appflow VehicleRepo     app.forku                            D  Fetching vehicles with related data for business: dcd930f6-6d66-4990-8837-a6c1e96a8256
2025-07-19 17:09:15.755 28814-28814 AuthDataStore           app.forku                            D  Updated last activity: 1752962955690
2025-07-19 17:09:15.755 28814-29042 AuthDataStore           app.forku                            D  Getting cached application token: eyJhbGciOi
2025-07-19 17:09:15.755 28814-28814 AuthDataStore           app.forku                            D  Getting cached application token: eyJhbGciOi
2025-07-19 17:09:15.755 28814-29042 GOServicesManager       app.forku                            D  Getting CSRF token... forceRefresh=false
2025-07-19 17:09:15.755 28814-29042 GOServicesManager       app.forku                            D  Using cached CSRF token and cookie
2025-07-19 17:09:15.755 28814-28814 AuthDataStore           app.forku                            D  Getting cached application token: eyJhbGciOi
2025-07-19 17:09:15.755 28814-29042 appflow VehicleRepo     app.forku                            D  Got auth headers, making optimized API call with includes
2025-07-19 17:09:15.755 28814-28814 SESSION_FLOW            app.forku                            D  🚀 Auto-starting SessionKeepAlive on BaseScreen load
2025-07-19 17:09:15.755 28814-29042 appflow VehicleRepo     app.forku                            D  [DEBUG] getVehiclesWithRelatedData: businessId=dcd930f6-6d66-4990-8837-a6c1e96a8256, siteId=7ecd101b-1f23-442d-bcd6-75be6c5a3e8f (null = All Sites)
2025-07-19 17:09:15.755 28814-28814 AuthDataStore           app.forku                            D  Getting cached application token: eyJhbGciOi
2025-07-19 17:09:15.755 28814-28814 SESSION_FLOW            app.forku                            D  🚀 Starting session keep-alive service
2025-07-19 17:09:15.755 28814-29042 appflow VehicleRepo     app.forku                            D  🔍 [getVehiclesWithRelatedData] Filter construction:
2025-07-19 17:09:15.755 28814-28814 SESSION_FLOW            app.forku                            D  ⚠️ Keep-alive already active, stopping previous instance
2025-07-19 17:09:15.755 28814-29042 appflow VehicleRepo     app.forku                            D    - businessId: 'dcd930f6-6d66-4990-8837-a6c1e96a8256'
2025-07-19 17:09:15.756 28814-29042 appflow VehicleRepo     app.forku                            D    - siteId: '7ecd101b-1f23-442d-bcd6-75be6c5a3e8f' (null = All Sites)
2025-07-19 17:09:15.756 28814-28814 SESSION_FLOW            app.forku                            D  🛑 Stopping session keep-alive service
2025-07-19 17:09:15.756 28814-29042 appflow VehicleRepo     app.forku                            D    - Final filter: 'BusinessId == Guid.Parse("dcd930f6-6d66-4990-8837-a6c1e96a8256") && SiteId == Guid.Parse("7ecd101b-1f23-442d-bcd6-75be6c5a3e8f")'
2025-07-19 17:09:15.756 28814-29042 appflow VehicleRepo     app.forku                            D  🎯 SINGLE SITE MODE: Filter will return vehicles only from site '7ecd101b-1f23-442d-bcd6-75be6c5a3e8f'
2025-07-19 17:09:15.756 28814-28814 SessionKeepAliveWorker  app.forku                            D  ❌ Cancelled session keep-alive work
2025-07-19 17:09:15.756 28814-28814 SESSION_FLOW            app.forku                            D  🔄 Cancelling keep-alive job (isActive: true)
2025-07-19 17:09:15.757 28814-28814 SESSION_FLOW            app.forku                            D  🔄 Cancelling token renewal job (isActive: true)
2025-07-19 17:09:15.758 28814-29047 SESSION_FLOW            app.forku                            D  🔄 Token renewal job cancelled - this is normal during app lifecycle changes
2025-07-19 17:09:15.762 28814-28814 SESSION_FLOW            app.forku                            D  ✅ Session keep-alive service stopped and cleaned up
2025-07-19 17:09:15.762 28814-28814 SESSION_FLOW            app.forku                            D  ✅ Keep-alive status set to active
2025-07-19 17:09:15.762 28814-30633 okhttp.OkHttpClient     app.forku                            I  <-- 200 https://godev.collectiveintelligence.com.au/forkuapp-de6b98b5-4402-4a8f-891b-70b3591df162/api/gouser/byid/d139312d-3d82-4a47-8f1f-b9e1fc380d27?include=UserRoleItems%2CUserBusinesses%2CUserSiteItems (344ms, unknown-length body)
2025-07-19 17:09:15.763 28814-28814 SessionKeepAliveWorker  app.forku                            D  📅 Scheduled periodic session keep-alive work
2025-07-19 17:09:15.764 28814-29047 SESSION_FLOW            app.forku                            D  🔄 Keep-alive coroutine started
2025-07-19 17:09:15.764 28814-30633 UserDto                 app.forku                            D  Initializing UserDto with picture: null
2025-07-19 17:09:15.764 28814-28814 SESSION_FLOW            app.forku                            D  🎯 Session keep-alive service fully started
2025-07-19 17:09:15.765 28814-28938 AuthDataStore           app.forku                            D  Getting cached application token: eyJhbGciOi
2025-07-19 17:09:15.766 28814-28938 AuthDataStore           app.forku                            D  [LOCK] getTokenExpirationDate() - token: eyJhbGciOiJIUzI1NiIsInR5cCI6Ik...
2025-07-19 17:09:15.766 28814-28938 AuthDataStore           app.forku                            D  [LOCK] JWT payload: {"UserId":"d139312d-3d82-4a47-8f1f-b9e1fc380d27","unique_name":"NoBusinessUser","family_name":"NoSiteUserAsWell","Is2FAEnabled":"false","role":"Administrator,User","nbf":1752960798,"exp":1753565598,"iat":1752960798,"iss":"self"}, exp: 1753565598
2025-07-19 17:09:15.766 28814-28938 SESSION_FLOW            app.forku                            D  [SESSION_FLOW] [LOCK] shouldRenewToken() called
2025-07-19 17:09:15.766 28814-28938 AuthDataStore           app.forku                            D  Getting cached application token: eyJhbGciOi
2025-07-19 17:09:15.766 28814-28938 SESSION_FLOW            app.forku                            D  [SESSION_FLOW] [LOCK] shouldRenewToken Token actual: eyJhbGciOiJIUzI1NiIsInR5cCI6Ik...
2025-07-19 17:09:15.766 28814-28938 SESSION_FLOW            app.forku                            D  [SESSION_FLOW] [LOCK] shouldRenewToken Token expiration date: Sat Jul 26 16:33:18 GMT-05:00 2025
2025-07-19 17:09:15.766 28814-28938 SESSION_FLOW            app.forku                            D  [SESSION_FLOW] [LOCK] Token expiration: Sat Jul 26 16:33:18 GMT-05:00 2025 (epoch=1753565598000), now: 1752962955766, timeUntilExpiration: 602642234 ms
2025-07-19 17:09:15.766 28814-28938 SESSION_FLOW            app.forku                            D  [SESSION_FLOW] [LOCK] TOKEN_CRITICAL_THRESHOLD_MS: 600000, TOKEN_REFRESH_THRESHOLD_MS: 43200000
2025-07-19 17:09:15.766 28814-28938 SESSION_FLOW            app.forku                            D  ⚠️ Token still valid for 602642234 ms - no renewal needed
2025-07-19 17:09:15.766 28814-28938 SESSION_FLOW            app.forku                            D  ✅ Token is still valid, skipping emergency session check on BaseScreen load
2025-07-19 17:09:15.768 28814-28814 ViewRootImpl            app.forku                            I  updatePointerIcon pointerType = 1000, calling pid = 28814
2025-07-19 17:09:15.768 28814-29045 SESSION_FLOW            app.forku                            D  🔄 Token renewal coroutine started
2025-07-19 17:09:15.768 28814-29045 SESSION_FLOW            app.forku                            D  ⏳ Waiting 300000ms for token renewal check
2025-07-19 17:09:15.768 28814-28814 InputManager            app.forku                            D  setPointerIconType iconId = 1000, callingPid = 28814
2025-07-19 17:09:15.770 28814-30317 appflow AuthInterceptor app.forku                            D  Starting request interception:
                                                                                                    - URL: https://godev.collectiveintelligence.com.au/forkuapp-de6b98b5-4402-4a8f-891b-70b3591df162/api/vehicle/list?include=VehicleType%2CChecklistAnswerItems%2CVehicleSessionItems&filter=BusinessId%20%3D%3D%20Guid.Parse%28%22dcd930f6-6d66-4990-8837-a6c1e96a8256%22%29%20%26%26%20SiteId%20%3D%3D%20Guid.Parse%28%227ecd101b-1f23-442d-bcd6-75be6c5a3e8f%22%29
                                                                                                    - Method: GET
2025-07-19 17:09:15.771 28814-30317 AuthDataStore           app.forku                            D  Getting cached application token: eyJhbGciOi
2025-07-19 17:09:15.771 28814-30317 GOServicesManager       app.forku                            D  Getting CSRF token... forceRefresh=false
2025-07-19 17:09:15.771 28814-30317 GOServicesManager       app.forku                            D  Using cached CSRF token and cookie
2025-07-19 17:09:15.772 28814-30317 appflow AuthInterceptor app.forku                            D  🔍 Added ApplicationToken and BearerToken to cookie
2025-07-19 17:09:15.772 28814-30317 appflow AuthInterceptor app.forku                            D  🔍 Added cleaned Antiforgery cookie: .AspNetCore.Antiforgery._bj8tIMu5EI=CfDJ8Fg4pSr8Do...
2025-07-19 17:09:15.772 28814-30317 appflow AuthInterceptor app.forku                            D  🔍 Final cookie string length: 994
2025-07-19 17:09:15.773 28814-30317 okhttp.OkHttpClient     app.forku                            I  --> GET https://godev.collectiveintelligence.com.au/forkuapp-de6b98b5-4402-4a8f-891b-70b3591df162/api/vehicle/list?include=VehicleType%2CChecklistAnswerItems%2CVehicleSessionItems&filter=BusinessId%20%3D%3D%20Guid.Parse%28%22dcd930f6-6d66-4990-8837-a6c1e96a8256%22%29%20%26%26%20SiteId%20%3D%3D%20Guid.Parse%28%227ecd101b-1f23-442d-bcd6-75be6c5a3e8f%22%29
2025-07-19 17:09:15.824 28814-28814 AdminDashboardScreen    app.forku                            D  [FLOW] Composable loaded - currentUser: User(id=d139312d-3d82-4a47-8f1f-b9e1fc380d27, token=eyJhbGciOiJIUzI1NiIsInR5cCI6IkpXVCJ9.eyJVc2VySWQiOiJkMTM5MzEyZC0zZDgyLTRhNDctOGYxZi1iOWUxZmMzODBkMjciLCJ1bmlxdWVfbmFtZSI6Ik5vQnVzaW5lc3NVc2VyIiwiZmFtaWx5X25hbWUiOiJOb1NpdGVVc2VyQXNXZWxsIiwiSXMyRkFFbmFibGVkIjoiZmFsc2UiLCJyb2xlIjoiQWRtaW5pc3RyYXRvcixVc2VyIiwibmJmIjoxNzUyOTYwNzk4LCJleHAiOjE3NTM1NjU1OTgsImlhdCI6MTc1Mjk2MDc5OCwiaXNzIjoic2VsZiJ9.qcN874LbZhQeeDKTMNzJdurzknbEB_DCSlaU1IyEGe8, refreshToken=eyJhbGciOiJIUzI1NiIsInR5cCI6IkpXVCJ9.eyJVc2VySWQiOiJkMTM5MzEyZC0zZDgyLTRhNDctOGYxZi1iOWUxZmMzODBkMjciLCJuYmYiOjE3NTI5NjA3OTgsImV4cCI6MTc1MzU2NTU5OCwiaWF0IjoxNzUyOTYwNzk4LCJpc3MiOiJzZWxmIn0.2UD_XcIqNa0XjsN_kV7Y9bfmEEjRD6lTjHzf7QIkqps, email=NoBusinessUser, username=NoBusinessUser, firstName=NoBusinessUser, lastName=NoSiteUserAsWell, photoUrl=null, role=administrator, certifications=[], points=0, totalHours=0.0, totalDistance=0, sessionsCompleted=0, incidentsReported=0, lastMedicalCheck=null, lastLogin=1752960798768, isActive=true, isApproved=true, password=1234567890, businessId=null, siteId=null, systemOwnerId=null, userPreferencesId=null), role: administrator, filterBusinessId: dcd930f6-6d66-4990-8837-a6c1e96a8256, filterSiteId: 7ecd101b-1f23-442d-bcd6-75be6c5a3e8f, isAllSitesSelected: false
2025-07-19 17:09:15.906 28814-28814 VehicleListScreen       app.forku                            D  🔍 RENDER BusinessSiteFilters with:
2025-07-19 17:09:15.906 28814-28814 VehicleListScreen       app.forku                            D    - selectedBusinessId: dcd930f6-6d66-4990-8837-a6c1e96a8256
2025-07-19 17:09:15.906 28814-28814 VehicleListScreen       app.forku                            D    - selectedSiteId: 7ecd101b-1f23-442d-bcd6-75be6c5a3e8f
2025-07-19 17:09:15.906 28814-28814 VehicleListScreen       app.forku                            D    - isAllSitesSelected: false
2025-07-19 17:09:15.906 28814-28814 VehicleListScreen       app.forku                            D    - currentUserRole: administrator
2025-07-19 17:09:15.932 28814-28814 DashboardHeader         app.forku                            D  DashboardHeader created - onSettingsClick is NOT NULL
2025-07-19 17:09:15.932 28814-28814 DashboardHeader         app.forku                            D  Total buttons to show: 1 (Profile: false, Notifications: false, Settings: true)
2025-07-19 17:09:15.935 28814-28814 DashboardHeader         app.forku                            D  Notifications button will NOT be shown
2025-07-19 17:09:15.935 28814-28814 DashboardHeader         app.forku                            D  Settings button will be shown
2025-07-19 17:09:16.073 28814-29045 appflow UserRepository  app.forku                            D  User preferences status:
2025-07-19 17:09:16.074 28814-29045 appflow UserRepository  app.forku                            D    Has UserPreferencesId: true
2025-07-19 17:09:16.074 28814-29045 appflow UserRepository  app.forku                            D    UserPreferencesId: 0f8280cf-a51d-4890-8eae-5bb442593375
2025-07-19 17:09:16.074 28814-29045 appflow UserRepository  app.forku                            D  Fetching UserPreferences by ID: 0f8280cf-a51d-4890-8eae-5bb442593375
2025-07-19 17:09:16.074 28814-29045 GOServicesManager       app.forku                            D  Getting CSRF token... forceRefresh=false
2025-07-19 17:09:16.074 28814-29045 GOServicesManager       app.forku                            D  Using cached CSRF token and cookie
2025-07-19 17:09:16.092 28814-30633 appflow AuthInterceptor app.forku                            D  Starting request interception:
                                                                                                    - URL: https://godev.collectiveintelligence.com.au/forkuapp-de6b98b5-4402-4a8f-891b-70b3591df162/api/userpreferences/byid/0f8280cf-a51d-4890-8eae-5bb442593375
                                                                                                    - Method: GET
2025-07-19 17:09:16.093 28814-30633 AuthDataStore           app.forku                            D  Getting cached application token: eyJhbGciOi
2025-07-19 17:09:16.093 28814-30633 GOServicesManager       app.forku                            D  Getting CSRF token... forceRefresh=false
2025-07-19 17:09:16.093 28814-30633 GOServicesManager       app.forku                            D  Using cached CSRF token and cookie
