2025-07-22 18:46:58.236 29191-4478  okhttp.OkHttpClient     app.forku                            I  --> GET https://godev.collectiveintelligence.com.au/forkuapp-de6b98b5-4402-4a8f-891b-70b3591df162/api/vehicle/file/f3940e07-2c1a-4047-8444-036f5157f820/Picture?t=%LASTEDITEDTIME%
2025-07-22 18:46:58.522 29191-4478  okhttp.OkHttpClient     app.forku                            I  <-- 500 https://godev.collectiveintelligence.com.au/forkuapp-de6b98b5-4402-4a8f-891b-70b3591df162/api/vehicle/file/f3940e07-2c1a-4047-8444-036f5157f820/Picture?t=%LASTEDITEDTIME% (285ms, 488-byte body)
2025-07-22 18:46:58.522 29191-4478  RetryInterceptor        app.forku                            D  Request failed (500), attempt 2 of 3
2025-07-22 18:47:00.523 29191-4478  okhttp.OkHttpClient     app.forku                            I  --> GET https://godev.collectiveintelligence.com.au/forkuapp-de6b98b5-4402-4a8f-891b-70b3591df162/api/vehicle/file/f3940e07-2c1a-4047-8444-036f5157f820/Picture?t=%LASTEDITEDTIME%
2025-07-22 18:47:00.822 29191-4478  okhttp.OkHttpClient     app.forku                            I  <-- 500 https://godev.collectiveintelligence.com.au/forkuapp-de6b98b5-4402-4a8f-891b-70b3591df162/api/vehicle/file/f3940e07-2c1a-4047-8444-036f5157f820/Picture?t=%LASTEDITEDTIME% (297ms, 488-byte body)
2025-07-22 18:47:00.823 29191-4478  RetryInterceptor        app.forku                            D  Request failed (500), attempt 3 of 3
2025-07-22 18:47:03.651 29191-29191 ViewRootImpl            app.forku                            I  updatePointerIcon pointerType = 1000, calling pid = 29191
2025-07-22 18:47:03.652 29191-29191 InputManager            app.forku                            D  setPointerIconType iconId = 1000, callingPid = 29191
2025-07-22 18:47:04.823 29191-4478  okhttp.OkHttpClient     app.forku                            I  --> GET https://godev.collectiveintelligence.com.au/forkuapp-de6b98b5-4402-4a8f-891b-70b3591df162/api/vehicle/file/f3940e07-2c1a-4047-8444-036f5157f820/Picture?t=%LASTEDITEDTIME%
2025-07-22 18:47:05.110 29191-4478  okhttp.OkHttpClient     app.forku                            I  <-- 500 https://godev.collectiveintelligence.com.au/forkuapp-de6b98b5-4402-4a8f-891b-70b3591df162/api/vehicle/file/f3940e07-2c1a-4047-8444-036f5157f820/Picture?t=%LASTEDITEDTIME% (286ms, 488-byte body)
2025-07-22 18:47:05.116 29191-29191 RealImageLoader         app.forku                            I  ðŸš¨ Failed - https://godev.collectiveintelligence.com.au/forkuapp-de6b98b5-4402-4a8f-891b-70b3591df162/api/vehicle/file/f3940e07-2c1a-4047-8444-036f5157f820/Picture?t=%LASTEDITEDTIME% - coil.network.HttpException: HTTP 500:
2025-07-22 18:47:05.118 29191-29191 OverlappingImages       app.forku                            E  Error al cargar imagen principal: https://godev.collectiveintelligence.com.au/forkuapp-de6b98b5-4402-4a8f-891b-70b3591df162/api/vehicle/file/f3940e07-2c1a-4047-8444-036f5157f820/Picture?t=%LASTEDITEDTIME%
2025-07-22 18:47:06.094 29191-29191 ViewRootIm...nActivity] app.forku                            I  ViewPostIme pointer 0
2025-07-22 18:47:06.099 29191-29191 ViewRootIm...nActivity] app.forku                            I  ViewPostIme pointer 1
2025-07-22 18:47:06.148 29191-29191 AuthDataStore           app.forku                            D  Getting cached application token: eyJhbGciOi
2025-07-22 18:47:06.148 29191-29191 AuthDataStore           app.forku                            D  [LOCK] getTokenExpirationDate() - token: eyJhbGciOiJIUzI1NiIsInR5cCI6Ik...
2025-07-22 18:47:06.148 29191-29191 AuthDataStore           app.forku                            D  [LOCK] JWT payload: {"UserId":"7c48494b-298a-4a7c-8dec-f9492f236b84","unique_name":"multisiteuser","family_name":"onlythat","Is2FAEnabled":"false","role":"User","nbf":1753227999,"exp":1753832799,"iat":1753227999,"iss":"self"}, exp: 1753832799
2025-07-22 18:47:06.188 29191-29191 QRFlow                  app.forku                            D  Screen State - isScanning: true, hasNavigated: false, isProcessingNavigation: false
2025-07-22 18:47:06.198 29191-29191 app.forku               app.forku                            I  hiddenapi: Accessing hidden method Landroid/content/pm/PackageManager;->shouldShowRequestPermissionRationale(Ljava/lang/String;)Z (runtime_flags=0, domain=platform, api=unsupported) from Landroidx/core/app/ActivityCompat$Api31Impl; (domain=app) using reflection: allowed
2025-07-22 18:47:06.200 29191-4888  CameraManagerGlobal     app.forku                            I  Connecting to camera service
2025-07-22 18:47:06.208 29191-4888  VendorTagDescriptor     app.forku                            D  addVendorDescriptor: vendor tag id 14172875900359437128 added
2025-07-22 18:47:06.214 29191-29225 CameraManagerGlobal     app.forku                            I  Camera 0 facing CAMERA_FACING_BACK state now CAMERA_STATE_CLOSED for client app.forku API Level 2
2025-07-22 18:47:06.215 29191-29223 CameraManagerGlobal     app.forku                            I  Camera 1 facing CAMERA_FACING_FRONT state now CAMERA_STATE_CLOSED for client android.system API Level 2
2025-07-22 18:47:06.215 29191-29223 CameraManagerGlobal     app.forku                            I  Camera 2 facing CAMERA_FACING_BACK state now CAMERA_STATE_CLOSED for client android.system API Level 2
2025-07-22 18:47:06.216 29191-29225 CameraManagerGlobal     app.forku                            I  Camera 20 facing CAMERA_FACING_BACK state now CAMERA_STATE_CLOSED for client android.system API Level 2
2025-07-22 18:47:06.216 29191-29225 CameraManagerGlobal     app.forku                            I  Camera 23 facing CAMERA_FACING_BACK state now CAMERA_STATE_CLOSED for client android.system API Level 2
2025-07-22 18:47:06.217 29191-29223 CameraManagerGlobal     app.forku                            I  Camera 3 facing CAMERA_FACING_FRONT state now CAMERA_STATE_ACTIVE for client com.samsung.adaptivebrightnessgo API Level 2
2025-07-22 18:47:06.217 29191-29223 CameraManagerGlobal     app.forku                            I  Camera 4 facing CAMERA_FACING_FRONT state now CAMERA_STATE_CLOSED for client android.system API Level 2
2025-07-22 18:47:06.218 29191-29225 CameraManagerGlobal     app.forku                            I  Camera 50 facing CAMERA_FACING_BACK state now CAMERA_STATE_CLOSED for client android.system API Level 2
2025-07-22 18:47:06.218 29191-29223 CameraManagerGlobal     app.forku                            I  Camera 52 facing CAMERA_FACING_BACK state now CAMERA_STATE_CLOSED for client android.system API Level 2
2025-07-22 18:47:06.219 29191-29223 CameraManagerGlobal     app.forku                            I  Camera 54 facing CAMERA_FACING_BACK state now CAMERA_STATE_CLOSED for client android.system API Level 2
2025-07-22 18:47:06.226 29191-29191 AuthDataStore           app.forku                            D  Getting cached application token: eyJhbGciOi
2025-07-22 18:47:06.226 29191-29191 AuthDataStore           app.forku                            D  [LOCK] getTokenExpirationDate() - token: eyJhbGciOiJIUzI1NiIsInR5cCI6Ik...
2025-07-22 18:47:06.226 29191-29191 AuthDataStore           app.forku                            D  [LOCK] JWT payload: {"UserId":"7c48494b-298a-4a7c-8dec-f9492f236b84","unique_name":"multisiteuser","family_name":"onlythat","Is2FAEnabled":"false","role":"User","nbf":1753227999,"exp":1753832799,"iat":1753227999,"iss":"self"}, exp: 1753832799
2025-07-22 18:47:06.261 29191-4888  CameraRepository        app.forku                            D  Added camera: 0
2025-07-22 18:47:06.324 29191-4888  Camera2CameraInfo       app.forku                            I  Device Level: INFO_SUPPORTED_HARDWARE_LEVEL_LIMITED
2025-07-22 18:47:06.326 29191-29191 QRFlow                  app.forku                            D  Camera permission not granted
2025-07-22 18:47:06.336 29191-4888  CameraManagerGlobal     app.forku                            I  postSingleUpdate device: camera id 0 status STATUS_PRESENT
2025-07-22 18:47:06.337 29191-4888  CameraManagerGlobal     app.forku                            I  postSingleUpdate device: camera id 1 status STATUS_PRESENT
2025-07-22 18:47:06.337 29191-4888  CameraManagerGlobal     app.forku                            I  postSingleUpdate device: camera id 2 status STATUS_PRESENT
2025-07-22 18:47:06.338 29191-4888  CameraManagerGlobal     app.forku                            I  postSingleUpdate device: camera id 3 status STATUS_PRESENT
2025-07-22 18:47:06.338 29191-4888  CameraRepository        app.forku                            D  Added camera: 1
2025-07-22 18:47:06.340 29191-4888  Camera2CameraInfo       app.forku                            I  Device Level: INFO_SUPPORTED_HARDWARE_LEVEL_LIMITED
2025-07-22 18:47:06.341 29191-4888  CameraManagerGlobal     app.forku                            I  postSingleUpdate device: camera id 0 status STATUS_PRESENT
2025-07-22 18:47:06.342 29191-4888  CameraManagerGlobal     app.forku                            I  postSingleUpdate device: camera id 1 status STATUS_PRESENT
2025-07-22 18:47:06.342 29191-4888  CameraManagerGlobal     app.forku                            I  postSingleUpdate device: camera id 2 status STATUS_PRESENT
2025-07-22 18:47:06.342 29191-4888  CameraManagerGlobal     app.forku                            I  postSingleUpdate device: camera id 3 status STATUS_PRESENT
2025-07-22 18:47:06.342 29191-4888  CameraRepository        app.forku                            D  Added camera: 2
2025-07-22 18:47:06.344 29191-4888  Camera2CameraInfo       app.forku                            I  Device Level: INFO_SUPPORTED_HARDWARE_LEVEL_LIMITED
2025-07-22 18:47:06.345 29191-4888  CameraManagerGlobal     app.forku                            I  postSingleUpdate device: camera id 0 status STATUS_PRESENT
2025-07-22 18:47:06.345 29191-4888  CameraManagerGlobal     app.forku                            I  postSingleUpdate device: camera id 1 status STATUS_PRESENT
2025-07-22 18:47:06.346 29191-4888  CameraManagerGlobal     app.forku                            I  postSingleUpdate device: camera id 2 status STATUS_PRESENT
2025-07-22 18:47:06.346 29191-4888  CameraManagerGlobal     app.forku                            I  postSingleUpdate device: camera id 3 status STATUS_PRESENT
2025-07-22 18:47:06.346 29191-4888  CameraRepository        app.forku                            D  Added camera: 3
2025-07-22 18:47:06.348 29191-4888  Camera2CameraInfo       app.forku                            I  Device Level: INFO_SUPPORTED_HARDWARE_LEVEL_LIMITED
2025-07-22 18:47:06.349 29191-4888  CameraManagerGlobal     app.forku                            I  postSingleUpdate device: camera id 0 status STATUS_PRESENT
2025-07-22 18:47:06.349 29191-4888  CameraManagerGlobal     app.forku                            I  postSingleUpdate device: camera id 1 status STATUS_PRESENT
2025-07-22 18:47:06.349 29191-4888  CameraManagerGlobal     app.forku                            I  postSingleUpdate device: camera id 2 status STATUS_PRESENT
2025-07-22 18:47:06.349 29191-4888  CameraManagerGlobal     app.forku                            I  postSingleUpdate device: camera id 3 status STATUS_PRESENT
2025-07-22 18:47:06.350 29191-4888  CameraValidator         app.forku                            D  Verifying camera lens facing on a12s, lensFacingInteger: null
2025-07-22 18:47:06.385 29191-29191 QRFlow                  app.forku                            D  Navigation LaunchedEffect triggered - hasNavigated: false, isProcessingNavigation: false
2025-07-22 18:47:06.385 29191-29191 QRFlow                  app.forku                            D  Current state: navigateToChecklist: false, vehicle: null
2025-07-22 18:47:06.385 29191-29191 QRFlow                  app.forku                            D  QRScanner screen entered/re-entered
2025-07-22 18:47:06.499 29191-29225 CameraManagerGlobal     app.forku                            I  Camera 3 facing CAMERA_FACING_FRONT state now CAMERA_STATE_IDLE for client com.samsung.adaptivebrightnessgo API Level 2
2025-07-22 18:47:06.533 29191-29191 SESSION_FLOW            app.forku                            D  [DEBUG] LaunchedEffect(authState) triggered. Current state: app.forku.core.auth.AuthenticationState$Authenticated@98b4d66
2025-07-22 18:47:06.533 29191-29191 SESSION_FLOW            app.forku                            D  [DEBUG] Authentication confirmed. User is authenticated.
2025-07-22 18:47:06.533 29191-29191 TokenExpirationInfo     app.forku                            D  Tiempo restante de token: 10079m 32s
2025-07-22 18:47:06.560 29191-29191 AuthDataStore           app.forku                            D  Getting cached application token: eyJhbGciOi
2025-07-22 18:47:06.560 29191-29191 AuthDataStore           app.forku                            D  [LOCK] getTokenExpirationDate() - token: eyJhbGciOiJIUzI1NiIsInR5cCI6Ik...
2025-07-22 18:47:06.561 29191-29191 AuthDataStore           app.forku                            D  [LOCK] JWT payload: {"UserId":"7c48494b-298a-4a7c-8dec-f9492f236b84","unique_name":"multisiteuser","family_name":"onlythat","Is2FAEnabled":"false","role":"User","nbf":1753227999,"exp":1753832799,"iat":1753227999,"iss":"self"}, exp: 1753832799
2025-07-22 18:47:06.569 29191-29191 QRFlow                  app.forku                            D  Screen State - isScanning: true, hasNavigated: false, isProcessingNavigation: false
2025-07-22 18:47:06.570 29191-29191 AuthDataStore           app.forku                            D  Getting cached application token: eyJhbGciOi
2025-07-22 18:47:06.570 29191-29191 AuthDataStore           app.forku                            D  [LOCK] getTokenExpirationDate() - token: eyJhbGciOiJIUzI1NiIsInR5cCI6Ik...
2025-07-22 18:47:06.570 29191-29191 AuthDataStore           app.forku                            D  [LOCK] JWT payload: {"UserId":"7c48494b-298a-4a7c-8dec-f9492f236b84","unique_name":"multisiteuser","family_name":"onlythat","Is2FAEnabled":"false","role":"User","nbf":1753227999,"exp":1753832799,"iat":1753227999,"iss":"self"}, exp: 1753832799
2025-07-22 18:47:06.584 29191-29225 CameraManagerGlobal     app.forku                            I  Camera 3 facing CAMERA_FACING_FRONT state now CAMERA_STATE_CLOSED for client com.samsung.adaptivebrightnessgo API Level 2
2025-07-22 18:47:06.596 29191-29191 DashboardScreen         app.forku                            D  Creating DashboardHeader with onSettingsClick for Operator
2025-07-22 18:47:06.597 29191-29191 DashboardHeader         app.forku                            D  DashboardHeader created - onSettingsClick is NOT NULL
2025-07-22 18:47:06.597 29191-29191 DashboardHeader         app.forku                            D  Total buttons to show: 1 (Profile: false, Notifications: false, Settings: true)
2025-07-22 18:47:06.598 29191-29191 DashboardHeader         app.forku                            D  Notifications button will NOT be shown
2025-07-22 18:47:06.598 29191-29191 DashboardHeader         app.forku                            D  Settings button will be shown
2025-07-22 18:47:06.602 29191-29191 SessionCardDebug        app.forku                            D  SessionCard vehicle: Vehicle(id=f3940e07-2c1a-4047-8444-036f5157f820, codename=Patrol, type=VehicleType(Id=6948c970-bbeb-48d3-bd4c-ce26b2d30993, Name=Light Truck, RequiresCertification=false, VehicleCategoryId=a0f2f612-7a71-479d-9dbf-19369a5a0de3, IsMarkedForDeletion=false, InternalObjectId=0), status=AVAILABLE, model=123654MBT, serialNumber=123654890, description=Test, bestSuitedFor=Test, photoModel=, categoryId=a0f2f612-7a71-479d-9dbf-19369a5a0de3, vehicleTypeId=, energyType=DIESEL, energySource=2, energySourceDisplayString=null, nextService=0, currentHourMeter=26,0, hasIssues=false, businessId=dcd930f6-6d66-4990-8837-a6c1e96a8256, siteId=370affcb-34a1-4993-a613-729fe31e9834, isDirty=true, isNew=true, isMarkedForDeletion=false)
2025-07-22 18:47:06.602 29191-29191 SessionCardDebug        app.forku                            D  SessionCard vehicle.photoModel:
2025-07-22 18:47:06.603 29191-29191 SessionCardDebug        app.forku                            D  SessionContent vehicle: Vehicle(id=f3940e07-2c1a-4047-8444-036f5157f820, codename=Patrol, type=VehicleType(Id=6948c970-bbeb-48d3-bd4c-ce26b2d30993, Name=Light Truck, RequiresCertification=false, VehicleCategoryId=a0f2f612-7a71-479d-9dbf-19369a5a0de3, IsMarkedForDeletion=false, InternalObjectId=0), status=AVAILABLE, model=123654MBT, serialNumber=123654890, description=Test, bestSuitedFor=Test, photoModel=, categoryId=a0f2f612-7a71-479d-9dbf-19369a5a0de3, vehicleTypeId=, energyType=DIESEL, energySource=2, energySourceDisplayString=null, nextService=0, currentHourMeter=26,0, hasIssues=false, businessId=dcd930f6-6d66-4990-8837-a6c1e96a8256, siteId=370affcb-34a1-4993-a613-729fe31e9834, isDirty=true, isNew=true, isMarkedForDeletion=false)
2025-07-22 18:47:06.603 29191-29191 SessionCardDebug        app.forku                            D  SessionContent vehicle.photoModel:
2025-07-22 18:47:06.604 29191-29191 OverlappingImages       app.forku                            D  Function parameters:
2025-07-22 18:47:06.604 29191-29191 OverlappingImages       app.forku                            D  mainImageUrl=https://godev.collectiveintelligence.com.au/forkuapp-de6b98b5-4402-4a8f-891b-70b3591df162/api/vehicle/file/f3940e07-2c1a-4047-8444-036f5157f820/Picture?t=%LASTEDITEDTIME%
2025-07-22 18:47:06.604 29191-29191 OverlappingImages       app.forku                            D  overlayImageUrl=null
2025-07-22 18:47:06.604 29191-29191 OverlappingImages       app.forku                            D  mainTint=Color(0.0, 0.0, 0.0, 1.0, sRGB IEC61966-2.1)
2025-07-22 18:47:06.604 29191-29191 OverlappingImages       app.forku                            D  overlayBackground=Color(1.0, 1.0, 1.0, 1.0, sRGB IEC61966-2.1)
2025-07-22 18:47:06.604 29191-29191 OverlappingImages       app.forku                            D  mainSize=120
2025-07-22 18:47:06.604 29191-29191 OverlappingImages       app.forku                            D  overlaySize=60
2025-07-22 18:47:06.604 29191-29191 OverlappingImages       app.forku                            D  overlayUserId=7c48494b-298a-4a7c-8dec-f9492f236b84
2025-07-22 18:47:06.604 29191-29191 OverlappingImages       app.forku                            D  overlayFirstName=multisiteuser
2025-07-22 18:47:06.604 29191-29191 OverlappingImages       app.forku                            D  overlayLastName=onlythat
2025-07-22 18:47:06.604 29191-29191 OverlappingImages       app.forku                            D  Rendering overlay: overlayImageUrl=null, overlayFirstName=multisiteuser, overlayLastName=onlythat, userImageUrl=https://godev.collectiveintelligence.com.au/forkuapp-de6b98b5-4402-4a8f-891b-70b3591df162/api/gouser/file/7c48494b-298a-4a7c-8dec-f9492f236b84/Picture?t=%LASTEDITEDTIME%
2025-07-22 18:47:06.604 29191-29191 OverlappingImages       app.forku                            D  mainImageUrl=https://godev.collectiveintelligence.com.au/forkuapp-de6b98b5-4402-4a8f-891b-70b3591df162/api/vehicle/file/f3940e07-2c1a-4047-8444-036f5157f820/Picture?t=%LASTEDITEDTIME%, overlayFirstName=multisiteuser, overlayLastName=onlythat
2025-07-22 18:47:06.604 29191-29191 OverlappingImages       app.forku                            D  Rendering main image: https://godev.collectiveintelligence.com.au/forkuapp-de6b98b5-4402-4a8f-891b-70b3591df162/api/vehicle/file/f3940e07-2c1a-4047-8444-036f5157f820/Picture?t=%LASTEDITEDTIME%
2025-07-22 18:47:06.606 29191-29191 OverlappingImages       app.forku                            D  Intentando cargar imagen overlay: https://godev.collectiveintelligence.com.au/forkuapp-de6b98b5-4402-4a8f-891b-70b3591df162/api/gouser/file/7c48494b-298a-4a7c-8dec-f9492f236b84/Picture?t=%LASTEDITEDTIME% para usuario: multisiteuser onlythat (userId: 7c48494b-298a-4a7c-8dec-f9492f236b84)
2025-07-22 18:47:06.607 29191-29191 OverlappingImages       app.forku                            D  Overlay rendering complete.
2025-07-22 18:47:06.607 29191-29191 SessionCardDebug        app.forku                            D  OverlappingImages mainImageUrl: https://godev.collectiveintelligence.com.au/forkuapp-de6b98b5-4402-4a8f-891b-70b3591df162/api/vehicle/file/f3940e07-2c1a-4047-8444-036f5157f820/Picture?t=%LASTEDITEDTIME%
2025-07-22 18:47:06.653 29191-29191 MainActivity            app.forku                            D  ðŸŒ™ App going to background
2025-07-22 18:47:06.698 29191-29191 QRFlow                  app.forku                            D  Camera permission not granted
2025-07-22 18:47:06.717 29191-29191 ViewRootImpl            app.forku                            I  updatePointerIcon pointerType = 1000, calling pid = 29191
2025-07-22 18:47:06.717 29191-29191 InputManager            app.forku                            D  setPointerIconType iconId = 1000, callingPid = 29191
2025-07-22 18:47:07.266 29191-29191 QRFlow                  app.forku                            D  Screen State - isScanning: true, hasNavigated: false, isProcessingNavigation: false
2025-07-22 18:47:07.267 29191-29191 AuthDataStore           app.forku                            D  Getting cached application token: eyJhbGciOi
2025-07-22 18:47:07.268 29191-29191 AuthDataStore           app.forku                            D  [LOCK] getTokenExpirationDate() - token: eyJhbGciOiJIUzI1NiIsInR5cCI6Ik...
2025-07-22 18:47:07.268 29191-29191 AuthDataStore           app.forku                            D  [LOCK] JWT payload: {"UserId":"7c48494b-298a-4a7c-8dec-f9492f236b84","unique_name":"multisiteuser","family_name":"onlythat","Is2FAEnabled":"false","role":"User","nbf":1753227999,"exp":1753832799,"iat":1753227999,"iss":"self"}, exp: 1753832799
2025-07-22 18:47:07.390 29191-29191 QRFlow                  app.forku                            D  Screen State - isScanning: true, hasNavigated: false, isProcessingNavigation: false
2025-07-22 18:47:07.392 29191-29191 AuthDataStore           app.forku                            D  Getting cached application token: eyJhbGciOi
2025-07-22 18:47:07.392 29191-29191 AuthDataStore           app.forku                            D  [LOCK] getTokenExpirationDate() - token: eyJhbGciOiJIUzI1NiIsInR5cCI6Ik...
2025-07-22 18:47:07.393 29191-29191 AuthDataStore           app.forku                            D  [LOCK] JWT payload: {"UserId":"7c48494b-298a-4a7c-8dec-f9492f236b84","unique_name":"multisiteuser","family_name":"onlythat","Is2FAEnabled":"false","role":"User","nbf":1753227999,"exp":1753832799,"iat":1753227999,"iss":"self"}, exp: 1753832799
2025-07-22 18:47:07.398 29191-29191 QRFlow                  app.forku                            D  Camera permission not granted
2025-07-22 18:47:07.411 29191-29191 ViewRootIm...nActivity] app.forku                            I  MSG_WINDOW_FOCUS_CHANGED 0 1
2025-07-22 18:47:07.453 29191-29191 InputTransport          app.forku                            D  Input channel destroyed: 'ClientS', fd=144
2025-07-22 18:47:08.677 29191-29191 ViewRootIm...nActivity] app.forku                            I  stopped(false) old=false
2025-07-22 18:47:08.677 29191-29191 MainActivity            app.forku                            D  ðŸŒ… App coming to foreground
2025-07-22 18:47:08.678 29191-29191 AuthDataStore           app.forku                            D  Getting cached application token: eyJhbGciOi
2025-07-22 18:47:08.678 29191-29191 AuthDataStore           app.forku                            D  [LOCK] isTokenValid() - token: eyJhbGciOiJIUzI1NiIsInR5cCI6Ik...
2025-07-22 18:47:08.678 29191-29191 AuthDataStore           app.forku                            D  Getting cached application token: eyJhbGciOi
2025-07-22 18:47:08.679 29191-29191 AuthDataStore           app.forku                            D  [LOCK] getTokenExpirationDate() - token: eyJhbGciOiJIUzI1NiIsInR5cCI6Ik...
2025-07-22 18:47:08.679 29191-29191 AuthDataStore           app.forku                            D  [LOCK] JWT payload: {"UserId":"7c48494b-298a-4a7c-8dec-f9492f236b84","unique_name":"multisiteuser","family_name":"onlythat","Is2FAEnabled":"false","role":"User","nbf":1753227999,"exp":1753832799,"iat":1753227999,"iss":"self"}, exp: 1753832799
2025-07-22 18:47:08.680 29191-29191 AuthDataStore           app.forku                            D  [LOCK] isTokenValid() - expiration: Tue Jul 29 18:46:39 GMT-05:00 2025
2025-07-22 18:47:08.680 29191-29191 AuthDataStore           app.forku                            D  [LOCK] isTokenValid() - timeUntilExpiration: 604770320, isValid: true
2025-07-22 18:47:08.680 29191-29191 MainActivity            app.forku                            I  âœ… Token is still valid, session continues
2025-07-22 18:47:08.683 29191-29191 DecorView               app.forku                            I  notifyKeepScreenOnChanged: keepScreenOn=false
2025-07-22 18:47:08.766 29191-29191 InsetsSourceConsumer    app.forku                            D  ensureControlAlpha: for ITYPE_NAVIGATION_BAR on app.forku/app.forku.MainActivity
2025-07-22 18:47:08.767 29191-29191 InsetsSourceConsumer    app.forku                            D  ensureControlAlpha: for ITYPE_STATUS_BAR on app.forku/app.forku.MainActivity
2025-07-22 18:47:08.768 29191-29191 ViewRootIm...nActivity] app.forku                            I  Relayout returned: old=(0,0,720,1600) new=(0,0,720,1600) req=(720,1600)0 dur=9 res=0x1 s={true -5476376662562906112} ch=false fn=5849
2025-07-22 18:47:08.781 29191-29191 QRFlow                  app.forku                            D  Setting up camera preview
2025-07-22 18:47:08.810 29191-29191 QRFlow                  app.forku                            D  Binding camera lifecycle
2025-07-22 18:47:08.851 29191-29191 CameraOrientationUtil   app.forku                            D  getRelativeImageRotation: destRotationDegrees=0, sourceRotationDegrees=90, isOppositeFacing=true, result=90
2025-07-22 18:47:08.852 29191-29191 CameraOrientationUtil   app.forku                            D  getRelativeImageRotation: destRotationDegrees=0, sourceRotationDegrees=90, isOppositeFacing=true, result=90
2025-07-22 18:47:08.878 29191-29191 DynamicRangeResolver    app.forku                            D  Resolved dynamic range for use case androidx.camera.core.Preview-2b839079-e16a-4d8f-bb4a-892b4dd7efe9 to no compatible HDR dynamic ranges.
                                                                                                    DynamicRange@b61ceb5{encoding=UNSPECIFIED, bitDepth=0}
                                                                                                    ->
                                                                                                    DynamicRange@99b5aec{encoding=SDR, bitDepth=8}
2025-07-22 18:47:08.898 29191-29191 CameraOrientationUtil   app.forku                            D  getRelativeImageRotation: destRotationDegrees=0, sourceRotationDegrees=90, isOppositeFacing=true, result=90
2025-07-22 18:47:08.902 29191-29191 DeferrableSurface       app.forku                            D  Surface created[total_surfaces=1, used_surfaces=0](androidx.camera.core.processing.SurfaceEdge$SettableSurface@cf0c016}
2025-07-22 18:47:08.909 29191-29191 DeferrableSurface       app.forku                            D  Surface created[total_surfaces=2, used_surfaces=0](androidx.camera.core.SurfaceRequest$2@630c7a2}
2025-07-22 18:47:08.912 29191-29191 DeferrableSurface       app.forku                            D  New surface in use[total_surfaces=2, used_surfaces=1](androidx.camera.core.SurfaceRequest$2@630c7a2}
2025-07-22 18:47:08.912 29191-29191 DeferrableSurface       app.forku                            D  use count+1, useCount=1 androidx.camera.core.SurfaceRequest$2@630c7a2
2025-07-22 18:47:08.915 29191-29191 CameraOrientationUtil   app.forku                            D  getRelativeImageRotation: destRotationDegrees=0, sourceRotationDegrees=90, isOppositeFacing=true, result=90
2025-07-22 18:47:08.935 29191-29191 CameraOrientationUtil   app.forku                            D  getRelativeImageRotation: destRotationDegrees=0, sourceRotationDegrees=90, isOppositeFacing=true, result=90
2025-07-22 18:47:08.936 29191-29191 CameraOrientationUtil   app.forku                            D  getRelativeImageRotation: destRotationDegrees=0, sourceRotationDegrees=90, isOppositeFacing=true, result=90
2025-07-22 18:47:08.942 29191-29191 DeferrableSurface       app.forku                            D  Surface created[total_surfaces=3, used_surfaces=1](androidx.camera.core.impl.ImmediateSurface@251b88f}
2025-07-22 18:47:08.945 29191-4891  Camera2CameraImpl       app.forku                            D  {Camera@63bc50a[id=0]} Use case androidx.camera.core.Preview-2b839079-e16a-4d8f-bb4a-892b4dd7efe94259314 ACTIVE
2025-07-22 18:47:08.947 29191-29191 ViewRootIm...nActivity] app.forku                            I  MSG_WINDOW_FOCUS_CHANGED 1 1
2025-07-22 18:47:08.948 29191-4891  UseCaseAttachState      app.forku                            D  Active and attached use case: [] for camera: 0
2025-07-22 18:47:08.949 29191-29191 InputMethodManager      app.forku                            D  startInputInner - Id : 0
2025-07-22 18:47:08.949 29191-29191 InputMethodManager      app.forku                            I  startInputInner - mService.startInputOrWindowGainedFocus
2025-07-22 18:47:08.953 29191-4891  Camera2CameraImpl       app.forku                            D  {Camera@63bc50a[id=0]} Use case androidx.camera.core.ImageAnalysis-e0928425-9af7-4e60-a543-b241d72e54e270782019 ACTIVE
2025-07-22 18:47:08.953 29191-4891  UseCaseAttachState      app.forku                            D  Active and attached use case: [] for camera: 0
2025-07-22 18:47:08.955 29191-4891  Camera2CameraImpl       app.forku                            D  {Camera@63bc50a[id=0]} Use cases [androidx.camera.core.Preview-2b839079-e16a-4d8f-bb4a-892b4dd7efe94259314, androidx.camera.core.ImageAnalysis-e0928425-9af7-4e60-a543-b241d72e54e270782019] now ATTACHED
2025-07-22 18:47:08.957 29191-4891  UseCaseAttachState      app.forku                            D  All use case: [androidx.camera.core.Preview-2b839079-e16a-4d8f-bb4a-892b4dd7efe94259314, androidx.camera.core.ImageAnalysis-e0928425-9af7-4e60-a543-b241d72e54e270782019] for camera: 0
2025-07-22 18:47:08.958 29191-4891  UseCaseAttachState      app.forku                            D  Active and attached use case: [androidx.camera.core.Preview-2b839079-e16a-4d8f-bb4a-892b4dd7efe94259314, androidx.camera.core.ImageAnalysis-e0928425-9af7-4e60-a543-b241d72e54e270782019] for camera: 0
2025-07-22 18:47:08.963 29191-4891  Camera2CameraImpl       app.forku                            D  {Camera@63bc50a[id=0]} Resetting Capture Session
2025-07-22 18:47:08.963 29191-4891  Camera2CameraImpl       app.forku                            D  {Camera@63bc50a[id=0]} Releasing session in state INITIALIZED
2025-07-22 18:47:08.965 29191-4891  Camera2CameraImpl       app.forku                            D  {Camera@63bc50a[id=0]} Attempting to force open the camera.
2025-07-22 18:47:08.965 29191-4891  CameraStateRegistry     app.forku                            D  tryOpenCamera(Camera@63bc50a[id=0]) [Available Cameras: 1, Already Open: false (Previous state: null)] --> SUCCESS
2025-07-22 18:47:08.966 29191-4891  CameraStateRegistry     app.forku                            D  Recalculating open cameras:
                                                                                                    Camera                                       State
                                                                                                    -------------------------------------------------------------------
                                                                                                    Camera@2b344f3[id=1]                         UNKNOWN
                                                                                                    Camera@63bc50a[id=0]                         OPENING
                                                                                                    Camera@344cae0[id=3]                         UNKNOWN
                                                                                                    Camera@2105f6b[id=2]                         UNKNOWN
                                                                                                    -------------------------------------------------------------------
                                                                                                    Open count: 1 (Max allowed: 1)
2025-07-22 18:47:08.966 29191-4891  Camera2CameraImpl       app.forku                            D  {Camera@63bc50a[id=0]} Opening camera.
2025-07-22 18:47:08.966 29191-4891  Camera2CameraImpl       app.forku                            D  {Camera@63bc50a[id=0]} Transitioning camera internal state: INITIALIZED --> OPENING
2025-07-22 18:47:08.967 29191-4891  CameraStateMachine      app.forku                            D  New public camera state CameraState{type=OPENING, error=null} from OPENING and null
2025-07-22 18:47:08.967 29191-4891  CameraStateMachine      app.forku                            D  Publishing new public camera state CameraState{type=OPENING, error=null}
2025-07-22 18:47:08.968 29191-4891  UseCaseAttachState      app.forku                            D  All use case: [androidx.camera.core.Preview-2b839079-e16a-4d8f-bb4a-892b4dd7efe94259314, androidx.camera.core.ImageAnalysis-e0928425-9af7-4e60-a543-b241d72e54e270782019] for camera: 0
2025-07-22 18:47:09.026 29191-29191 PreviewView             app.forku                            D  Surface requested by Preview.
2025-07-22 18:47:09.027 29191-30174 CameraManagerGlobal     app.forku                            I  postSingleUpdate device: camera id 0 status STATUS_NOT_AVAILABLE
2025-07-22 18:47:09.027 29191-30174 CameraManagerGlobal     app.forku                            I  postSingleUpdate device: camera id 0 status STATUS_NOT_AVAILABLE
2025-07-22 18:47:09.027 29191-30174 CameraManagerGlobal     app.forku                            I  postSingleUpdate device: camera id 0 status STATUS_NOT_AVAILABLE
2025-07-22 18:47:09.027 29191-30174 CameraManagerGlobal     app.forku                            I  postSingleUpdate device: camera id 0 status STATUS_NOT_AVAILABLE
2025-07-22 18:47:09.036 29191-29191 SurfaceView@3f76db4     app.forku                            I  onWindowVisibilityChanged(0) true android.view.SurfaceView{3f76db4 V.E...... ......I. 0,0-0,0} of ViewRootImpl@87378ff[MainActivity]
2025-07-22 18:47:09.043 29191-29225 CameraManagerGlobal     app.forku                            I  Camera 0 facing CAMERA_FACING_BACK state now CAMERA_STATE_OPEN for client app.forku API Level 2
2025-07-22 18:47:09.045 29191-4891  Camera2CameraImpl       app.forku                            D  {Camera@63bc50a[id=0]} Use case androidx.camera.core.Preview-2b839079-e16a-4d8f-bb4a-892b4dd7efe94259314 ACTIVE
2025-07-22 18:47:09.047 29191-4891  UseCaseAttachState      app.forku                            D  Active and attached use case: [androidx.camera.core.Preview-2b839079-e16a-4d8f-bb4a-892b4dd7efe94259314, androidx.camera.core.ImageAnalysis-e0928425-9af7-4e60-a543-b241d72e54e270782019] for camera: 0
2025-07-22 18:47:09.052 29191-4891  Camera2CameraImpl       app.forku                            D  {Camera@63bc50a[id=0]} Use case androidx.camera.core.ImageAnalysis-e0928425-9af7-4e60-a543-b241d72e54e270782019 ACTIVE
2025-07-22 18:47:09.054 29191-4891  UseCaseAttachState      app.forku                            D  Active and attached use case: [androidx.camera.core.Preview-2b839079-e16a-4d8f-bb4a-892b4dd7efe94259314, androidx.camera.core.ImageAnalysis-e0928425-9af7-4e60-a543-b241d72e54e270782019] for camera: 0
2025-07-22 18:47:09.055 29191-29191 ViewRootIm...nActivity] app.forku                            I  Relayout returned: old=(0,0,720,1600) new=(0,0,720,1600) req=(720,1600)0 dur=15 res=0x1 s={true -5476376662562906112} ch=false fn=5850
2025-07-22 18:47:09.059 29191-4891  Camera2CameraImpl       app.forku                            D  {Camera@63bc50a[id=0]} CameraDevice.onOpened()
2025-07-22 18:47:09.059 29191-4891  Camera2CameraImpl       app.forku                            D  {Camera@63bc50a[id=0]} Transitioning camera internal state: OPENING --> OPENED
2025-07-22 18:47:09.060 29191-4891  CameraStateRegistry     app.forku                            D  Recalculating open cameras:
                                                                                                    Camera                                       State
                                                                                                    -------------------------------------------------------------------
                                                                                                    Camera@2b344f3[id=1]                         UNKNOWN
                                                                                                    Camera@63bc50a[id=0]                         OPEN
                                                                                                    Camera@344cae0[id=3]                         UNKNOWN
                                                                                                    Camera@2105f6b[id=2]                         UNKNOWN
                                                                                                    -------------------------------------------------------------------
                                                                                                    Open count: 1 (Max allowed: 1)
2025-07-22 18:47:09.060 29191-4891  CameraStateMachine      app.forku                            D  New public camera state CameraState{type=OPEN, error=null} from OPEN and null
2025-07-22 18:47:09.060 29191-4891  CameraStateMachine      app.forku                            D  Publishing new public camera state CameraState{type=OPEN, error=null}
2025-07-22 18:47:09.061 29191-29191 PreviewView             app.forku                            D  Preview transformation info updated. TransformationInfo{getCropRect=Rect(0, 0 - 960, 720), getRotationDegrees=90, getTargetRotation=-1, hasCameraTransform=true, getSensorToBufferTransform=Matrix{[1.0, 0.0, 0.0][0.0, 1.0, 0.0][0.0, 0.0, 1.0]}, getMirroring=false}
2025-07-22 18:47:09.061 29191-29191 PreviewTransform        app.forku                            D  Transformation info set: TransformationInfo{getCropRect=Rect(0, 0 - 960, 720), getRotationDegrees=90, getTargetRotation=-1, hasCameraTransform=true, getSensorToBufferTransform=Matrix{[1.0, 0.0, 0.0][0.0, 1.0, 0.0][0.0, 0.0, 1.0]}, getMirroring=false} 960x720 false
2025-07-22 18:47:09.061 29191-29191 CameraOrientationUtil   app.forku                            D  getRelativeImageRotation: destRotationDegrees=0, sourceRotationDegrees=90, isOppositeFacing=true, result=90
2025-07-22 18:47:09.062 29191-4891  UseCaseAttachState      app.forku                            D  All use case: [androidx.camera.core.Preview-2b839079-e16a-4d8f-bb4a-892b4dd7efe94259314, androidx.camera.core.ImageAnalysis-e0928425-9af7-4e60-a543-b241d72e54e270782019] for camera: 0
2025-07-22 18:47:09.066 29191-29191 SurfaceViewImpl         app.forku                            D  Wait for new Surface creation.
2025-07-22 18:47:09.073 29191-4891  UseCaseAttachState      app.forku                            D  Active and attached use case: [androidx.camera.core.Preview-2b839079-e16a-4d8f-bb4a-892b4dd7efe94259314, androidx.camera.core.ImageAnalysis-e0928425-9af7-4e60-a543-b241d72e54e270782019] for camera: 0
2025-07-22 18:47:09.089 29191-29191 SurfaceView@3f76db4     app.forku                            I  pST: sr = Rect(0, 251 - 960, 971) sw = 960 sh = 720
2025-07-22 18:47:09.089 29191-29191 SurfaceView@3f76db4     app.forku                            I  onSSPAndSRT: pl = 0 pt = 251 sx = 1.0 sy = 1.0
2025-07-22 18:47:09.090 29191-29191 SurfaceView@3f76db4     app.forku                            I  pST: mTmpTransaction.apply, mTmpTransaction = android.view.SurfaceControl$Transaction@e720176
2025-07-22 18:47:09.091 29191-29191 SurfaceView@3f76db4     app.forku                            I  updateSurface: mVisible = true mSurface.isValid() = true
2025-07-22 18:47:09.091 29191-29191 SurfaceView@3f76db4     app.forku                            I  updateSurface: mSurfaceCreated = false surfaceChanged = true visibleChanged = true
2025-07-22 18:47:09.091 29191-29191 SurfaceView@3f76db4     app.forku                            I  surfaceCreated 1 #8 android.view.SurfaceView{3f76db4 V.E...... ......I. 0,0-960,720}
2025-07-22 18:47:09.091 29191-29191 SurfaceViewImpl         app.forku                            D  Surface created.
2025-07-22 18:47:09.091 29191-29191 SurfaceView@3f76db4     app.forku                            I  surfaceChanged (960,720) 1 #8 android.view.SurfaceView{3f76db4 V.E...... ......I. 0,0-960,720}
2025-07-22 18:47:09.091 29191-29191 SurfaceViewImpl         app.forku                            D  Surface changed. Size: 960x720
2025-07-22 18:47:09.092 29191-29191 SurfaceViewImpl         app.forku                            D  Surface set on Preview.
2025-07-22 18:47:09.093 29191-4888  SyncCaptureSessionBase  app.forku                            D  [androidx.camera.camera2.internal.SynchronizedCaptureSessionBaseImpl@d4fd84d] getSurface...done
2025-07-22 18:47:09.093 29191-4888  CaptureSession          app.forku                            D  Opening capture session.
2025-07-22 18:47:09.095 29191-29191 ViewRootIm...nActivity] app.forku                            I  [DP] dp(1) 1 android.view.SurfaceView.updateSurface:1375 android.view.SurfaceView.lambda$new$1$SurfaceView:254 android.view.SurfaceView$$ExternalSyntheticLambda2.onPreDraw:2
2025-07-22 18:47:09.097 29191-29191 ViewRootIm...nActivity] app.forku                            I  [DP] pdf(0) 1 android.view.SurfaceView.notifyDrawFinished:599 android.view.SurfaceView.performDrawFinished:586 android.view.SurfaceView.$r8$lambda$st27mCkd9jfJkTrN_P3qIGKX6NY:0
2025-07-22 18:47:09.097 29191-29191 ViewRootIm...nActivity] app.forku                            I  [DP] rdf()
2025-07-22 18:47:09.097 29191-29191 ViewRootIm...nActivity] app.forku                            D  reportDrawFinished (fn: 5850)
2025-07-22 18:47:09.099 29191-29191 SurfaceView@3f76db4     app.forku                            I  pST: mTmpTransaction.apply, mTmpTransaction = android.view.SurfaceControl$Transaction@e720176
2025-07-22 18:47:09.100 29191-29191 SurfaceView@3f76db4     app.forku                            I  updateSurface: mVisible = true mSurface.isValid() = true
2025-07-22 18:47:09.100 29191-29191 SurfaceView@3f76db4     app.forku                            I  updateSurface: mSurfaceCreated = true surfaceChanged = false visibleChanged = false
2025-07-22 18:47:09.103 29191-29501 SurfaceView@3f76db4     app.forku                            I  uSP: rtp = Rect(-113, 251 - 833, 1510) rtsw = 960 rtsh = 720
2025-07-22 18:47:09.103 29191-29501 SurfaceView@3f76db4     app.forku                            I  onSSPAndSRT: pl = -113 pt = 251 sx = 0.98541665 sy = 1.7486111
2025-07-22 18:47:09.105 29191-29501 SurfaceView@3f76db4     app.forku                            I  aOrMT: uB = true t = android.view.SurfaceControl$Transaction@774bf02 fN = 5851 android.view.SurfaceView.access$500:124 android.view.SurfaceView$SurfaceViewPositionUpdateListener.positionChanged:1728 android.graphics.RenderNode$CompositePositionUpdateListener.positionChanged:319
2025-07-22 18:47:09.106 29191-29501 SurfaceView@3f76db4     app.forku                            I  aOrMT: vR.mWNT, vR = ViewRootImpl@87378ff[MainActivity]
2025-07-22 18:47:09.106 29191-4888  DeferrableSurface       app.forku                            D  use count+1, useCount=2 androidx.camera.core.SurfaceRequest$2@630c7a2
2025-07-22 18:47:09.106 29191-4888  DeferrableSurface       app.forku                            D  New surface in use[total_surfaces=3, used_surfaces=2](androidx.camera.core.impl.ImmediateSurface@251b88f}
2025-07-22 18:47:09.106 29191-29501 ViewRootIm...nActivity] app.forku                            I  mWNT: t = android.view.SurfaceControl$Transaction@774bf02 fN = 5851 android.view.SurfaceView.applyOrMergeTransaction:1628 android.view.SurfaceView.access$500:124 android.view.SurfaceView$SurfaceViewPositionUpdateListener.positionChanged:1728
2025-07-22 18:47:09.106 29191-29501 ViewRootIm...nActivity] app.forku                            I  mWNT: merge t to BBQ
2025-07-22 18:47:09.106 29191-4888  DeferrableSurface       app.forku                            D  use count+1, useCount=1 androidx.camera.core.impl.ImmediateSurface@251b88f
2025-07-22 18:47:09.255 29191-4888  CaptureSession          app.forku                            D  Attempting to send capture request onConfigured
2025-07-22 18:47:09.255 29191-4888  CaptureSession          app.forku                            D  Issuing request for session.
2025-07-22 18:47:09.257 29191-4888  Camera2Cap...estBuilder app.forku                            D  createCaptureRequest
2025-07-22 18:47:09.265 29191-4888  CaptureSession          app.forku                            D  CameraCaptureSession.onConfigured() mState=OPENED
2025-07-22 18:47:09.266 29191-4888  CaptureSession          app.forku                            D  CameraCaptureSession.onReady() OPENED
2025-07-22 18:47:09.267 29191-30174 CameraManagerGlobal     app.forku                            I  Camera 0 facing CAMERA_FACING_BACK state now CAMERA_STATE_ACTIVE for client app.forku API Level 2
2025-07-22 18:47:09.635 29191-29191 ViewRootImpl            app.forku                            I  updatePointerIcon pointerType = 1000, calling pid = 29191
2025-07-22 18:47:09.637 29191-29191 InputManager            app.forku                            D  setPointerIconType iconId = 1000, callingPid = 29191
2025-07-22 18:47:10.174 29191-4891  StreamStateObserver     app.forku                            D  Update Preview stream state to STREAMING
2025-07-22 18:47:10.190 29191-5025  QRFlow                  app.forku                            D  [ImageAnalyzer] Processing new frame
2025-07-22 18:47:10.326 29191-5033  DynamiteModule          app.forku                            I  Considering local module com.google.mlkit.dynamite.barcode:10000 and remote module com.google.mlkit.dynamite.barcode:0
2025-07-22 18:47:10.326 29191-5033  DynamiteModule          app.forku                            I  Selected local version of com.google.mlkit.dynamite.barcode
2025-07-22 18:47:10.364 29191-5033  nativeloader            app.forku                            D  Load /data/app/~~PGyvoSmIlkAE2QkZp0-lWg==/app.forku-uIG8uggZ2AmK7BPlIlMq1g==/base.apk!/lib/arm64-v8a/libbarhopper_v3.so using class loader ns clns-5 (caller=/data/app/~~PGyvoSmIlkAE2QkZp0-lWg==/app.forku-uIG8uggZ2AmK7BPlIlMq1g==/base.apk!classes19.dex): ok
2025-07-22 18:47:10.432 29191-5028  TransportR...EventStore app.forku                            D  Storing event with priority=VERY_LOW, name=FIREBASE_ML_SDK for destination cct
2025-07-22 18:47:10.436 29191-5033  tflite                  app.forku                            I  Initialized TensorFlow Lite runtime.
2025-07-22 18:47:10.443 29191-5033  libc                    app.forku                            E  Access denied finding property "ro.mediatek.platform"
2025-07-22 18:47:10.447 29191-5028  TransportR...oScheduler app.forku                            D  Scheduling upload for context TransportContext(cct, VERY_LOW, MSRodHRwczovL2ZpcmViYXNlbG9nZ2luZy5nb29nbGVhcGlzLmNvbS92MGNjL2xvZy9iYXRjaD9mb3JtYXQ9anNvbl9wcm90bzNc) with jobId=-1216536323 in 86400000ms(Backend next call timestamp 0). Attempt 1
2025-07-22 18:47:10.463 29191-5033  tflite                  app.forku                            I  Created TensorFlow Lite XNNPACK delegate for CPU.
2025-07-22 18:47:10.464 29191-5033  tflite                  app.forku                            I  Replacing 43 out of 43 node(s) with delegate (TfLiteXNNPackDelegate) node, yielding 1 partitions for the whole graph.
2025-07-22 18:47:10.468 29191-5033  tflite                  app.forku                            I  Replacing 42 out of 47 node(s) with delegate (TfLiteXNNPackDelegate) node, yielding 11 partitions for the whole graph.
2025-07-22 18:47:10.473 29191-5033  native                  app.forku                            I  I0000 00:00:1753228030.473439    5033 oned_decoder_client.cc:695] barhopper::deep_learning::OnedDecoderClient is created successfully.
2025-07-22 18:47:10.508 29191-5028  TransportR...EventStore app.forku                            D  Storing event with priority=DEFAULT, name=FIREBASE_ML_SDK for destination cct
2025-07-22 18:47:10.519 29191-5028  TransportR...oScheduler app.forku                            D  Scheduling upload for context TransportContext(cct, DEFAULT, MSRodHRwczovL2ZpcmViYXNlbG9nZ2luZy5nb29nbGVhcGlzLmNvbS92MGNjL2xvZy9iYXRjaD9mb3JtYXQ9anNvbl9wcm90bzNc) with jobId=-1221517060 in 30000ms(Backend next call timestamp 0). Attempt 1
2025-07-22 18:47:10.525 29191-29191 QRFlow                  app.forku                            D  [ImageAnalyzer] No barcodes found in frame
2025-07-22 18:47:10.527 29191-5025  QRFlow                  app.forku                            D  [ImageAnalyzer] Processing new frame
2025-07-22 18:47:10.529 29191-5028  TransportR...EventStore app.forku                            D  Storing event with priority=VERY_LOW, name=FIREBASE_ML_SDK for destination cct
2025-07-22 18:47:10.536 29191-5028  TransportR...oScheduler app.forku                            D  Upload for context TransportContext(cct, VERY_LOW, MSRodHRwczovL2ZpcmViYXNlbG9nZ2luZy5nb29nbGVhcGlzLmNvbS92MGNjL2xvZy9iYXRjaD9mb3JtYXQ9anNvbl9wcm90bzNc) is already scheduled. Returning...
