2025-07-14 22:13:25.201 18564-18564 LoginViewModel          app.forku                            D  [CONTEXT] Business context loaded successfully
2025-07-14 22:13:25.201 18564-18564 LoginViewModel          app.forku                            D  [CONTEXT] Checking if user needs preferences setup...
2025-07-14 22:13:25.203 18564-18796 UserPreferencesRepo     app.forku                            D  🔍 getCurrentUserPreferences called - starting user preferences loading
2025-07-14 22:13:25.203 18564-18796 UserPreferencesRepo     app.forku                            D  🔍 About to call getCurrentUserWithPreferences...
2025-07-14 22:13:25.215 18564-18796 appflow UserRepository  app.forku                            D  Getting current user from API to check UserPreferencesId: d139312d-3d82-4a47-8f1f-b9e1fc380d27
2025-07-14 22:13:25.215 18564-18796 GOServicesManager       app.forku                            D  Getting CSRF token... forceRefresh=false
2025-07-14 22:13:25.215 18564-18796 GOServicesManager       app.forku                            D  Using cached CSRF token and cookie
2025-07-14 22:13:25.249 18564-18805 appflow AuthInterceptor app.forku                            D  Starting request interception:
                                                                                                    - URL: https://godev.collectiveintelligence.com.au/forkuapp-de6b98b5-4402-4a8f-891b-70b3591df162/api/gouser/byid/d139312d-3d82-4a47-8f1f-b9e1fc380d27?include=UserRoleItems%2CUserBusinesses%2CUserSiteItems
                                                                                                    - Method: GET
2025-07-14 22:13:25.249 18564-18805 AuthDataStore           app.forku                            D  Getting cached application token: eyJhbGciOi
2025-07-14 22:13:25.250 18564-18805 GOServicesManager       app.forku                            D  Getting CSRF token... forceRefresh=false
2025-07-14 22:13:25.250 18564-18805 GOServicesManager       app.forku                            D  Using cached CSRF token and cookie
2025-07-14 22:13:25.251 18564-18805 appflow AuthInterceptor app.forku                            D  🔍 Added ApplicationToken and BearerToken to cookie
2025-07-14 22:13:25.252 18564-18805 appflow AuthInterceptor app.forku                            D  🔍 Added cleaned Antiforgery cookie: .AspNetCore.Antiforgery._bj8tIMu5EI=CfDJ8Fg4pSr8Do...
2025-07-14 22:13:25.252 18564-18805 appflow AuthInterceptor app.forku                            D  🔍 Final cookie string length: 994
2025-07-14 22:13:25.258 18564-18805 okhttp.OkHttpClient     app.forku                            I  --> GET https://godev.collectiveintelligence.com.au/forkuapp-de6b98b5-4402-4a8f-891b-70b3591df162/api/gouser/byid/d139312d-3d82-4a47-8f1f-b9e1fc380d27?include=UserRoleItems%2CUserBusinesses%2CUserSiteItems
2025-07-14 22:13:25.583 18564-18805 okhttp.OkHttpClient     app.forku                            I  <-- 200 https://godev.collectiveintelligence.com.au/forkuapp-de6b98b5-4402-4a8f-891b-70b3591df162/api/gouser/byid/d139312d-3d82-4a47-8f1f-b9e1fc380d27?include=UserRoleItems%2CUserBusinesses%2CUserSiteItems (324ms, unknown-length body)
2025-07-14 22:13:25.586 18564-18805 UserDto                 app.forku                            D  Initializing UserDto with picture: null
2025-07-14 22:13:25.833 18564-18796 appflow UserRepository  app.forku                            D  User preferences status:
2025-07-14 22:13:25.833 18564-18796 appflow UserRepository  app.forku                            D    Has UserPreferencesId: true
2025-07-14 22:13:25.833 18564-18796 appflow UserRepository  app.forku                            D    UserPreferencesId: 0f8280cf-a51d-4890-8eae-5bb442593375
2025-07-14 22:13:25.833 18564-18796 appflow UserRepository  app.forku                            D  Fetching UserPreferences by ID: 0f8280cf-a51d-4890-8eae-5bb442593375
2025-07-14 22:13:25.833 18564-18796 GOServicesManager       app.forku                            D  Getting CSRF token... forceRefresh=false
2025-07-14 22:13:25.833 18564-18796 GOServicesManager       app.forku                            D  Using cached CSRF token and cookie
2025-07-14 22:13:25.861 18564-18805 appflow AuthInterceptor app.forku                            D  Starting request interception:
                                                                                                    - URL: https://godev.collectiveintelligence.com.au/forkuapp-de6b98b5-4402-4a8f-891b-70b3591df162/api/userpreferences/byid/0f8280cf-a51d-4890-8eae-5bb442593375
                                                                                                    - Method: GET
2025-07-14 22:13:25.861 18564-18805 AuthDataStore           app.forku                            D  Getting cached application token: eyJhbGciOi
2025-07-14 22:13:25.861 18564-18805 GOServicesManager       app.forku                            D  Getting CSRF token... forceRefresh=false
2025-07-14 22:13:25.861 18564-18805 GOServicesManager       app.forku                            D  Using cached CSRF token and cookie
2025-07-14 22:13:25.863 18564-18805 appflow AuthInterceptor app.forku                            D  🔍 Added ApplicationToken and BearerToken to cookie
2025-07-14 22:13:25.863 18564-18805 appflow AuthInterceptor app.forku                            D  🔍 Added cleaned Antiforgery cookie: .AspNetCore.Antiforgery._bj8tIMu5EI=CfDJ8Fg4pSr8Do...
2025-07-14 22:13:25.863 18564-18805 appflow AuthInterceptor app.forku                            D  🔍 Final cookie string length: 994
2025-07-14 22:13:25.869 18564-18805 okhttp.OkHttpClient     app.forku                            I  --> GET https://godev.collectiveintelligence.com.au/forkuapp-de6b98b5-4402-4a8f-891b-70b3591df162/api/userpreferences/byid/0f8280cf-a51d-4890-8eae-5bb442593375
2025-07-14 22:13:26.163 18564-18805 okhttp.OkHttpClient     app.forku                            I  <-- 200 https://godev.collectiveintelligence.com.au/forkuapp-de6b98b5-4402-4a8f-891b-70b3591df162/api/userpreferences/byid/0f8280cf-a51d-4890-8eae-5bb442593375 (293ms, unknown-length body)
2025-07-14 22:13:26.171 18564-18796 appflow UserRepository  app.forku                            D  Successfully fetched UserPreferences:
2025-07-14 22:13:26.171 18564-18796 appflow UserRepository  app.forku                            D    Business ID: dcd930f6-6d66-4990-8837-a6c1e96a8256
2025-07-14 22:13:26.171 18564-18796 appflow UserRepository  app.forku                            D    Site ID: 7ecd101b-1f23-442d-bcd6-75be6c5a3e8f
2025-07-14 22:13:26.171 18564-18796 appflow UserRepository  app.forku                            D    Last Selected Business: dcd930f6-6d66-4990-8837-a6c1e96a8256
2025-07-14 22:13:26.171 18564-18796 appflow UserRepository  app.forku                            D    Last Selected Site: 7ecd101b-1f23-442d-bcd6-75be6c5a3e8f
2025-07-14 22:13:26.171 18564-18796 appflow UserRepository  app.forku                            D    Effective context: businessId=dcd930f6-6d66-4990-8837-a6c1e96a8256, siteId=7ecd101b-1f23-442d-bcd6-75be6c5a3e8f
2025-07-14 22:13:26.171 18564-18796 UserMapper              app.forku                            D  === Mapping UserDto to User ===
2025-07-14 22:13:26.171 18564-18796 UserMapper              app.forku                            D  User ID: d139312d-3d82-4a47-8f1f-b9e1fc380d27
2025-07-14 22:13:26.172 18564-18796 UserMapper              app.forku                            D  User fullName: NoBusinessUser NoSiteUserAsWell
2025-07-14 22:13:26.172 18564-18796 UserMapper              app.forku                            D  User username: NoBusinessUser
2025-07-14 22:13:26.172 18564-18796 UserMapper              app.forku                            D  UserRoleItems count: 2
2025-07-14 22:13:26.172 18564-18796 UserMapper              app.forku                            D  Raw userRoleItems data: [GOUserRoleDto(GOUserId=d139312d-3d82-4a47-8f1f-b9e1fc380d27, gORoleName=Administrator, isActive=false, isMarkedForDeletion=false, isDirty=true, internalObjectId=null), GOUserRoleDto(GOUserId=d139312d-3d82-4a47-8f1f-b9e1fc380d27, gORoleName=User, isActive=false, isMarkedForDeletion=false, isDirty=true, internalObjectId=null)]
2025-07-14 22:13:26.172 18564-18796 UserMapper              app.forku                            D  Role 0: userId=d139312d-3d82-4a47-8f1f-b9e1fc380d27, roleName=Administrator, isActive=false
2025-07-14 22:13:26.172 18564-18796 UserMapper              app.forku                            D  Role 1: userId=d139312d-3d82-4a47-8f1f-b9e1fc380d27, roleName=User, isActive=false
2025-07-14 22:13:26.172 18564-18796 UserMapper              app.forku                            D  Using UserRoleManager.getEffectiveRole for proper priority handling
2025-07-14 22:13:26.172 18564-18796 UserRoleManager         app.forku                            D  === Determining Effective Role ===
2025-07-14 22:13:26.172 18564-18796 UserRoleManager         app.forku                            D  User: null (null)
2025-07-14 22:13:26.172 18564-18796 UserRoleManager         app.forku                            D  User general role: null
2025-07-14 22:13:26.172 18564-18796 UserRoleManager         app.forku                            D  UserRoleItems count: 2
2025-07-14 22:13:26.172 18564-18796 UserRoleManager         app.forku                            D  Business role: null
2025-07-14 22:13:26.172 18564-18796 UserRoleManager         app.forku                            D  Business context: null
2025-07-14 22:13:26.173 18564-18796 UserRoleManager         app.forku                            D  --- Analyzing UserRoleItems with Priority Logic ---
2025-07-14 22:13:26.173 18564-18796 UserRoleManager         app.forku                            D  Role 0: Administrator, active: false
2025-07-14 22:13:26.173 18564-18796 UserRoleManager         app.forku                            D  Role 1: User, active: false
2025-07-14 22:13:26.173 18564-18796 UserRoleManager         app.forku                            D  === Converting role string ===
2025-07-14 22:13:26.174 18564-18796 UserRoleManager         app.forku                            D  Input roleString: 'Administrator'
2025-07-14 22:13:26.174 18564-18796 UserRoleManager         app.forku                            D  Default role: operator
2025-07-14 22:13:26.174 18564-18796 UserRoleManager         app.forku                            D  Normalized role string: 'administrator'
2025-07-14 22:13:26.174 18564-18796 UserRoleManager         app.forku                            D  Final conversion result: administrator
2025-07-14 22:13:26.174 18564-18796 UserRoleManager         app.forku                            D  Found priority role (may be inactive): Administrator -> administrator
2025-07-14 22:13:26.175 18564-18796 UserRoleManager         app.forku                            D  ✅ Using UserRoleItems role: administrator
2025-07-14 22:13:26.175 18564-18796 UserMapper              app.forku                            D  Final mapped role for user d139312d-3d82-4a47-8f1f-b9e1fc380d27: admin
2025-07-14 22:13:26.175 18564-18796 UserMapper              app.forku                            D  UserBusinesses: [UserBusinessDto(businessId=dcd930f6-6d66-4990-8837-a6c1e96a8256, siteId=null, goUserId=d139312d-3d82-4a47-8f1f-b9e1fc380d27, isDirty=true)]
2025-07-14 22:13:26.175 18564-18796 UserMapper              app.forku                            D  Resolved businessId: dcd930f6-6d66-4990-8837-a6c1e96a8256
2025-07-14 22:13:26.175 18564-18796 UserMapper              app.forku                            D  Processing user photo: id=d139312d-3d82-4a47-8f1f-b9e1fc380d27, picture=, pictureInternalName=null
2025-07-14 22:13:26.175 18564-18796 UserMapper              app.forku                            D  No picture field or it's blank, setting photoUrl to null
2025-07-14 22:13:26.175 18564-18796 UserMapper              app.forku                            D  Final user mapping: id=d139312d-3d82-4a47-8f1f-b9e1fc380d27, photoUrl=null, role=administrator
2025-07-14 22:13:26.176 18564-18796 UserPreferencesRepo     app.forku                            D  🔍 getCurrentUserWithPreferences completed:
2025-07-14 22:13:26.176 18564-18796 UserPreferencesRepo     app.forku                            D    - User found: true
2025-07-14 22:13:26.176 18564-18796 UserPreferencesRepo     app.forku                            D    - User ID: d139312d-3d82-4a47-8f1f-b9e1fc380d27
2025-07-14 22:13:26.176 18564-18796 UserPreferencesRepo     app.forku                            D    - User name: NoBusinessUser
2025-07-14 22:13:26.176 18564-18796 UserPreferencesRepo     app.forku                            D    - Preferences found: true
2025-07-14 22:13:26.176 18564-18796 UserPreferencesRepo     app.forku                            D  ✅ Successfully loaded preferences for user d139312d-3d82-4a47-8f1f-b9e1fc380d27
2025-07-14 22:13:26.176 18564-18796 UserPreferencesRepo     app.forku                            D    Business ID: dcd930f6-6d66-4990-8837-a6c1e96a8256
2025-07-14 22:13:26.176 18564-18796 UserPreferencesRepo     app.forku                            D    Site ID: 7ecd101b-1f23-442d-bcd6-75be6c5a3e8f
2025-07-14 22:13:26.177 18564-18796 UserPreferencesRepo     app.forku                            D    Last Selected Business: dcd930f6-6d66-4990-8837-a6c1e96a8256
2025-07-14 22:13:26.177 18564-18796 UserPreferencesRepo     app.forku                            D    Last Selected Site: 7ecd101b-1f23-442d-bcd6-75be6c5a3e8f
2025-07-14 22:13:26.177 18564-18796 UserPreferencesRepo     app.forku                            D    Effective context: businessId=dcd930f6-6d66-4990-8837-a6c1e96a8256, siteId=7ecd101b-1f23-442d-bcd6-75be6c5a3e8f
2025-07-14 22:13:26.180 18564-18564 UserPreferencesRepo     app.forku                            D  User preferences setup check:
2025-07-14 22:13:26.180 18564-18564 UserPreferencesRepo     app.forku                            D    Has business context: true
2025-07-14 22:13:26.180 18564-18564 UserPreferencesRepo     app.forku                            D    Business ID: dcd930f6-6d66-4990-8837-a6c1e96a8256
2025-07-14 22:13:26.180 18564-18564 UserPreferencesRepo     app.forku                            D    Last Selected Business: dcd930f6-6d66-4990-8837-a6c1e96a8256
2025-07-14 22:13:26.180 18564-18564 LoginViewModel          app.forku                            D  [CONTEXT] UserPreferences check completed: false
2025-07-14 22:13:26.180 18564-18564 BusinessContextManager  app.forku                            D  Checking if user needs preferences setup:
2025-07-14 22:13:26.181 18564-18564 BusinessContextManager  app.forku                            D    Current Business ID: dcd930f6-6d66-4990-8837-a6c1e96a8256
2025-07-14 22:13:26.181 18564-18564 BusinessContextManager  app.forku                            D    Current Site ID: 7ecd101b-1f23-442d-bcd6-75be6c5a3e8f
2025-07-14 22:13:26.181 18564-18564 BusinessContextManager  app.forku                            D    Has Valid Preferences: true
2025-07-14 22:13:26.181 18564-18564 LoginViewModel          app.forku                            D  [CONTEXT] BusinessContext check completed: false
2025-07-14 22:13:26.181 18564-18564 LoginViewModel          app.forku                            D  [CONTEXT] Preferences setup check summary: From UserPreferences: false, From BusinessContext: false, Final: false
2025-07-14 22:13:26.181 18564-18564 LoginViewModel          app.forku                            D  [CONTEXT] User preferences are configured, updating state to Success
2025-07-14 22:13:26.386 18564-18564 LoginScreen             app.forku                            D  [FLOW] LoginState.Success - user: User(id=d139312d-3d82-4a47-8f1f-b9e1fc380d27, token=eyJhbGciOiJIUzI1NiIsInR5cCI6IkpXVCJ9.eyJVc2VySWQiOiJkMTM5MzEyZC0zZDgyLTRhNDctOGYxZi1iOWUxZmMzODBkMjciLCJ1bmlxdWVfbmFtZSI6Ik5vQnVzaW5lc3NVc2VyIiwiZmFtaWx5X25hbWUiOiJOb1NpdGVVc2VyQXNXZWxsIiwiSXMyRkFFbmFibGVkIjoiZmFsc2UiLCJyb2xlIjoiQWRtaW5pc3RyYXRvcixVc2VyIiwibmJmIjoxNzUyNTQ5MjAxLCJleHAiOjE3NTI1NTEwMDEsImlhdCI6MTc1MjU0OTIwMSwiaXNzIjoic2VsZiJ9.DdLOokqznjWLmQy4c0QNnl63k8En9bqtctqCjeZA0lQ, refreshToken=eyJhbGciOiJIUzI1NiIsInR5cCI6IkpXVCJ9.eyJVc2VySWQiOiJkMTM5MzEyZC0zZDgyLTRhNDctOGYxZi1iOWUxZmMzODBkMjciLCJuYmYiOjE3NTI1NDkyMDEsImV4cCI6MTc1MjU1MTAwMSwiaWF0IjoxNzUyNTQ5MjAxLCJpc3MiOiJzZWxmIn0.5cnEvurFx9K8LnzP4foVMc6o1Su5Ll1ovPvBAllvxBQ, email=NoBusinessUser, username=NoBusinessUser, firstName=NoBusinessUser, lastName=NoSiteUserAsWell, photoUrl=null, role=administrator, certifications=[], points=0, totalHours=0.0, totalDistance=0, sessionsCompleted=0, incidentsReported=0, lastMedicalCheck=null, lastLogin=1752549204118, isActive=true, isApproved=true, password=1234567890, businessId=null, siteId=null, systemOwnerId=null, userPreferencesId=null), role: administrator
2025-07-14 22:13:26.386 18564-18564 SESSION_FLOW            app.forku                            E  [SESSION_FLOW] [LOCK] setSessionExpiredEvent(false) called. Reason: LoginScreen: login success
2025-07-14 22:13:26.387 18564-18564 SESSION_FLOW            app.forku                            E  java.lang.Throwable
                                                                                                    	at app.forku.core.auth.SessionKeepAliveManager.setSessionExpiredEvent(SessionKeepAliveManager.kt:118)
                                                                                                    	at app.forku.core.auth.SessionKeepAliveManager.resetSessionExpiredEvent(SessionKeepAliveManager.kt:129)
                                                                                                    	at app.forku.presentation.user.login.LoginScreenKt$LoginScreen$2.invokeSuspend(LoginScreen.kt:67)
                                                                                                    	at kotlin.coroutines.jvm.internal.BaseContinuationImpl.resumeWith(ContinuationImpl.kt:33)
                                                                                                    	at kotlinx.coroutines.DispatchedTask.run(DispatchedTask.kt:108)
                                                                                                    	at androidx.compose.ui.platform.AndroidUiDispatcher.performTrampolineDispatch(AndroidUiDispatcher.android.kt:81)
                                                                                                    	at androidx.compose.ui.platform.AndroidUiDispatcher.access$performTrampolineDispatch(AndroidUiDispatcher.android.kt:41)
                                                                                                    	at androidx.compose.ui.platform.AndroidUiDispatcher$dispatchCallback$1.run(AndroidUiDispatcher.android.kt:57)
                                                                                                    	at android.os.Handler.handleCallback(Handler.java:938)
                                                                                                    	at android.os.Handler.dispatchMessage(Handler.java:99)
                                                                                                    	at android.os.Looper.loopOnce(Looper.java:226)
                                                                                                    	at android.os.Looper.loop(Looper.java:313)
                                                                                                    	at android.app.ActivityThread.main(ActivityThread.java:8751)
                                                                                                    	at java.lang.reflect.Method.invoke(Native Method)
                                                                                                    	at com.android.internal.os.RuntimeInit$MethodAndArgsCaller.run(RuntimeInit.java:571)
                                                                                                    	at com.android.internal.os.ZygoteInit.main(ZygoteInit.java:1135)
2025-07-14 22:13:26.387 18564-18564 SESSION_FLOW            app.forku                            E  [SESSION_FLOW] [LOCK] _sessionExpiredEvent.value already false, skipping (reason: LoginScreen: login success)
2025-07-14 22:13:26.387 18564-18564 AuthDataStore           app.forku                            D  Getting cached application token: eyJhbGciOi
2025-07-14 22:13:26.393 18564-18564 AuthDataStore           app.forku                            D  Getting cached application token: eyJhbGciOi
2025-07-14 22:13:26.393 18564-18564 AuthDataStore           app.forku                            D  [LOCK] isTokenValid() - token: eyJhbGciOiJIUzI1NiIsInR5cCI6Ik...
2025-07-14 22:13:26.393 18564-18564 AuthDataStore           app.forku                            D  Getting cached application token: eyJhbGciOi
2025-07-14 22:13:26.393 18564-18564 AuthDataStore           app.forku                            D  [LOCK] getTokenExpirationDate() - token: eyJhbGciOiJIUzI1NiIsInR5cCI6Ik...
2025-07-14 22:13:26.393 18564-18564 AuthDataStore           app.forku                            D  [LOCK] JWT payload: {"UserId":"d139312d-3d82-4a47-8f1f-b9e1fc380d27","unique_name":"NoBusinessUser","family_name":"NoSiteUserAsWell","Is2FAEnabled":"false","role":"Administrator,User","nbf":1752549201,"exp":1752551001,"iat":1752549201,"iss":"self"}, exp: 1752551001
2025-07-14 22:13:26.393 18564-18564 AuthDataStore           app.forku                            D  [LOCK] isTokenValid() - expiration: Mon Jul 14 22:43:21 GMT-05:00 2025
2025-07-14 22:13:26.394 18564-18564 AuthDataStore           app.forku                            D  [LOCK] isTokenValid() - timeUntilExpiration: 1794607, isValid: true
2025-07-14 22:13:26.394 18564-18564 LoginScreen             app.forku                            D  [FLOW] Calling onLoginSuccess(user) with role: administrator
2025-07-14 22:13:26.394 18564-18564 NavGraph                app.forku                            D  [FLOW] onLoginSuccess called - user: User(id=d139312d-3d82-4a47-8f1f-b9e1fc380d27, token=eyJhbGciOiJIUzI1NiIsInR5cCI6IkpXVCJ9.eyJVc2VySWQiOiJkMTM5MzEyZC0zZDgyLTRhNDctOGYxZi1iOWUxZmMzODBkMjciLCJ1bmlxdWVfbmFtZSI6Ik5vQnVzaW5lc3NVc2VyIiwiZmFtaWx5X25hbWUiOiJOb1NpdGVVc2VyQXNXZWxsIiwiSXMyRkFFbmFibGVkIjoiZmFsc2UiLCJyb2xlIjoiQWRtaW5pc3RyYXRvcixVc2VyIiwibmJmIjoxNzUyNTQ5MjAxLCJleHAiOjE3NTI1NTEwMDEsImlhdCI6MTc1MjU0OTIwMSwiaXNzIjoic2VsZiJ9.DdLOokqznjWLmQy4c0QNnl63k8En9bqtctqCjeZA0lQ, refreshToken=eyJhbGciOiJIUzI1NiIsInR5cCI6IkpXVCJ9.eyJVc2VySWQiOiJkMTM5MzEyZC0zZDgyLTRhNDctOGYxZi1iOWUxZmMzODBkMjciLCJuYmYiOjE3NTI1NDkyMDEsImV4cCI6MTc1MjU1MTAwMSwiaWF0IjoxNzUyNTQ5MjAxLCJpc3MiOiJzZWxmIn0.5cnEvurFx9K8LnzP4foVMc6o1Su5Ll1ovPvBAllvxBQ, email=NoBusinessUser, username=NoBusinessUser, firstName=NoBusinessUser, lastName=NoSiteUserAsWell, photoUrl=null, role=administrator, certifications=[], points=0, totalHours=0.0, totalDistance=0, sessionsCompleted=0, incidentsReported=0, lastMedicalCheck=null, lastLogin=1752549204118, isActive=true, isApproved=true, password=1234567890, businessId=null, siteId=null, systemOwnerId=null, userPreferencesId=null), role: administrator
2025-07-14 22:13:26.394 18564-18564 NavGraph                app.forku                            D  [FLOW] Navigating to route: admin_dashboard for user role: administrator
2025-07-14 22:13:26.535 18564-18564 AdminSharedFilters      app.forku                            D  [FLOW] INIT: Lanzando inicialización de filtros tras login
2025-07-14 22:13:26.543 18564-18564 AdminDashboardScreen    app.forku                            D  [FLOW] Composable loaded - currentUser: User(id=d139312d-3d82-4a47-8f1f-b9e1fc380d27, token=eyJhbGciOiJIUzI1NiIsInR5cCI6IkpXVCJ9.eyJVc2VySWQiOiJkMTM5MzEyZC0zZDgyLTRhNDctOGYxZi1iOWUxZmMzODBkMjciLCJ1bmlxdWVfbmFtZSI6Ik5vQnVzaW5lc3NVc2VyIiwiZmFtaWx5X25hbWUiOiJOb1NpdGVVc2VyQXNXZWxsIiwiSXMyRkFFbmFibGVkIjoiZmFsc2UiLCJyb2xlIjoiQWRtaW5pc3RyYXRvcixVc2VyIiwibmJmIjoxNzUyNTQ5MjAxLCJleHAiOjE3NTI1NTEwMDEsImlhdCI6MTc1MjU0OTIwMSwiaXNzIjoic2VsZiJ9.DdLOokqznjWLmQy4c0QNnl63k8En9bqtctqCjeZA0lQ, refreshToken=eyJhbGciOiJIUzI1NiIsInR5cCI6IkpXVCJ9.eyJVc2VySWQiOiJkMTM5MzEyZC0zZDgyLTRhNDctOGYxZi1iOWUxZmMzODBkMjciLCJuYmYiOjE3NTI1NDkyMDEsImV4cCI6MTc1MjU1MTAwMSwiaWF0IjoxNzUyNTQ5MjAxLCJpc3MiOiJzZWxmIn0.5cnEvurFx9K8LnzP4foVMc6o1Su5Ll1ovPvBAllvxBQ, email=NoBusinessUser, username=NoBusinessUser, firstName=NoBusinessUser, lastName=NoSiteUserAsWell, photoUrl=null, role=administrator, certifications=[], points=0, totalHours=0.0, totalDistance=0, sessionsCompleted=0, incidentsReported=0, lastMedicalCheck=null, lastLogin=1752549204118, isActive=true, isApproved=true, password=1234567890, businessId=null, siteId=null, systemOwnerId=null, userPreferencesId=null), role: administrator, filterBusinessId: null, filterSiteId: null, isAllSitesSelected: false
2025-07-14 22:13:26.563 18564-18577 InputTransport          app.forku                            D  Input channel destroyed: 'ClientS', fd=160
2025-07-14 22:13:26.563 18564-18577 InputTransport          app.forku                            D  Input channel destroyed: 'ClientS', fd=161
2025-07-14 22:13:26.566 18564-18577 InputTransport          app.forku                            D  Input channel destroyed: 'ClientS', fd=144
2025-07-14 22:13:26.574 18564-18577 InputTransport          app.forku                            D  Input channel destroyed: 'ClientS', fd=138
2025-07-14 22:13:26.987 18564-18564 DashboardHeader         app.forku                            D  DashboardHeader created - onSettingsClick is NOT NULL
2025-07-14 22:13:26.987 18564-18564 DashboardHeader         app.forku                            D  Total buttons to show: 1 (Profile: false, Notifications: false, Settings: true)
2025-07-14 22:13:26.993 18564-18564 DashboardHeader         app.forku                            D  Notifications button will NOT be shown
2025-07-14 22:13:26.993 18564-18564 DashboardHeader         app.forku                            D  Settings button will be shown
2025-07-14 22:13:27.056 18564-18564 BusinessSiteFilters     app.forku                            W  ⚠️ Site '7ecd101b-1f23-442d-bcd6-75be6c5a3e8f' not found in loaded sites
2025-07-14 22:13:27.590 18564-18564 FilterStorage           app.forku                            D  [FLOW] getBusinessId() -> dcd930f6-6d66-4990-8837-a6c1e96a8256
2025-07-14 22:13:27.591 18564-18564 FilterStorage           app.forku                            D  [FLOW] getSiteId() -> null
2025-07-14 22:13:27.592 18564-18564 FilterStorage           app.forku                            D  [FLOW] getAllSitesSelected() -> false
2025-07-14 22:13:27.593 18564-18564 FilterStorage           app.forku                            D  [FLOW] saveBusinessId() called with value: dcd930f6-6d66-4990-8837-a6c1e96a8256
2025-07-14 22:13:27.595 18564-18564 AdminSharedFilters      app.forku                            D  [FLOW] INIT: businessId from FilterStorage: dcd930f6-6d66-4990-8837-a6c1e96a8256
2025-07-14 22:13:27.596 18564-18801 UserPreferencesRepo     app.forku                            D  🔍 getCurrentUserPreferences called - starting user preferences loading
2025-07-14 22:13:27.596 18564-18801 UserPreferencesRepo     app.forku                            D  🔍 About to call getCurrentUserWithPreferences...
2025-07-14 22:13:27.604 18564-18801 appflow UserRepository  app.forku                            D  Getting current user from API to check UserPreferencesId: d139312d-3d82-4a47-8f1f-b9e1fc380d27
2025-07-14 22:13:27.604 18564-18801 GOServicesManager       app.forku                            D  Getting CSRF token... forceRefresh=false
2025-07-14 22:13:27.605 18564-18801 GOServicesManager       app.forku                            D  Using cached CSRF token and cookie
2025-07-14 22:13:27.607 18564-18564 AdminDashboardScreen    app.forku                            D  [FLOW] LaunchedEffect(filterBusinessId) - filterBusinessId: null
2025-07-14 22:13:27.607 18564-18564 AdminDashboardScreen    app.forku                            D  [FLOW] LaunchedEffect(filterSiteId) - filterSiteId: null
2025-07-14 22:13:27.608 18564-18564 AdminDashboardScreen    app.forku                            D  [FLOW] LaunchedEffect(isAllSitesSelected) - isAllSitesSelected: false
2025-07-14 22:13:27.608 18564-18564 AdminDashboardScreen    app.forku                            D  [FLOW] LaunchedEffect(businessIdRead, siteIdRead, allSitesRead) - businessIdRead: false, siteIdRead: true, allSitesRead: true
2025-07-14 22:13:27.608 18564-18580 OpenGLRenderer          app.forku                            I  Davey! duration=1393ms; Flags=0, FrameTimelineVsyncId=684937, IntendedVsync=92731896322051, Vsync=92732112988709, InputEventId=0, HandleInputStart=92732119030941, AnimationStart=92732119034018, PerformTraversalsStart=92732316611171, DrawStart=92733202841132, FrameDeadline=92731929655383, FrameInterval=92732119023902, FrameStartTime=16666666, SyncQueued=92733282710209, SyncStart=92733283102132, IssueDrawCommandsStart=92733283875209, SwapBuffers=92733286490517, FrameCompleted=92733289939747, DequeueBufferDuration=43039, QueueBufferDuration=2124153, GpuCompleted=92733289625594, SwapBuffersCompleted=92733289939747, DisplayPresentTime=0, 
2025-07-14 22:13:27.609 18564-18564 AdminDashboardScreen    app.forku                            D  [FLOW] LaunchedEffect(currentUser, filterBusinessId, filtersInitialized) - currentUser: User(id=d139312d-3d82-4a47-8f1f-b9e1fc380d27, token=eyJhbGciOiJIUzI1NiIsInR5cCI6IkpXVCJ9.eyJVc2VySWQiOiJkMTM5MzEyZC0zZDgyLTRhNDctOGYxZi1iOWUxZmMzODBkMjciLCJ1bmlxdWVfbmFtZSI6Ik5vQnVzaW5lc3NVc2VyIiwiZmFtaWx5X25hbWUiOiJOb1NpdGVVc2VyQXNXZWxsIiwiSXMyRkFFbmFibGVkIjoiZmFsc2UiLCJyb2xlIjoiQWRtaW5pc3RyYXRvcixVc2VyIiwibmJmIjoxNzUyNTQ5MjAxLCJleHAiOjE3NTI1NTEwMDEsImlhdCI6MTc1MjU0OTIwMSwiaXNzIjoic2VsZiJ9.DdLOokqznjWLmQy4c0QNnl63k8En9bqtctqCjeZA0lQ, refreshToken=eyJhbGciOiJIUzI1NiIsInR5cCI6IkpXVCJ9.eyJVc2VySWQiOiJkMTM5MzEyZC0zZDgyLTRhNDctOGYxZi1iOWUxZmMzODBkMjciLCJuYmYiOjE3NTI1NDkyMDEsImV4cCI6MTc1MjU1MTAwMSwiaWF0IjoxNzUyNTQ5MjAxLCJpc3MiOiJzZWxmIn0.5cnEvurFx9K8LnzP4foVMc6o1Su5Ll1ovPvBAllvxBQ, email=NoBusinessUser, username=NoBusinessUser, firstName=NoBusinessUser, lastName=NoSiteUserAsWell, photoUrl=null, role=administrator, certifications=[], points=0, totalHours=0.0, totalDistance=0, sessionsCompleted=0, incidentsReported=0, lastMedicalCheck=null, lastLogin=1752549204118, isActive=true, isApproved=true, password=1234567890, businessId=null, siteId=null, systemOwnerId=null, userPreferencesId=null), role: administrator, filterBusinessId: null, filtersInitialized: false
2025-07-14 22:13:27.609 18564-18564 AdminDashboardScreen    app.forku                            D  === UI STATE UPDATE ===
2025-07-14 22:13:27.610 18564-18564 AdminDashboardScreen    app.forku                            D  operatingVehiclesCount (from API): 0
2025-07-14 22:13:27.610 18564-18564 AdminDashboardScreen    app.forku                            D  activeVehicleSessions.size (from UI): 0
2025-07-14 22:13:27.610 18564-18564 AdminDashboardScreen    app.forku                            D  userIncidentsCount: 0
2025-07-14 22:13:27.610 18564-18564 AdminDashboardScreen    app.forku                            D  totalIncidentsCount: 0
2025-07-14 22:13:27.610 18564-18564 AdminDashboardScreen    app.forku                            D  safetyAlertsCount: 0
2025-07-14 22:13:27.610 18564-18564 AdminDashboardScreen    app.forku                            D  isLoading: false
2025-07-14 22:13:27.610 18564-18564 AdminDashboardScreen    app.forku                            D  error: null
2025-07-14 22:13:27.610 18564-18564 AdminDashboardScreen    app.forku                            D  ========================
2025-07-14 22:13:27.614 18564-18564 SESSION_FLOW            app.forku                            D  [DEBUG] LaunchedEffect(authState) triggered. Current state: app.forku.core.auth.AuthenticationState$Authenticated@2ef1267
2025-07-14 22:13:27.614 18564-18564 SESSION_FLOW            app.forku                            D  [DEBUG] Authentication confirmed. User is authenticated.
2025-07-14 22:13:27.614 18564-18564 SESSION_FLOW            app.forku                            D  [DEBUG] Restarting SessionKeepAlive after authentication
2025-07-14 22:13:27.615 18564-18564 AuthDataStore           app.forku                            D  Getting cached application token: eyJhbGciOi
2025-07-14 22:13:27.615 18564-18564 SESSION_FLOW            app.forku                            D  🚀 Starting session keep-alive service
2025-07-14 22:13:27.615 18564-18564 SESSION_FLOW            app.forku                            D  ⚠️ Keep-alive already active, stopping previous instance
2025-07-14 22:13:27.615 18564-18564 SESSION_FLOW            app.forku                            D  🛑 Stopping session keep-alive service
2025-07-14 22:13:27.615 18564-18564 SessionKeepAliveWorker  app.forku                            D  ❌ Cancelled session keep-alive work
2025-07-14 22:13:27.615 18564-18564 SESSION_FLOW            app.forku                            D  🔄 Cancelling keep-alive job (isActive: true)
2025-07-14 22:13:27.616 18564-18564 SESSION_FLOW            app.forku                            D  🔄 Cancelling token renewal job (isActive: true)
2025-07-14 22:13:27.617 18564-18796 SESSION_FLOW            app.forku                            D  🔄 Keep-alive job cancelled - this is normal during app lifecycle changes
2025-07-14 22:13:27.617 18564-18564 SESSION_FLOW            app.forku                            D  ✅ Session keep-alive service stopped and cleaned up
2025-07-14 22:13:27.617 18564-18564 SESSION_FLOW            app.forku                            D  ✅ Keep-alive status set to active
2025-07-14 22:13:27.617 18564-18610 SESSION_FLOW            app.forku                            D  🔄 Token renewal job cancelled - this is normal during app lifecycle changes
2025-07-14 22:13:27.619 18564-18564 SessionKeepAliveWorker  app.forku                            D  📅 Scheduled periodic session keep-alive work
2025-07-14 22:13:27.620 18564-18610 SESSION_FLOW            app.forku                            D  🔄 Keep-alive coroutine started
2025-07-14 22:13:27.620 18564-18564 SESSION_FLOW            app.forku                            D  🎯 Session keep-alive service fully started
2025-07-14 22:13:27.620 18564-18802 SESSION_FLOW            app.forku                            D  🔄 Token renewal coroutine started
2025-07-14 22:13:27.620 18564-18802 SESSION_FLOW            app.forku                            D  ⏳ Waiting 300000ms for token renewal check
2025-07-14 22:13:27.621 18564-18564 SESSION_FLOW            app.forku                            D  📊 Session Status - KeepAlive: true, Background: true
2025-07-14 22:13:27.623 18564-18564 SESSION_FLOW            app.forku                            D  [SESSION_FLOW] LaunchedEffect(sessionExpired) triggered. sessionExpired=false
2025-07-14 22:13:27.624 18564-18564 TokenExpirationInfo     app.forku                            D  Tiempo restante de token: 7m 56s
2025-07-14 22:13:27.630 18564-18805 appflow AuthInterceptor app.forku                            D  Starting request interception:
                                                                                                    - URL: https://godev.collectiveintelligence.com.au/forkuapp-de6b98b5-4402-4a8f-891b-70b3591df162/api/gouser/byid/d139312d-3d82-4a47-8f1f-b9e1fc380d27?include=UserRoleItems%2CUserBusinesses%2CUserSiteItems
                                                                                                    - Method: GET
2025-07-14 22:13:27.630 18564-18805 AuthDataStore           app.forku                            D  Getting cached application token: eyJhbGciOi
2025-07-14 22:13:27.630 18564-18805 GOServicesManager       app.forku                            D  Getting CSRF token... forceRefresh=false
2025-07-14 22:13:27.630 18564-18805 GOServicesManager       app.forku                            D  Using cached CSRF token and cookie
2025-07-14 22:13:27.632 18564-18805 appflow AuthInterceptor app.forku                            D  🔍 Added ApplicationToken and BearerToken to cookie
2025-07-14 22:13:27.632 18564-18805 appflow AuthInterceptor app.forku                            D  🔍 Added cleaned Antiforgery cookie: .AspNetCore.Antiforgery._bj8tIMu5EI=CfDJ8Fg4pSr8Do...
2025-07-14 22:13:27.633 18564-18805 appflow AuthInterceptor app.forku                            D  🔍 Final cookie string length: 994
2025-07-14 22:13:27.638 18564-18805 okhttp.OkHttpClient     app.forku                            I  --> GET https://godev.collectiveintelligence.com.au/forkuapp-de6b98b5-4402-4a8f-891b-70b3591df162/api/gouser/byid/d139312d-3d82-4a47-8f1f-b9e1fc380d27?include=UserRoleItems%2CUserBusinesses%2CUserSiteItems
2025-07-14 22:13:27.644 18564-18564 BusinessSiteFilters     app.forku                            D  === SITE SELECTION DEBUG ===
2025-07-14 22:13:27.644 18564-18564 BusinessSiteFilters     app.forku                            D  effectiveSiteId: 7ecd101b-1f23-442d-bcd6-75be6c5a3e8f
2025-07-14 22:13:27.644 18564-18564 BusinessSiteFilters     app.forku                            D  sitesUiState.sites.size: 0
2025-07-14 22:13:27.644 18564-18564 BusinessSiteFilters     app.forku                            D  selectedSite found: null (null)
2025-07-14 22:13:27.644 18564-18564 BusinessSiteFilters     app.forku                            D  ⏳ Sites not loaded yet, will retry when sites load
2025-07-14 22:13:27.644 18564-18564 BusinessSiteFilters     app.forku                            D  =============================
2025-07-14 22:13:27.646 18564-18564 BusinessesViewModel     app.forku                            D  Loading user assigned businesses...
2025-07-14 22:13:27.647 18564-18564 BusinessSiteFilters     app.forku                            D  === SITE LOADING LOGIC ===
2025-07-14 22:13:27.647 18564-18564 BusinessSiteFilters     app.forku                            D  effectiveBusinessId: dcd930f6-6d66-4990-8837-a6c1e96a8256
2025-07-14 22:13:27.647 18564-18564 BusinessSiteFilters     app.forku                            D  isAdmin: true
2025-07-14 22:13:27.647 18564-18564 BusinessSiteFilters     app.forku                            D  mode: VIEW_FILTER
2025-07-14 22:13:27.647 18564-18564 BusinessSiteFilters     app.forku                            D  🔧 VIEW_FILTER: Admin loading all sites for business: dcd930f6-6d66-4990-8837-a6c1e96a8256
2025-07-14 22:13:27.649 18564-18564 SitesViewModel          app.forku                            D  Loading all sites for business: dcd930f6-6d66-4990-8837-a6c1e96a8256
2025-07-14 22:13:27.650 18564-18564 GOServicesManager       app.forku                            D  Getting CSRF token... forceRefresh=false
2025-07-14 22:13:27.650 18564-18564 GOServicesManager       app.forku                            D  Using cached CSRF token and cookie
2025-07-14 22:13:27.650 18564-18564 SiteRepo                app.forku                            D  === ADMIN SITE FILTERING ===
2025-07-14 22:13:27.650 18564-18564 SiteRepo                app.forku                            D  Getting ALL sites for specific businessId: 'dcd930f6-6d66-4990-8837-a6c1e96a8256'
2025-07-14 22:13:27.650 18564-18564 SiteRepo                app.forku                            D  Note: This bypasses user context for admin filtering
2025-07-14 22:13:27.652 18564-18802 UserRepository          app.forku                            D  Getting assigned businesses for user: d139312d-3d82-4a47-8f1f-b9e1fc380d27
2025-07-14 22:13:27.653 18564-18802 GOServicesManager       app.forku                            D  Getting CSRF token... forceRefresh=false
2025-07-14 22:13:27.653 18564-18802 GOServicesManager       app.forku                            D  Using cached CSRF token and cookie
2025-07-14 22:13:27.665 18564-18564 BusinessSiteFilters     app.forku                            D  ===========================
2025-07-14 22:13:27.666 18564-18564 BusinessSiteFilters     app.forku                            D  === BUSINESS SITE FILTERS DEBUG ===
2025-07-14 22:13:27.666 18564-18564 BusinessSiteFilters     app.forku                            D  Mode: VIEW_FILTER
2025-07-14 22:13:27.666 18564-18564 BusinessSiteFilters     app.forku                            D  IsAdmin: true
2025-07-14 22:13:27.666 18564-18564 BusinessSiteFilters     app.forku                            D  selectedBusinessId (explicit): null
2025-07-14 22:13:27.666 18564-18564 BusinessSiteFilters     app.forku                            D  businessContextState.businessId (fallback): dcd930f6-6d66-4990-8837-a6c1e96a8256
2025-07-14 22:13:27.666 18564-18564 BusinessSiteFilters     app.forku                            D  effectiveBusinessId (final): dcd930f6-6d66-4990-8837-a6c1e96a8256
2025-07-14 22:13:27.666 18564-18564 BusinessSiteFilters     app.forku                            D  selectedSiteId (explicit): null
2025-07-14 22:13:27.666 18564-18564 BusinessSiteFilters     app.forku                            D  businessContextState.siteId (fallback): 7ecd101b-1f23-442d-bcd6-75be6c5a3e8f
2025-07-14 22:13:27.666 18564-18564 BusinessSiteFilters     app.forku                            D  effectiveSiteId (final): 7ecd101b-1f23-442d-bcd6-75be6c5a3e8f
2025-07-14 22:13:27.666 18564-18564 BusinessSiteFilters     app.forku                            D  showAllSitesOption: true
2025-07-14 22:13:27.666 18564-18564 BusinessSiteFilters     app.forku                            D  ====================================
2025-07-14 22:13:27.674 18564-19700 appflow AuthInterceptor app.forku                            D  Starting request interception:
                                                                                                    - URL: https://godev.collectiveintelligence.com.au/forkuapp-de6b98b5-4402-4a8f-891b-70b3591df162/api/site/list?include=business%2Ccountry&filter=BusinessId%20%3D%3D%20Guid.Parse%28%22dcd930f6-6d66-4990-8837-a6c1e96a8256%22%29
                                                                                                    - Method: GET
2025-07-14 22:13:27.675 18564-19700 AuthDataStore           app.forku                            D  Getting cached application token: eyJhbGciOi
2025-07-14 22:13:27.675 18564-19700 GOServicesManager       app.forku                            D  Getting CSRF token... forceRefresh=false
2025-07-14 22:13:27.675 18564-19700 GOServicesManager       app.forku                            D  Using cached CSRF token and cookie
2025-07-14 22:13:27.677 18564-19700 appflow AuthInterceptor app.forku                            D  🔍 Added ApplicationToken and BearerToken to cookie
2025-07-14 22:13:27.677 18564-19700 appflow AuthInterceptor app.forku                            D  🔍 Added cleaned Antiforgery cookie: .AspNetCore.Antiforgery._bj8tIMu5EI=CfDJ8Fg4pSr8Do...
2025-07-14 22:13:27.677 18564-18564 Choreographer           app.forku                            I  Skipped 65 frames!  The application may be doing too much work on its main thread.
2025-07-14 22:13:27.677 18564-19700 appflow AuthInterceptor app.forku                            D  🔍 Final cookie string length: 994
2025-07-14 22:13:27.681 18564-19699 appflow AuthInterceptor app.forku                            D  Starting request interception:
                                                                                                    - URL: https://godev.collectiveintelligence.com.au/forkuapp-de6b98b5-4402-4a8f-891b-70b3591df162/api/gouser/byid/d139312d-3d82-4a47-8f1f-b9e1fc380d27?include=UserRoleItems%2CUserBusinesses%2CUserSiteItems
                                                                                                    - Method: GET
2025-07-14 22:13:27.681 18564-19699 AuthDataStore           app.forku                            D  Getting cached application token: eyJhbGciOi
2025-07-14 22:13:27.681 18564-19699 GOServicesManager       app.forku                            D  Getting CSRF token... forceRefresh=false
2025-07-14 22:13:27.681 18564-19699 GOServicesManager       app.forku                            D  Using cached CSRF token and cookie
2025-07-14 22:13:27.683 18564-19700 okhttp.OkHttpClient     app.forku                            I  --> GET https://godev.collectiveintelligence.com.au/forkuapp-de6b98b5-4402-4a8f-891b-70b3591df162/api/site/list?include=business%2Ccountry&filter=BusinessId%20%3D%3D%20Guid.Parse%28%22dcd930f6-6d66-4990-8837-a6c1e96a8256%22%29
2025-07-14 22:13:27.684 18564-19699 appflow AuthInterceptor app.forku                            D  🔍 Added ApplicationToken and BearerToken to cookie
2025-07-14 22:13:27.684 18564-19699 appflow AuthInterceptor app.forku                            D  🔍 Added cleaned Antiforgery cookie: .AspNetCore.Antiforgery._bj8tIMu5EI=CfDJ8Fg4pSr8Do...
2025-07-14 22:13:27.684 18564-19699 appflow AuthInterceptor app.forku                            D  🔍 Final cookie string length: 994
2025-07-14 22:13:27.692 18564-19699 okhttp.OkHttpClient     app.forku                            I  --> GET https://godev.collectiveintelligence.com.au/forkuapp-de6b98b5-4402-4a8f-891b-70b3591df162/api/gouser/byid/d139312d-3d82-4a47-8f1f-b9e1fc380d27?include=UserRoleItems%2CUserBusinesses%2CUserSiteItems
2025-07-14 22:13:27.724 18564-18564 AdminDashboardScreen    app.forku                            D  [FLOW] Composable loaded - currentUser: User(id=d139312d-3d82-4a47-8f1f-b9e1fc380d27, token=eyJhbGciOiJIUzI1NiIsInR5cCI6IkpXVCJ9.eyJVc2VySWQiOiJkMTM5MzEyZC0zZDgyLTRhNDctOGYxZi1iOWUxZmMzODBkMjciLCJ1bmlxdWVfbmFtZSI6Ik5vQnVzaW5lc3NVc2VyIiwiZmFtaWx5X25hbWUiOiJOb1NpdGVVc2VyQXNXZWxsIiwiSXMyRkFFbmFibGVkIjoiZmFsc2UiLCJyb2xlIjoiQWRtaW5pc3RyYXRvcixVc2VyIiwibmJmIjoxNzUyNTQ5MjAxLCJleHAiOjE3NTI1NTEwMDEsImlhdCI6MTc1MjU0OTIwMSwiaXNzIjoic2VsZiJ9.DdLOokqznjWLmQy4c0QNnl63k8En9bqtctqCjeZA0lQ, refreshToken=eyJhbGciOiJIUzI1NiIsInR5cCI6IkpXVCJ9.eyJVc2VySWQiOiJkMTM5MzEyZC0zZDgyLTRhNDctOGYxZi1iOWUxZmMzODBkMjciLCJuYmYiOjE3NTI1NDkyMDEsImV4cCI6MTc1MjU1MTAwMSwiaWF0IjoxNzUyNTQ5MjAxLCJpc3MiOiJzZWxmIn0.5cnEvurFx9K8LnzP4foVMc6o1Su5Ll1ovPvBAllvxBQ, email=NoBusinessUser, username=NoBusinessUser, firstName=NoBusinessUser, lastName=NoSiteUserAsWell, photoUrl=null, role=administrator, certifications=[], points=0, totalHours=0.0, totalDistance=0, sessionsCompleted=0, incidentsReported=0, lastMedicalCheck=null, lastLogin=1752549204118, isActive=true, isApproved=true, password=1234567890, businessId=null, siteId=null, systemOwnerId=null, userPreferencesId=null), role: administrator, filterBusinessId: dcd930f6-6d66-4990-8837-a6c1e96a8256, filterSiteId: null, isAllSitesSelected: false
2025-07-14 22:13:27.785 18564-18564 DashboardHeader         app.forku                            D  DashboardHeader created - onSettingsClick is NOT NULL
2025-07-14 22:13:27.785 18564-18564 DashboardHeader         app.forku                            D  Total buttons to show: 1 (Profile: false, Notifications: false, Settings: true)
2025-07-14 22:13:27.786 18564-18564 DashboardHeader         app.forku                            D  Notifications button will NOT be shown
2025-07-14 22:13:27.786 18564-18564 DashboardHeader         app.forku                            D  Settings button will be shown
2025-07-14 22:13:27.971 18564-18805 okhttp.OkHttpClient     app.forku                            I  <-- 200 https://godev.collectiveintelligence.com.au/forkuapp-de6b98b5-4402-4a8f-891b-70b3591df162/api/gouser/byid/d139312d-3d82-4a47-8f1f-b9e1fc380d27?include=UserRoleItems%2CUserBusinesses%2CUserSiteItems (332ms, unknown-length body)
2025-07-14 22:13:27.973 18564-18805 UserDto                 app.forku                            D  Initializing UserDto with picture: null
2025-07-14 22:13:27.978 18564-18564 AuthDataStore           app.forku                            D  Updated last activity: 1752549207613
2025-07-14 22:13:27.978 18564-18564 AuthDataStore           app.forku                            D  Getting cached application token: eyJhbGciOi
2025-07-14 22:13:27.978 18564-18564 AuthDataStore           app.forku                            D  Getting cached application token: eyJhbGciOi
2025-07-14 22:13:27.979 18564-18564 SESSION_FLOW            app.forku                            D  🚀 Auto-starting SessionKeepAlive on BaseScreen load
2025-07-14 22:13:27.979 18564-18564 AuthDataStore           app.forku                            D  Getting cached application token: eyJhbGciOi
2025-07-14 22:13:27.979 18564-18564 SESSION_FLOW            app.forku                            D  🚀 Starting session keep-alive service
2025-07-14 22:13:27.979 18564-18564 SESSION_FLOW            app.forku                            D  ⚠️ Keep-alive already active, stopping previous instance
2025-07-14 22:13:27.979 18564-18564 SESSION_FLOW            app.forku                            D  🛑 Stopping session keep-alive service
2025-07-14 22:13:27.979 18564-18564 SessionKeepAliveWorker  app.forku                            D  ❌ Cancelled session keep-alive work
2025-07-14 22:13:27.979 18564-18564 SESSION_FLOW            app.forku                            D  🔄 Cancelling keep-alive job (isActive: true)
2025-07-14 22:13:27.980 18564-18564 SESSION_FLOW            app.forku                            D  🔄 Cancelling token renewal job (isActive: true)
2025-07-14 22:13:27.981 18564-18564 SESSION_FLOW            app.forku                            D  ✅ Session keep-alive service stopped and cleaned up
2025-07-14 22:13:27.981 18564-18564 SESSION_FLOW            app.forku                            D  ✅ Keep-alive status set to active
2025-07-14 22:13:27.981 18564-18796 SESSION_FLOW            app.forku                            D  🔄 Token renewal job cancelled - this is normal during app lifecycle changes
2025-07-14 22:13:27.982 18564-18564 SessionKeepAliveWorker  app.forku                            D  📅 Scheduled periodic session keep-alive work
2025-07-14 22:13:27.983 18564-18801 SESSION_FLOW            app.forku                            D  🔄 Keep-alive coroutine started
