2025-07-14 22:13:31.957 18564-18564 DashboardHeader         app.forku                            D  DashboardHeader created - onSettingsClick is NOT NULL
2025-07-14 22:13:31.957 18564-18564 DashboardHeader         app.forku                            D  Total buttons to show: 1 (Profile: false, Notifications: false, Settings: true)
2025-07-14 22:13:31.958 18564-18564 DashboardHeader         app.forku                            D  Notifications button will NOT be shown
2025-07-14 22:13:31.958 18564-18564 DashboardHeader         app.forku                            D  Settings button will be shown
2025-07-14 22:13:32.017 18564-18564 AdminDashboardScreen    app.forku                            D  === UI STATE UPDATE ===
2025-07-14 22:13:32.018 18564-18564 AdminDashboardScreen    app.forku                            D  operatingVehiclesCount (from API): 1
2025-07-14 22:13:32.018 18564-18564 AdminDashboardScreen    app.forku                            D  activeVehicleSessions.size (from UI): 1
2025-07-14 22:13:32.018 18564-18564 AdminDashboardScreen    app.forku                            D  userIncidentsCount: 2
2025-07-14 22:13:32.018 18564-18564 AdminDashboardScreen    app.forku                            D  totalIncidentsCount: 2
2025-07-14 22:13:32.018 18564-18564 AdminDashboardScreen    app.forku                            D  safetyAlertsCount: 2
2025-07-14 22:13:32.018 18564-18564 AdminDashboardScreen    app.forku                            D  isLoading: false
2025-07-14 22:13:32.018 18564-18564 AdminDashboardScreen    app.forku                            D  error: null
2025-07-14 22:13:32.018 18564-18564 AdminDashboardScreen    app.forku                            D  ========================
2025-07-14 22:13:32.110 18564-18812 okhttp.OkHttpClient     app.forku                            I  <-- 200 https://godev.collectiveintelligence.com.au/forkuapp-de6b98b5-4402-4a8f-891b-70b3591df162/api/gosecurityprovider/renewtoken (326ms, unknown-length body)
2025-07-14 22:13:32.136 18564-18564 ViewRootImpl            app.forku                            I  updatePointerIcon pointerType = 1000, calling pid = 18564
2025-07-14 22:13:32.136 18564-18564 InputManager            app.forku                            D  setPointerIconType iconId = 1000, callingPid = 18564
2025-07-14 22:13:32.342 18564-18801 GOSecurityProvider      app.forku                            D  📡 Token renewal response: code=200, isSuccessful=true
2025-07-14 22:13:32.343 18564-18801 GOSecurityProvider      app.forku                            D  ✅ Token renewal successful, processing response...
2025-07-14 22:13:32.343 18564-18801 GOSecurityProvider      app.forku                            D  🔄 New application token received, updating stored data...
2025-07-14 22:13:32.353 18564-18801 AuthDataStore           app.forku                            D  Saved application token: eyJhbGciOi...
2025-07-14 22:13:32.353 18564-18801 AuthDataStore           app.forku                            D  [setCurrentUser] User recibido: id=d139312d-3d82-4a47-8f1f-b9e1fc380d27, businessId=null
2025-07-14 22:13:32.353 18564-18801 AuthDataStore           app.forku                            D  [setCurrentUser] BusinessId final a guardar: null
2025-07-14 22:13:32.392 18564-18798 AuthDataStore           app.forku                            D  Tokens stored in secure preferences: eyJhbGciOi...
2025-07-14 22:13:32.392 18564-18798 AuthDataStore           app.forku                            D  User data stored successfully
2025-07-14 22:13:32.392 18564-18798 GOSecurityProvider      app.forku                            D  ✅ Token renewal completed successfully
2025-07-14 22:13:32.395 18564-18798 SESSION_FLOW            app.forku                            D  [TOKEN RENEWAL] Before renewal: businessId=null, siteId=null, systemOwnerId=null, userPreferencesId=null
2025-07-14 22:13:32.395 18564-18798 SESSION_FLOW            app.forku                            D  [TOKEN RENEWAL] After renewal: businessId=null, siteId=null, systemOwnerId=null, userPreferencesId=null
2025-07-14 22:13:32.395 18564-18798 AuthDataStore           app.forku                            D  [setCurrentUser] User recibido: id=d139312d-3d82-4a47-8f1f-b9e1fc380d27, businessId=null
2025-07-14 22:13:32.395 18564-18798 AuthDataStore           app.forku                            D  [setCurrentUser] BusinessId final a guardar: null
2025-07-14 22:13:32.426 18564-18798 AuthDataStore           app.forku                            D  Tokens stored in secure preferences: eyJhbGciOi...
2025-07-14 22:13:32.426 18564-18798 AuthDataStore           app.forku                            D  User data stored successfully
2025-07-14 22:13:32.426 18564-18798 SESSION_FLOW            app.forku                            D  ✅ Token renewal completed successfully (2 successes)
2025-07-14 22:13:32.426 18564-18798 AuthDataStore           app.forku                            D  Initializing application token...
2025-07-14 22:13:32.450 18564-18798 AuthDataStore           app.forku                            D  Application token initialized: eyJhbGciOi
2025-07-14 22:13:32.450 18564-18798 AuthDataStore           app.forku                            D  Authentication token initialized: eyJhbGciOi
2025-07-14 22:13:32.450 18564-18798 AuthDataStore           app.forku                            D  CSRF token initialized: CfDJ8Fg4pS
2025-07-14 22:13:32.450 18564-18798 AuthDataStore           app.forku                            D  Antiforgery cookie initialized: .AspNetCore.Antiforg
2025-07-14 22:13:32.450 18564-18798 AuthDataStore           app.forku                            D  Getting cached application token: eyJhbGciOi
2025-07-14 22:13:32.450 18564-18798 AuthDataStore           app.forku                            D  [LOCK] getTokenExpirationDate() - token: eyJhbGciOiJIUzI1NiIsInR5cCI6Ik...
2025-07-14 22:13:32.450 18564-18798 AuthDataStore           app.forku                            D  [LOCK] JWT payload: {"UserId":"d139312d-3d82-4a47-8f1f-b9e1fc380d27","unique_name":"NoBusinessUser","family_name":"NoSiteUserAsWell","Is2FAEnabled":"false","role":"Administrator,User","nbf":1752549201,"exp":1752551001,"iat":1752549201,"iss":"self"}, exp: 1752551001
2025-07-14 22:13:32.551 18564-19700 okhttp.OkHttpClient     app.forku                            I  --> GET https://godev.collectiveintelligence.com.au/forkuapp-de6b98b5-4402-4a8f-891b-70b3591df162/api/vehicle/file/7c9f56bf-deed-4be4-b046-17fef34ecf7e/Picture?t=%LASTEDITEDTIME%
2025-07-14 22:13:32.852 18564-19700 okhttp.OkHttpClient     app.forku                            I  <-- 500 https://godev.collectiveintelligence.com.au/forkuapp-de6b98b5-4402-4a8f-891b-70b3591df162/api/vehicle/file/7c9f56bf-deed-4be4-b046-17fef34ecf7e/Picture?t=%LASTEDITEDTIME% (300ms, 488-byte body)
2025-07-14 22:13:32.852 18564-19700 RetryInterceptor        app.forku                            D  Request failed (500), attempt 2 of 3
2025-07-14 22:13:34.779 18564-18564 ViewRootIm...nActivity] app.forku                            I  ViewPostIme pointer 0
2025-07-14 22:13:34.854 18564-19700 okhttp.OkHttpClient     app.forku                            I  --> GET https://godev.collectiveintelligence.com.au/forkuapp-de6b98b5-4402-4a8f-891b-70b3591df162/api/vehicle/file/7c9f56bf-deed-4be4-b046-17fef34ecf7e/Picture?t=%LASTEDITEDTIME%
2025-07-14 22:13:34.866 18564-18564 ViewRootIm...nActivity] app.forku                            I  ViewPostIme pointer 1
2025-07-14 22:13:35.163 18564-19700 okhttp.OkHttpClient     app.forku                            I  <-- 500 https://godev.collectiveintelligence.com.au/forkuapp-de6b98b5-4402-4a8f-891b-70b3591df162/api/vehicle/file/7c9f56bf-deed-4be4-b046-17fef34ecf7e/Picture?t=%LASTEDITEDTIME% (308ms, 488-byte body)
2025-07-14 22:13:35.163 18564-19700 RetryInterceptor        app.forku                            D  Request failed (500), attempt 3 of 3
2025-07-14 22:13:35.414 18564-18564 ViewRootImpl            app.forku                            I  updatePointerIcon pointerType = 1000, calling pid = 18564
2025-07-14 22:13:35.414 18564-18564 InputManager            app.forku                            D  setPointerIconType iconId = 1000, callingPid = 18564
2025-07-14 22:13:35.472 18564-18798 SESSION_FLOW            app.forku                            D  ⏰ Initial delay completed, starting keep-alive loop
2025-07-14 22:13:35.472 18564-18798 SESSION_FLOW            app.forku                            D  🔄 Keep-alive loop iteration starting
2025-07-14 22:13:35.472 18564-18798 AuthDataStore           app.forku                            D  Getting cached application token: eyJhbGciOi
2025-07-14 22:13:35.473 18564-18798 AuthDataStore           app.forku                            D  Getting cached application token: eyJhbGciOi
2025-07-14 22:13:35.473 18564-18798 AuthDataStore           app.forku                            D  [LOCK] getTokenExpirationDate() - token: eyJhbGciOiJIUzI1NiIsInR5cCI6Ik...
2025-07-14 22:13:35.473 18564-18798 AuthDataStore           app.forku                            D  [LOCK] JWT payload: {"UserId":"d139312d-3d82-4a47-8f1f-b9e1fc380d27","unique_name":"NoBusinessUser","family_name":"NoSiteUserAsWell","Is2FAEnabled":"false","role":"Administrator,User","nbf":1752549201,"exp":1752551001,"iat":1752549201,"iss":"self"}, exp: 1752551001
2025-07-14 22:13:35.473 18564-18798 SESSION_FLOW            app.forku                            D  [DEBUG] SessionKeepAliveManager - Token: eyJhbGciOiJIUzI1NiIsInR5cCI6IkpXVCJ9.eyJVc2VySWQiOiJkMTM5MzEyZC0zZDgyLTRhNDctOGYxZi1iOWUxZmMzODBkMjciLCJ1bmlxdWVfbmFtZSI6Ik5vQnVzaW5lc3NVc2VyIiwiZmFtaWx5X25hbWUiOiJOb1NpdGVVc2VyQXNXZWxsIiwiSXMyRkFFbmFibGVkIjoiZmFsc2UiLCJyb2xlIjoiQWRtaW5pc3RyYXRvcixVc2VyIiwibmJmIjoxNzUyNTQ5MjAxLCJleHAiOjE3NTI1NTEwMDEsImlhdCI6MTc1MjU0OTIwMSwiaXNzIjoic2VsZiJ9.DdLOokqznjWLmQy4c0QNnl63k8En9bqtctqCjeZA0lQ
2025-07-14 22:13:35.473 18564-18798 SESSION_FLOW            app.forku                            D  [DEBUG] SessionKeepAliveManager - Token expiration: Mon Jul 14 22:43:21 GMT-05:00 2025
2025-07-14 22:13:35.473 18564-18798 SESSION_FLOW            app.forku                            D  🔄 Performing keep-alive ping...
2025-07-14 22:13:35.474 18564-18798 GOServicesManager       app.forku                            D  Getting CSRF token... forceRefresh=false
2025-07-14 22:13:35.474 18564-18798 GOServicesManager       app.forku                            D  Using cached CSRF token and cookie
2025-07-14 22:13:35.474 18564-18798 SESSION_FLOW            app.forku                            D  🔍 Keep-alive headers obtained:
2025-07-14 22:13:35.474 18564-18798 SESSION_FLOW            app.forku                            D    - CSRF Token: CfDJ8Fg4pSr8DoxBgBaS...
2025-07-14 22:13:35.474 18564-18798 SESSION_FLOW            app.forku                            D    - Cookie length: 191
2025-07-14 22:13:35.480 18564-18812 okhttp.OkHttpClient     app.forku                            I  --> GET https://godev.collectiveintelligence.com.au/forkuapp-de6b98b5-4402-4a8f-891b-70b3591df162/api/gosecurityprovider/keepalive
2025-07-14 22:13:35.767 18564-18812 okhttp.OkHttpClient     app.forku                            I  <-- 200 https://godev.collectiveintelligence.com.au/forkuapp-de6b98b5-4402-4a8f-891b-70b3591df162/api/gosecurityprovider/keepalive (286ms, unknown-length body)
2025-07-14 22:13:35.770 18564-18798 SESSION_FLOW            app.forku                            D  ✅ Keep-alive successful
2025-07-14 22:13:35.770 18564-18798 AuthDataStore           app.forku                            D  Getting cached application token: eyJhbGciOi
2025-07-14 22:13:35.770 18564-18798 AuthDataStore           app.forku                            D  [LOCK] getTokenExpirationDate() - token: eyJhbGciOiJIUzI1NiIsInR5cCI6Ik...
2025-07-14 22:13:35.771 18564-18798 AuthDataStore           app.forku                            D  [LOCK] JWT payload: {"UserId":"d139312d-3d82-4a47-8f1f-b9e1fc380d27","unique_name":"NoBusinessUser","family_name":"NoSiteUserAsWell","Is2FAEnabled":"false","role":"Administrator,User","nbf":1752549201,"exp":1752551001,"iat":1752549201,"iss":"self"}, exp: 1752551001
2025-07-14 22:13:35.771 18564-18798 AuthDataStore           app.forku                            D  Getting cached application token: eyJhbGciOi
2025-07-14 22:13:35.771 18564-18798 AuthDataStore           app.forku                            D  [LOCK] getTokenExpirationDate() - token: eyJhbGciOiJIUzI1NiIsInR5cCI6Ik...
2025-07-14 22:13:35.772 18564-18798 AuthDataStore           app.forku                            D  [LOCK] JWT payload: {"UserId":"d139312d-3d82-4a47-8f1f-b9e1fc380d27","unique_name":"NoBusinessUser","family_name":"NoSiteUserAsWell","Is2FAEnabled":"false","role":"Administrator,User","nbf":1752549201,"exp":1752551001,"iat":1752549201,"iss":"self"}, exp: 1752551001
2025-07-14 22:13:35.772 18564-18798 SESSION_FLOW            app.forku                            D  ⏳ Waiting 300000ms for next keep-alive
2025-07-14 22:13:35.895 18564-18564 ViewRootImpl            app.forku                            I  updatePointerIcon pointerType = 1008, calling pid = 18564
2025-07-14 22:13:35.896 18564-18564 InputManager            app.forku                            D  setPointerIconType iconId = 1008, callingPid = 18564
2025-07-14 22:13:35.904 18564-18564 ViewRootImpl            app.forku                            I  updatePointerIcon pointerType = 1000, calling pid = 18564
2025-07-14 22:13:35.905 18564-18564 InputManager            app.forku                            D  setPointerIconType iconId = 1000, callingPid = 18564
2025-07-14 22:13:37.503 18564-18564 ViewRootImpl            app.forku                            I  updatePointerIcon pointerType = 1008, calling pid = 18564
2025-07-14 22:13:37.503 18564-18564 InputManager            app.forku                            D  setPointerIconType iconId = 1008, callingPid = 18564
2025-07-14 22:13:37.946 18564-18564 ViewRootIm...nActivity] app.forku                            I  ViewPostIme pointer 0
2025-07-14 22:13:38.016 18564-18564 ViewRootIm...nActivity] app.forku                            I  ViewPostIme pointer 1
2025-07-14 22:13:38.086 18564-18564 ViewRootIm...emergente] app.forku                            I  setView = androidx.compose.ui.window.PopupLayout@b02e61b TM=true
2025-07-14 22:13:38.293 18564-18580 ViewRootIm...emergente] app.forku                            I  Resizing android.view.ViewRootImpl@6f8cdb2: frame=[90,601][512,993] reportDraw=true forceLayout=false backDropFrame=Rect(0, 0 - 422, 392)
2025-07-14 22:13:38.297 18564-18564 InsetsSourceConsumer    app.forku                            D  ensureControlAlpha: for ITYPE_NAVIGATION_BAR on Ventana emergente
2025-07-14 22:13:38.298 18564-18564 InsetsSourceConsumer    app.forku                            D  ensureControlAlpha: for ITYPE_STATUS_BAR on Ventana emergente
2025-07-14 22:13:38.300 18564-18564 ViewRootIm...emergente] app.forku                            I  Relayout returned: old=(0,45,720,1510) new=(90,601,512,993) req=(422,392)0 dur=11 res=0x7 s={true -5476376642556882944} ch=true fn=-1
2025-07-14 22:13:38.301 18564-18647 OpenGLRenderer          app.forku                            D  eglCreateWindowSurface
2025-07-14 22:13:38.327 18564-18564 ViewRootIm...emergente] app.forku                            I  [DP] dp(1) 0 android.view.ViewRootImpl.reportNextDraw:11442 android.view.ViewRootImpl.performTraversals:4198 android.view.ViewRootImpl.doTraversal:2924 
2025-07-14 22:13:38.327 18564-18564 ViewRootIm...emergente] app.forku                            D  Creating frameDrawingCallback nextDrawUseBlastSync=false reportNextDraw=true hasBlurUpdates=false
2025-07-14 22:13:38.327 18564-18564 ViewRootIm...emergente] app.forku                            D  Creating frameCompleteCallback
2025-07-14 22:13:38.341 18564-18794 ViewRootIm...emergente] app.forku                            D  Received frameDrawingCallback frameNum=1. Creating transactionCompleteCallback=false
2025-07-14 22:13:38.345 18564-18647 ViewRootIm...emergente] app.forku                            D  Received frameCompleteCallback  lastAcquiredFrameNum=1 lastAttemptedDrawFrameNum=1
2025-07-14 22:13:38.347 18564-18564 ViewRootIm...emergente] app.forku                            I  [DP] pdf(0) 0 android.view.ViewRootImpl.lambda$addFrameCompleteCallbackIfNeeded$3$ViewRootImpl:5000 android.view.ViewRootImpl$$ExternalSyntheticLambda16.run:6 android.os.Handler.handleCallback:938 
2025-07-14 22:13:38.347 18564-18564 ViewRootIm...emergente] app.forku                            I  [DP] rdf()
2025-07-14 22:13:38.347 18564-18564 ViewRootIm...emergente] app.forku                            D  reportDrawFinished (fn: -1) 
2025-07-14 22:13:38.382 18564-18564 ViewRootIm...emergente] app.forku                            I  Relayout returned: old=(90,601,512,993) new=(90,601,512,993) req=(422,392)0 dur=10 res=0x1 s={true -5476376642556882944} ch=false fn=2
2025-07-14 22:13:38.391 18564-18564 ViewRootIm...emergente] app.forku                            I  handleResized, msg = 5 frames=ClientWindowFrames{frame=[90,601][512,993] display=[0,45][720,1510] backdrop=[0,0][422,392]} forceNextWindowRelayout=false displayId=0 frameChanged=false backdropFrameChanged=true configChanged=false displayChanged=false mNextDrawUseBlastSync=false mergedConfiguration={mGlobalConfig={1.0 732mcc101mnc [es_CO,en_US] ldltr sw384dp w384dp h781dp 300dpi nrml long port finger -keyb/v/h -nav/h winConfig={ mBounds=Rect(0, 0 - 720, 1600) mAppBounds=Rect(0, 43 - 720, 1510) mMaxBounds=Rect(0, 0 - 720, 1600) mWindowingMode=fullscreen mDisplayWindowingMode=fullscreen mActivityType=undefined mAlwaysOnTop=undefined mRotation=ROTATION_0 mPopOver=off mFreeformTaskPinningState=unpinned} s.157 fontWeightAdjustment=0 ff=0 bf=0 bts=0 enb/d themeSeq=0} mOverrideConfig={1.0 732mcc101mnc [es_CO,en_US] ldltr sw384dp w384dp h781dp 300dpi nrml long port finger -keyb/v/h -nav/h winConfig={ mBounds=Rect(0, 0 - 720, 1600) mAppBounds=Rect(0, 43 - 720, 1510) mMaxBounds=Rect(0, 0 - 720, 1600) mWindowingMode=fullscreen mDisplayWindowingMode=fullscreen mActivityType=standard mAlwaysOnTop=undefined mRotation=ROTATION_0 mPopOver=off mFreeformTaskPinningState=unpinned} s.1 fontWeightAdjustment=0 ff=0 bf=0 bts=0 enb/d themeSeq=0}}
2025-07-14 22:13:38.392 18564-18564 ViewRootIm...emergente] app.forku                            I  [DP] dp(1) 0 android.view.ViewRootImpl.reportNextDraw:11442 android.view.ViewRootImpl.handleResized:2235 android.view.ViewRootImpl.access$1200:303 
2025-07-14 22:13:38.392 18564-18564 ViewRootIm...nActivity] app.forku                            I  MSG_WINDOW_FOCUS_CHANGED 0 1
2025-07-14 22:13:38.409 18564-18564 ViewRootIm...emergente] app.forku                            I  Relayout returned: old=(90,601,512,993) new=(90,601,512,993) req=(422,392)0 dur=8 res=0x1 s={true -5476376642556882944} ch=false fn=3
2025-07-14 22:13:38.410 18564-18564 ViewRootIm...emergente] app.forku                            D  Creating frameDrawingCallback nextDrawUseBlastSync=false reportNextDraw=true hasBlurUpdates=false
2025-07-14 22:13:38.410 18564-18564 ViewRootIm...emergente] app.forku                            D  Creating frameCompleteCallback
2025-07-14 22:13:38.411 18564-18793 ViewRootIm...emergente] app.forku                            D  Received frameDrawingCallback frameNum=3. Creating transactionCompleteCallback=false
2025-07-14 22:13:38.416 18564-18647 ViewRootIm...emergente] app.forku                            D  Received frameCompleteCallback  lastAcquiredFrameNum=3 lastAttemptedDrawFrameNum=3
2025-07-14 22:13:38.421 18564-18564 InputMethodManager      app.forku                            D  startInputInner - Id : 0
2025-07-14 22:13:38.421 18564-18564 InputMethodManager      app.forku                            I  startInputInner - mService.startInputOrWindowGainedFocus
2025-07-14 22:13:38.424 18564-18564 ViewRootIm...emergente] app.forku                            D  updatePointerIcon called with position out of bounds
2025-07-14 22:13:38.425 18564-18564 ViewRootIm...emergente] app.forku                            I  [DP] pdf(0) 0 android.view.ViewRootImpl.lambda$addFrameCompleteCallbackIfNeeded$3$ViewRootImpl:5000 android.view.ViewRootImpl$$ExternalSyntheticLambda16.run:6 android.os.Handler.handleCallback:938 
2025-07-14 22:13:38.425 18564-18564 ViewRootIm...emergente] app.forku                            I  [DP] rdf()
2025-07-14 22:13:38.425 18564-18564 ViewRootIm...emergente] app.forku                            D  reportDrawFinished (fn: 3) 
2025-07-14 22:13:38.425 18564-18564 ViewRootIm...emergente] app.forku                            I  MSG_WINDOW_FOCUS_CHANGED 1 1
2025-07-14 22:13:38.429 18564-18564 ViewRootIm...emergente] app.forku                            D  updatePointerIcon called with position out of bounds
2025-07-14 22:13:38.483 18564-18564 ViewRootIm...emergente] app.forku                            D  updatePointerIcon called with position out of bounds
2025-07-14 22:13:38.498 18564-18564 ViewRootIm...emergente] app.forku                            D  updatePointerIcon called with position out of bounds
2025-07-14 22:13:38.526 18564-18564 ViewRootIm...emergente] app.forku                            D  updatePointerIcon called with position out of bounds
2025-07-14 22:13:38.543 18564-18564 ViewRootIm...emergente] app.forku                            D  updatePointerIcon called with position out of bounds
2025-07-14 22:13:38.559 18564-18564 ViewRootIm...emergente] app.forku                            D  updatePointerIcon called with position out of bounds
2025-07-14 22:13:38.576 18564-18564 ViewRootIm...emergente] app.forku                            D  updatePointerIcon called with position out of bounds
2025-07-14 22:13:38.593 18564-18564 ViewRootIm...emergente] app.forku                            D  updatePointerIcon called with position out of bounds
2025-07-14 22:13:38.610 18564-18564 ViewRootIm...emergente] app.forku                            D  updatePointerIcon called with position out of bounds
2025-07-14 22:13:38.626 18564-18564 ViewRootIm...emergente] app.forku                            D  updatePointerIcon called with position out of bounds
2025-07-14 22:13:38.643 18564-18564 ViewRootIm...emergente] app.forku                            D  updatePointerIcon called with position out of bounds
2025-07-14 22:13:38.659 18564-18564 ViewRootIm...emergente] app.forku                            D  updatePointerIcon called with position out of bounds
2025-07-14 22:13:38.677 18564-18564 ViewRootIm...emergente] app.forku                            D  updatePointerIcon called with position out of bounds
2025-07-14 22:13:38.697 18564-18564 ViewRootImpl            app.forku                            I  updatePointerIcon pointerType = 1000, calling pid = 18564
2025-07-14 22:13:38.698 18564-18564 InputManager            app.forku                            D  setPointerIconType iconId = 1000, callingPid = 18564
2025-07-14 22:13:39.164 18564-19700 okhttp.OkHttpClient     app.forku                            I  --> GET https://godev.collectiveintelligence.com.au/forkuapp-de6b98b5-4402-4a8f-891b-70b3591df162/api/vehicle/file/7c9f56bf-deed-4be4-b046-17fef34ecf7e/Picture?t=%LASTEDITEDTIME%
2025-07-14 22:13:39.456 18564-19700 okhttp.OkHttpClient     app.forku                            I  <-- 500 https://godev.collectiveintelligence.com.au/forkuapp-de6b98b5-4402-4a8f-891b-70b3591df162/api/vehicle/file/7c9f56bf-deed-4be4-b046-17fef34ecf7e/Picture?t=%LASTEDITEDTIME% (291ms, 488-byte body)
2025-07-14 22:13:39.483 18564-18564 RealImageLoader         app.forku                            I  🚨 Failed - https://godev.collectiveintelligence.com.au/forkuapp-de6b98b5-4402-4a8f-891b-70b3591df162/api/vehicle/file/7c9f56bf-deed-4be4-b046-17fef34ecf7e/Picture?t=%LASTEDITEDTIME% - coil.network.HttpException: HTTP 500: 
2025-07-14 22:13:39.485 18564-18564 VehicleImage            app.forku                            E  Error loading image for vehicle 7c9f56bf-deed-4be4-b046-17fef34ecf7e: Error(painter=BitmapPainter(image=androidx.compose.ui.graphics.AndroidImageBitmap@165dc79, srcOffset=(0, 0), srcSize=60 x 60, filterQuality=Low), result=coil.request.ErrorResult@b20e26ce)
2025-07-14 22:13:39.946 18564-18564 ViewRootIm...emergente] app.forku                            I  ViewPostIme pointer 0
2025-07-14 22:13:40.038 18564-18564 ViewRootIm...emergente] app.forku                            I  ViewPostIme pointer 1
2025-07-14 22:13:40.044 18564-18564 FilterStorage           app.forku                            D  [FLOW] saveSiteId() called with value: null
2025-07-14 22:13:40.046 18564-18564 AdminDashboardScreen    app.forku                            D  🎯 Site selection changed: ALL_SITES
2025-07-14 22:13:40.046 18564-18564 AdminDashboardScreen    app.forku                            D  🔧 Processing ALL_SITES selection
2025-07-14 22:13:40.047 18564-18564 FilterStorage           app.forku                            D  [FLOW] saveSiteId() called with value: null
2025-07-14 22:13:40.048 18564-18564 AdminDashboardScreen    app.forku                            D  ✅ All Sites selected - filtering with null siteId
2025-07-14 22:13:40.068 18564-18564 AdminDashboardScreen    app.forku                            D  [FLOW] Composable loaded - currentUser: User(id=d139312d-3d82-4a47-8f1f-b9e1fc380d27, token=eyJhbGciOiJIUzI1NiIsInR5cCI6IkpXVCJ9.eyJVc2VySWQiOiJkMTM5MzEyZC0zZDgyLTRhNDctOGYxZi1iOWUxZmMzODBkMjciLCJ1bmlxdWVfbmFtZSI6Ik5vQnVzaW5lc3NVc2VyIiwiZmFtaWx5X25hbWUiOiJOb1NpdGVVc2VyQXNXZWxsIiwiSXMyRkFFbmFibGVkIjoiZmFsc2UiLCJyb2xlIjoiQWRtaW5pc3RyYXRvcixVc2VyIiwibmJmIjoxNzUyNTQ5MjAxLCJleHAiOjE3NTI1NTEwMDEsImlhdCI6MTc1MjU0OTIwMSwiaXNzIjoic2VsZiJ9.DdLOokqznjWLmQy4c0QNnl63k8En9bqtctqCjeZA0lQ, refreshToken=eyJhbGciOiJIUzI1NiIsInR5cCI6IkpXVCJ9.eyJVc2VySWQiOiJkMTM5MzEyZC0zZDgyLTRhNDctOGYxZi1iOWUxZmMzODBkMjciLCJuYmYiOjE3NTI1NDkyMDEsImV4cCI6MTc1MjU1MTAwMSwiaWF0IjoxNzUyNTQ5MjAxLCJpc3MiOiJzZWxmIn0.5cnEvurFx9K8LnzP4foVMc6o1Su5Ll1ovPvBAllvxBQ, email=NoBusinessUser, username=NoBusinessUser, firstName=NoBusinessUser, lastName=NoSiteUserAsWell, photoUrl=null, role=administrator, certifications=[], points=0, totalHours=0.0, totalDistance=0, sessionsCompleted=0, incidentsReported=0, lastMedicalCheck=null, lastLogin=1752549204118, isActive=true, isApproved=true, password=1234567890, businessId=null, siteId=null, systemOwnerId=null, userPreferencesId=null), role: administrator, filterBusinessId: dcd930f6-6d66-4990-8837-a6c1e96a8256, filterSiteId: null, isAllSitesSelected: false
2025-07-14 22:13:40.095 18564-18564 DashboardHeader         app.forku                            D  DashboardHeader created - onSettingsClick is NOT NULL
2025-07-14 22:13:40.095 18564-18564 DashboardHeader         app.forku                            D  Total buttons to show: 1 (Profile: false, Notifications: false, Settings: true)
2025-07-14 22:13:40.096 18564-18564 DashboardHeader         app.forku                            D  Notifications button will NOT be shown
2025-07-14 22:13:40.096 18564-18564 DashboardHeader         app.forku                            D  Settings button will be shown
2025-07-14 22:13:40.120 18564-18564 VehicleItem             app.forku                            D  vehicle.type: VehicleType(Id=6948c970-bbeb-48d3-bd4c-ce26b2d30993, Name=Light Truck, RequiresCertification=false, VehicleCategoryId=a0f2f612-7a71-479d-9dbf-19369a5a0de3, IsMarkedForDeletion=false, InternalObjectId=6)
2025-07-14 22:13:40.120 18564-18564 VehicleItem             app.forku                            D  vehicle.type.Name: Light Truck
2025-07-14 22:13:40.122 18564-18564 VehicleItem             app.forku                            D  operatorName value: NoBusinessUser NoSiteUserAsWell
2025-07-14 22:13:40.122 18564-18564 VehicleItem             app.forku                            D  operatorImage value: null
2025-07-14 22:13:40.166 18564-18564 AdminDashboardScreen    app.forku                            D  [FLOW] LaunchedEffect(filterSiteId) - filterSiteId: null
2025-07-14 22:13:40.167 18564-18564 AdminDashboardScreen    app.forku                            D  🔄 Filter change detected (filtersReady=true):
2025-07-14 22:13:40.167 18564-18564 AdminDashboardScreen    app.forku                            D    - businessId: dcd930f6-6d66-4990-8837-a6c1e96a8256
2025-07-14 22:13:40.167 18564-18564 AdminDashboardScreen    app.forku                            D    - isAllSitesSelected: false
2025-07-14 22:13:40.167 18564-18564 AdminDashboardScreen    app.forku                            D    - filterSiteId: null
2025-07-14 22:13:40.167 18564-18564 AdminDashboardScreen    app.forku                            D    - effectiveSiteId: null
2025-07-14 22:13:40.167 18564-18564 AdminDashboard          app.forku                            D  [loadDashboardDataWithFilters] === 🚀 INICIANDO CARGA CON FILTROS ESPECÍFICOS ===
2025-07-14 22:13:40.167 18564-18564 AdminDashboard          app.forku                            D  [loadDashboardDataWithFilters] INPUTS: filterBusinessId=dcd930f6-6d66-4990-8837-a6c1e96a8256, filterSiteId=null
2025-07-14 22:13:40.170 18564-18564 AdminDashboard          app.forku                            D  [loadDashboardDataWithFilters] 🏢 Filter BusinessId: 'dcd930f6-6d66-4990-8837-a6c1e96a8256'
2025-07-14 22:13:40.170 18564-18564 AdminDashboard          app.forku                            D  [loadDashboardDataWithFilters] 🏭 Filter SiteId: 'null' (null = All Sites)
2025-07-14 22:13:40.170 18564-18564 AdminDashboard          app.forku                            D  [loadDashboardDataWithFilters] 👤 Calling loadIncidentCountForAdminDashboard for user: d139312d-3d82-4a47-8f1f-b9e1fc380d27 (administrator)
2025-07-14 22:13:40.170 18564-18564 AdminDashboard          app.forku                            D  [loadDashboardDataWithFilters] 📊 Incident count parameters: businessId=dcd930f6-6d66-4990-8837-a6c1e96a8256, siteId=null
2025-07-14 22:13:40.171 18564-18564 AdminDashboard          app.forku                            D  [loadDashboardDataWithFilters] 🌐 Llamando a getActiveSessionsWithRelatedData con businessId: 'dcd930f6-6d66-4990-8837-a6c1e96a8256', siteId: 'null'
2025-07-14 22:13:40.171 18564-18564 VehicleSessionRepo      app.forku                            D  [getActiveSessionsWithRelatedData] === 🚀 OPTIMIZED API CALL FOR ADMIN DASHBOARD ===
2025-07-14 22:13:40.171 18564-18564 VehicleSessionRepo      app.forku                            D  [getActiveSessionsWithRelatedData] BusinessId: 'dcd930f6-6d66-4990-8837-a6c1e96a8256'
2025-07-14 22:13:40.171 18564-18564 VehicleSessionRepo      app.forku                            D  [getActiveSessionsWithRelatedData] SiteId filter: 'null' (null = All Sites)
2025-07-14 22:13:40.171 18564-18564 VehicleSessionRepo      app.forku                            D  [getActiveSessionsWithRelatedData] Using filter siteId: 'null'
2025-07-14 22:13:40.171 18564-18564 VehicleSessionRepo      app.forku                            D  [getActiveSessionsWithRelatedData] 🌐 API call with include: 'GOUser,GOUser.UserRoleItems,Vehicle,Vehicle.VehicleType,ChecklistAnswer'
2025-07-14 22:13:40.171 18564-18564 VehicleSessionRepo      app.forku                            D  [getActiveSessionsWithRelatedData] 🔍 API Filter: 'Status == 0 && EndTime == null && BusinessId == Guid.Parse("dcd930f6-6d66-4990-8837-a6c1e96a8256")'
2025-07-14 22:13:40.181 18564-18564 AdminDashboard          app.forku                            D  [loadIncidentCountForAdminDashboard] === 🚀 INICIANDO CARGA DE CONTADOR DE INCIDENTES (ADMIN DASHBOARD) ===
2025-07-14 22:13:40.181 18564-18564 AdminDashboard          app.forku                            D  [loadIncidentCountForAdminDashboard] 📍 CONTEXT: This method is ONLY for Admin Dashboard
2025-07-14 22:13:40.182 18564-18564 AdminDashboard          app.forku                            D  [loadIncidentCountForAdminDashboard] INPUTS: user=d139312d-3d82-4a47-8f1f-b9e1fc380d27, role=administrator, businessId=dcd930f6-6d66-4990-8837-a6c1e96a8256, siteId=null
2025-07-14 22:13:40.182 18564-18564 AdminDashboard          app.forku                            D  [loadIncidentCountForAdminDashboard] USER DETAILS: name=NoBusinessUser NoSiteUserAsWell, username=NoBusinessUser
2025-07-14 22:13:40.182 18564-18564 AdminDashboard          app.forku                            D  [loadIncidentCountForAdminDashboard] 🎯 ADMIN CONFIRMED: Proceeding with Admin incident count logic
2025-07-14 22:13:40.182 18564-18564 AdminDashboard          app.forku                            D  [loadIncidentCountForAdminDashboard] 🌐 ALL SITES MODE: Counting ALL incidents from ALL sites in business
2025-07-14 22:13:40.182 18564-18564 AdminDashboard          app.forku                            D  [loadIncidentCountForAdminDashboard] 📊 ALL SITES LOGIC: Will count incidents from all users, all sites in business
2025-07-14 22:13:40.182 18564-18564 GetAdminIn...untUseCase app.forku                            D  [invoke] === 🚀 ADMIN INCIDENT COUNT USECASE ===
2025-07-14 22:13:40.182 18564-18564 GetAdminIn...untUseCase app.forku                            D  [invoke] CALLED with businessId=dcd930f6-6d66-4990-8837-a6c1e96a8256, siteId=null
2025-07-14 22:13:40.182 18564-18564 IncidentRepository      app.forku                            D  [getIncidentCountForAdmin] === 🚀 ADMIN INCIDENT COUNT ===
2025-07-14 22:13:40.182 18564-18564 IncidentRepository      app.forku                            D  [getIncidentCountForAdmin] INPUTS: businessId=dcd930f6-6d66-4990-8837-a6c1e96a8256, siteId=null
2025-07-14 22:13:40.182 18564-18564 IncidentRepository      app.forku                            D  [getIncidentCountForAdmin] Effective businessId=dcd930f6-6d66-4990-8837-a6c1e96a8256, siteId=null
2025-07-14 22:13:40.182 18564-18564 IncidentRepository      app.forku                            D  [getIncidentCountForAdmin] 🎯 ALL SITES MODE: Counting incidents from ALL sites in business
2025-07-14 22:13:40.182 18564-18564 IncidentRepository      app.forku                            D  [getIncidentCountForAdmin] Final filter: 'BusinessId == Guid.Parse("dcd930f6-6d66-4990-8837-a6c1e96a8256")'
2025-07-14 22:13:40.188 18564-18564 AdminDashboard          app.forku                            D  [loadOperatingVehiclesCount] === INICIANDO CONTEO DE VEHÍCULOS OPERANDO ===
2025-07-14 22:13:40.189 18564-19700 appflow AuthInterceptor app.forku                            D  Starting request interception:
                                                                                                    - URL: https://godev.collectiveintelligence.com.au/forkuapp-de6b98b5-4402-4a8f-891b-70b3591df162/api/vehiclesession/list?businessId=dcd930f6-6d66-4990-8837-a6c1e96a8256&include=GOUser%2CGOUser.UserRoleItems%2CVehicle%2CVehicle.VehicleType%2CChecklistAnswer&filter=Status%20%3D%3D%200%20%26%26%20EndTime%20%3D%3D%20null%20%26%26%20BusinessId%20%3D%3D%20Guid.Parse%28%22dcd930f6-6d66-4990-8837-a6c1e96a8256%22%29
                                                                                                    - Method: GET
2025-07-14 22:13:40.190 18564-19700 AuthDataStore           app.forku                            D  Getting cached application token: eyJhbGciOi
2025-07-14 22:13:40.190 18564-19700 GOServicesManager       app.forku                            D  Getting CSRF token... forceRefresh=false
2025-07-14 22:13:40.190 18564-19700 GOServicesManager       app.forku                            D  Using cached CSRF token and cookie
2025-07-14 22:13:40.191 18564-18564 AdminDashboard          app.forku                            D  [loadOperatingVehiclesCount] User role: administrator, isAdmin: true
2025-07-14 22:13:40.191 18564-18564 AdminDashboard          app.forku                            D  [loadOperatingVehiclesCount] 🎯 ADMIN MODE:
2025-07-14 22:13:40.191 18564-18564 AdminDashboard          app.forku                            D  [loadOperatingVehiclesCount]   - Filter BusinessId: 'dcd930f6-6d66-4990-8837-a6c1e96a8256'
2025-07-14 22:13:40.191 18564-18564 AdminDashboard          app.forku                            D  [loadOperatingVehiclesCount]   - Filter SiteId: 'null'
2025-07-14 22:13:40.191 18564-18564 AdminDashboard          app.forku                            D  [loadOperatingVehiclesCount]   - Is All Sites Selected: false
2025-07-14 22:13:40.191 18564-18564 AdminDashboard          app.forku                            D  [loadOperatingVehiclesCount]   - Effective BusinessId: 'dcd930f6-6d66-4990-8837-a6c1e96a8256'
2025-07-14 22:13:40.191 18564-18564 AdminDashboard          app.forku                            D  [loadOperatingVehiclesCount]   - Effective SiteId: 'null' (null = All Sites)
2025-07-14 22:13:40.191 18564-18564 AdminDashboard          app.forku                            D  [loadOperatingVehiclesCount] Sesiones activas actuales en UI: 1
2025-07-14 22:13:40.191 18564-19700 appflow AuthInterceptor app.forku                            D  🔍 Added ApplicationToken and BearerToken to cookie
2025-07-14 22:13:40.191 18564-18564 AdminDashboard          app.forku                            D  [loadOperatingVehiclesCount]   Sesión 0: vehicleId=7c9f56bf-deed-4be4-b046-17fef34ecf7e, codename=Other Site Vehicle, sessionId=1cfc8261-ce3e-4c9b-ae47-9b4a3c737347
2025-07-14 22:13:40.191 18564-18564 AdminDashboard          app.forku                            D  [loadOperatingVehiclesCount] Llamando a vehicleSessionRepository.getOperatingSessionsCount('dcd930f6-6d66-4990-8837-a6c1e96a8256', 'null')...
2025-07-14 22:13:40.191 18564-19700 appflow AuthInterceptor app.forku                            D  🔍 Added cleaned Antiforgery cookie: .AspNetCore.Antiforgery._bj8tIMu5EI=CfDJ8Fg4pSr8Do...
2025-07-14 22:13:40.191 18564-18564 VehicleSessionRepo      app.forku                            D  [getOperatingSessionsCount] === INICIANDO CONTEO EN REPOSITORY ===
2025-07-14 22:13:40.191 18564-18564 VehicleSessionRepo      app.forku                            D  [getOperatingSessionsCount] BusinessId recibido: 'dcd930f6-6d66-4990-8837-a6c1e96a8256'
2025-07-14 22:13:40.191 18564-18564 VehicleSessionRepo      app.forku                            D  [getOperatingSessionsCount] SiteId filter recibido: 'null' (null = All Sites)
2025-07-14 22:13:40.192 18564-19700 appflow AuthInterceptor app.forku                            D  🔍 Final cookie string length: 994
2025-07-14 22:13:40.192 18564-18564 VehicleSessionRepo      app.forku                            D  [getOperatingSessionsCount] CSRF Token obtenido: CfDJ8Fg4pS...
2025-07-14 22:13:40.192 18564-18564 VehicleSessionRepo      app.forku                            D  [getOperatingSessionsCount] Cookie obtenido: .AspNetCore.Antiforg...
2025-07-14 22:13:40.192 18564-18564 VehicleSessionRepo      app.forku                            D  [getOperatingSessionsCount] Using filter siteId: 'null'
2025-07-14 22:13:40.192 18564-18564 VehicleSessionRepo      app.forku                            D  [getOperatingSessionsCount] 🔍 Filtro construido: 'Status == 0 && BusinessId == Guid.Parse("dcd930f6-6d66-4990-8837-a6c1e96a8256")'
2025-07-14 22:13:40.192 18564-18564 VehicleSessionRepo      app.forku                            D  [getOperatingSessionsCount] 🌐 Llamando a GET /dataset/api/vehiclesession/count?filter=Status == 0 && BusinessId == Guid.Parse("dcd930f6-6d66-4990-8837-a6c1e96a8256")
2025-07-14 22:13:40.193 18564-19700 okhttp.OkHttpClient     app.forku                            I  --> GET https://godev.collectiveintelligence.com.au/forkuapp-de6b98b5-4402-4a8f-891b-70b3591df162/api/vehiclesession/list?businessId=dcd930f6-6d66-4990-8837-a6c1e96a8256&include=GOUser%2CGOUser.UserRoleItems%2CVehicle%2CVehicle.VehicleType%2CChecklistAnswer&filter=Status%20%3D%3D%200%20%26%26%20EndTime%20%3D%3D%20null%20%26%26%20BusinessId%20%3D%3D%20Guid.Parse%28%22dcd930f6-6d66-4990-8837-a6c1e96a8256%22%29
2025-07-14 22:13:40.193 18564-19703 appflow AuthInterceptor app.forku                            D  Starting request interception:
                                                                                                    - URL: https://godev.collectiveintelligence.com.au/forkuapp-de6b98b5-4402-4a8f-891b-70b3591df162/dataset/api/incident/count?filter=BusinessId%20%3D%3D%20Guid.Parse%28%22dcd930f6-6d66-4990-8837-a6c1e96a8256%22%29
                                                                                                    - Method: GET
2025-07-14 22:13:40.194 18564-19703 AuthDataStore           app.forku                            D  Getting cached application token: eyJhbGciOi
2025-07-14 22:13:40.194 18564-19703 GOServicesManager       app.forku                            D  Getting CSRF token... forceRefresh=false
2025-07-14 22:13:40.194 18564-19703 GOServicesManager       app.forku                            D  Using cached CSRF token and cookie
2025-07-14 22:13:40.201 18564-19703 appflow AuthInterceptor app.forku                            D  🔍 Added ApplicationToken and BearerToken to cookie
2025-07-14 22:13:40.201 18564-19703 appflow AuthInterceptor app.forku                            D  🔍 Added cleaned Antiforgery cookie: .AspNetCore.Antiforgery._bj8tIMu5EI=CfDJ8Fg4pSr8Do...
2025-07-14 22:13:40.201 18564-19703 appflow AuthInterceptor app.forku                            D  🔍 Final cookie string length: 994
2025-07-14 22:13:40.202 18564-19703 okhttp.OkHttpClient     app.forku                            I  --> GET https://godev.collectiveintelligence.com.au/forkuapp-de6b98b5-4402-4a8f-891b-70b3591df162/dataset/api/incident/count?filter=BusinessId%20%3D%3D%20Guid.Parse%28%22dcd930f6-6d66-4990-8837-a6c1e96a8256%22%29
2025-07-14 22:13:40.204 18564-18805 appflow AuthInterceptor app.forku                            D  Starting request interception:
                                                                                                    - URL: https://godev.collectiveintelligence.com.au/forkuapp-de6b98b5-4402-4a8f-891b-70b3591df162/dataset/api/vehiclesession/count?filter=Status%20%3D%3D%200%20%26%26%20BusinessId%20%3D%3D%20Guid.Parse%28%22dcd930f6-6d66-4990-8837-a6c1e96a8256%22%29
                                                                                                    - Method: GET
2025-07-14 22:13:40.205 18564-18805 AuthDataStore           app.forku                            D  Getting cached application token: eyJhbGciOi
2025-07-14 22:13:40.205 18564-18805 GOServicesManager       app.forku                            D  Getting CSRF token... forceRefresh=false
2025-07-14 22:13:40.205 18564-18805 GOServicesManager       app.forku                            D  Using cached CSRF token and cookie
2025-07-14 22:13:40.206 18564-18805 appflow AuthInterceptor app.forku                            D  🔍 Added ApplicationToken and BearerToken to cookie
2025-07-14 22:13:40.206 18564-18805 appflow AuthInterceptor app.forku                            D  🔍 Added cleaned Antiforgery cookie: .AspNetCore.Antiforgery._bj8tIMu5EI=CfDJ8Fg4pSr8Do...
2025-07-14 22:13:40.206 18564-18805 appflow AuthInterceptor app.forku                            D  🔍 Final cookie string length: 994
2025-07-14 22:13:40.207 18564-18805 okhttp.OkHttpClient     app.forku                            I  --> GET https://godev.collectiveintelligence.com.au/forkuapp-de6b98b5-4402-4a8f-891b-70b3591df162/dataset/api/vehiclesession/count?filter=Status%20%3D%3D%200%20%26%26%20BusinessId%20%3D%3D%20Guid.Parse%28%22dcd930f6-6d66-4990-8837-a6c1e96a8256%22%29
2025-07-14 22:13:40.210 18564-18564 AdminDashboardScreen    app.forku                            D  [FLOW] Composable loaded - currentUser: User(id=d139312d-3d82-4a47-8f1f-b9e1fc380d27, token=eyJhbGciOiJIUzI1NiIsInR5cCI6IkpXVCJ9.eyJVc2VySWQiOiJkMTM5MzEyZC0zZDgyLTRhNDctOGYxZi1iOWUxZmMzODBkMjciLCJ1bmlxdWVfbmFtZSI6Ik5vQnVzaW5lc3NVc2VyIiwiZmFtaWx5X25hbWUiOiJOb1NpdGVVc2VyQXNXZWxsIiwiSXMyRkFFbmFibGVkIjoiZmFsc2UiLCJyb2xlIjoiQWRtaW5pc3RyYXRvcixVc2VyIiwibmJmIjoxNzUyNTQ5MjAxLCJleHAiOjE3NTI1NTEwMDEsImlhdCI6MTc1MjU0OTIwMSwiaXNzIjoic2VsZiJ9.DdLOokqznjWLmQy4c0QNnl63k8En9bqtctqCjeZA0lQ, refreshToken=eyJhbGciOiJIUzI1NiIsInR5cCI6IkpXVCJ9.eyJVc2VySWQiOiJkMTM5MzEyZC0zZDgyLTRhNDctOGYxZi1iOWUxZmMzODBkMjciLCJuYmYiOjE3NTI1NDkyMDEsImV4cCI6MTc1MjU1MTAwMSwiaWF0IjoxNzUyNTQ5MjAxLCJpc3MiOiJzZWxmIn0.5cnEvurFx9K8LnzP4foVMc6o1Su5Ll1ovPvBAllvxBQ, email=NoBusinessUser, username=NoBusinessUser, firstName=NoBusinessUser, lastName=NoSiteUserAsWell, photoUrl=null, role=administrator, certifications=[], points=0, totalHours=0.0, totalDistance=0, sessionsCompleted=0, incidentsReported=0, lastMedicalCheck=null, lastLogin=1752549204118, isActive=true, isApproved=true, password=1234567890, businessId=null, siteId=null, systemOwnerId=null, userPreferencesId=null), role: administrator, filterBusinessId: dcd930f6-6d66-4990-8837-a6c1e96a8256, filterSiteId: null, isAllSitesSelected: false
2025-07-14 22:13:40.313 18564-18564 DashboardHeader         app.forku                            D  DashboardHeader created - onSettingsClick is NOT NULL
2025-07-14 22:13:40.314 18564-18564 DashboardHeader         app.forku                            D  Total buttons to show: 1 (Profile: false, Notifications: false, Settings: true)
2025-07-14 22:13:40.315 18564-18564 DashboardHeader         app.forku                            D  Notifications button will NOT be shown
2025-07-14 22:13:40.315 18564-18564 DashboardHeader         app.forku                            D  Settings button will be shown
2025-07-14 22:13:40.345 18564-18564 VehicleItem             app.forku                            D  vehicle.type: VehicleType(Id=6948c970-bbeb-48d3-bd4c-ce26b2d30993, Name=Light Truck, RequiresCertification=false, VehicleCategoryId=a0f2f612-7a71-479d-9dbf-19369a5a0de3, IsMarkedForDeletion=false, InternalObjectId=6)
2025-07-14 22:13:40.345 18564-18564 VehicleItem             app.forku                            D  vehicle.type.Name: Light Truck
2025-07-14 22:13:40.347 18564-18564 VehicleItem             app.forku                            D  operatorName value: NoBusinessUser NoSiteUserAsWell
2025-07-14 22:13:40.347 18564-18564 VehicleItem             app.forku                            D  operatorImage value: null
2025-07-14 22:13:40.388 18564-18564 ViewRootIm...emergente] app.forku                            I  Relayout returned: old=(90,601,512,993) new=(90,601,512,993) req=(422,392)0 dur=8 res=0x1 s={true -5476376642556882944} ch=false fn=16
2025-07-14 22:13:40.421 18564-18564 ViewRootImpl            app.forku                            I  updatePointerIcon pointerType = 1000, calling pid = 18564
2025-07-14 22:13:40.422 18564-18564 InputManager            app.forku                            D  setPointerIconType iconId = 1000, callingPid = 18564
2025-07-14 22:13:40.500 18564-18647 OpenGLRenderer          app.forku                            D  setSurface called with nullptr
2025-07-14 22:13:40.500 18564-18647 OpenGLRenderer          app.forku                            D  setSurface() destroyed EGLSurface
2025-07-14 22:13:40.500 18564-18647 OpenGLRenderer          app.forku                            D  destroyEglSurface
2025-07-14 22:13:40.503 18564-18564 ViewRootIm...emergente] app.forku                            I  dispatchDetachedFromWindow
2025-07-14 22:13:40.522 18564-18564 InputTransport          app.forku                            D  Input channel destroyed: 'e1e90de', fd=145
2025-07-14 22:13:40.555 18564-19700 okhttp.OkHttpClient     app.forku                            I  <-- 200 https://godev.collectiveintelligence.com.au/forkuapp-de6b98b5-4402-4a8f-891b-70b3591df162/api/vehiclesession/list?businessId=dcd930f6-6d66-4990-8837-a6c1e96a8256&include=GOUser%2CGOUser.UserRoleItems%2CVehicle%2CVehicle.VehicleType%2CChecklistAnswer&filter=Status%20%3D%3D%200%20%26%26%20EndTime%20%3D%3D%20null%20%26%26%20BusinessId%20%3D%3D%20Guid.Parse%28%22dcd930f6-6d66-4990-8837-a6c1e96a8256%22%29 (361ms, unknown-length body)
2025-07-14 22:13:40.562 18564-19700 UserDto                 app.forku                            D  Initializing UserDto with picture: null
2025-07-14 22:13:40.570 18564-19700 UserDto                 app.forku                            D  Initializing UserDto with picture: null
2025-07-14 22:13:40.571 18564-18564 ViewRootImpl            app.forku                            I  updatePointerIcon pointerType = 1008, calling pid = 18564
2025-07-14 22:13:40.572 18564-18564 InputManager            app.forku                            D  setPointerIconType iconId = 1008, callingPid = 18564
2025-07-14 22:13:40.583 18564-18564 InputMethodManager      app.forku                            D  startInputInner - Id : 0
2025-07-14 22:13:40.583 18564-18564 InputMethodManager      app.forku                            I  startInputInner - mService.startInputOrWindowGainedFocus
2025-07-14 22:13:40.620 18564-18564 InsetsSourceConsumer    app.forku                            D  ensureControlAlpha: for ITYPE_NAVIGATION_BAR on app.forku/app.forku.MainActivity
2025-07-14 22:13:40.621 18564-18564 InsetsSourceConsumer    app.forku                            D  ensureControlAlpha: for ITYPE_STATUS_BAR on app.forku/app.forku.MainActivity
2025-07-14 22:13:40.622 18564-18564 ViewRootIm...nActivity] app.forku                            I  MSG_WINDOW_FOCUS_CHANGED 1 1
2025-07-14 22:13:40.622 18564-18564 VehicleSessionRepo      app.forku                            D  [getActiveSessionsWithRelatedData] 📡 Response: isSuccessful=true, code=200
