2025-06-08 18:25:01.824 14647-14647 ViewRootIm...nActivity] app.forku                            I  ViewPostIme pointer 0
2025-06-08 18:25:01.842 14647-14647 ViewRootIm...nActivity] app.forku                            I  ViewPostIme pointer 1
2025-06-08 18:25:03.202 14647-14647 ViewRootImpl            app.forku                            I  updatePointerIcon pointerType = 1000, calling pid = 14647
2025-06-08 18:25:03.203 14647-14647 InputManager            app.forku                            D  setPointerIconType iconId = 1000, callingPid = 14647
2025-06-08 18:25:04.881 14647-14647 ViewRootIm...nActivity] app.forku                            I  ViewPostIme pointer 0
2025-06-08 18:25:04.897 14647-14647 ViewRootIm...nActivity] app.forku                            I  ViewPostIme pointer 1
2025-06-08 18:25:04.987 14647-14647 AdminDashboardScreen    app.forku                            D  UI muestra operatingVehiclesCount: 1
2025-06-08 18:25:04.987 14647-14647 AdminDashboardScreen    app.forku                            D  UI muestra userIncidentsCount: 38
2025-06-08 18:25:04.987 14647-14647 AdminDashboardScreen    app.forku                            D  UI muestra totalIncidentsCount: 38
2025-06-08 18:25:04.987 14647-14647 AdminDashboardScreen    app.forku                            D  UI muestra safetyAlertsCount: 6
2025-06-08 18:25:05.006 14647-14647 DashboardViewModel      app.forku                            D  [loadCurrentUser] user original: User(id=867b342e-5d9a-484c-a2db-3fd08a0dfeaf, token=eyJhbGciOiJIUzI1NiIsInR5cCI6IkpXVCJ9.eyJVc2VySWQiOiI4NjdiMzQyZS01ZDlhLTQ4NGMtYTJkYi0zZmQwOGEwZGZlYWYiLCJ1bmlxdWVfbmFtZSI6IkFkIiwiZmFtaWx5X25hbWUiOiJNaW4iLCJJczJGQUVuYWJsZWQiOiJmYWxzZSIsInJvbGUiOiJBZG1pbmlzdHJhdG9yIiwibmJmIjoxNzQ5NDI1MDg3LCJleHAiOjE3NDk0MjY4ODcsImlhdCI6MTc0OTQyNTA4NywiaXNzIjoic2VsZiJ9.EWownNWzcPnV33i8vaydtvAL5CZU783JDW63AkqIo4M, refreshToken=eyJhbGciOiJIUzI1NiIsInR5cCI6IkpXVCJ9.eyJVc2VySWQiOiI4NjdiMzQyZS01ZDlhLTQ4NGMtYTJkYi0zZmQwOGEwZGZlYWYiLCJuYmYiOjE3NDk0MjUwODcsImV4cCI6MTc0OTQyNjg4NywiaWF0IjoxNzQ5NDI1MDg3LCJpc3MiOiJzZWxmIn0.tU7CoxFeu8hMWU5hfFZYQYiiWnv2lkiIN8SYgmvHbZg, email=Admin, username=Ad, firstName=Ad, lastName=Min, photoUrl=null, role=administrator, certifications=[], points=0, totalHours=0.0, totalDistance=0, sessionsCompleted=0, incidentsReported=0, lastMedicalCheck=null, lastLogin=1749425087149, isActive=true, isApproved=true, password=Admin, businessId=null, siteId=null, systemOwnerId=null)
2025-06-08 18:25:05.007 14647-14647 DashboardViewModel      app.forku                            D  [loadCurrentUser] fixedUser: User(id=867b342e-5d9a-484c-a2db-3fd08a0dfeaf, token=eyJhbGciOiJIUzI1NiIsInR5cCI6IkpXVCJ9.eyJVc2VySWQiOiI4NjdiMzQyZS01ZDlhLTQ4NGMtYTJkYi0zZmQwOGEwZGZlYWYiLCJ1bmlxdWVfbmFtZSI6IkFkIiwiZmFtaWx5X25hbWUiOiJNaW4iLCJJczJGQUVuYWJsZWQiOiJmYWxzZSIsInJvbGUiOiJBZG1pbmlzdHJhdG9yIiwibmJmIjoxNzQ5NDI1MDg3LCJleHAiOjE3NDk0MjY4ODcsImlhdCI6MTc0OTQyNTA4NywiaXNzIjoic2VsZiJ9.EWownNWzcPnV33i8vaydtvAL5CZU783JDW63AkqIo4M, refreshToken=eyJhbGciOiJIUzI1NiIsInR5cCI6IkpXVCJ9.eyJVc2VySWQiOiI4NjdiMzQyZS01ZDlhLTQ4NGMtYTJkYi0zZmQwOGEwZGZlYWYiLCJuYmYiOjE3NDk0MjUwODcsImV4cCI6MTc0OTQyNjg4NywiaWF0IjoxNzQ5NDI1MDg3LCJpc3MiOiJzZWxmIn0.tU7CoxFeu8hMWU5hfFZYQYiiWnv2lkiIN8SYgmvHbZg, email=Admin, username=Ad, firstName=Ad, lastName=Min, photoUrl=null, role=administrator, certifications=[], points=0, totalHours=0.0, totalDistance=0, sessionsCompleted=0, incidentsReported=0, lastMedicalCheck=null, lastLogin=1749425087149, isActive=true, isApproved=true, password=Admin, businessId=200dd110-d7f4-421f-8263-9265c85e8315, siteId=null, systemOwnerId=null)
2025-06-08 18:25:05.261 14647-14737 appflow VehicleRepo     app.forku                            D  Fetching vehicles with related data for business: 200dd110-d7f4-421f-8263-9265c85e8315
2025-06-08 18:25:05.262 14647-14737 AuthDataStore           app.forku                            D  Getting cached application token: eyJhbGciOi
2025-06-08 18:25:05.262 14647-14737 GOServicesManager       app.forku                            D  Getting CSRF token... forceRefresh=false
2025-06-08 18:25:05.270 14647-14737 GOServicesManager       app.forku                            D  Using cached CSRF token and cookie
2025-06-08 18:25:05.270 14647-14737 appflow VehicleRepo     app.forku                            D  Got auth headers, making optimized API call with includes
2025-06-08 18:25:05.292 14647-14811 appflow AuthInterceptor app.forku                            D  Starting request interception:
                                                                                                    - URL: https://godev.collectiveintelligence.com.au/forkuapp-de6b98b5-4402-4a8f-891b-70b3591df162/api/vehicle/list?include=VehicleType%2CChecklistAnswerItems%2CVehicleSessionItems
                                                                                                    - Method: GET
2025-06-08 18:25:05.293 14647-14811 AuthDataStore           app.forku                            D  Getting cached application token: eyJhbGciOi
2025-06-08 18:25:05.293 14647-14811 GOServicesManager       app.forku                            D  Getting CSRF token... forceRefresh=false
2025-06-08 18:25:05.300 14647-14811 GOServicesManager       app.forku                            D  Using cached CSRF token and cookie
2025-06-08 18:25:05.301 14647-14811 appflow AuthInterceptor app.forku                            W  Invalid Antiforgery cookie format: .AspNetCore.Antiforgery._bj8tIMu5EI=CfDJ8NI0kPAAx9FHpBw9-eO_XbsP0ORciU5YMITd6Sc4RcRy0EwKjj8inNRiuZs--Bv18E628ghR6rcEGnnu4Nen9kwUixiwkGXgP4SyZxz8Ojf5Ey2DAb7KWXpSuCard8GEhBDFi5pReR6SUxj57ZMQtx0; path=/forkuapp-de6b98b5-4402-4a8f-891b-70b3591df162; samesite=strict; httponly
2025-06-08 18:25:05.302 14647-14811 okhttp.OkHttpClient     app.forku                            I  --> GET https://godev.collectiveintelligence.com.au/forkuapp-de6b98b5-4402-4a8f-891b-70b3591df162/api/vehicle/list?include=VehicleType%2CChecklistAnswerItems%2CVehicleSessionItems
2025-06-08 18:25:05.330 14647-14647 AdminDashboardScreen    app.forku                            D  UI muestra operatingVehiclesCount: 1
2025-06-08 18:25:05.331 14647-14647 AdminDashboardScreen    app.forku                            D  UI muestra userIncidentsCount: 38
2025-06-08 18:25:05.331 14647-14647 AdminDashboardScreen    app.forku                            D  UI muestra totalIncidentsCount: 38
2025-06-08 18:25:05.331 14647-14647 AdminDashboardScreen    app.forku                            D  UI muestra safetyAlertsCount: 6
2025-06-08 18:25:05.411 14647-14647 VehicleItem_Debug       app.forku                            D  === Vehicle Big Joe Checklist Debug ===
2025-06-08 18:25:05.411 14647-14647 VehicleItem_Debug       app.forku                            D  ChecklistAnswer ID: 4de0151a-4c52-48b2-aab0-28cdf35f880b
2025-06-08 18:25:05.411 14647-14647 VehicleItem_Debug       app.forku                            D  ChecklistAnswer status (Int): 2
2025-06-08 18:25:05.411 14647-14647 VehicleItem_Debug       app.forku                            D  ChecklistAnswer lastCheckDateTime: 2025-06-04T10:57:46.89+00:00
2025-06-08 18:25:05.411 14647-14647 VehicleItem_Debug       app.forku                            D  ChecklistAnswer endDateTime: 2025-06-04T10:57:46.89+00:00
2025-06-08 18:25:05.411 14647-14647 VehicleItem_Debug       app.forku                            D  ChecklistAnswer vehicleId: 99216b5e-2ffc-4f76-b9e5-0e9fafcaa125
2025-06-08 18:25:05.411 14647-14647 VehicleItem_Debug       app.forku                            D  StatusEnum: COMPLETED_PASS
2025-06-08 18:25:05.411 14647-14647 VehicleItem_Debug       app.forku                            D  Final statusText: Pass
2025-06-08 18:25:05.411 14647-14647 VehicleItem_Debug       app.forku                            D  === End Vehicle Big Joe Checklist Debug ===
2025-06-08 18:25:05.415 14647-14647 VehicleItem             app.forku                            D  operatorName value: test testy
2025-06-08 18:25:05.415 14647-14647 VehicleItem             app.forku                            D  operatorImage value: null
2025-06-08 18:25:05.452 14647-14647 AdminDashboardScreen    app.forku                            D  OperationStatusSection - totalIncidentsCount: 38
2025-06-08 18:25:05.595 14647-14647 ViewRootImpl            app.forku                            I  updatePointerIcon pointerType = 1000, calling pid = 14647
2025-06-08 18:25:05.595 14647-14647 InputManager            app.forku                            D  setPointerIconType iconId = 1000, callingPid = 14647
2025-06-08 18:25:05.835 14647-14811 okhttp.OkHttpClient     app.forku                            I  <-- 200 https://godev.collectiveintelligence.com.au/forkuapp-de6b98b5-4402-4a8f-891b-70b3591df162/api/vehicle/list?include=VehicleType%2CChecklistAnswerItems%2CVehicleSessionItems (532ms, unknown-length body)
2025-06-08 18:25:05.976 14647-14737 appflow VehicleRepo     app.forku                            D  Found 4 unique user IDs for batch fetch
2025-06-08 18:25:05.977 14647-14737 UserRepository          app.forku                            D  Getting user by ID: 11717300-cb52-4e87-bae9-d5a4a8323e5e
2025-06-08 18:25:05.990 14647-14811 appflow AuthInterceptor app.forku                            D  Starting request interception:
                                                                                                    - URL: https://godev.collectiveintelligence.com.au/forkuapp-de6b98b5-4402-4a8f-891b-70b3591df162/api/gouser/byid/11717300-cb52-4e87-bae9-d5a4a8323e5e
                                                                                                    - Method: GET
2025-06-08 18:25:05.991 14647-14811 AuthDataStore           app.forku                            D  Getting cached application token: eyJhbGciOi
2025-06-08 18:25:05.991 14647-14811 GOServicesManager       app.forku                            D  Getting CSRF token... forceRefresh=false
2025-06-08 18:25:05.997 14647-14811 GOServicesManager       app.forku                            D  Using cached CSRF token and cookie
2025-06-08 18:25:05.998 14647-14811 appflow AuthInterceptor app.forku                            W  Invalid Antiforgery cookie format: .AspNetCore.Antiforgery._bj8tIMu5EI=CfDJ8NI0kPAAx9FHpBw9-eO_XbsP0ORciU5YMITd6Sc4RcRy0EwKjj8inNRiuZs--Bv18E628ghR6rcEGnnu4Nen9kwUixiwkGXgP4SyZxz8Ojf5Ey2DAb7KWXpSuCard8GEhBDFi5pReR6SUxj57ZMQtx0; path=/forkuapp-de6b98b5-4402-4a8f-891b-70b3591df162; samesite=strict; httponly
2025-06-08 18:25:05.999 14647-14811 okhttp.OkHttpClient     app.forku                            I  --> GET https://godev.collectiveintelligence.com.au/forkuapp-de6b98b5-4402-4a8f-891b-70b3591df162/api/gouser/byid/11717300-cb52-4e87-bae9-d5a4a8323e5e
2025-06-08 18:25:06.289 14647-14811 okhttp.OkHttpClient     app.forku                            I  <-- 200 https://godev.collectiveintelligence.com.au/forkuapp-de6b98b5-4402-4a8f-891b-70b3591df162/api/gouser/byid/11717300-cb52-4e87-bae9-d5a4a8323e5e (289ms, unknown-length body)
2025-06-08 18:25:06.292 14647-14811 UserDto                 app.forku                            D  Initializing UserDto with picture: null
2025-06-08 18:25:06.295 14647-14737 UserRepository          app.forku                            D  API response code: 200
2025-06-08 18:25:06.296 14647-14737 UserRepository          app.forku                            D  API response body: UserDto(id=11717300-cb52-4e87-bae9-d5a4a8323e5e, username=test@test.com, email=test@test.com, firstName=test, lastName=testy, fullName=test testy, password=**********, passwordExpiry=null, passwordExpiryWithTimezoneOffset=null, blocked=false, userValidated=false, unregistered=false, isMarkedForDeletion=null, isDirty=true, isNew=null, internalObjectId=null, emailChangeValidationInProgress=false, emailValidated=false, newEmailAddress=null, newEmailValidated=false, answeredChecklistItemItems=[], certificationItems2=[], checklistAnswerItems=[], feedbackItems=[], incidentItems=[], notificationItems=[], userBusinesses=[], userChecklistItems=[], userCollisionIncidentItems=[], userGroupItems=[], userMultimediaItems=[], userNearMissIncidentItems=[], userRoleItems=[], picture=null, pictureFileSize=null, pictureInternalName=null)
2025-06-08 18:25:06.296 14647-14737 UserRepository          app.forku                            D  API response headers: content-type: application/json; charset=utf-8
                                                                                                    server: Microsoft-IIS/10.0
                                                                                                    strict-transport-security: max-age=2592000
                                                                                                    x-powered-by: ASP.NET
                                                                                                    date: Sun, 08 Jun 2025 23:25:06 GMT
2025-06-08 18:25:06.296 14647-14737 UserRepository          app.forku                            D  API response error body: null
2025-06-08 18:25:06.296 14647-14737 UserRepository          app.forku                            D  Received user DTO: id=11717300-cb52-4e87-bae9-d5a4a8323e5e, picture=null, pictureInternalName=null
2025-06-08 18:25:06.296 14647-14737 UserRepository          app.forku                            D  UserDto for Ana: id=11717300-cb52-4e87-bae9-d5a4a8323e5e, picture=null, pictureInternalName=null
2025-06-08 18:25:06.306 14647-14811 appflow AuthInterceptor app.forku                            D  Starting request interception:
                                                                                                    - URL: https://godev.collectiveintelligence.com.au/forkuapp-de6b98b5-4402-4a8f-891b-70b3591df162/api/gouserrole/list
                                                                                                    - Method: GET
2025-06-08 18:25:06.306 14647-14811 AuthDataStore           app.forku                            D  Getting cached application token: eyJhbGciOi
2025-06-08 18:25:06.306 14647-14811 GOServicesManager       app.forku                            D  Getting CSRF token... forceRefresh=false
2025-06-08 18:25:06.313 14647-14811 GOServicesManager       app.forku                            D  Using cached CSRF token and cookie
2025-06-08 18:25:06.314 14647-14811 appflow AuthInterceptor app.forku                            W  Invalid Antiforgery cookie format: .AspNetCore.Antiforgery._bj8tIMu5EI=CfDJ8NI0kPAAx9FHpBw9-eO_XbsP0ORciU5YMITd6Sc4RcRy0EwKjj8inNRiuZs--Bv18E628ghR6rcEGnnu4Nen9kwUixiwkGXgP4SyZxz8Ojf5Ey2DAb7KWXpSuCard8GEhBDFi5pReR6SUxj57ZMQtx0; path=/forkuapp-de6b98b5-4402-4a8f-891b-70b3591df162; samesite=strict; httponly
2025-06-08 18:25:06.315 14647-14811 okhttp.OkHttpClient     app.forku                            I  --> GET https://godev.collectiveintelligence.com.au/forkuapp-de6b98b5-4402-4a8f-891b-70b3591df162/api/gouserrole/list
2025-06-08 18:25:06.617 14647-14811 okhttp.OkHttpClient     app.forku                            I  <-- 200 https://godev.collectiveintelligence.com.au/forkuapp-de6b98b5-4402-4a8f-891b-70b3591df162/api/gouserrole/list (301ms, unknown-length body)
2025-06-08 18:25:06.866 14647-14737 UserMapper              app.forku                            D  === Mapping UserDto to User ===
2025-06-08 18:25:06.866 14647-14737 UserMapper              app.forku                            D  User ID: 11717300-cb52-4e87-bae9-d5a4a8323e5e
2025-06-08 18:25:06.866 14647-14737 UserMapper              app.forku                            D  User fullName: test testy
2025-06-08 18:25:06.866 14647-14737 UserMapper              app.forku                            D  User username: test@test.com
2025-06-08 18:25:06.866 14647-14737 UserMapper              app.forku                            D  UserRoleItems count: 0
2025-06-08 18:25:06.866 14647-14737 UserMapper              app.forku                            D  Raw userRoleItems data: []
2025-06-08 18:25:06.866 14647-14737 UserMapper              app.forku                            D  Final mapped role for user 11717300-cb52-4e87-bae9-d5a4a8323e5e: operator
2025-06-08 18:25:06.866 14647-14737 UserMapper              app.forku                            D  Processing user photo: id=11717300-cb52-4e87-bae9-d5a4a8323e5e, picture=null, pictureInternalName=null
2025-06-08 18:25:06.867 14647-14737 UserMapper              app.forku                            D  No picture field or it's blank, setting photoUrl to null
2025-06-08 18:25:06.867 14647-14737 UserMapper              app.forku                            D  Final user mapping: id=11717300-cb52-4e87-bae9-d5a4a8323e5e, photoUrl=null, role=operator
2025-06-08 18:25:06.867 14647-14737 UserRepository          app.forku                            D  Mapped user: id=11717300-cb52-4e87-bae9-d5a4a8323e5e, photoUrl=null
2025-06-08 18:25:06.868 14647-14737 UserRepository          app.forku                            D  Getting user by ID: 867b342e-5d9a-484c-a2db-3fd08a0dfeaf
2025-06-08 18:25:06.887 14647-14811 appflow AuthInterceptor app.forku                            D  Starting request interception:
                                                                                                    - URL: https://godev.collectiveintelligence.com.au/forkuapp-de6b98b5-4402-4a8f-891b-70b3591df162/api/gouser/byid/867b342e-5d9a-484c-a2db-3fd08a0dfeaf
                                                                                                    - Method: GET
2025-06-08 18:25:06.887 14647-14811 AuthDataStore           app.forku                            D  Getting cached application token: eyJhbGciOi
2025-06-08 18:25:06.887 14647-14811 GOServicesManager       app.forku                            D  Getting CSRF token... forceRefresh=false
2025-06-08 18:25:06.895 14647-14811 GOServicesManager       app.forku                            D  Using cached CSRF token and cookie
2025-06-08 18:25:06.897 14647-14811 appflow AuthInterceptor app.forku                            W  Invalid Antiforgery cookie format: .AspNetCore.Antiforgery._bj8tIMu5EI=CfDJ8NI0kPAAx9FHpBw9-eO_XbsP0ORciU5YMITd6Sc4RcRy0EwKjj8inNRiuZs--Bv18E628ghR6rcEGnnu4Nen9kwUixiwkGXgP4SyZxz8Ojf5Ey2DAb7KWXpSuCard8GEhBDFi5pReR6SUxj57ZMQtx0; path=/forkuapp-de6b98b5-4402-4a8f-891b-70b3591df162; samesite=strict; httponly
2025-06-08 18:25:06.898 14647-14811 okhttp.OkHttpClient     app.forku                            I  --> GET https://godev.collectiveintelligence.com.au/forkuapp-de6b98b5-4402-4a8f-891b-70b3591df162/api/gouser/byid/867b342e-5d9a-484c-a2db-3fd08a0dfeaf
2025-06-08 18:25:07.197 14647-14811 okhttp.OkHttpClient     app.forku                            I  <-- 200 https://godev.collectiveintelligence.com.au/forkuapp-de6b98b5-4402-4a8f-891b-70b3591df162/api/gouser/byid/867b342e-5d9a-484c-a2db-3fd08a0dfeaf (297ms, unknown-length body)
2025-06-08 18:25:07.200 14647-14811 UserDto                 app.forku                            D  Initializing UserDto with picture: null
2025-06-08 18:25:07.204 14647-14737 UserRepository          app.forku                            D  API response code: 200
2025-06-08 18:25:07.205 14647-14737 UserRepository          app.forku                            D  API response body: UserDto(id=867b342e-5d9a-484c-a2db-3fd08a0dfeaf, username=Admin, email=info@generativeobjects.com, firstName=Ad, lastName=Min, fullName=Admin, password=**********, passwordExpiry=null, passwordExpiryWithTimezoneOffset=null, blocked=false, userValidated=true, unregistered=false, isMarkedForDeletion=null, isDirty=true, isNew=null, internalObjectId=null, emailChangeValidationInProgress=false, emailValidated=true, newEmailAddress=null, newEmailValidated=null, answeredChecklistItemItems=[], certificationItems2=[], checklistAnswerItems=[], feedbackItems=[], incidentItems=[], notificationItems=[], userBusinesses=[], userChecklistItems=[], userCollisionIncidentItems=[], userGroupItems=[], userMultimediaItems=[], userNearMissIncidentItems=[], userRoleItems=[], picture=null, pictureFileSize=null, pictureInternalName=null)
2025-06-08 18:25:07.205 14647-14737 UserRepository          app.forku                            D  API response headers: content-type: application/json; charset=utf-8
                                                                                                    server: Microsoft-IIS/10.0
                                                                                                    strict-transport-security: max-age=2592000
                                                                                                    x-powered-by: ASP.NET
                                                                                                    date: Sun, 08 Jun 2025 23:25:07 GMT
2025-06-08 18:25:07.205 14647-14737 UserRepository          app.forku                            D  API response error body: null
2025-06-08 18:25:07.205 14647-14737 UserRepository          app.forku                            D  Received user DTO: id=867b342e-5d9a-484c-a2db-3fd08a0dfeaf, picture=null, pictureInternalName=null
2025-06-08 18:25:07.205 14647-14737 UserRepository          app.forku                            D  UserDto for Ana: id=867b342e-5d9a-484c-a2db-3fd08a0dfeaf, picture=null, pictureInternalName=null
2025-06-08 18:25:07.218 14647-14811 appflow AuthInterceptor app.forku                            D  Starting request interception:
                                                                                                    - URL: https://godev.collectiveintelligence.com.au/forkuapp-de6b98b5-4402-4a8f-891b-70b3591df162/api/gouserrole/list
                                                                                                    - Method: GET
2025-06-08 18:25:07.219 14647-14811 AuthDataStore           app.forku                            D  Getting cached application token: eyJhbGciOi
2025-06-08 18:25:07.219 14647-14811 GOServicesManager       app.forku                            D  Getting CSRF token... forceRefresh=false
2025-06-08 18:25:07.228 14647-14811 GOServicesManager       app.forku                            D  Using cached CSRF token and cookie
2025-06-08 18:25:07.229 14647-14811 appflow AuthInterceptor app.forku                            W  Invalid Antiforgery cookie format: .AspNetCore.Antiforgery._bj8tIMu5EI=CfDJ8NI0kPAAx9FHpBw9-eO_XbsP0ORciU5YMITd6Sc4RcRy0EwKjj8inNRiuZs--Bv18E628ghR6rcEGnnu4Nen9kwUixiwkGXgP4SyZxz8Ojf5Ey2DAb7KWXpSuCard8GEhBDFi5pReR6SUxj57ZMQtx0; path=/forkuapp-de6b98b5-4402-4a8f-891b-70b3591df162; samesite=strict; httponly
2025-06-08 18:25:07.233 14647-14811 okhttp.OkHttpClient     app.forku                            I  --> GET https://godev.collectiveintelligence.com.au/forkuapp-de6b98b5-4402-4a8f-891b-70b3591df162/api/gouserrole/list
2025-06-08 18:25:07.527 14647-14811 okhttp.OkHttpClient     app.forku                            I  <-- 200 https://godev.collectiveintelligence.com.au/forkuapp-de6b98b5-4402-4a8f-891b-70b3591df162/api/gouserrole/list (294ms, unknown-length body)
2025-06-08 18:25:07.801 14647-14737 UserMapper              app.forku                            D  === Mapping UserDto to User ===
2025-06-08 18:25:07.801 14647-14737 UserMapper              app.forku                            D  User ID: 867b342e-5d9a-484c-a2db-3fd08a0dfeaf
2025-06-08 18:25:07.801 14647-14737 UserMapper              app.forku                            D  User fullName: Admin
2025-06-08 18:25:07.801 14647-14737 UserMapper              app.forku                            D  User username: Admin
2025-06-08 18:25:07.801 14647-14737 UserMapper              app.forku                            D  UserRoleItems count: 0
2025-06-08 18:25:07.801 14647-14737 UserMapper              app.forku                            D  Raw userRoleItems data: []
2025-06-08 18:25:07.802 14647-14737 UserMapper              app.forku                            D  Final mapped role for user 867b342e-5d9a-484c-a2db-3fd08a0dfeaf: operator
2025-06-08 18:25:07.802 14647-14737 UserMapper              app.forku                            D  Processing user photo: id=867b342e-5d9a-484c-a2db-3fd08a0dfeaf, picture=null, pictureInternalName=null
2025-06-08 18:25:07.802 14647-14737 UserMapper              app.forku                            D  No picture field or it's blank, setting photoUrl to null
2025-06-08 18:25:07.802 14647-14737 UserMapper              app.forku                            D  Final user mapping: id=867b342e-5d9a-484c-a2db-3fd08a0dfeaf, photoUrl=null, role=operator
2025-06-08 18:25:07.802 14647-14737 UserRepository          app.forku                            D  Mapped user: id=867b342e-5d9a-484c-a2db-3fd08a0dfeaf, photoUrl=null
2025-06-08 18:25:07.803 14647-14737 UserRepository          app.forku                            D  Getting user by ID: 4d793757-0df6-4a27-9e7c-95c1e81e29e3
2025-06-08 18:25:07.819 14647-14811 appflow AuthInterceptor app.forku                            D  Starting request interception:
                                                                                                    - URL: https://godev.collectiveintelligence.com.au/forkuapp-de6b98b5-4402-4a8f-891b-70b3591df162/api/gouser/byid/4d793757-0df6-4a27-9e7c-95c1e81e29e3
                                                                                                    - Method: GET
2025-06-08 18:25:07.820 14647-14811 AuthDataStore           app.forku                            D  Getting cached application token: eyJhbGciOi
2025-06-08 18:25:07.820 14647-14811 GOServicesManager       app.forku                            D  Getting CSRF token... forceRefresh=false
2025-06-08 18:25:07.829 14647-14811 GOServicesManager       app.forku                            D  Using cached CSRF token and cookie
2025-06-08 18:25:07.831 14647-14811 appflow AuthInterceptor app.forku                            W  Invalid Antiforgery cookie format: .AspNetCore.Antiforgery._bj8tIMu5EI=CfDJ8NI0kPAAx9FHpBw9-eO_XbsP0ORciU5YMITd6Sc4RcRy0EwKjj8inNRiuZs--Bv18E628ghR6rcEGnnu4Nen9kwUixiwkGXgP4SyZxz8Ojf5Ey2DAb7KWXpSuCard8GEhBDFi5pReR6SUxj57ZMQtx0; path=/forkuapp-de6b98b5-4402-4a8f-891b-70b3591df162; samesite=strict; httponly
2025-06-08 18:25:07.832 14647-14811 okhttp.OkHttpClient     app.forku                            I  --> GET https://godev.collectiveintelligence.com.au/forkuapp-de6b98b5-4402-4a8f-891b-70b3591df162/api/gouser/byid/4d793757-0df6-4a27-9e7c-95c1e81e29e3
2025-06-08 18:25:08.139 14647-14811 okhttp.OkHttpClient     app.forku                            I  <-- 200 https://godev.collectiveintelligence.com.au/forkuapp-de6b98b5-4402-4a8f-891b-70b3591df162/api/gouser/byid/4d793757-0df6-4a27-9e7c-95c1e81e29e3 (306ms, unknown-length body)
2025-06-08 18:25:08.143 14647-14811 UserDto                 app.forku                            D  Initializing UserDto with picture: null
2025-06-08 18:25:08.145 14647-14737 UserRepository          app.forku                            D  API response code: 200
2025-06-08 18:25:08.146 14647-14737 UserRepository          app.forku                            D  API response body: UserDto(id=4d793757-0df6-4a27-9e7c-95c1e81e29e3, username=guillermo@forksense.mx, email=guillermo@forksense.mx, firstName=Guillermo, lastName=Gonzalez, fullName=Guillermo Gonzalez, password=**********, passwordExpiry=null, passwordExpiryWithTimezoneOffset=null, blocked=false, userValidated=false, unregistered=false, isMarkedForDeletion=null, isDirty=true, isNew=null, internalObjectId=null, emailChangeValidationInProgress=false, emailValidated=false, newEmailAddress=null, newEmailValidated=false, answeredChecklistItemItems=[], certificationItems2=[], checklistAnswerItems=[], feedbackItems=[], incidentItems=[], notificationItems=[], userBusinesses=[], userChecklistItems=[], userCollisionIncidentItems=[], userGroupItems=[], userMultimediaItems=[], userNearMissIncidentItems=[], userRoleItems=[], picture=null, pictureFileSize=null, pictureInternalName=null)
2025-06-08 18:25:08.147 14647-14737 UserRepository          app.forku                            D  API response headers: content-type: application/json; charset=utf-8
                                                                                                    server: Microsoft-IIS/10.0
                                                                                                    strict-transport-security: max-age=2592000
                                                                                                    x-powered-by: ASP.NET
                                                                                                    date: Sun, 08 Jun 2025 23:25:07 GMT
2025-06-08 18:25:08.147 14647-14737 UserRepository          app.forku                            D  API response error body: null
2025-06-08 18:25:08.147 14647-14737 UserRepository          app.forku                            D  Received user DTO: id=4d793757-0df6-4a27-9e7c-95c1e81e29e3, picture=null, pictureInternalName=null
2025-06-08 18:25:08.147 14647-14737 UserRepository          app.forku                            D  UserDto for Ana: id=4d793757-0df6-4a27-9e7c-95c1e81e29e3, picture=null, pictureInternalName=null
2025-06-08 18:25:08.159 14647-14811 appflow AuthInterceptor app.forku                            D  Starting request interception:
                                                                                                    - URL: https://godev.collectiveintelligence.com.au/forkuapp-de6b98b5-4402-4a8f-891b-70b3591df162/api/gouserrole/list
                                                                                                    - Method: GET
2025-06-08 18:25:08.160 14647-14811 AuthDataStore           app.forku                            D  Getting cached application token: eyJhbGciOi
2025-06-08 18:25:08.160 14647-14811 GOServicesManager       app.forku                            D  Getting CSRF token... forceRefresh=false
2025-06-08 18:25:08.170 14647-14811 GOServicesManager       app.forku                            D  Using cached CSRF token and cookie
2025-06-08 18:25:08.171 14647-14811 appflow AuthInterceptor app.forku                            W  Invalid Antiforgery cookie format: .AspNetCore.Antiforgery._bj8tIMu5EI=CfDJ8NI0kPAAx9FHpBw9-eO_XbsP0ORciU5YMITd6Sc4RcRy0EwKjj8inNRiuZs--Bv18E628ghR6rcEGnnu4Nen9kwUixiwkGXgP4SyZxz8Ojf5Ey2DAb7KWXpSuCard8GEhBDFi5pReR6SUxj57ZMQtx0; path=/forkuapp-de6b98b5-4402-4a8f-891b-70b3591df162; samesite=strict; httponly
2025-06-08 18:25:08.173 14647-14811 okhttp.OkHttpClient     app.forku                            I  --> GET https://godev.collectiveintelligence.com.au/forkuapp-de6b98b5-4402-4a8f-891b-70b3591df162/api/gouserrole/list
2025-06-08 18:25:08.469 14647-14811 okhttp.OkHttpClient     app.forku                            I  <-- 200 https://godev.collectiveintelligence.com.au/forkuapp-de6b98b5-4402-4a8f-891b-70b3591df162/api/gouserrole/list (295ms, unknown-length body)
2025-06-08 18:25:08.711 14647-14737 UserMapper              app.forku                            D  === Mapping UserDto to User ===
2025-06-08 18:25:08.711 14647-14737 UserMapper              app.forku                            D  User ID: 4d793757-0df6-4a27-9e7c-95c1e81e29e3
2025-06-08 18:25:08.712 14647-14737 UserMapper              app.forku                            D  User fullName: Guillermo Gonzalez
2025-06-08 18:25:08.712 14647-14737 UserMapper              app.forku                            D  User username: guillermo@forksense.mx
2025-06-08 18:25:08.712 14647-14737 UserMapper              app.forku                            D  UserRoleItems count: 0
2025-06-08 18:25:08.712 14647-14737 UserMapper              app.forku                            D  Raw userRoleItems data: []
2025-06-08 18:25:08.712 14647-14737 UserMapper              app.forku                            D  Final mapped role for user 4d793757-0df6-4a27-9e7c-95c1e81e29e3: operator
2025-06-08 18:25:08.712 14647-14737 UserMapper              app.forku                            D  Processing user photo: id=4d793757-0df6-4a27-9e7c-95c1e81e29e3, picture=null, pictureInternalName=null
2025-06-08 18:25:08.712 14647-14737 UserMapper              app.forku                            D  No picture field or it's blank, setting photoUrl to null
2025-06-08 18:25:08.712 14647-14737 UserMapper              app.forku                            D  Final user mapping: id=4d793757-0df6-4a27-9e7c-95c1e81e29e3, photoUrl=null, role=operator
2025-06-08 18:25:08.712 14647-14737 UserRepository          app.forku                            D  Mapped user: id=4d793757-0df6-4a27-9e7c-95c1e81e29e3, photoUrl=null
2025-06-08 18:25:08.713 14647-14737 UserRepository          app.forku                            D  Getting user by ID: 30272f3b-16fa-43bf-ad55-de7be0118e78
2025-06-08 18:25:08.733 14647-14811 appflow AuthInterceptor app.forku                            D  Starting request interception:
                                                                                                    - URL: https://godev.collectiveintelligence.com.au/forkuapp-de6b98b5-4402-4a8f-891b-70b3591df162/api/gouser/byid/30272f3b-16fa-43bf-ad55-de7be0118e78
                                                                                                    - Method: GET
2025-06-08 18:25:08.733 14647-14811 AuthDataStore           app.forku                            D  Getting cached application token: eyJhbGciOi
2025-06-08 18:25:08.733 14647-14811 GOServicesManager       app.forku                            D  Getting CSRF token... forceRefresh=false
2025-06-08 18:25:08.741 14647-14811 GOServicesManager       app.forku                            D  Using cached CSRF token and cookie
2025-06-08 18:25:08.742 14647-14811 appflow AuthInterceptor app.forku                            W  Invalid Antiforgery cookie format: .AspNetCore.Antiforgery._bj8tIMu5EI=CfDJ8NI0kPAAx9FHpBw9-eO_XbsP0ORciU5YMITd6Sc4RcRy0EwKjj8inNRiuZs--Bv18E628ghR6rcEGnnu4Nen9kwUixiwkGXgP4SyZxz8Ojf5Ey2DAb7KWXpSuCard8GEhBDFi5pReR6SUxj57ZMQtx0; path=/forkuapp-de6b98b5-4402-4a8f-891b-70b3591df162; samesite=strict; httponly
2025-06-08 18:25:08.743 14647-14811 okhttp.OkHttpClient     app.forku                            I  --> GET https://godev.collectiveintelligence.com.au/forkuapp-de6b98b5-4402-4a8f-891b-70b3591df162/api/gouser/byid/30272f3b-16fa-43bf-ad55-de7be0118e78
2025-06-08 18:25:09.059 14647-14811 okhttp.OkHttpClient     app.forku                            I  <-- 200 https://godev.collectiveintelligence.com.au/forkuapp-de6b98b5-4402-4a8f-891b-70b3591df162/api/gouser/byid/30272f3b-16fa-43bf-ad55-de7be0118e78 (314ms, unknown-length body)
2025-06-08 18:25:09.062 14647-14811 UserDto                 app.forku                            D  Initializing UserDto with picture: null
2025-06-08 18:25:09.065 14647-14737 UserRepository          app.forku                            D  API response code: 200
2025-06-08 18:25:09.065 14647-14737 UserRepository          app.forku                            D  API response body: UserDto(id=30272f3b-16fa-43bf-ad55-de7be0118e78, username=ana@collectiveintention.com, email=ana@collectiveintention.com, firstName=Ana, lastName=Chacon, fullName=Ana Chacon, password=**********, passwordExpiry=null, passwordExpiryWithTimezoneOffset=null, blocked=false, userValidated=false, unregistered=false, isMarkedForDeletion=null, isDirty=true, isNew=null, internalObjectId=null, emailChangeValidationInProgress=false, emailValidated=false, newEmailAddress=null, newEmailValidated=false, answeredChecklistItemItems=[], certificationItems2=[], checklistAnswerItems=[], feedbackItems=[], incidentItems=[], notificationItems=[], userBusinesses=[], userChecklistItems=[], userCollisionIncidentItems=[], userGroupItems=[], userMultimediaItems=[], userNearMissIncidentItems=[], userRoleItems=[], picture=usertest.png, pictureFileSize=91543, pictureInternalName=91b14d02-2abf-48bd-bba7-9847456694b0.png                                                            )
2025-06-08 18:25:09.066 14647-14737 UserRepository          app.forku                            D  API response headers: content-type: application/json; charset=utf-8
                                                                                                    server: Microsoft-IIS/10.0
                                                                                                    strict-transport-security: max-age=2592000
                                                                                                    x-powered-by: ASP.NET
                                                                                                    date: Sun, 08 Jun 2025 23:25:08 GMT
2025-06-08 18:25:09.066 14647-14737 UserRepository          app.forku                            D  API response error body: null
2025-06-08 18:25:09.066 14647-14737 UserRepository          app.forku                            D  Received user DTO: id=30272f3b-16fa-43bf-ad55-de7be0118e78, picture=usertest.png, pictureInternalName=91b14d02-2abf-48bd-bba7-9847456694b0.png                                                            
2025-06-08 18:25:09.066 14647-14737 UserRepository          app.forku                            D  UserDto for Ana: id=30272f3b-16fa-43bf-ad55-de7be0118e78, picture=usertest.png, pictureInternalName=91b14d02-2abf-48bd-bba7-9847456694b0.png                                                            
2025-06-08 18:25:09.083 14647-14811 appflow AuthInterceptor app.forku                            D  Starting request interception:
                                                                                                    - URL: https://godev.collectiveintelligence.com.au/forkuapp-de6b98b5-4402-4a8f-891b-70b3591df162/api/gouserrole/list
                                                                                                    - Method: GET
2025-06-08 18:25:09.084 14647-14811 AuthDataStore           app.forku                            D  Getting cached application token: eyJhbGciOi
2025-06-08 18:25:09.084 14647-14811 GOServicesManager       app.forku                            D  Getting CSRF token... forceRefresh=false
2025-06-08 18:25:09.090 14647-14811 GOServicesManager       app.forku                            D  Using cached CSRF token and cookie
2025-06-08 18:25:09.091 14647-14811 appflow AuthInterceptor app.forku                            W  Invalid Antiforgery cookie format: .AspNetCore.Antiforgery._bj8tIMu5EI=CfDJ8NI0kPAAx9FHpBw9-eO_XbsP0ORciU5YMITd6Sc4RcRy0EwKjj8inNRiuZs--Bv18E628ghR6rcEGnnu4Nen9kwUixiwkGXgP4SyZxz8Ojf5Ey2DAb7KWXpSuCard8GEhBDFi5pReR6SUxj57ZMQtx0; path=/forkuapp-de6b98b5-4402-4a8f-891b-70b3591df162; samesite=strict; httponly
2025-06-08 18:25:09.092 14647-14811 okhttp.OkHttpClient     app.forku                            I  --> GET https://godev.collectiveintelligence.com.au/forkuapp-de6b98b5-4402-4a8f-891b-70b3591df162/api/gouserrole/list
2025-06-08 18:25:09.387 14647-14811 okhttp.OkHttpClient     app.forku                            I  <-- 200 https://godev.collectiveintelligence.com.au/forkuapp-de6b98b5-4402-4a8f-891b-70b3591df162/api/gouserrole/list (294ms, unknown-length body)
2025-06-08 18:25:09.646 14647-14737 UserMapper              app.forku                            D  === Mapping UserDto to User ===
2025-06-08 18:25:09.646 14647-14737 UserMapper              app.forku                            D  User ID: 30272f3b-16fa-43bf-ad55-de7be0118e78
2025-06-08 18:25:09.646 14647-14737 UserMapper              app.forku                            D  User fullName: Ana Chacon
2025-06-08 18:25:09.646 14647-14737 UserMapper              app.forku                            D  User username: ana@collectiveintention.com
2025-06-08 18:25:09.646 14647-14737 UserMapper              app.forku                            D  UserRoleItems count: 0
2025-06-08 18:25:09.647 14647-14737 UserMapper              app.forku                            D  Raw userRoleItems data: []
2025-06-08 18:25:09.647 14647-14737 UserMapper              app.forku                            D  Final mapped role for user 30272f3b-16fa-43bf-ad55-de7be0118e78: operator
2025-06-08 18:25:09.648 14647-14737 UserMapper              app.forku                            D  Processing user photo: id=30272f3b-16fa-43bf-ad55-de7be0118e78, picture=usertest.png, pictureInternalName=91b14d02-2abf-48bd-bba7-9847456694b0.png                                                            
2025-06-08 18:25:09.648 14647-14737 UserMapper              app.forku                            D  Generated photo URL: https://godev.collectiveintelligence.com.au/forkuapp-de6b98b5-4402-4a8f-891b-70b3591df162/api/gouser/file/30272f3b-16fa-43bf-ad55-de7be0118e78/Picture?t=%LASTEDITEDTIME%
2025-06-08 18:25:09.649 14647-14737 UserMapper              app.forku                            D  Picture field: usertest.png
2025-06-08 18:25:09.649 14647-14737 UserMapper              app.forku                            D  PictureInternalName field: 91b14d02-2abf-48bd-bba7-9847456694b0.png                                                            
2025-06-08 18:25:09.649 14647-14737 UserMapper              app.forku                            D  Final user mapping: id=30272f3b-16fa-43bf-ad55-de7be0118e78, photoUrl=https://godev.collectiveintelligence.com.au/forkuapp-de6b98b5-4402-4a8f-891b-70b3591df162/api/gouser/file/30272f3b-16fa-43bf-ad55-de7be0118e78/Picture?t=%LASTEDITEDTIME%, role=operator
2025-06-08 18:25:09.649 14647-14737 UserRepository          app.forku                            D  Mapped user: id=30272f3b-16fa-43bf-ad55-de7be0118e78, photoUrl=https://godev.collectiveintelligence.com.au/forkuapp-de6b98b5-4402-4a8f-891b-70b3591df162/api/gouser/file/30272f3b-16fa-43bf-ad55-de7be0118e78/Picture?t=%LASTEDITEDTIME%
2025-06-08 18:25:09.650 14647-14737 appflow VehicleRepo     app.forku                            D  Successfully cached 4 users
2025-06-08 18:25:09.653 14647-14737 VehicleSessionMapper    app.forku                            D  Mapping session 4a1c5363-0072-4b64-81d0-16486f2379a7 - GOUser present: false, Vehicle present: false
2025-06-08 18:25:09.653 14647-14737 VehicleSessionMapper    app.forku                            W  No GOUser data included for session 4a1c5363-0072-4b64-81d0-16486f2379a7
2025-06-08 18:25:09.653 14647-14737 VehicleSessionMapper    app.forku                            W  No Vehicle data included for session 4a1c5363-0072-4b64-81d0-16486f2379a7
2025-06-08 18:25:09.653 14647-14737 VehicleSessionMapper    app.forku                            D  Mapped session 4a1c5363-0072-4b64-81d0-16486f2379a7 - operatorName: Unknown, vehicleName: Unknown
2025-06-08 18:25:09.657 14647-14737 VehicleSessionMapper    app.forku                            D  Mapping session efe1908c-01e7-4887-9496-374f2b02b020 - GOUser present: false, Vehicle present: false
2025-06-08 18:25:09.657 14647-14737 VehicleSessionMapper    app.forku                            W  No GOUser data included for session efe1908c-01e7-4887-9496-374f2b02b020
2025-06-08 18:25:09.657 14647-14737 VehicleSessionMapper    app.forku                            W  No Vehicle data included for session efe1908c-01e7-4887-9496-374f2b02b020
2025-06-08 18:25:09.657 14647-14737 VehicleSessionMapper    app.forku                            D  Mapped session efe1908c-01e7-4887-9496-374f2b02b020 - operatorName: Unknown, vehicleName: Unknown
2025-06-08 18:25:09.659 14647-14737 VehicleSessionMapper    app.forku                            D  Mapping session b4449958-804b-4f33-9ec1-a0f90dbf63ed - GOUser present: false, Vehicle present: false
2025-06-08 18:25:09.659 14647-14737 VehicleSessionMapper    app.forku                            W  No GOUser data included for session b4449958-804b-4f33-9ec1-a0f90dbf63ed
2025-06-08 18:25:09.660 14647-14737 VehicleSessionMapper    app.forku                            W  No Vehicle data included for session b4449958-804b-4f33-9ec1-a0f90dbf63ed
2025-06-08 18:25:09.660 14647-14737 VehicleSessionMapper    app.forku                            D  Mapped session b4449958-804b-4f33-9ec1-a0f90dbf63ed - operatorName: Unknown, vehicleName: Unknown
2025-06-08 18:25:09.661 14647-14737 VehicleSessionMapper    app.forku                            D  Mapping session 1a253685-46df-4ce0-aa86-a9527cab962b - GOUser present: false, Vehicle present: false
2025-06-08 18:25:09.662 14647-14737 VehicleSessionMapper    app.forku                            W  No GOUser data included for session 1a253685-46df-4ce0-aa86-a9527cab962b
2025-06-08 18:25:09.662 14647-14737 VehicleSessionMapper    app.forku                            W  No Vehicle data included for session 1a253685-46df-4ce0-aa86-a9527cab962b
2025-06-08 18:25:09.662 14647-14737 VehicleSessionMapper    app.forku                            D  Mapped session 1a253685-46df-4ce0-aa86-a9527cab962b - operatorName: Unknown, vehicleName: Unknown
2025-06-08 18:25:09.664 14647-14737 VehicleSessionMapper    app.forku                            D  Mapping session c1bfa01c-d977-4dda-9a50-deff6d159b0a - GOUser present: false, Vehicle present: false
2025-06-08 18:25:09.664 14647-14737 VehicleSessionMapper    app.forku                            W  No GOUser data included for session c1bfa01c-d977-4dda-9a50-deff6d159b0a
2025-06-08 18:25:09.664 14647-14737 VehicleSessionMapper    app.forku                            W  No Vehicle data included for session c1bfa01c-d977-4dda-9a50-deff6d159b0a
2025-06-08 18:25:09.664 14647-14737 VehicleSessionMapper    app.forku                            D  Mapped session c1bfa01c-d977-4dda-9a50-deff6d159b0a - operatorName: Unknown, vehicleName: Unknown
2025-06-08 18:25:09.665 14647-14737 VehicleSessionMapper    app.forku                            D  Mapping session 4b75b486-46d8-4592-a4c3-edb9bd8c891f - GOUser present: false, Vehicle present: false
2025-06-08 18:25:09.665 14647-14737 VehicleSessionMapper    app.forku                            W  No GOUser data included for session 4b75b486-46d8-4592-a4c3-edb9bd8c891f
2025-06-08 18:25:09.666 14647-14737 VehicleSessionMapper    app.forku                            W  No Vehicle data included for session 4b75b486-46d8-4592-a4c3-edb9bd8c891f
2025-06-08 18:25:09.666 14647-14737 VehicleSessionMapper    app.forku                            D  Mapped session 4b75b486-46d8-4592-a4c3-edb9bd8c891f - operatorName: Unknown, vehicleName: Unknown
2025-06-08 18:25:09.667 14647-14737 VehicleSessionMapper    app.forku                            D  Mapping session 261298c5-5a50-43eb-a264-f3d614f2e333 - GOUser present: false, Vehicle present: false
2025-06-08 18:25:09.667 14647-14737 VehicleSessionMapper    app.forku                            W  No GOUser data included for session 261298c5-5a50-43eb-a264-f3d614f2e333
2025-06-08 18:25:09.667 14647-14737 VehicleSessionMapper    app.forku                            W  No Vehicle data included for session 261298c5-5a50-43eb-a264-f3d614f2e333
2025-06-08 18:25:09.667 14647-14737 VehicleSessionMapper    app.forku                            D  Mapped session 261298c5-5a50-43eb-a264-f3d614f2e333 - operatorName: Unknown, vehicleName: Unknown
2025-06-08 18:25:09.669 14647-14737 VehicleSessionMapper    app.forku                            D  Mapping session 8c682db7-c101-47be-b167-f9b52961e1a6 - GOUser present: false, Vehicle present: false
2025-06-08 18:25:09.669 14647-14737 VehicleSessionMapper    app.forku                            W  No GOUser data included for session 8c682db7-c101-47be-b167-f9b52961e1a6
2025-06-08 18:25:09.669 14647-14737 VehicleSessionMapper    app.forku                            W  No Vehicle data included for session 8c682db7-c101-47be-b167-f9b52961e1a6
2025-06-08 18:25:09.669 14647-14737 VehicleSessionMapper    app.forku                            D  Mapped session 8c682db7-c101-47be-b167-f9b52961e1a6 - operatorName: Unknown, vehicleName: Unknown
2025-06-08 18:25:09.676 14647-14737 VehicleSessionMapper    app.forku                            D  Mapping session eea03e15-6377-4e5b-8a17-19c7f7ab4ce7 - GOUser present: false, Vehicle present: false
2025-06-08 18:25:09.676 14647-14737 VehicleSessionMapper    app.forku                            W  No GOUser data included for session eea03e15-6377-4e5b-8a17-19c7f7ab4ce7
2025-06-08 18:25:09.676 14647-14737 VehicleSessionMapper    app.forku                            W  No Vehicle data included for session eea03e15-6377-4e5b-8a17-19c7f7ab4ce7
2025-06-08 18:25:09.676 14647-14737 VehicleSessionMapper    app.forku                            D  Mapped session eea03e15-6377-4e5b-8a17-19c7f7ab4ce7 - operatorName: Unknown, vehicleName: Unknown
2025-06-08 18:25:09.677 14647-14737 VehicleSessionMapper    app.forku                            D  Mapping session f3cb5f83-bf8d-445a-8f8d-5ca222937f09 - GOUser present: false, Vehicle present: false
2025-06-08 18:25:09.677 14647-14737 VehicleSessionMapper    app.forku                            W  No GOUser data included for session f3cb5f83-bf8d-445a-8f8d-5ca222937f09
2025-06-08 18:25:09.678 14647-14737 VehicleSessionMapper    app.forku                            W  No Vehicle data included for session f3cb5f83-bf8d-445a-8f8d-5ca222937f09
2025-06-08 18:25:09.678 14647-14737 VehicleSessionMapper    app.forku                            D  Mapped session f3cb5f83-bf8d-445a-8f8d-5ca222937f09 - operatorName: Unknown, vehicleName: Unknown
2025-06-08 18:25:09.680 14647-14737 VehicleSessionMapper    app.forku                            D  Mapping session 479972de-fbaf-45ef-b36e-8fe6eccb2421 - GOUser present: false, Vehicle present: false
2025-06-08 18:25:09.681 14647-14737 VehicleSessionMapper    app.forku                            W  No GOUser data included for session 479972de-fbaf-45ef-b36e-8fe6eccb2421
2025-06-08 18:25:09.681 14647-14737 VehicleSessionMapper    app.forku                            W  No Vehicle data included for session 479972de-fbaf-45ef-b36e-8fe6eccb2421
