2025-07-14 22:13:30.466 18564-18801 SESSION_FLOW            app.forku                            D  [DEBUG] SessionKeepAliveManager - Token: eyJhbGciOiJIUzI1NiIsInR5cCI6IkpXVCJ9.eyJVc2VySWQiOiJkMTM5MzEyZC0zZDgyLTRhNDctOGYxZi1iOWUxZmMzODBkMjciLCJ1bmlxdWVfbmFtZSI6Ik5vQnVzaW5lc3NVc2VyIiwiZmFtaWx5X25hbWUiOiJOb1NpdGVVc2VyQXNXZWxsIiwiSXMyRkFFbmFibGVkIjoiZmFsc2UiLCJyb2xlIjoiQWRtaW5pc3RyYXRvcixVc2VyIiwibmJmIjoxNzUyNTQ5MjAxLCJleHAiOjE3NTI1NTEwMDEsImlhdCI6MTc1MjU0OTIwMSwiaXNzIjoic2VsZiJ9.DdLOokqznjWLmQy4c0QNnl63k8En9bqtctqCjeZA0lQ
2025-07-14 22:13:30.467 18564-18801 SESSION_FLOW            app.forku                            D  [DEBUG] SessionKeepAliveManager - Token expiration: Mon Jul 14 22:43:21 GMT-05:00 2025
2025-07-14 22:13:30.467 18564-18801 SESSION_FLOW            app.forku                            D  🔄 Performing keep-alive ping...
2025-07-14 22:13:30.467 18564-18801 GOServicesManager       app.forku                            D  Getting CSRF token... forceRefresh=false
2025-07-14 22:13:30.467 18564-18801 GOServicesManager       app.forku                            D  Using cached CSRF token and cookie
2025-07-14 22:13:30.467 18564-18801 SESSION_FLOW            app.forku                            D  🔍 Keep-alive headers obtained:
2025-07-14 22:13:30.467 18564-18801 SESSION_FLOW            app.forku                            D    - CSRF Token: CfDJ8Fg4pSr8DoxBgBaS...
2025-07-14 22:13:30.467 18564-18801 SESSION_FLOW            app.forku                            D    - Cookie length: 191
2025-07-14 22:13:30.467 18564-18564 SESSION_FLOW            app.forku                            D  🔄 Cancelling token renewal job (isActive: true)
2025-07-14 22:13:30.468 18564-18798 SESSION_FLOW            app.forku                            D  🔄 Token renewal job cancelled - this is normal during app lifecycle changes
2025-07-14 22:13:30.468 18564-18564 SESSION_FLOW            app.forku                            D  ✅ Session keep-alive service stopped and cleaned up
2025-07-14 22:13:30.468 18564-18564 SESSION_FLOW            app.forku                            D  ✅ Keep-alive status set to active
2025-07-14 22:13:30.469 18564-18564 SessionKeepAliveWorker  app.forku                            D  📅 Scheduled periodic session keep-alive work
2025-07-14 22:13:30.471 18564-18798 SESSION_FLOW            app.forku                            D  🔄 Keep-alive coroutine started
2025-07-14 22:13:30.471 18564-18564 SESSION_FLOW            app.forku                            D  🎯 Session keep-alive service fully started
2025-07-14 22:13:30.471 18564-18796 SESSION_FLOW            app.forku                            D  🔄 Token renewal coroutine started
2025-07-14 22:13:30.471 18564-18796 SESSION_FLOW            app.forku                            D  ⏳ Waiting 300000ms for token renewal check
2025-07-14 22:13:30.472 18564-18796 AuthDataStore           app.forku                            D  Getting cached application token: eyJhbGciOi
2025-07-14 22:13:30.472 18564-18796 AuthDataStore           app.forku                            D  [LOCK] getTokenExpirationDate() - token: eyJhbGciOiJIUzI1NiIsInR5cCI6Ik...
2025-07-14 22:13:30.473 18564-18796 AuthDataStore           app.forku                            D  [LOCK] JWT payload: {"UserId":"d139312d-3d82-4a47-8f1f-b9e1fc380d27","unique_name":"NoBusinessUser","family_name":"NoSiteUserAsWell","Is2FAEnabled":"false","role":"Administrator,User","nbf":1752549201,"exp":1752551001,"iat":1752549201,"iss":"self"}, exp: 1752551001
2025-07-14 22:13:30.473 18564-18796 SESSION_FLOW            app.forku                            D  [SESSION_FLOW] [LOCK] shouldRenewToken() called
2025-07-14 22:13:30.473 18564-18796 AuthDataStore           app.forku                            D  Getting cached application token: eyJhbGciOi
2025-07-14 22:13:30.473 18564-18796 SESSION_FLOW            app.forku                            D  [SESSION_FLOW] [LOCK] shouldRenewToken Token actual: eyJhbGciOiJIUzI1NiIsInR5cCI6Ik...
2025-07-14 22:13:30.474 18564-18796 SESSION_FLOW            app.forku                            D  [SESSION_FLOW] [LOCK] shouldRenewToken Token expiration date: Mon Jul 14 22:43:21 GMT-05:00 2025
2025-07-14 22:13:30.474 18564-18796 SESSION_FLOW            app.forku                            D  [SESSION_FLOW] [LOCK] Token expiration: Mon Jul 14 22:43:21 GMT-05:00 2025 (epoch=1752551001000), now: 1752549210474, timeUntilExpiration: 1790526 ms
2025-07-14 22:13:30.475 18564-18796 SESSION_FLOW            app.forku                            D  [SESSION_FLOW] [LOCK] TOKEN_CRITICAL_THRESHOLD_MS: 600000, TOKEN_REFRESH_THRESHOLD_MS: 43200000
2025-07-14 22:13:30.475 18564-18796 SESSION_FLOW            app.forku                            I  ⚠️ Token expires soon (1790526 ms left) - renewal recommended
2025-07-14 22:13:30.475 18564-18812 okhttp.OkHttpClient     app.forku                            I  --> GET https://godev.collectiveintelligence.com.au/forkuapp-de6b98b5-4402-4a8f-891b-70b3591df162/api/gosecurityprovider/keepalive
2025-07-14 22:13:30.475 18564-18796 SESSION_FLOW            app.forku                            D  🔄 Manual token renewal check - renewal needed
2025-07-14 22:13:30.638 18564-19704 okhttp.OkHttpClient     app.forku                            I  <-- 200 https://godev.collectiveintelligence.com.au/forkuapp-de6b98b5-4402-4a8f-891b-70b3591df162/dataset/api/vehiclesession/count?filter=Status%20%3D%3D%200%20%26%26%20BusinessId%20%3D%3D%20Guid.Parse%28%22dcd930f6-6d66-4990-8837-a6c1e96a8256%22%29%20%26%26%20SiteId%20%3D%3D%20Guid.Parse%28%227ecd101b-1f23-442d-bcd6-75be6c5a3e8f%22%29 (724ms, unknown-length body)
2025-07-14 22:13:30.642 18564-19703 okhttp.OkHttpClient     app.forku                            I  <-- 200 https://godev.collectiveintelligence.com.au/forkuapp-de6b98b5-4402-4a8f-891b-70b3591df162/dataset/api/safetyalert/count?filter=BusinessId%20%3D%3D%20Guid.Parse%28%22dcd930f6-6d66-4990-8837-a6c1e96a8256%22%29%20%26%26%20SiteId%20%3D%3D%20Guid.Parse%28%227ecd101b-1f23-442d-bcd6-75be6c5a3e8f%22%29 (726ms, unknown-length body)
2025-07-14 22:13:30.642 18564-18564 VehicleSessionRepo      app.forku                            D  [getOperatingSessionsCount] 📡 Respuesta HTTP: isSuccessful=true, code=200
2025-07-14 22:13:30.642 18564-18564 VehicleSessionRepo      app.forku                            D  [getOperatingSessionsCount] 📊 Body: 1
2025-07-14 22:13:30.642 18564-18564 VehicleSessionRepo      app.forku                            D  [getOperatingSessionsCount] ✅ Conteo final: 1
2025-07-14 22:13:30.642 18564-18564 VehicleSessionRepo      app.forku                            D  [getOperatingSessionsCount] === CONTEO COMPLETADO EN REPOSITORY ===
2025-07-14 22:13:30.643 18564-18564 AdminDashboard          app.forku                            D  [loadOperatingVehiclesCount] ✅ Conteo recibido para business 'dcd930f6-6d66-4990-8837-a6c1e96a8256', site '7ecd101b-1f23-442d-bcd6-75be6c5a3e8f': 1
2025-07-14 22:13:30.643 18564-18564 AdminDashboard          app.forku                            D  [loadOperatingVehiclesCount] === CONTEO COMPLETADO: 1 vehículos operando ===
2025-07-14 22:13:30.647 18564-18564 SafetyAlertRepo         app.forku                            D  Safety alert count for business 'dcd930f6-6d66-4990-8837-a6c1e96a8256': 2
2025-07-14 22:13:30.647 18564-18564 AdminDashboard          app.forku                            D  [loadDashboardDataWithFilters] 🚗 Getting operating vehicles count with filters: businessId='dcd930f6-6d66-4990-8837-a6c1e96a8256', siteId='null'
2025-07-14 22:13:30.647 18564-18564 VehicleSessionRepo      app.forku                            D  [getOperatingSessionsCount] === INICIANDO CONTEO EN REPOSITORY ===
2025-07-14 22:13:30.647 18564-18564 VehicleSessionRepo      app.forku                            D  [getOperatingSessionsCount] BusinessId recibido: 'dcd930f6-6d66-4990-8837-a6c1e96a8256'
2025-07-14 22:13:30.647 18564-18564 VehicleSessionRepo      app.forku                            D  [getOperatingSessionsCount] SiteId filter recibido: 'null' (null = All Sites)
2025-07-14 22:13:30.647 18564-18564 VehicleSessionRepo      app.forku                            D  [getOperatingSessionsCount] CSRF Token obtenido: CfDJ8Fg4pS...
2025-07-14 22:13:30.648 18564-18564 VehicleSessionRepo      app.forku                            D  [getOperatingSessionsCount] Cookie obtenido: .AspNetCore.Antiforg...
2025-07-14 22:13:30.648 18564-18564 VehicleSessionRepo      app.forku                            D  [getOperatingSessionsCount] Using filter siteId: 'null'
2025-07-14 22:13:30.648 18564-18564 VehicleSessionRepo      app.forku                            D  [getOperatingSessionsCount] 🔍 Filtro construido: 'Status == 0 && BusinessId == Guid.Parse("dcd930f6-6d66-4990-8837-a6c1e96a8256")'
2025-07-14 22:13:30.648 18564-18564 VehicleSessionRepo      app.forku                            D  [getOperatingSessionsCount] 🌐 Llamando a GET /dataset/api/vehiclesession/count?filter=Status == 0 && BusinessId == Guid.Parse("dcd930f6-6d66-4990-8837-a6c1e96a8256")
2025-07-14 22:13:30.652 18564-19700 appflow AuthInterceptor app.forku                            D  Starting request interception:
                                                                                                    - URL: https://godev.collectiveintelligence.com.au/forkuapp-de6b98b5-4402-4a8f-891b-70b3591df162/dataset/api/safetyalert/count?filter=BusinessId%20%3D%3D%20Guid.Parse%28%22dcd930f6-6d66-4990-8837-a6c1e96a8256%22%29%20%26%26%20SiteId%20%3D%3D%20Guid.Parse%28%227ecd101b-1f23-442d-bcd6-75be6c5a3e8f%22%29
                                                                                                    - Method: GET
2025-07-14 22:13:30.652 18564-19700 AuthDataStore           app.forku                            D  Getting cached application token: eyJhbGciOi
2025-07-14 22:13:30.652 18564-19700 GOServicesManager       app.forku                            D  Getting CSRF token... forceRefresh=false
2025-07-14 22:13:30.652 18564-19700 GOServicesManager       app.forku                            D  Using cached CSRF token and cookie
2025-07-14 22:13:30.653 18564-19700 appflow AuthInterceptor app.forku                            D  🔍 Added ApplicationToken and BearerToken to cookie
2025-07-14 22:13:30.654 18564-19700 appflow AuthInterceptor app.forku                            D  🔍 Added cleaned Antiforgery cookie: .AspNetCore.Antiforgery._bj8tIMu5EI=CfDJ8Fg4pSr8Do...
2025-07-14 22:13:30.654 18564-19700 appflow AuthInterceptor app.forku                            D  🔍 Final cookie string length: 994
2025-07-14 22:13:30.655 18564-19700 okhttp.OkHttpClient     app.forku                            I  --> GET https://godev.collectiveintelligence.com.au/forkuapp-de6b98b5-4402-4a8f-891b-70b3591df162/dataset/api/safetyalert/count?filter=BusinessId%20%3D%3D%20Guid.Parse%28%22dcd930f6-6d66-4990-8837-a6c1e96a8256%22%29%20%26%26%20SiteId%20%3D%3D%20Guid.Parse%28%227ecd101b-1f23-442d-bcd6-75be6c5a3e8f%22%29
2025-07-14 22:13:30.661 18564-18564 AdminDashboardScreen    app.forku                            D  [FLOW] Composable loaded - currentUser: User(id=d139312d-3d82-4a47-8f1f-b9e1fc380d27, token=eyJhbGciOiJIUzI1NiIsInR5cCI6IkpXVCJ9.eyJVc2VySWQiOiJkMTM5MzEyZC0zZDgyLTRhNDctOGYxZi1iOWUxZmMzODBkMjciLCJ1bmlxdWVfbmFtZSI6Ik5vQnVzaW5lc3NVc2VyIiwiZmFtaWx5X25hbWUiOiJOb1NpdGVVc2VyQXNXZWxsIiwiSXMyRkFFbmFibGVkIjoiZmFsc2UiLCJyb2xlIjoiQWRtaW5pc3RyYXRvcixVc2VyIiwibmJmIjoxNzUyNTQ5MjAxLCJleHAiOjE3NTI1NTEwMDEsImlhdCI6MTc1MjU0OTIwMSwiaXNzIjoic2VsZiJ9.DdLOokqznjWLmQy4c0QNnl63k8En9bqtctqCjeZA0lQ, refreshToken=eyJhbGciOiJIUzI1NiIsInR5cCI6IkpXVCJ9.eyJVc2VySWQiOiJkMTM5MzEyZC0zZDgyLTRhNDctOGYxZi1iOWUxZmMzODBkMjciLCJuYmYiOjE3NTI1NDkyMDEsImV4cCI6MTc1MjU1MTAwMSwiaWF0IjoxNzUyNTQ5MjAxLCJpc3MiOiJzZWxmIn0.5cnEvurFx9K8LnzP4foVMc6o1Su5Ll1ovPvBAllvxBQ, email=NoBusinessUser, username=NoBusinessUser, firstName=NoBusinessUser, lastName=NoSiteUserAsWell, photoUrl=null, role=administrator, certifications=[], points=0, totalHours=0.0, totalDistance=0, sessionsCompleted=0, incidentsReported=0, lastMedicalCheck=null, lastLogin=1752549204118, isActive=true, isApproved=true, password=1234567890, businessId=null, siteId=null, systemOwnerId=null, userPreferencesId=null), role: administrator, filterBusinessId: dcd930f6-6d66-4990-8837-a6c1e96a8256, filterSiteId: 7ecd101b-1f23-442d-bcd6-75be6c5a3e8f, isAllSitesSelected: false
2025-07-14 22:13:30.663 18564-19703 appflow AuthInterceptor app.forku                            D  Starting request interception:
                                                                                                    - URL: https://godev.collectiveintelligence.com.au/forkuapp-de6b98b5-4402-4a8f-891b-70b3591df162/dataset/api/vehiclesession/count?filter=Status%20%3D%3D%200%20%26%26%20BusinessId%20%3D%3D%20Guid.Parse%28%22dcd930f6-6d66-4990-8837-a6c1e96a8256%22%29
                                                                                                    - Method: GET
2025-07-14 22:13:30.663 18564-19703 AuthDataStore           app.forku                            D  Getting cached application token: eyJhbGciOi
2025-07-14 22:13:30.663 18564-19703 GOServicesManager       app.forku                            D  Getting CSRF token... forceRefresh=false
2025-07-14 22:13:30.664 18564-19703 GOServicesManager       app.forku                            D  Using cached CSRF token and cookie
2025-07-14 22:13:30.665 18564-19703 appflow AuthInterceptor app.forku                            D  🔍 Added ApplicationToken and BearerToken to cookie
2025-07-14 22:13:30.665 18564-19703 appflow AuthInterceptor app.forku                            D  🔍 Added cleaned Antiforgery cookie: .AspNetCore.Antiforgery._bj8tIMu5EI=CfDJ8Fg4pSr8Do...
2025-07-14 22:13:30.666 18564-19703 appflow AuthInterceptor app.forku                            D  🔍 Final cookie string length: 994
2025-07-14 22:13:30.667 18564-19703 okhttp.OkHttpClient     app.forku                            I  --> GET https://godev.collectiveintelligence.com.au/forkuapp-de6b98b5-4402-4a8f-891b-70b3591df162/dataset/api/vehiclesession/count?filter=Status%20%3D%3D%200%20%26%26%20BusinessId%20%3D%3D%20Guid.Parse%28%22dcd930f6-6d66-4990-8837-a6c1e96a8256%22%29
2025-07-14 22:13:30.705 18564-18564 DashboardHeader         app.forku                            D  DashboardHeader created - onSettingsClick is NOT NULL
2025-07-14 22:13:30.705 18564-18564 DashboardHeader         app.forku                            D  Total buttons to show: 1 (Profile: false, Notifications: false, Settings: true)
2025-07-14 22:13:30.706 18564-18564 DashboardHeader         app.forku                            D  Notifications button will NOT be shown
2025-07-14 22:13:30.706 18564-18564 DashboardHeader         app.forku                            D  Settings button will be shown
2025-07-14 22:13:30.739 18564-18564 AdminDashboardScreen    app.forku                            D  === UI STATE UPDATE ===
2025-07-14 22:13:30.739 18564-18564 AdminDashboardScreen    app.forku                            D  operatingVehiclesCount (from API): 1
2025-07-14 22:13:30.739 18564-18564 AdminDashboardScreen    app.forku                            D  activeVehicleSessions.size (from UI): 0
2025-07-14 22:13:30.739 18564-18564 AdminDashboardScreen    app.forku                            D  userIncidentsCount: 2
2025-07-14 22:13:30.739 18564-18564 AdminDashboardScreen    app.forku                            D  totalIncidentsCount: 2
2025-07-14 22:13:30.739 18564-18564 AdminDashboardScreen    app.forku                            D  safetyAlertsCount: 0
2025-07-14 22:13:30.739 18564-18564 AdminDashboardScreen    app.forku                            D  isLoading: false
2025-07-14 22:13:30.739 18564-18564 AdminDashboardScreen    app.forku                            D  error: null
2025-07-14 22:13:30.739 18564-18564 AdminDashboardScreen    app.forku                            D  ========================
2025-07-14 22:13:30.764 18564-18812 okhttp.OkHttpClient     app.forku                            I  <-- 200 https://godev.collectiveintelligence.com.au/forkuapp-de6b98b5-4402-4a8f-891b-70b3591df162/api/gosecurityprovider/keepalive (288ms, unknown-length body)
2025-07-14 22:13:30.765 18564-18796 SESSION_FLOW            app.forku                            D  ✅ Keep-alive successful
2025-07-14 22:13:30.765 18564-18796 AuthDataStore           app.forku                            D  Getting cached application token: eyJhbGciOi
2025-07-14 22:13:30.765 18564-18796 AuthDataStore           app.forku                            D  [LOCK] getTokenExpirationDate() - token: eyJhbGciOiJIUzI1NiIsInR5cCI6Ik...
2025-07-14 22:13:30.766 18564-18796 AuthDataStore           app.forku                            D  [LOCK] JWT payload: {"UserId":"d139312d-3d82-4a47-8f1f-b9e1fc380d27","unique_name":"NoBusinessUser","family_name":"NoSiteUserAsWell","Is2FAEnabled":"false","role":"Administrator,User","nbf":1752549201,"exp":1752551001,"iat":1752549201,"iss":"self"}, exp: 1752551001
2025-07-14 22:13:30.768 18564-18801 SESSION_FLOW            app.forku                            D  🔄 Performing token renewal...
2025-07-14 22:13:30.769 18564-18801 AuthDataStore           app.forku                            D  Getting cached application token: eyJhbGciOi
2025-07-14 22:13:30.769 18564-18801 AuthDataStore           app.forku                            D  [LOCK] getTokenExpirationDate() - token: eyJhbGciOiJIUzI1NiIsInR5cCI6Ik...
2025-07-14 22:13:30.769 18564-18801 AuthDataStore           app.forku                            D  [LOCK] JWT payload: {"UserId":"d139312d-3d82-4a47-8f1f-b9e1fc380d27","unique_name":"NoBusinessUser","family_name":"NoSiteUserAsWell","Is2FAEnabled":"false","role":"Administrator,User","nbf":1752549201,"exp":1752551001,"iat":1752549201,"iss":"self"}, exp: 1752551001
2025-07-14 22:13:30.769 18564-18801 SESSION_FLOW            app.forku                            D  🔄 Using GOSecurityProviderRepository for token renewal...
2025-07-14 22:13:30.769 18564-18801 GOSecurityProvider      app.forku                            D  🔄 Starting token renewal process...
2025-07-14 22:13:30.775 18564-18801 GOSecurityProvider      app.forku                            D  🔍 Current user context: NoBusinessUser (d139312d-3d82-4a47-8f1f-b9e1fc380d27)
2025-07-14 22:13:30.775 18564-18801 GOSecurityProvider      app.forku                            D  🔍 Getting headers for renewal (CSRF token AND cookies)...
2025-07-14 22:13:30.775 18564-18801 AuthDataStore           app.forku                            D  Getting cached application token: eyJhbGciOi
2025-07-14 22:13:30.775 18564-18801 GOServicesManager       app.forku                            D  Getting CSRF token... forceRefresh=false
2025-07-14 22:13:30.775 18564-18801 GOServicesManager       app.forku                            D  Using cached CSRF token and cookie
2025-07-14 22:13:30.775 18564-18801 GOSecurityProvider      app.forku                            D  🔍 Got headers for renewal:
2025-07-14 22:13:30.775 18564-18801 GOSecurityProvider      app.forku                            D    - CSRF Token: CfDJ8Fg4pSr8DoxBgBaS...
2025-07-14 22:13:30.778 18564-18801 GOSecurityProvider      app.forku                            D    - Raw Cookie: .AspNetCore.Antiforgery._bj8tIMu5EI=CfDJ8Fg4pSr8DoxBgBaSElZSS11-Y8gO-epSI545_lg7huXrrXW9OCxKq5JhvAq0...
2025-07-14 22:13:30.778 18564-18801 GOSecurityProvider      app.forku                            D    - ApplicationToken: eyJhbGciOiJIUzI1NiIs...
2025-07-14 22:13:30.779 18564-18801 GOSecurityProvider      app.forku                            D  🔧 Debug cookie constructed: ApplicationToken=eyJhbGciOiJIUzI1NiIsInR5cCI6IkpXVCJ9.eyJVc2VySWQiOiJkMTM5MzEyZC0zZDgyLTRhNDctOGYxZi1iOWUxZmMzODBkMjciLCJ1bmlxdWVfbmFtZSI6Ik5vQnVzaW5l...
2025-07-14 22:13:30.779 18564-18801 GOSecurityProvider      app.forku                            D  🌐 Sending token renewal request with debug cookie...
2025-07-14 22:13:30.788 18564-18812 okhttp.OkHttpClient     app.forku                            I  --> GET https://godev.collectiveintelligence.com.au/forkuapp-de6b98b5-4402-4a8f-891b-70b3591df162/api/gosecurityprovider/renewtoken
2025-07-14 22:13:30.885 18564-19699 okhttp.OkHttpClient     app.forku                            I  <-- 200 https://godev.collectiveintelligence.com.au/forkuapp-de6b98b5-4402-4a8f-891b-70b3591df162/dataset/api/vehiclesession/count?filter=Status%20%3D%3D%200%20%26%26%20BusinessId%20%3D%3D%20Guid.Parse%28%22dcd930f6-6d66-4990-8837-a6c1e96a8256%22%29 (525ms, unknown-length body)
2025-07-14 22:13:30.888 18564-19702 okhttp.OkHttpClient     app.forku                            I  <-- 200 https://godev.collectiveintelligence.com.au/forkuapp-de6b98b5-4402-4a8f-891b-70b3591df162/dataset/api/vehiclesession/count?filter=Status%20%3D%3D%200%20%26%26%20BusinessId%20%3D%3D%20Guid.Parse%28%22dcd930f6-6d66-4990-8837-a6c1e96a8256%22%29 (529ms, unknown-length body)
2025-07-14 22:13:30.890 18564-18805 okhttp.OkHttpClient     app.forku                            I  <-- 200 https://godev.collectiveintelligence.com.au/forkuapp-de6b98b5-4402-4a8f-891b-70b3591df162/dataset/api/vehiclesession/count?filter=Status%20%3D%3D%200%20%26%26%20BusinessId%20%3D%3D%20Guid.Parse%28%22dcd930f6-6d66-4990-8837-a6c1e96a8256%22%29 (515ms, unknown-length body)
2025-07-14 22:13:30.892 18564-18564 VehicleSessionRepo      app.forku                            D  [getOperatingSessionsCount] 📡 Respuesta HTTP: isSuccessful=true, code=200
2025-07-14 22:13:30.892 18564-18564 VehicleSessionRepo      app.forku                            D  [getOperatingSessionsCount] 📊 Body: 2
2025-07-14 22:13:30.892 18564-18564 VehicleSessionRepo      app.forku                            D  [getOperatingSessionsCount] ✅ Conteo final: 2
2025-07-14 22:13:30.892 18564-18564 VehicleSessionRepo      app.forku                            D  [getOperatingSessionsCount] === CONTEO COMPLETADO EN REPOSITORY ===
2025-07-14 22:13:30.892 18564-18564 AdminDashboard          app.forku                            D  [loadDashboardDataWithFilters] 🚗 Operating vehicles count from repository: 2
2025-07-14 22:13:30.894 18564-18564 AdminDashboard          app.forku                            D  [loadDashboardDataWithFilters] === 🎉 DASHBOARD CON FILTROS CARGADO ===
2025-07-14 22:13:30.894 18564-18564 AdminDashboard          app.forku                            D  [loadDashboardDataWithFilters] ✅ Sessions: 2, Operators: 2
2025-07-14 22:13:30.894 18564-18564 AdminDashboard          app.forku                            D  [loadDashboardDataWithFilters] 🚗 Operating Vehicles: 2
2025-07-14 22:13:30.894 18564-18564 VehicleSessionRepo      app.forku                            D  [getOperatingSessionsCount] 📡 Respuesta HTTP: isSuccessful=true, code=200
2025-07-14 22:13:30.894 18564-18564 VehicleSessionRepo      app.forku                            D  [getOperatingSessionsCount] 📊 Body: 2
2025-07-14 22:13:30.895 18564-18564 VehicleSessionRepo      app.forku                            D  [getOperatingSessionsCount] ✅ Conteo final: 2
2025-07-14 22:13:30.895 18564-18564 VehicleSessionRepo      app.forku                            D  [getOperatingSessionsCount] === CONTEO COMPLETADO EN REPOSITORY ===
2025-07-14 22:13:30.895 18564-18564 AdminDashboard          app.forku                            D  [loadDashboardDataWithFilters] 🚗 Operating vehicles count from repository: 2
2025-07-14 22:13:30.896 18564-18564 AdminDashboard          app.forku                            D  [loadDashboardDataWithFilters] === 🎉 DASHBOARD CON FILTROS CARGADO ===
2025-07-14 22:13:30.896 18564-18564 AdminDashboard          app.forku                            D  [loadDashboardDataWithFilters] ✅ Sessions: 2, Operators: 2
2025-07-14 22:13:30.896 18564-18564 AdminDashboard          app.forku                            D  [loadDashboardDataWithFilters] 🚗 Operating Vehicles: 2
2025-07-14 22:13:30.897 18564-18564 VehicleSessionRepo      app.forku                            D  [getOperatingSessionsCount] 📡 Respuesta HTTP: isSuccessful=true, code=200
2025-07-14 22:13:30.897 18564-18564 VehicleSessionRepo      app.forku                            D  [getOperatingSessionsCount] 📊 Body: 2
2025-07-14 22:13:30.897 18564-18564 VehicleSessionRepo      app.forku                            D  [getOperatingSessionsCount] ✅ Conteo final: 2
2025-07-14 22:13:30.897 18564-18564 VehicleSessionRepo      app.forku                            D  [getOperatingSessionsCount] === CONTEO COMPLETADO EN REPOSITORY ===
2025-07-14 22:13:30.897 18564-18564 AdminDashboard          app.forku                            D  [loadDashboardDataWithFilters] 🚗 Operating vehicles count from repository: 2
2025-07-14 22:13:30.898 18564-18564 AdminDashboard          app.forku                            D  [loadDashboardDataWithFilters] === 🎉 DASHBOARD CON FILTROS CARGADO ===
2025-07-14 22:13:30.898 18564-18564 AdminDashboard          app.forku                            D  [loadDashboardDataWithFilters] ✅ Sessions: 2, Operators: 2
2025-07-14 22:13:30.898 18564-18564 AdminDashboard          app.forku                            D  [loadDashboardDataWithFilters] 🚗 Operating Vehicles: 2
2025-07-14 22:13:30.908 18564-18564 AdminDashboardScreen    app.forku                            D  [FLOW] Composable loaded - currentUser: User(id=d139312d-3d82-4a47-8f1f-b9e1fc380d27, token=eyJhbGciOiJIUzI1NiIsInR5cCI6IkpXVCJ9.eyJVc2VySWQiOiJkMTM5MzEyZC0zZDgyLTRhNDctOGYxZi1iOWUxZmMzODBkMjciLCJ1bmlxdWVfbmFtZSI6Ik5vQnVzaW5lc3NVc2VyIiwiZmFtaWx5X25hbWUiOiJOb1NpdGVVc2VyQXNXZWxsIiwiSXMyRkFFbmFibGVkIjoiZmFsc2UiLCJyb2xlIjoiQWRtaW5pc3RyYXRvcixVc2VyIiwibmJmIjoxNzUyNTQ5MjAxLCJleHAiOjE3NTI1NTEwMDEsImlhdCI6MTc1MjU0OTIwMSwiaXNzIjoic2VsZiJ9.DdLOokqznjWLmQy4c0QNnl63k8En9bqtctqCjeZA0lQ, refreshToken=eyJhbGciOiJIUzI1NiIsInR5cCI6IkpXVCJ9.eyJVc2VySWQiOiJkMTM5MzEyZC0zZDgyLTRhNDctOGYxZi1iOWUxZmMzODBkMjciLCJuYmYiOjE3NTI1NDkyMDEsImV4cCI6MTc1MjU1MTAwMSwiaWF0IjoxNzUyNTQ5MjAxLCJpc3MiOiJzZWxmIn0.5cnEvurFx9K8LnzP4foVMc6o1Su5Ll1ovPvBAllvxBQ, email=NoBusinessUser, username=NoBusinessUser, firstName=NoBusinessUser, lastName=NoSiteUserAsWell, photoUrl=null, role=administrator, certifications=[], points=0, totalHours=0.0, totalDistance=0, sessionsCompleted=0, incidentsReported=0, lastMedicalCheck=null, lastLogin=1752549204118, isActive=true, isApproved=true, password=1234567890, businessId=null, siteId=null, systemOwnerId=null, userPreferencesId=null), role: administrator, filterBusinessId: dcd930f6-6d66-4990-8837-a6c1e96a8256, filterSiteId: 7ecd101b-1f23-442d-bcd6-75be6c5a3e8f, isAllSitesSelected: false
2025-07-14 22:13:30.986 18564-18564 VehicleItem             app.forku                            D  vehicle.type: VehicleType(Id=6948c970-bbeb-48d3-bd4c-ce26b2d30993, Name=Light Truck, RequiresCertification=false, VehicleCategoryId=a0f2f612-7a71-479d-9dbf-19369a5a0de3, IsMarkedForDeletion=false, InternalObjectId=10)
2025-07-14 22:13:30.986 18564-18564 VehicleItem             app.forku                            D  vehicle.type.Name: Light Truck
2025-07-14 22:13:30.996 18564-18564 VehicleItem             app.forku                            D  operatorName value: NoBusinessUser NoSiteUserAsWell
2025-07-14 22:13:30.996 18564-18564 VehicleItem             app.forku                            D  operatorImage value: null
2025-07-14 22:13:31.019 18564-18564 VehicleItem             app.forku                            D  vehicle.type: VehicleType(Id=6948c970-bbeb-48d3-bd4c-ce26b2d30993, Name=Light Truck, RequiresCertification=false, VehicleCategoryId=a0f2f612-7a71-479d-9dbf-19369a5a0de3, IsMarkedForDeletion=false, InternalObjectId=10)
2025-07-14 22:13:31.019 18564-18564 VehicleItem             app.forku                            D  vehicle.type.Name: Light Truck
2025-07-14 22:13:31.026 18564-18564 VehicleItem             app.forku                            D  operatorName value: multisiteuser onlythat
2025-07-14 22:13:31.026 18564-18564 VehicleItem             app.forku                            D  operatorImage value: null
2025-07-14 22:13:31.056 18564-18564 DashboardHeader         app.forku                            D  DashboardHeader created - onSettingsClick is NOT NULL
2025-07-14 22:13:31.057 18564-18564 DashboardHeader         app.forku                            D  Total buttons to show: 1 (Profile: false, Notifications: false, Settings: true)
2025-07-14 22:13:31.058 18564-18564 DashboardHeader         app.forku                            D  Notifications button will NOT be shown
2025-07-14 22:13:31.058 18564-18564 DashboardHeader         app.forku                            D  Settings button will be shown
2025-07-14 22:13:31.091 18564-18812 okhttp.OkHttpClient     app.forku                            I  <-- 200 https://godev.collectiveintelligence.com.au/forkuapp-de6b98b5-4402-4a8f-891b-70b3591df162/api/gosecurityprovider/renewtoken (302ms, unknown-length body)
2025-07-14 22:13:31.169 18564-19703 okhttp.OkHttpClient     app.forku                            I  <-- 200 https://godev.collectiveintelligence.com.au/forkuapp-de6b98b5-4402-4a8f-891b-70b3591df162/dataset/api/vehiclesession/count?filter=Status%20%3D%3D%200%20%26%26%20BusinessId%20%3D%3D%20Guid.Parse%28%22dcd930f6-6d66-4990-8837-a6c1e96a8256%22%29 (501ms, unknown-length body)
2025-07-14 22:13:31.172 18564-19700 okhttp.OkHttpClient     app.forku                            I  <-- 200 https://godev.collectiveintelligence.com.au/forkuapp-de6b98b5-4402-4a8f-891b-70b3591df162/dataset/api/safetyalert/count?filter=BusinessId%20%3D%3D%20Guid.Parse%28%22dcd930f6-6d66-4990-8837-a6c1e96a8256%22%29%20%26%26%20SiteId%20%3D%3D%20Guid.Parse%28%227ecd101b-1f23-442d-bcd6-75be6c5a3e8f%22%29 (516ms, unknown-length body)
2025-07-14 22:13:31.248 18564-19700 appflow AuthInterceptor app.forku                            D  Starting request interception:
                                                                                                    - URL: https://godev.collectiveintelligence.com.au/forkuapp-de6b98b5-4402-4a8f-891b-70b3591df162/api/vehicle/file/7c9f56bf-deed-4be4-b046-17fef34ecf7e/Picture?t=%LASTEDITEDTIME%
                                                                                                    - Method: GET
2025-07-14 22:13:31.248 18564-19700 AuthDataStore           app.forku                            D  Getting cached application token: eyJhbGciOi
2025-07-14 22:13:31.248 18564-19700 GOServicesManager       app.forku                            D  Getting CSRF token... forceRefresh=false
2025-07-14 22:13:31.248 18564-19700 GOServicesManager       app.forku                            D  Using cached CSRF token and cookie
2025-07-14 22:13:31.250 18564-19700 appflow AuthInterceptor app.forku                            D  🔍 Added ApplicationToken and BearerToken to cookie
2025-07-14 22:13:31.250 18564-19700 appflow AuthInterceptor app.forku                            D  🔍 Added cleaned Antiforgery cookie: .AspNetCore.Antiforgery._bj8tIMu5EI=CfDJ8Fg4pSr8Do...
2025-07-14 22:13:31.250 18564-19700 appflow AuthInterceptor app.forku                            D  🔍 Final cookie string length: 994
2025-07-14 22:13:31.251 18564-19700 okhttp.OkHttpClient     app.forku                            I  --> GET https://godev.collectiveintelligence.com.au/forkuapp-de6b98b5-4402-4a8f-891b-70b3591df162/api/vehicle/file/7c9f56bf-deed-4be4-b046-17fef34ecf7e/Picture?t=%LASTEDITEDTIME%
2025-07-14 22:13:31.355 18564-18801 GOSecurityProvider      app.forku                            D  📡 Token renewal response: code=200, isSuccessful=true
2025-07-14 22:13:31.355 18564-18801 GOSecurityProvider      app.forku                            D  ✅ Token renewal successful, processing response...
2025-07-14 22:13:31.355 18564-18801 GOSecurityProvider      app.forku                            D  🔄 New application token received, updating stored data...
2025-07-14 22:13:31.364 18564-18801 AuthDataStore           app.forku                            D  Saved application token: eyJhbGciOi...
2025-07-14 22:13:31.364 18564-18801 AuthDataStore           app.forku                            D  [setCurrentUser] User recibido: id=d139312d-3d82-4a47-8f1f-b9e1fc380d27, businessId=null
2025-07-14 22:13:31.364 18564-18801 AuthDataStore           app.forku                            D  [setCurrentUser] BusinessId final a guardar: null
2025-07-14 22:13:31.398 18564-18564 AdminDashboardScreen    app.forku                            D  === UI STATE UPDATE ===
2025-07-14 22:13:31.399 18564-18564 AdminDashboardScreen    app.forku                            D  operatingVehiclesCount (from API): 2
2025-07-14 22:13:31.399 18564-18564 AdminDashboardScreen    app.forku                            D  activeVehicleSessions.size (from UI): 2
2025-07-14 22:13:31.399 18564-18564 AdminDashboardScreen    app.forku                            D  userIncidentsCount: 2
2025-07-14 22:13:31.399 18564-18564 AdminDashboardScreen    app.forku                            D  totalIncidentsCount: 2
2025-07-14 22:13:31.399 18564-18564 AdminDashboardScreen    app.forku                            D  safetyAlertsCount: 2
2025-07-14 22:13:31.399 18564-18564 AdminDashboardScreen    app.forku                            D  isLoading: false
2025-07-14 22:13:31.399 18564-18564 AdminDashboardScreen    app.forku                            D  error: null
2025-07-14 22:13:31.399 18564-18564 AdminDashboardScreen    app.forku                            D  ========================
2025-07-14 22:13:31.404 18564-18798 AuthDataStore           app.forku                            D  Tokens stored in secure preferences: eyJhbGciOi...
2025-07-14 22:13:31.404 18564-18798 AuthDataStore           app.forku                            D  User data stored successfully
2025-07-14 22:13:31.405 18564-18798 GOSecurityProvider      app.forku                            D  ✅ Token renewal completed successfully
2025-07-14 22:13:31.407 18564-18798 SESSION_FLOW            app.forku                            D  [TOKEN RENEWAL] Before renewal: businessId=null, siteId=null, systemOwnerId=null, userPreferencesId=null
2025-07-14 22:13:31.408 18564-18798 SESSION_FLOW            app.forku                            D  [TOKEN RENEWAL] After renewal: businessId=null, siteId=null, systemOwnerId=null, userPreferencesId=null
2025-07-14 22:13:31.408 18564-18798 AuthDataStore           app.forku                            D  [setCurrentUser] User recibido: id=d139312d-3d82-4a47-8f1f-b9e1fc380d27, businessId=null
2025-07-14 22:13:31.408 18564-18798 AuthDataStore           app.forku                            D  [setCurrentUser] BusinessId final a guardar: null
2025-07-14 22:13:31.447 18564-18801 AuthDataStore           app.forku                            D  Tokens stored in secure preferences: eyJhbGciOi...
2025-07-14 22:13:31.447 18564-18801 AuthDataStore           app.forku                            D  User data stored successfully
2025-07-14 22:13:31.447 18564-18801 SESSION_FLOW            app.forku                            D  ✅ Token renewal completed successfully (1 successes)
2025-07-14 22:13:31.447 18564-18801 AuthDataStore           app.forku                            D  Initializing application token...
2025-07-14 22:13:31.473 18564-18801 AuthDataStore           app.forku                            D  Application token initialized: eyJhbGciOi
2025-07-14 22:13:31.473 18564-18801 AuthDataStore           app.forku                            D  Authentication token initialized: eyJhbGciOi
2025-07-14 22:13:31.474 18564-18801 AuthDataStore           app.forku                            D  CSRF token initialized: CfDJ8Fg4pS
2025-07-14 22:13:31.474 18564-18801 AuthDataStore           app.forku                            D  Antiforgery cookie initialized: .AspNetCore.Antiforg
2025-07-14 22:13:31.474 18564-18801 AuthDataStore           app.forku                            D  Getting cached application token: eyJhbGciOi
2025-07-14 22:13:31.474 18564-18801 AuthDataStore           app.forku                            D  [LOCK] getTokenExpirationDate() - token: eyJhbGciOiJIUzI1NiIsInR5cCI6Ik...
2025-07-14 22:13:31.474 18564-18801 AuthDataStore           app.forku                            D  [LOCK] JWT payload: {"UserId":"d139312d-3d82-4a47-8f1f-b9e1fc380d27","unique_name":"NoBusinessUser","family_name":"NoSiteUserAsWell","Is2FAEnabled":"false","role":"Administrator,User","nbf":1752549201,"exp":1752551001,"iat":1752549201,"iss":"self"}, exp: 1752551001
2025-07-14 22:13:31.549 18564-19700 okhttp.OkHttpClient     app.forku                            I  <-- 500 https://godev.collectiveintelligence.com.au/forkuapp-de6b98b5-4402-4a8f-891b-70b3591df162/api/vehicle/file/7c9f56bf-deed-4be4-b046-17fef34ecf7e/Picture?t=%LASTEDITEDTIME% (296ms, 488-byte body)
2025-07-14 22:13:31.549 18564-19700 RetryInterceptor        app.forku                            D  Request failed (500), attempt 1 of 3
2025-07-14 22:13:31.577 18564-18564 VehicleSessionRepo      app.forku                            D  [getOperatingSessionsCount] 📡 Respuesta HTTP: isSuccessful=true, code=200
2025-07-14 22:13:31.577 18564-18564 VehicleSessionRepo      app.forku                            D  [getOperatingSessionsCount] 📊 Body: 2
2025-07-14 22:13:31.577 18564-18564 VehicleSessionRepo      app.forku                            D  [getOperatingSessionsCount] ✅ Conteo final: 2
2025-07-14 22:13:31.577 18564-18564 VehicleSessionRepo      app.forku                            D  [getOperatingSessionsCount] === CONTEO COMPLETADO EN REPOSITORY ===
2025-07-14 22:13:31.577 18564-18564 AdminDashboard          app.forku                            D  [loadDashboardDataWithFilters] 🚗 Operating vehicles count from repository: 2
2025-07-14 22:13:31.578 18564-18564 AdminDashboard          app.forku                            D  [loadDashboardDataWithFilters] === 🎉 DASHBOARD CON FILTROS CARGADO ===
2025-07-14 22:13:31.578 18564-18564 AdminDashboard          app.forku                            D  [loadDashboardDataWithFilters] ✅ Sessions: 2, Operators: 2
2025-07-14 22:13:31.578 18564-18564 AdminDashboard          app.forku                            D  [loadDashboardDataWithFilters] 🚗 Operating Vehicles: 2
2025-07-14 22:13:31.579 18564-18564 SafetyAlertRepo         app.forku                            D  Safety alert count for business 'dcd930f6-6d66-4990-8837-a6c1e96a8256': 2
2025-07-14 22:13:31.579 18564-18564 AdminDashboard          app.forku                            D  [loadDashboardDataWithFilters] 🚗 Getting operating vehicles count with filters: businessId='dcd930f6-6d66-4990-8837-a6c1e96a8256', siteId='7ecd101b-1f23-442d-bcd6-75be6c5a3e8f'
2025-07-14 22:13:31.579 18564-18564 VehicleSessionRepo      app.forku                            D  [getOperatingSessionsCount] === INICIANDO CONTEO EN REPOSITORY ===
2025-07-14 22:13:31.579 18564-18564 VehicleSessionRepo      app.forku                            D  [getOperatingSessionsCount] BusinessId recibido: 'dcd930f6-6d66-4990-8837-a6c1e96a8256'
2025-07-14 22:13:31.579 18564-18564 VehicleSessionRepo      app.forku                            D  [getOperatingSessionsCount] SiteId filter recibido: '7ecd101b-1f23-442d-bcd6-75be6c5a3e8f' (null = All Sites)
2025-07-14 22:13:31.579 18564-18564 VehicleSessionRepo      app.forku                            D  [getOperatingSessionsCount] CSRF Token obtenido: CfDJ8Fg4pS...
2025-07-14 22:13:31.579 18564-18564 VehicleSessionRepo      app.forku                            D  [getOperatingSessionsCount] Cookie obtenido: .AspNetCore.Antiforg...
2025-07-14 22:13:31.579 18564-18564 VehicleSessionRepo      app.forku                            D  [getOperatingSessionsCount] Using filter siteId: '7ecd101b-1f23-442d-bcd6-75be6c5a3e8f'
2025-07-14 22:13:31.579 18564-18564 VehicleSessionRepo      app.forku                            D  [getOperatingSessionsCount] 🔍 Filtro construido: 'Status == 0 && BusinessId == Guid.Parse("dcd930f6-6d66-4990-8837-a6c1e96a8256") && SiteId == Guid.Parse("7ecd101b-1f23-442d-bcd6-75be6c5a3e8f")'
2025-07-14 22:13:31.579 18564-18564 VehicleSessionRepo      app.forku                            D  [getOperatingSessionsCount] 🌐 Llamando a GET /dataset/api/vehiclesession/count?filter=Status == 0 && BusinessId == Guid.Parse("dcd930f6-6d66-4990-8837-a6c1e96a8256") && SiteId == Guid.Parse("7ecd101b-1f23-442d-bcd6-75be6c5a3e8f")
2025-07-14 22:13:31.589 18564-18564 RealImageLoader         app.forku                            I  💾 Successful (DISK) - https://godev.collectiveintelligence.com.au/forkuapp-de6b98b5-4402-4a8f-891b-70b3591df162/api/vehicle/file/f3940e07-2c1a-4047-8444-036f5157f820/Picture?t=%LASTEDITEDTIME%
2025-07-14 22:13:31.592 18564-18564 VehicleImage            app.forku                            D  Successfully loaded image for vehicle f3940e07-2c1a-4047-8444-036f5157f820
2025-07-14 22:13:31.595 18564-19703 appflow AuthInterceptor app.forku                            D  Starting request interception:
                                                                                                    - URL: https://godev.collectiveintelligence.com.au/forkuapp-de6b98b5-4402-4a8f-891b-70b3591df162/dataset/api/vehiclesession/count?filter=Status%20%3D%3D%200%20%26%26%20BusinessId%20%3D%3D%20Guid.Parse%28%22dcd930f6-6d66-4990-8837-a6c1e96a8256%22%29%20%26%26%20SiteId%20%3D%3D%20Guid.Parse%28%227ecd101b-1f23-442d-bcd6-75be6c5a3e8f%22%29
                                                                                                    - Method: GET
2025-07-14 22:13:31.596 18564-19703 AuthDataStore           app.forku                            D  Getting cached application token: eyJhbGciOi
2025-07-14 22:13:31.596 18564-19703 GOServicesManager       app.forku                            D  Getting CSRF token... forceRefresh=false
2025-07-14 22:13:31.596 18564-19703 GOServicesManager       app.forku                            D  Using cached CSRF token and cookie
2025-07-14 22:13:31.598 18564-19703 appflow AuthInterceptor app.forku                            D  🔍 Added ApplicationToken and BearerToken to cookie
2025-07-14 22:13:31.598 18564-19703 appflow AuthInterceptor app.forku                            D  🔍 Added cleaned Antiforgery cookie: .AspNetCore.Antiforgery._bj8tIMu5EI=CfDJ8Fg4pSr8Do...
2025-07-14 22:13:31.598 18564-19703 appflow AuthInterceptor app.forku                            D  🔍 Final cookie string length: 994
2025-07-14 22:13:31.599 18564-19703 okhttp.OkHttpClient     app.forku                            I  --> GET https://godev.collectiveintelligence.com.au/forkuapp-de6b98b5-4402-4a8f-891b-70b3591df162/dataset/api/vehiclesession/count?filter=Status%20%3D%3D%200%20%26%26%20BusinessId%20%3D%3D%20Guid.Parse%28%22dcd930f6-6d66-4990-8837-a6c1e96a8256%22%29%20%26%26%20SiteId%20%3D%3D%20Guid.Parse%28%227ecd101b-1f23-442d-bcd6-75be6c5a3e8f%22%29
2025-07-14 22:13:31.771 18564-18801 SESSION_FLOW            app.forku                            D  🔄 Performing token renewal...
2025-07-14 22:13:31.772 18564-18801 AuthDataStore           app.forku                            D  Getting cached application token: eyJhbGciOi
2025-07-14 22:13:31.772 18564-18801 AuthDataStore           app.forku                            D  [LOCK] getTokenExpirationDate() - token: eyJhbGciOiJIUzI1NiIsInR5cCI6Ik...
2025-07-14 22:13:31.772 18564-18801 AuthDataStore           app.forku                            D  [LOCK] JWT payload: {"UserId":"d139312d-3d82-4a47-8f1f-b9e1fc380d27","unique_name":"NoBusinessUser","family_name":"NoSiteUserAsWell","Is2FAEnabled":"false","role":"Administrator,User","nbf":1752549201,"exp":1752551001,"iat":1752549201,"iss":"self"}, exp: 1752551001
2025-07-14 22:13:31.773 18564-18801 SESSION_FLOW            app.forku                            D  🔄 Using GOSecurityProviderRepository for token renewal...
2025-07-14 22:13:31.773 18564-18801 GOSecurityProvider      app.forku                            D  🔄 Starting token renewal process...
2025-07-14 22:13:31.776 18564-18801 GOSecurityProvider      app.forku                            D  🔍 Current user context: NoBusinessUser (d139312d-3d82-4a47-8f1f-b9e1fc380d27)
2025-07-14 22:13:31.776 18564-18801 GOSecurityProvider      app.forku                            D  🔍 Getting headers for renewal (CSRF token AND cookies)...
2025-07-14 22:13:31.776 18564-18801 AuthDataStore           app.forku                            D  Getting cached application token: eyJhbGciOi
2025-07-14 22:13:31.776 18564-18801 GOServicesManager       app.forku                            D  Getting CSRF token... forceRefresh=false
2025-07-14 22:13:31.776 18564-18801 GOServicesManager       app.forku                            D  Using cached CSRF token and cookie
2025-07-14 22:13:31.776 18564-18801 GOSecurityProvider      app.forku                            D  🔍 Got headers for renewal:
2025-07-14 22:13:31.777 18564-18801 GOSecurityProvider      app.forku                            D    - CSRF Token: CfDJ8Fg4pSr8DoxBgBaS...
2025-07-14 22:13:31.777 18564-18801 GOSecurityProvider      app.forku                            D    - Raw Cookie: .AspNetCore.Antiforgery._bj8tIMu5EI=CfDJ8Fg4pSr8DoxBgBaSElZSS11-Y8gO-epSI545_lg7huXrrXW9OCxKq5JhvAq0...
2025-07-14 22:13:31.777 18564-18801 GOSecurityProvider      app.forku                            D    - ApplicationToken: eyJhbGciOiJIUzI1NiIs...
2025-07-14 22:13:31.777 18564-18801 GOSecurityProvider      app.forku                            D  🔧 Debug cookie constructed: ApplicationToken=eyJhbGciOiJIUzI1NiIsInR5cCI6IkpXVCJ9.eyJVc2VySWQiOiJkMTM5MzEyZC0zZDgyLTRhNDctOGYxZi1iOWUxZmMzODBkMjciLCJ1bmlxdWVfbmFtZSI6Ik5vQnVzaW5l...
2025-07-14 22:13:31.777 18564-18801 GOSecurityProvider      app.forku                            D  🌐 Sending token renewal request with debug cookie...
2025-07-14 22:13:31.784 18564-18812 okhttp.OkHttpClient     app.forku                            I  --> GET https://godev.collectiveintelligence.com.au/forkuapp-de6b98b5-4402-4a8f-891b-70b3591df162/api/gosecurityprovider/renewtoken
2025-07-14 22:13:31.883 18564-19703 okhttp.OkHttpClient     app.forku                            I  <-- 200 https://godev.collectiveintelligence.com.au/forkuapp-de6b98b5-4402-4a8f-891b-70b3591df162/dataset/api/vehiclesession/count?filter=Status%20%3D%3D%200%20%26%26%20BusinessId%20%3D%3D%20Guid.Parse%28%22dcd930f6-6d66-4990-8837-a6c1e96a8256%22%29%20%26%26%20SiteId%20%3D%3D%20Guid.Parse%28%227ecd101b-1f23-442d-bcd6-75be6c5a3e8f%22%29 (283ms, unknown-length body)
2025-07-14 22:13:31.887 18564-18564 VehicleSessionRepo      app.forku                            D  [getOperatingSessionsCount] 📡 Respuesta HTTP: isSuccessful=true, code=200
2025-07-14 22:13:31.887 18564-18564 VehicleSessionRepo      app.forku                            D  [getOperatingSessionsCount] 📊 Body: 1
2025-07-14 22:13:31.887 18564-18564 VehicleSessionRepo      app.forku                            D  [getOperatingSessionsCount] ✅ Conteo final: 1
2025-07-14 22:13:31.887 18564-18564 VehicleSessionRepo      app.forku                            D  [getOperatingSessionsCount] === CONTEO COMPLETADO EN REPOSITORY ===
2025-07-14 22:13:31.887 18564-18564 AdminDashboard          app.forku                            D  [loadDashboardDataWithFilters] 🚗 Operating vehicles count from repository: 1
2025-07-14 22:13:31.888 18564-18564 AdminDashboard          app.forku                            D  [loadDashboardDataWithFilters] === 🎉 DASHBOARD CON FILTROS CARGADO ===
2025-07-14 22:13:31.888 18564-18564 AdminDashboard          app.forku                            D  [loadDashboardDataWithFilters] ✅ Sessions: 1, Operators: 1
2025-07-14 22:13:31.888 18564-18564 AdminDashboard          app.forku                            D  [loadDashboardDataWithFilters] 🚗 Operating Vehicles: 1
2025-07-14 22:13:31.905 18564-18564 AdminDashboardScreen    app.forku                            D  [FLOW] Composable loaded - currentUser: User(id=d139312d-3d82-4a47-8f1f-b9e1fc380d27, token=eyJhbGciOiJIUzI1NiIsInR5cCI6IkpXVCJ9.eyJVc2VySWQiOiJkMTM5MzEyZC0zZDgyLTRhNDctOGYxZi1iOWUxZmMzODBkMjciLCJ1bmlxdWVfbmFtZSI6Ik5vQnVzaW5lc3NVc2VyIiwiZmFtaWx5X25hbWUiOiJOb1NpdGVVc2VyQXNXZWxsIiwiSXMyRkFFbmFibGVkIjoiZmFsc2UiLCJyb2xlIjoiQWRtaW5pc3RyYXRvcixVc2VyIiwibmJmIjoxNzUyNTQ5MjAxLCJleHAiOjE3NTI1NTEwMDEsImlhdCI6MTc1MjU0OTIwMSwiaXNzIjoic2VsZiJ9.DdLOokqznjWLmQy4c0QNnl63k8En9bqtctqCjeZA0lQ, refreshToken=eyJhbGciOiJIUzI1NiIsInR5cCI6IkpXVCJ9.eyJVc2VySWQiOiJkMTM5MzEyZC0zZDgyLTRhNDctOGYxZi1iOWUxZmMzODBkMjciLCJuYmYiOjE3NTI1NDkyMDEsImV4cCI6MTc1MjU1MTAwMSwiaWF0IjoxNzUyNTQ5MjAxLCJpc3MiOiJzZWxmIn0.5cnEvurFx9K8LnzP4foVMc6o1Su5Ll1ovPvBAllvxBQ, email=NoBusinessUser, username=NoBusinessUser, firstName=NoBusinessUser, lastName=NoSiteUserAsWell, photoUrl=null, role=administrator, certifications=[], points=0, totalHours=0.0, totalDistance=0, sessionsCompleted=0, incidentsReported=0, lastMedicalCheck=null, lastLogin=1752549204118, isActive=true, isApproved=true, password=1234567890, businessId=null, siteId=null, systemOwnerId=null, userPreferencesId=null), role: administrator, filterBusinessId: dcd930f6-6d66-4990-8837-a6c1e96a8256, filterSiteId: 7ecd101b-1f23-442d-bcd6-75be6c5a3e8f, isAllSitesSelected: false
2025-07-14 22:13:31.951 18564-18564 VehicleItem             app.forku                            D  vehicle.type: VehicleType(Id=6948c970-bbeb-48d3-bd4c-ce26b2d30993, Name=Light Truck, RequiresCertification=false, VehicleCategoryId=a0f2f612-7a71-479d-9dbf-19369a5a0de3, IsMarkedForDeletion=false, InternalObjectId=6)
2025-07-14 22:13:31.951 18564-18564 VehicleItem             app.forku                            D  vehicle.type.Name: Light Truck
2025-07-14 22:13:31.953 18564-18564 VehicleItem             app.forku                            D  operatorName value: NoBusinessUser NoSiteUserAsWell
2025-07-14 22:13:31.953 18564-18564 VehicleItem             app.forku                            D  operatorImage value: null
