2025-07-14 22:12:57.004 18564-18564 ViewRootImpl            app.forku                            I  updatePointerIcon pointerType = 1008, calling pid = 18564
2025-07-14 22:12:57.005 18564-18564 InputManager            app.forku                            D  setPointerIconType iconId = 1008, callingPid = 18564
2025-07-14 22:12:57.365 18564-18564 ViewRootIm...nActivity] app.forku                            I  ViewPostIme pointer 0
2025-07-14 22:12:57.378 18564-18564 ViewRootIm...nActivity] app.forku                            I  ViewPostIme pointer 1
2025-07-14 22:12:57.384 18564-18564 Compose Focus           app.forku                            D  Owner FocusChanged(true)
2025-07-14 22:12:57.501 18564-18564 InputMethodManager      app.forku                            D  startInputInner - Id : 0
2025-07-14 22:12:57.501 18564-18564 InputMethodManager      app.forku                            I  startInputInner - mService.startInputOrWindowGainedFocus
2025-07-14 22:12:57.505 18564-18564 InputMethodManager      app.forku                            D  startInputInner - Id : 0
2025-07-14 22:12:57.505 18564-18564 InputMethodManager      app.forku                            I  startInputInner - mService.startInputOrWindowGainedFocus
2025-07-14 22:12:57.509 18564-18564 InsetsController        app.forku                            D  show(ime(), fromIme=false)
2025-07-14 22:12:57.509 18564-18564 IMM_LC                  app.forku                            I  requestImeShow
2025-07-14 22:12:57.510 18564-18564 IMM_LC                  app.forku                            I  ssi() - flag : 0 view : app.forku reason = SHOW_SOFT_INPUT_BY_INSETS_API
2025-07-14 22:12:57.510 18564-18564 IMM_LC                  app.forku                            I  ssi() view is not EditText
2025-07-14 22:12:57.965 18564-18564 InsetsController        app.forku                            D  show(ime(), fromIme=true)
2025-07-14 22:12:57.968 18564-18564 InsetsSourceConsumer    app.forku                            D  setRequestedVisible: visible=true, type=19, host=app.forku/app.forku.MainActivity, from=android.view.InsetsSourceConsumer.show:246 android.view.InsetsController.showDirectly:1489 android.view.InsetsController.controlAnimationUnchecked:1137 android.view.InsetsController.show:942 android.view.ViewRootImpl$ViewRootHandler.handleMessageImpl:6483 android.view.ViewRootImpl$ViewRootHandler.handleMessage:6408 android.os.Handler.dispatchMessage:106 android.os.Looper.loopOnce:226 android.os.Looper.loop:313 android.app.ActivityThread.main:8751 
2025-07-14 22:13:14.149 18564-18564 ViewRootIm...nActivity] app.forku                            I  ViewPostIme key 0
2025-07-14 22:13:14.166 18564-18564 ViewRootIm...nActivity] app.forku                            I  setInTouchMode(false), android.view.ViewRootImpl.checkForLeavingTouchModeAndConsume:9050 android.view.ViewRootImpl.access$3500:303 android.view.ViewRootImpl$EarlyPostImeInputStage.processKeyEvent:7399 android.view.ViewRootImpl$EarlyPostImeInputStage.onProcess:7383 android.view.ViewRootImpl$InputStage.deliver:6927 android.view.ViewRootImpl$InputStage.onDeliverToNext:6984 android.view.ViewRootImpl$InputStage.forward:6950 android.view.ViewRootImpl$AsyncInputStage.forward:7181 android.view.ViewRootImpl$ImeInputStage.onFinishedInputEvent:7368 android.view.inputmethod.InputMethodManager$PendingEvent.run:3411 
2025-07-14 22:13:14.167 18564-18564 ViewRootIm...nActivity] app.forku                            I  ViewPostIme key 0
2025-07-14 22:13:14.176 18564-18564 ViewRootIm...nActivity] app.forku                            I  ViewPostIme key 1
2025-07-14 22:13:14.264 18564-18564 ViewRootIm...nActivity] app.forku                            I  ViewPostIme key 1
2025-07-14 22:13:14.369 18564-18564 ViewRootIm...nActivity] app.forku                            I  ViewPostIme key 0
2025-07-14 22:13:14.375 18564-18564 ViewRootIm...nActivity] app.forku                            I  ViewPostIme key 1
2025-07-14 22:13:15.048 18564-18564 ViewRootIm...nActivity] app.forku                            I  ViewPostIme key 0
2025-07-14 22:13:15.059 18564-18564 ViewRootIm...nActivity] app.forku                            I  ViewPostIme key 0
2025-07-14 22:13:15.141 18564-18564 ViewRootIm...nActivity] app.forku                            I  ViewPostIme key 1
2025-07-14 22:13:15.209 18564-18564 ViewRootIm...nActivity] app.forku                            I  ViewPostIme key 1
2025-07-14 22:13:15.224 18564-18564 ViewRootIm...nActivity] app.forku                            I  ViewPostIme key 0
2025-07-14 22:13:15.302 18564-18564 ViewRootIm...nActivity] app.forku                            I  ViewPostIme key 1
2025-07-14 22:13:15.361 18564-18564 ViewRootIm...nActivity] app.forku                            I  ViewPostIme key 0
2025-07-14 22:13:15.493 18564-18564 ViewRootIm...nActivity] app.forku                            I  ViewPostIme key 1
2025-07-14 22:13:15.499 18564-18564 ViewRootIm...nActivity] app.forku                            I  ViewPostIme key 0
2025-07-14 22:13:15.507 18564-18564 ViewRootIm...nActivity] app.forku                            I  ViewPostIme key 1
2025-07-14 22:13:15.643 18564-18564 ViewRootIm...nActivity] app.forku                            I  ViewPostIme key 0
2025-07-14 22:13:15.726 18564-18564 ViewRootIm...nActivity] app.forku                            I  ViewPostIme key 1
2025-07-14 22:13:15.792 18564-18564 ViewRootIm...nActivity] app.forku                            I  ViewPostIme key 0
2025-07-14 22:13:15.872 18564-18575 app.forku               app.forku                            I  Compiler allocated 5077KB to compile void app.forku.presentation.user.login.LoginScreenKt.LoginScreen(app.forku.presentation.user.login.LoginViewModel, kotlin.jvm.functions.Function1, app.forku.core.network.NetworkConnectivityManager, androidx.navigation.NavController, app.forku.core.auth.TokenErrorHandler, androidx.compose.runtime.Composer, int, int)
2025-07-14 22:13:15.879 18564-18564 ViewRootIm...nActivity] app.forku                            I  ViewPostIme key 1
2025-07-14 22:13:15.932 18564-18564 ViewRootIm...nActivity] app.forku                            I  ViewPostIme key 0
2025-07-14 22:13:16.014 18564-18564 ViewRootIm...nActivity] app.forku                            I  ViewPostIme key 1
2025-07-14 22:13:16.072 18564-18564 ViewRootIm...nActivity] app.forku                            I  ViewPostIme key 0
2025-07-14 22:13:16.147 18564-18564 ViewRootIm...nActivity] app.forku                            I  ViewPostIme key 1
2025-07-14 22:13:16.741 18564-18564 ViewRootIm...nActivity] app.forku                            I  ViewPostIme key 0
2025-07-14 22:13:16.751 18564-18564 ViewRootIm...nActivity] app.forku                            I  ViewPostIme key 0
2025-07-14 22:13:16.759 18564-18564 ViewRootIm...nActivity] app.forku                            I  ViewPostIme key 1
2025-07-14 22:13:16.858 18564-18564 ViewRootIm...nActivity] app.forku                            I  ViewPostIme key 1
2025-07-14 22:13:16.911 18564-18564 ViewRootIm...nActivity] app.forku                            I  ViewPostIme key 0
2025-07-14 22:13:16.919 18564-18564 ViewRootIm...nActivity] app.forku                            I  ViewPostIme key 1
2025-07-14 22:13:17.189 18564-18564 ViewRootIm...nActivity] app.forku                            I  ViewPostIme key 0
2025-07-14 22:13:17.277 18564-18564 ViewRootIm...nActivity] app.forku                            I  ViewPostIme key 1
2025-07-14 22:13:17.342 18564-18564 ViewRootIm...nActivity] app.forku                            I  ViewPostIme key 0
2025-07-14 22:13:17.471 18564-18564 ViewRootIm...nActivity] app.forku                            I  ViewPostIme key 1
2025-07-14 22:13:17.865 18564-18564 ViewRootImpl            app.forku                            I  updatePointerIcon pointerType = 1008, calling pid = 18564
2025-07-14 22:13:17.866 18564-18564 InputManager            app.forku                            D  setPointerIconType iconId = 1008, callingPid = 18564
2025-07-14 22:13:17.984 18564-18564 ViewRootImpl            app.forku                            I  updatePointerIcon pointerType = 1000, calling pid = 18564
2025-07-14 22:13:17.985 18564-18564 InputManager            app.forku                            D  setPointerIconType iconId = 1000, callingPid = 18564
2025-07-14 22:13:18.230 18564-18564 ViewRootImpl            app.forku                            I  updatePointerIcon pointerType = 1008, calling pid = 18564
2025-07-14 22:13:18.231 18564-18564 InputManager            app.forku                            D  setPointerIconType iconId = 1008, callingPid = 18564
2025-07-14 22:13:18.466 18564-18564 ViewRootIm...nActivity] app.forku                            I  ViewPostIme pointer 0
2025-07-14 22:13:18.547 18564-18564 ViewRootIm...nActivity] app.forku                            I  ViewPostIme pointer 1
2025-07-14 22:13:18.702 18564-18564 InputMethodManager      app.forku                            D  startInputInner - Id : 0
2025-07-14 22:13:18.703 18564-18564 InputMethodManager      app.forku                            I  startInputInner - mService.startInputOrWindowGainedFocus
2025-07-14 22:13:18.707 18564-18564 InsetsController        app.forku                            D  show(ime(), fromIme=false)
2025-07-14 22:13:19.066 18564-18564 InsetsController        app.forku                            D  show(ime(), fromIme=true)
2025-07-14 22:13:19.170 18564-18564 ViewRootIm...nActivity] app.forku                            I  setInTouchMode(false), android.view.ViewRootImpl.checkForLeavingTouchModeAndConsume:9050 android.view.ViewRootImpl.access$3500:303 android.view.ViewRootImpl$EarlyPostImeInputStage.processKeyEvent:7399 android.view.ViewRootImpl$EarlyPostImeInputStage.onProcess:7383 android.view.ViewRootImpl$InputStage.deliver:6927 android.view.ViewRootImpl$InputStage.onDeliverToNext:6984 android.view.ViewRootImpl$InputStage.forward:6950 android.view.ViewRootImpl$AsyncInputStage.forward:7181 android.view.ViewRootImpl$ImeInputStage.onFinishedInputEvent:7368 android.view.inputmethod.InputMethodManager$PendingEvent.run:3411 
2025-07-14 22:13:19.171 18564-18564 ViewRootIm...nActivity] app.forku                            I  ViewPostIme key 0
2025-07-14 22:13:19.260 18564-18564 ViewRootIm...nActivity] app.forku                            I  ViewPostIme key 1
2025-07-14 22:13:19.354 18564-18564 ViewRootIm...nActivity] app.forku                            I  ViewPostIme key 0
2025-07-14 22:13:19.422 18564-18564 ViewRootIm...nActivity] app.forku                            I  ViewPostIme key 1
2025-07-14 22:13:19.621 18564-18564 ViewRootIm...nActivity] app.forku                            I  ViewPostIme key 0
2025-07-14 22:13:19.700 18564-18564 ViewRootIm...nActivity] app.forku                            I  ViewPostIme key 1
2025-07-14 22:13:19.880 18564-18564 ViewRootIm...nActivity] app.forku                            I  ViewPostIme key 0
2025-07-14 22:13:19.889 18564-18564 ViewRootIm...nActivity] app.forku                            I  ViewPostIme key 1
2025-07-14 22:13:20.138 18564-18564 ViewRootIm...nActivity] app.forku                            I  ViewPostIme key 0
2025-07-14 22:13:20.212 18564-18564 ViewRootIm...nActivity] app.forku                            I  ViewPostIme key 1
2025-07-14 22:13:20.421 18564-18564 ViewRootIm...nActivity] app.forku                            I  ViewPostIme key 0
2025-07-14 22:13:20.504 18564-18564 ViewRootIm...nActivity] app.forku                            I  ViewPostIme key 1
2025-07-14 22:13:20.715 18564-18564 ViewRootIm...nActivity] app.forku                            I  ViewPostIme key 0
2025-07-14 22:13:20.723 18564-18564 ViewRootIm...nActivity] app.forku                            I  ViewPostIme key 1
2025-07-14 22:13:20.977 18564-18564 ViewRootIm...nActivity] app.forku                            I  ViewPostIme key 0
2025-07-14 22:13:20.986 18564-18564 ViewRootIm...nActivity] app.forku                            I  ViewPostIme key 1
2025-07-14 22:13:21.262 18564-18564 ViewRootIm...nActivity] app.forku                            I  ViewPostIme key 0
2025-07-14 22:13:21.269 18564-18564 ViewRootIm...nActivity] app.forku                            I  ViewPostIme key 1
2025-07-14 22:13:21.579 18564-18564 ViewRootIm...nActivity] app.forku                            I  ViewPostIme key 0
2025-07-14 22:13:21.587 18564-18564 ViewRootIm...nActivity] app.forku                            I  ViewPostIme key 1
2025-07-14 22:13:22.248 18564-18564 ViewRootImpl            app.forku                            I  updatePointerIcon pointerType = 1008, calling pid = 18564
2025-07-14 22:13:22.249 18564-18564 InputManager            app.forku                            D  setPointerIconType iconId = 1008, callingPid = 18564
2025-07-14 22:13:22.480 18564-18564 ViewRootImpl            app.forku                            I  updatePointerIcon pointerType = 1000, calling pid = 18564
2025-07-14 22:13:22.484 18564-18564 InputManager            app.forku                            D  setPointerIconType iconId = 1000, callingPid = 18564
2025-07-14 22:13:22.848 18564-18564 ViewRootIm...nActivity] app.forku                            I  ViewPostIme pointer 0
2025-07-14 22:13:22.855 18564-18564 ViewRootIm...nActivity] app.forku                            I  ViewPostIme pointer 1
2025-07-14 22:13:22.859 18564-18564 LoginScreen             app.forku                            D  Login button clicked for user: NoBusinessUser
2025-07-14 22:13:22.860 18564-18564 LoginViewModel          app.forku                            D  [LOGIN] login() called with username: NoBusinessUser, password: [*, *, *, *, *, *, *, *, *, *]
2025-07-14 22:13:22.861 18564-18564 LoginViewModel          app.forku                            D  [LOGIN] Llamando a loginUseCase (flujo centralizado)
2025-07-14 22:13:22.861 18564-18564 GOSecurityProvider      app.forku                            D  [AUDIT] Starting authentication for username: NoBusinessUser
2025-07-14 22:13:22.861 18564-18564 GOSecurityProvider      app.forku                            D  [AUDIT] Starting authentication for password: 1234567890
2025-07-14 22:13:22.861 18564-18564 GOSecurityProvider      app.forku                            D  [AUDIT] Getting fresh CSRF token and cookie...
2025-07-14 22:13:22.861 18564-18564 GOServicesManager       app.forku                            D  Getting CSRF token... forceRefresh=true
2025-07-14 22:13:22.861 18564-18564 GOServicesManager       app.forku                            D  Fetching new CSRF token and cookie from API...
2025-07-14 22:13:22.862 18564-18564 GOServicesRepository    app.forku                            D  Fetching CSRF token and cookie from API...
2025-07-14 22:13:22.876 18564-18812 okhttp.OkHttpClient     app.forku                            I  --> GET https://godev.collectiveintelligence.com.au/forkuapp-de6b98b5-4402-4a8f-891b-70b3591df162/dataset/api/goservices/csrf-token
2025-07-14 22:13:23.167 18564-18812 okhttp.OkHttpClient     app.forku                            I  <-- 200 https://godev.collectiveintelligence.com.au/forkuapp-de6b98b5-4402-4a8f-891b-70b3591df162/dataset/api/goservices/csrf-token (290ms, 171-byte body)
2025-07-14 22:13:23.181 18564-18564 IMM_LC                  app.forku                            I  notifyImeHidden
2025-07-14 22:13:23.183 18564-18564 InsetsSourceConsumer    app.forku                            D  setRequestedVisible: visible=false, type=19, host=app.forku/app.forku.MainActivity, from=android.view.InsetsSourceConsumer.hide:253 android.view.ImeInsetsSourceConsumer.hide:68 android.view.ImeInsetsSourceConsumer.hide:74 android.view.InsetsController.hideDirectly:1473 android.view.InsetsController.controlAnimationUnchecked:1139 android.view.InsetsController.applyAnimation:1456 android.view.InsetsController.applyAnimation:1437 android.view.InsetsController.hide:1006 android.view.InsetsController.hide:981 androidx.core.view.SoftwareKeyboardControllerCompat$Impl30.hide:227 
2025-07-14 22:13:23.184 18564-18564 InputMethodManager      app.forku                            D  startInputInner - Id : 0
2025-07-14 22:13:23.184 18564-18564 InputMethodManager      app.forku                            I  startInputInner - mService.startInputOrWindowGainedFocus
2025-07-14 22:13:23.263 18564-18564 GOServicesRepository    app.forku                            D  API response received: isSuccessful=true, code=200
2025-07-14 22:13:23.264 18564-18564 GOServicesRepository    app.forku                            D  CSRF token and cookie received successfully, storing...
2025-07-14 22:13:23.270 18564-18564 AuthDataStore           app.forku                            D  Saved CSRF token: CfDJ8Fg4pS...
2025-07-14 22:13:23.279 18564-18564 AuthDataStore           app.forku                            D  Saved Antiforgery cookie: .AspNetCore.Antiforg...
2025-07-14 22:13:23.286 18564-18564 AuthDataStore           app.forku                            D  Saved CSRF token: CfDJ8Fg4pS...
2025-07-14 22:13:23.292 18564-18564 AuthDataStore           app.forku                            D  Saved Antiforgery cookie: .AspNetCore.Antiforg...
2025-07-14 22:13:23.292 18564-18564 GOServicesManager       app.forku                            D  Successfully fetched and saved CSRF token and cookie
2025-07-14 22:13:23.292 18564-18564 GOSecurityProvider      app.forku                            D  [AUDIT] CSRF Token: CfDJ8Fg4pSr8DoxBgBaSElZSS10_Yz2khWoInfVF-4v31-aNqta92oO93Vl046rLnyYbbeJnw0VqTWV_2NqFueY7ZgZTOMBJV-YdL6WuiSLx3O0Kw_9NqgIM5YTvBZcuvaEx0FCPFT0SfU2LZSEw43RXioE, Antiforgery Cookie: .AspNetCore.Antiforgery._bj8tIMu5EI=CfDJ8Fg4pSr8DoxBgBaSElZSS11-Y8gO-epSI545_lg7huXrrXW9OCxKq5JhvAq0WN3_F7yFHDSzWwwOptfeWXgYUhdb_WG0KOn9lJez-EA8-fo44BcGZVILh_hMYC2iDpWjKdz2pZKhsP99cKkxvPoQtHk
2025-07-14 22:13:23.299 18564-18564 GOSecurityProvider      app.forku                            D  Got authentication credentials:
                                                                                                    - CSRF Token: CfDJ8Fg4pS...
                                                                                                    - Cookie: .AspNetCore.Antiforg...
2025-07-14 22:13:23.311 18564-18564 GOSecurityProvider      app.forku                            D  Sending authentication request with form data:
                                                                                                    - Username: NoBusinessUser
                                                                                                    - Password: 1234567890
                                                                                                    - UseCookies: true
                                                                                                    - CSRF Token: CfDJ8Fg4pS...
                                                                                                    - Cookie: .AspNetCore.Antiforg...
2025-07-14 22:13:23.328 18564-18564 InsetsSourceConsumer    app.forku                            D  ensureControlAlpha: for ITYPE_NAVIGATION_BAR on app.forku/app.forku.MainActivity
2025-07-14 22:13:23.329 18564-18564 IInputConnectionWrapper app.forku                            W  requestCursorAnchorInfo on inactive InputConnection
2025-07-14 22:13:23.333 18564-18812 okhttp.OkHttpClient     app.forku                            I  --> POST https://godev.collectiveintelligence.com.au/forkuapp-de6b98b5-4402-4a8f-891b-70b3591df162/api/gosecurityprovider/authenticate (638-byte body)
2025-07-14 22:13:23.489 18564-18564 IMM_LC                  app.forku                            I  notifyImeHidden
2025-07-14 22:13:23.735 18564-18812 okhttp.OkHttpClient     app.forku                            I  <-- 200 https://godev.collectiveintelligence.com.au/forkuapp-de6b98b5-4402-4a8f-891b-70b3591df162/api/gosecurityprovider/authenticate (401ms, unknown-length body)
2025-07-14 22:13:24.100 18564-18564 GOSecurityProvider      app.forku                            D  [AUDIT] HTTP Response: code=200, isSuccessful=true
2025-07-14 22:13:24.101 18564-18564 GOSecurityProvider      app.forku                            D  [AUDIT] HTTP Headers: content-type: application/json; charset=utf-8
                                                                                                    server: Microsoft-IIS/10.0
                                                                                                    strict-transport-security: max-age=2592000
                                                                                                    set-cookie: ██
                                                                                                    set-cookie: ██
                                                                                                    set-cookie: ██
                                                                                                    set-cookie: ██
                                                                                                    x-powered-by: ASP.NET
                                                                                                    date: Tue, 15 Jul 2025 03:13:21 GMT
2025-07-14 22:13:24.101 18564-18564 GOSecurityProvider      app.forku                            D  Authentication successful
2025-07-14 22:13:24.101 18564-18564 GOSecurityProvider      app.forku                            D  [AUDIT] Authentication response body: AuthenticationResponse(type=GOSecurityTokensContainer, internalObjectId=1, primaryKey=PrimaryKey(type=IdentifyingFieldsCollection`2, id1=eyJhbGciOiJIUzI1NiIsInR5cCI6IkpXVCJ9.eyJVc2VySWQiOiJkMTM5MzEyZC0zZDgyLTRhNDctOGYxZi1iOWUxZmMzODBkMjciLCJ1bmlxdWVfbmFtZSI6Ik5vQnVzaW5lc3NVc2VyIiwiZmFtaWx5X25hbWUiOiJOb1NpdGVVc2VyQXNXZWxsIiwiSXMyRkFFbmFibGVkIjoiZmFsc2UiLCJyb2xlIjoiQWRtaW5pc3RyYXRvcixVc2VyIiwibmJmIjoxNzUyNTQ5MjAxLCJleHAiOjE3NTI1NTEwMDEsImlhdCI6MTc1MjU0OTIwMSwiaXNzIjoic2VsZiJ9.DdLOokqznjWLmQy4c0QNnl63k8En9bqtctqCjeZA0lQ, id2=eyJhbGciOiJIUzI1NiIsInR5cCI6IkpXVCJ9.eyJVc2VySWQiOiJkMTM5MzEyZC0zZDgyLTRhNDctOGYxZi1iOWUxZmMzODBkMjciLCJuYmYiOjE3NTI1NDkyMDEsImV4cCI6MTc1MjU1MTAwMSwiaWF0IjoxNzUyNTQ5MjAxLCJpc3MiOiJzZWxmIn0.5cnEvurFx9K8LnzP4foVMc6o1Su5Ll1ovPvBAllvxBQ), objectsDataSet=ObjectsDataSet(type=ObjectsDataSet, gOSecurityTokensObjectsDataSet=GOSecurityTokensObjectsDataSet(type=GOSecurityTokensObjectsDataSet, gOSecurityTokensObjects=GOSecurityTokensObjects(type=ConcurrentDictionary`2, token=GOSecurityTokensDataObject(type=GOSecurityTokensDataObject, applicationToken=eyJhbGciOiJIUzI1NiIsInR5cCI6IkpXVCJ9.eyJVc2VySWQiOiJkMTM5MzEyZC0zZDgyLTRhNDctOGYxZi1iOWUxZmMzODBkMjciLCJ1bmlxdWVfbmFtZSI6Ik5vQnVzaW5lc3NVc2VyIiwiZmFtaWx5X25hbWUiOiJOb1NpdGVVc2VyQXNXZWxsIiwiSXMyRkFFbmFibGVkIjoiZmFsc2UiLCJyb2xlIjoiQWRtaW5pc3RyYXRvcixVc2VyIiwibmJmIjoxNzUyNTQ5MjAxLCJleHAiOjE3NTI1NTEwMDEsImlhdCI6MTc1MjU0OTIwMSwiaXNzIjoic2VsZiJ9.DdLOokqznjWLmQy4c0QNnl63k8En9bqtctqCjeZA0lQ, authenticationToken=eyJhbGciOiJIUzI1NiIsInR5cCI6IkpXVCJ9.eyJVc2VySWQiOiJkMTM5MzEyZC0zZDgyLTRhNDctOGYxZi1iOWUxZmMzODBkMjciLCJuYmYiOjE3NTI1NDkyMDEsImV4cCI6MTc1MjU1MTAwMSwiaWF0IjoxNzUyNTQ5MjAxLCJpc3MiOiJzZWxmIn0.5cnEvurFx9K8LnzP4foVMc6o1Su5Ll1ovPvBAllvxBQ, isMarkedForDeletion=false, isDirty=true, isNew=true, internalObjectId=1)))))
2025-07-14 22:13:24.102 18564-18564 GOSecurityProvider      app.forku                            D  Processing authentication response...
2025-07-14 22:13:24.102 18564-18564 GOSecurityProvider      app.forku                            D  [AUDIT] Tokens from response: applicationToken=eyJhbGciOiJIUzI1NiIs, authenticationToken=eyJhbGciOiJIUzI1NiIs
2025-07-14 22:13:24.108 18564-18564 AuthDataStore           app.forku                            D  Saved application token: eyJhbGciOi...
2025-07-14 22:13:24.114 18564-18564 AuthDataStore           app.forku                            D  Saved authentication token: eyJhbGciOi...
2025-07-14 22:13:24.114 18564-18564 GOSecurityProvider      app.forku                            D  Tokens saved successfully
2025-07-14 22:13:24.114 18564-18564 AuthDataStore           app.forku                            D  Getting cached application token: eyJhbGciOi
2025-07-14 22:13:24.114 18564-18564 AuthDataStore           app.forku                            D  [LOCK] getTokenExpirationDate() - token: eyJhbGciOiJIUzI1NiIsInR5cCI6Ik...
2025-07-14 22:13:24.114 18564-18564 AuthDataStore           app.forku                            D  [LOCK] JWT payload: {"UserId":"d139312d-3d82-4a47-8f1f-b9e1fc380d27","unique_name":"NoBusinessUser","family_name":"NoSiteUserAsWell","Is2FAEnabled":"false","role":"Administrator,User","nbf":1752549201,"exp":1752551001,"iat":1752549201,"iss":"self"}, exp: 1752551001
2025-07-14 22:13:24.115 18564-18564 AuthDataStore           app.forku                            D  JWT token expires at: Mon Jul 14 22:43:21 GMT-05:00 2025
2025-07-14 22:13:24.116 18564-18564 appflow                 app.forku                            D  TokenParser parseJwtToken:  {"UserId":"d139312d-3d82-4a47-8f1f-b9e1fc380d27","unique_name":"NoBusinessUser","family_name":"NoSiteUserAsWell","Is2FAEnabled":"false","role":"Administrator,User","nbf":1752549201,"exp":1752551001,"iat":1752549201,"iss":"self"}
2025-07-14 22:13:24.116 18564-18564 appflow                 app.forku                            D  TokenParser parseJwtToken role:  Administrator,User
2025-07-14 22:13:24.117 18564-18564 appflow                 app.forku                            D  TokenParser multiple roles found: [Administrator, User]
2025-07-14 22:13:24.117 18564-18564 UserRoleManager         app.forku                            D  --- Determining highest priority role from JWT roles: [Administrator, User] ---
2025-07-14 22:13:24.117 18564-18564 UserRoleManager         app.forku                            D  === Converting role string ===
2025-07-14 22:13:24.117 18564-18564 UserRoleManager         app.forku                            D  Input roleString: 'Administrator'
2025-07-14 22:13:24.117 18564-18564 UserRoleManager         app.forku                            D  Default role: operator
2025-07-14 22:13:24.117 18564-18564 UserRoleManager         app.forku                            D  Normalized role string: 'administrator'
2025-07-14 22:13:24.117 18564-18564 UserRoleManager         app.forku                            D  Final conversion result: administrator
2025-07-14 22:13:24.117 18564-18564 UserRoleManager         app.forku                            D  ✅ Highest priority JWT role found: Administrator -> administrator
2025-07-14 22:13:24.117 18564-18564 appflow                 app.forku                            D  TokenParser effective role: administrator
2025-07-14 22:13:24.118 18564-18564 GOSecurityProvider      app.forku                            D  User parsed from token: NoBusinessUser, role: administrator
2025-07-14 22:13:24.118 18564-18564 AuthDataStore           app.forku                            D  [setCurrentUser] User recibido: id=d139312d-3d82-4a47-8f1f-b9e1fc380d27, businessId=null
2025-07-14 22:13:24.118 18564-18564 AuthDataStore           app.forku                            D  [setCurrentUser] BusinessId final a guardar: null
2025-07-14 22:13:24.173 18564-18564 AuthDataStore           app.forku                            D  Tokens stored in secure preferences: eyJhbGciOi...
2025-07-14 22:13:24.173 18564-18564 AuthDataStore           app.forku                            D  User data stored successfully
2025-07-14 22:13:24.173 18564-18564 LoginViewModel          app.forku                            D  [LOGIN] loginUseCase result: Success(User(id=d139312d-3d82-4a47-8f1f-b9e1fc380d27, token=eyJhbGciOiJIUzI1NiIsInR5cCI6IkpXVCJ9.eyJVc2VySWQiOiJkMTM5MzEyZC0zZDgyLTRhNDctOGYxZi1iOWUxZmMzODBkMjciLCJ1bmlxdWVfbmFtZSI6Ik5vQnVzaW5lc3NVc2VyIiwiZmFtaWx5X25hbWUiOiJOb1NpdGVVc2VyQXNXZWxsIiwiSXMyRkFFbmFibGVkIjoiZmFsc2UiLCJyb2xlIjoiQWRtaW5pc3RyYXRvcixVc2VyIiwibmJmIjoxNzUyNTQ5MjAxLCJleHAiOjE3NTI1NTEwMDEsImlhdCI6MTc1MjU0OTIwMSwiaXNzIjoic2VsZiJ9.DdLOokqznjWLmQy4c0QNnl63k8En9bqtctqCjeZA0lQ, refreshToken=eyJhbGciOiJIUzI1NiIsInR5cCI6IkpXVCJ9.eyJVc2VySWQiOiJkMTM5MzEyZC0zZDgyLTRhNDctOGYxZi1iOWUxZmMzODBkMjciLCJuYmYiOjE3NTI1NDkyMDEsImV4cCI6MTc1MjU1MTAwMSwiaWF0IjoxNzUyNTQ5MjAxLCJpc3MiOiJzZWxmIn0.5cnEvurFx9K8LnzP4foVMc6o1Su5Ll1ovPvBAllvxBQ, email=NoBusinessUser, username=NoBusinessUser, firstName=NoBusinessUser, lastName=NoSiteUserAsWell, photoUrl=null, role=administrator, certifications=[], points=0, totalHours=0.0, totalDistance=0, sessionsCompleted=0, incidentsReported=0, lastMedicalCheck=null, lastLogin=1752549204118, isActive=true, isApproved=true, password=1234567890, businessId=null, siteId=null, systemOwnerId=null, userPreferencesId=null))
2025-07-14 22:13:24.173 18564-18564 LoginViewModel          app.forku                            D  [LOGIN] Login success, user: User(id=d139312d-3d82-4a47-8f1f-b9e1fc380d27, token=eyJhbGciOiJIUzI1NiIsInR5cCI6IkpXVCJ9.eyJVc2VySWQiOiJkMTM5MzEyZC0zZDgyLTRhNDctOGYxZi1iOWUxZmMzODBkMjciLCJ1bmlxdWVfbmFtZSI6Ik5vQnVzaW5lc3NVc2VyIiwiZmFtaWx5X25hbWUiOiJOb1NpdGVVc2VyQXNXZWxsIiwiSXMyRkFFbmFibGVkIjoiZmFsc2UiLCJyb2xlIjoiQWRtaW5pc3RyYXRvcixVc2VyIiwibmJmIjoxNzUyNTQ5MjAxLCJleHAiOjE3NTI1NTEwMDEsImlhdCI6MTc1MjU0OTIwMSwiaXNzIjoic2VsZiJ9.DdLOokqznjWLmQy4c0QNnl63k8En9bqtctqCjeZA0lQ, refreshToken=eyJhbGciOiJIUzI1NiIsInR5cCI6IkpXVCJ9.eyJVc2VySWQiOiJkMTM5MzEyZC0zZDgyLTRhNDctOGYxZi1iOWUxZmMzODBkMjciLCJuYmYiOjE3NTI1NDkyMDEsImV4cCI6MTc1MjU1MTAwMSwiaWF0IjoxNzUyNTQ5MjAxLCJpc3MiOiJzZWxmIn0.5cnEvurFx9K8LnzP4foVMc6o1Su5Ll1ovPvBAllvxBQ, email=NoBusinessUser, username=NoBusinessUser, firstName=NoBusinessUser, lastName=NoSiteUserAsWell, photoUrl=null, role=administrator, certifications=[], points=0, totalHours=0.0, totalDistance=0, sessionsCompleted=0, incidentsReported=0, lastMedicalCheck=null, lastLogin=1752549204118, isActive=true, isApproved=true, password=1234567890, businessId=null, siteId=null, systemOwnerId=null, userPreferencesId=null)
2025-07-14 22:13:24.173 18564-18564 LoginViewModel          app.forku                            D  [LOGIN] Guardando usuario y tokens en AuthDataStore...
2025-07-14 22:13:24.173 18564-18564 LoginViewModel          app.forku                            D  authDataStore instance: app.forku.data.datastore.AuthDataStore@456b513
2025-07-14 22:13:24.173 18564-18564 AuthDataStore           app.forku                            D  Getting cached application token: eyJhbGciOi
2025-07-14 22:13:24.174 18564-18564 AuthDataStore           app.forku                            D  Getting cached application token: eyJhbGciOi
2025-07-14 22:13:24.174 18564-18564 AuthDataStore           app.forku                            D  [LOCK] getTokenExpirationDate() - token: eyJhbGciOiJIUzI1NiIsInR5cCI6Ik...
2025-07-14 22:13:24.174 18564-18564 AuthDataStore           app.forku                            D  [LOCK] JWT payload: {"UserId":"d139312d-3d82-4a47-8f1f-b9e1fc380d27","unique_name":"NoBusinessUser","family_name":"NoSiteUserAsWell","Is2FAEnabled":"false","role":"Administrator,User","nbf":1752549201,"exp":1752551001,"iat":1752549201,"iss":"self"}, exp: 1752551001
2025-07-14 22:13:24.174 18564-18564 LoginViewModel          app.forku                            D  [DEBUG] Token from cache after login: eyJhbGciOiJIUzI1NiIsInR5cCI6IkpXVCJ9.eyJVc2VySWQiOiJkMTM5MzEyZC0zZDgyLTRhNDctOGYxZi1iOWUxZmMzODBkMjciLCJ1bmlxdWVfbmFtZSI6Ik5vQnVzaW5lc3NVc2VyIiwiZmFtaWx5X25hbWUiOiJOb1NpdGVVc2VyQXNXZWxsIiwiSXMyRkFFbmFibGVkIjoiZmFsc2UiLCJyb2xlIjoiQWRtaW5pc3RyYXRvcixVc2VyIiwibmJmIjoxNzUyNTQ5MjAxLCJleHAiOjE3NTI1NTEwMDEsImlhdCI6MTc1MjU0OTIwMSwiaXNzIjoic2VsZiJ9.DdLOokqznjWLmQy4c0QNnl63k8En9bqtctqCjeZA0lQ
2025-07-14 22:13:24.174 18564-18564 LoginViewModel          app.forku                            D  [DEBUG] Token expiration from cache after login: Mon Jul 14 22:43:21 GMT-05:00 2025
2025-07-14 22:13:24.174 18564-18564 AuthDataStore           app.forku                            D  Initializing application token...
2025-07-14 22:13:24.194 18564-18564 AuthDataStore           app.forku                            D  Application token initialized: eyJhbGciOi
2025-07-14 22:13:24.194 18564-18564 AuthDataStore           app.forku                            D  Authentication token initialized: eyJhbGciOi
2025-07-14 22:13:24.194 18564-18564 AuthDataStore           app.forku                            D  CSRF token initialized: CfDJ8Fg4pS
2025-07-14 22:13:24.194 18564-18564 AuthDataStore           app.forku                            D  Antiforgery cookie initialized: .AspNetCore.Antiforg
2025-07-14 22:13:24.194 18564-18564 AuthDataStore           app.forku                            D  Getting cached application token: eyJhbGciOi
2025-07-14 22:13:24.194 18564-18564 AuthDataStore           app.forku                            D  Getting cached application token: eyJhbGciOi
2025-07-14 22:13:24.194 18564-18564 AuthDataStore           app.forku                            D  [LOCK] getTokenExpirationDate() - token: eyJhbGciOiJIUzI1NiIsInR5cCI6Ik...
2025-07-14 22:13:24.194 18564-18564 AuthDataStore           app.forku                            D  [LOCK] JWT payload: {"UserId":"d139312d-3d82-4a47-8f1f-b9e1fc380d27","unique_name":"NoBusinessUser","family_name":"NoSiteUserAsWell","Is2FAEnabled":"false","role":"Administrator,User","nbf":1752549201,"exp":1752551001,"iat":1752549201,"iss":"self"}, exp: 1752551001
2025-07-14 22:13:24.194 18564-18564 LoginViewModel          app.forku                            D  [DEBUG] Token after initializeApplicationToken: eyJhbGciOiJIUzI1NiIsInR5cCI6IkpXVCJ9.eyJVc2VySWQiOiJkMTM5MzEyZC0zZDgyLTRhNDctOGYxZi1iOWUxZmMzODBkMjciLCJ1bmlxdWVfbmFtZSI6Ik5vQnVzaW5lc3NVc2VyIiwiZmFtaWx5X25hbWUiOiJOb1NpdGVVc2VyQXNXZWxsIiwiSXMyRkFFbmFibGVkIjoiZmFsc2UiLCJyb2xlIjoiQWRtaW5pc3RyYXRvcixVc2VyIiwibmJmIjoxNzUyNTQ5MjAxLCJleHAiOjE3NTI1NTEwMDEsImlhdCI6MTc1MjU0OTIwMSwiaXNzIjoic2VsZiJ9.DdLOokqznjWLmQy4c0QNnl63k8En9bqtctqCjeZA0lQ
2025-07-14 22:13:24.195 18564-18564 LoginViewModel          app.forku                            D  [DEBUG] Token expiration after initializeApplicationToken: Mon Jul 14 22:43:21 GMT-05:00 2025
2025-07-14 22:13:24.195 18564-18564 LoginViewModel          app.forku                            D  [LOGIN] Usuario y tokens guardados. Cargando contexto de negocio y preferencias...
2025-07-14 22:13:24.195 18564-18564 LoginViewModel          app.forku                            D  [CONTEXT] Loading business context after login...
2025-07-14 22:13:24.195 18564-18564 BusinessContextManager  app.forku                            D  🔍 loadBusinessContext called - fetching user preferences
2025-07-14 22:13:24.195 18564-18564 BusinessContextManager  app.forku                            D  🔍 About to call userPreferencesRepository.getCurrentUserPreferences()
2025-07-14 22:13:24.196 18564-18801 UserPreferencesRepo     app.forku                            D  🔍 getCurrentUserPreferences called - starting user preferences loading
2025-07-14 22:13:24.197 18564-18801 UserPreferencesRepo     app.forku                            D  🔍 About to call getCurrentUserWithPreferences...
2025-07-14 22:13:24.204 18564-18801 appflow UserRepository  app.forku                            D  Getting current user from API to check UserPreferencesId: d139312d-3d82-4a47-8f1f-b9e1fc380d27
2025-07-14 22:13:24.204 18564-18801 GOServicesManager       app.forku                            D  Getting CSRF token... forceRefresh=false
2025-07-14 22:13:24.204 18564-18801 GOServicesManager       app.forku                            D  Using cached CSRF token and cookie
2025-07-14 22:13:24.234 18564-18805 appflow AuthInterceptor app.forku                            D  Starting request interception:
                                                                                                    - URL: https://godev.collectiveintelligence.com.au/forkuapp-de6b98b5-4402-4a8f-891b-70b3591df162/api/gouser/byid/d139312d-3d82-4a47-8f1f-b9e1fc380d27?include=UserRoleItems%2CUserBusinesses%2CUserSiteItems
                                                                                                    - Method: GET
2025-07-14 22:13:24.235 18564-18805 AuthDataStore           app.forku                            D  Getting cached application token: eyJhbGciOi
2025-07-14 22:13:24.235 18564-18805 GOServicesManager       app.forku                            D  Getting CSRF token... forceRefresh=false
2025-07-14 22:13:24.235 18564-18805 GOServicesManager       app.forku                            D  Using cached CSRF token and cookie
2025-07-14 22:13:24.237 18564-18805 appflow AuthInterceptor app.forku                            D  🔍 Added ApplicationToken and BearerToken to cookie
2025-07-14 22:13:24.237 18564-18805 appflow AuthInterceptor app.forku                            D  🔍 Added cleaned Antiforgery cookie: .AspNetCore.Antiforgery._bj8tIMu5EI=CfDJ8Fg4pSr8Do...
2025-07-14 22:13:24.237 18564-18805 appflow AuthInterceptor app.forku                            D  🔍 Final cookie string length: 994
2025-07-14 22:13:24.242 18564-18805 okhttp.OkHttpClient     app.forku                            I  --> GET https://godev.collectiveintelligence.com.au/forkuapp-de6b98b5-4402-4a8f-891b-70b3591df162/api/gouser/byid/d139312d-3d82-4a47-8f1f-b9e1fc380d27?include=UserRoleItems%2CUserBusinesses%2CUserSiteItems
2025-07-14 22:13:24.590 18564-18805 okhttp.OkHttpClient     app.forku                            I  <-- 200 https://godev.collectiveintelligence.com.au/forkuapp-de6b98b5-4402-4a8f-891b-70b3591df162/api/gouser/byid/d139312d-3d82-4a47-8f1f-b9e1fc380d27?include=UserRoleItems%2CUserBusinesses%2CUserSiteItems (346ms, unknown-length body)
2025-07-14 22:13:24.593 18564-18805 UserDto                 app.forku                            D  Initializing UserDto with picture: null
2025-07-14 22:13:24.839 18564-18801 appflow UserRepository  app.forku                            D  User preferences status:
2025-07-14 22:13:24.839 18564-18801 appflow UserRepository  app.forku                            D    Has UserPreferencesId: true
2025-07-14 22:13:24.840 18564-18801 appflow UserRepository  app.forku                            D    UserPreferencesId: 0f8280cf-a51d-4890-8eae-5bb442593375
2025-07-14 22:13:24.840 18564-18801 appflow UserRepository  app.forku                            D  Fetching UserPreferences by ID: 0f8280cf-a51d-4890-8eae-5bb442593375
2025-07-14 22:13:24.840 18564-18801 GOServicesManager       app.forku                            D  Getting CSRF token... forceRefresh=false
2025-07-14 22:13:24.840 18564-18801 GOServicesManager       app.forku                            D  Using cached CSRF token and cookie
2025-07-14 22:13:24.871 18564-18805 appflow AuthInterceptor app.forku                            D  Starting request interception:
                                                                                                    - URL: https://godev.collectiveintelligence.com.au/forkuapp-de6b98b5-4402-4a8f-891b-70b3591df162/api/userpreferences/byid/0f8280cf-a51d-4890-8eae-5bb442593375
                                                                                                    - Method: GET
2025-07-14 22:13:24.871 18564-18805 AuthDataStore           app.forku                            D  Getting cached application token: eyJhbGciOi
2025-07-14 22:13:24.871 18564-18805 GOServicesManager       app.forku                            D  Getting CSRF token... forceRefresh=false
2025-07-14 22:13:24.871 18564-18805 GOServicesManager       app.forku                            D  Using cached CSRF token and cookie
2025-07-14 22:13:24.873 18564-18805 appflow AuthInterceptor app.forku                            D  🔍 Added ApplicationToken and BearerToken to cookie
2025-07-14 22:13:24.873 18564-18805 appflow AuthInterceptor app.forku                            D  🔍 Added cleaned Antiforgery cookie: .AspNetCore.Antiforgery._bj8tIMu5EI=CfDJ8Fg4pSr8Do...
2025-07-14 22:13:24.874 18564-18805 appflow AuthInterceptor app.forku                            D  🔍 Final cookie string length: 994
2025-07-14 22:13:24.879 18564-18805 okhttp.OkHttpClient     app.forku                            I  --> GET https://godev.collectiveintelligence.com.au/forkuapp-de6b98b5-4402-4a8f-891b-70b3591df162/api/userpreferences/byid/0f8280cf-a51d-4890-8eae-5bb442593375
2025-07-14 22:13:25.174 18564-18805 okhttp.OkHttpClient     app.forku                            I  <-- 200 https://godev.collectiveintelligence.com.au/forkuapp-de6b98b5-4402-4a8f-891b-70b3591df162/api/userpreferences/byid/0f8280cf-a51d-4890-8eae-5bb442593375 (293ms, unknown-length body)
2025-07-14 22:13:25.183 18564-18801 appflow UserRepository  app.forku                            D  Successfully fetched UserPreferences:
2025-07-14 22:13:25.184 18564-18801 appflow UserRepository  app.forku                            D    Business ID: dcd930f6-6d66-4990-8837-a6c1e96a8256
2025-07-14 22:13:25.184 18564-18801 appflow UserRepository  app.forku                            D    Site ID: 7ecd101b-1f23-442d-bcd6-75be6c5a3e8f
2025-07-14 22:13:25.184 18564-18801 appflow UserRepository  app.forku                            D    Last Selected Business: dcd930f6-6d66-4990-8837-a6c1e96a8256
2025-07-14 22:13:25.184 18564-18801 appflow UserRepository  app.forku                            D    Last Selected Site: 7ecd101b-1f23-442d-bcd6-75be6c5a3e8f
2025-07-14 22:13:25.184 18564-18801 appflow UserRepository  app.forku                            D    Effective context: businessId=dcd930f6-6d66-4990-8837-a6c1e96a8256, siteId=7ecd101b-1f23-442d-bcd6-75be6c5a3e8f
2025-07-14 22:13:25.184 18564-18801 UserMapper              app.forku                            D  === Mapping UserDto to User ===
2025-07-14 22:13:25.184 18564-18801 UserMapper              app.forku                            D  User ID: d139312d-3d82-4a47-8f1f-b9e1fc380d27
2025-07-14 22:13:25.184 18564-18801 UserMapper              app.forku                            D  User fullName: NoBusinessUser NoSiteUserAsWell
2025-07-14 22:13:25.184 18564-18801 UserMapper              app.forku                            D  User username: NoBusinessUser
2025-07-14 22:13:25.184 18564-18801 UserMapper              app.forku                            D  UserRoleItems count: 2
2025-07-14 22:13:25.184 18564-18801 UserMapper              app.forku                            D  Raw userRoleItems data: [GOUserRoleDto(GOUserId=d139312d-3d82-4a47-8f1f-b9e1fc380d27, gORoleName=Administrator, isActive=false, isMarkedForDeletion=false, isDirty=true, internalObjectId=null), GOUserRoleDto(GOUserId=d139312d-3d82-4a47-8f1f-b9e1fc380d27, gORoleName=User, isActive=false, isMarkedForDeletion=false, isDirty=true, internalObjectId=null)]
2025-07-14 22:13:25.184 18564-18801 UserMapper              app.forku                            D  Role 0: userId=d139312d-3d82-4a47-8f1f-b9e1fc380d27, roleName=Administrator, isActive=false
2025-07-14 22:13:25.184 18564-18801 UserMapper              app.forku                            D  Role 1: userId=d139312d-3d82-4a47-8f1f-b9e1fc380d27, roleName=User, isActive=false
2025-07-14 22:13:25.184 18564-18801 UserMapper              app.forku                            D  Using UserRoleManager.getEffectiveRole for proper priority handling
2025-07-14 22:13:25.185 18564-18801 UserRoleManager         app.forku                            D  === Determining Effective Role ===
2025-07-14 22:13:25.185 18564-18801 UserRoleManager         app.forku                            D  User: null (null)
2025-07-14 22:13:25.185 18564-18801 UserRoleManager         app.forku                            D  User general role: null
2025-07-14 22:13:25.185 18564-18801 UserRoleManager         app.forku                            D  UserRoleItems count: 2
2025-07-14 22:13:25.185 18564-18801 UserRoleManager         app.forku                            D  Business role: null
2025-07-14 22:13:25.185 18564-18801 UserRoleManager         app.forku                            D  Business context: null
2025-07-14 22:13:25.185 18564-18801 UserRoleManager         app.forku                            D  --- Analyzing UserRoleItems with Priority Logic ---
2025-07-14 22:13:25.185 18564-18801 UserRoleManager         app.forku                            D  Role 0: Administrator, active: false
2025-07-14 22:13:25.185 18564-18801 UserRoleManager         app.forku                            D  Role 1: User, active: false
2025-07-14 22:13:25.185 18564-18801 UserRoleManager         app.forku                            D  === Converting role string ===
2025-07-14 22:13:25.185 18564-18801 UserRoleManager         app.forku                            D  Input roleString: 'Administrator'
2025-07-14 22:13:25.185 18564-18801 UserRoleManager         app.forku                            D  Default role: operator
2025-07-14 22:13:25.186 18564-18801 UserRoleManager         app.forku                            D  Normalized role string: 'administrator'
2025-07-14 22:13:25.186 18564-18801 UserRoleManager         app.forku                            D  Final conversion result: administrator
2025-07-14 22:13:25.186 18564-18801 UserRoleManager         app.forku                            D  Found priority role (may be inactive): Administrator -> administrator
2025-07-14 22:13:25.186 18564-18801 UserRoleManager         app.forku                            D  ✅ Using UserRoleItems role: administrator
2025-07-14 22:13:25.186 18564-18801 UserMapper              app.forku                            D  Final mapped role for user d139312d-3d82-4a47-8f1f-b9e1fc380d27: admin
2025-07-14 22:13:25.186 18564-18801 UserMapper              app.forku                            D  UserBusinesses: [UserBusinessDto(businessId=dcd930f6-6d66-4990-8837-a6c1e96a8256, siteId=null, goUserId=d139312d-3d82-4a47-8f1f-b9e1fc380d27, isDirty=true)]
2025-07-14 22:13:25.186 18564-18801 UserMapper              app.forku                            D  Resolved businessId: dcd930f6-6d66-4990-8837-a6c1e96a8256
2025-07-14 22:13:25.186 18564-18801 UserMapper              app.forku                            D  Processing user photo: id=d139312d-3d82-4a47-8f1f-b9e1fc380d27, picture=, pictureInternalName=null
2025-07-14 22:13:25.186 18564-18801 UserMapper              app.forku                            D  No picture field or it's blank, setting photoUrl to null
2025-07-14 22:13:25.186 18564-18801 UserMapper              app.forku                            D  Final user mapping: id=d139312d-3d82-4a47-8f1f-b9e1fc380d27, photoUrl=null, role=administrator
2025-07-14 22:13:25.187 18564-18801 UserPreferencesRepo     app.forku                            D  🔍 getCurrentUserWithPreferences completed:
2025-07-14 22:13:25.187 18564-18801 UserPreferencesRepo     app.forku                            D    - User found: true
2025-07-14 22:13:25.187 18564-18801 UserPreferencesRepo     app.forku                            D    - User ID: d139312d-3d82-4a47-8f1f-b9e1fc380d27
2025-07-14 22:13:25.187 18564-18801 UserPreferencesRepo     app.forku                            D    - User name: NoBusinessUser
2025-07-14 22:13:25.187 18564-18801 UserPreferencesRepo     app.forku                            D    - Preferences found: true
2025-07-14 22:13:25.187 18564-18801 UserPreferencesRepo     app.forku                            D  ✅ Successfully loaded preferences for user d139312d-3d82-4a47-8f1f-b9e1fc380d27
2025-07-14 22:13:25.187 18564-18801 UserPreferencesRepo     app.forku                            D    Business ID: dcd930f6-6d66-4990-8837-a6c1e96a8256
2025-07-14 22:13:25.187 18564-18801 UserPreferencesRepo     app.forku                            D    Site ID: 7ecd101b-1f23-442d-bcd6-75be6c5a3e8f
2025-07-14 22:13:25.187 18564-18801 UserPreferencesRepo     app.forku                            D    Last Selected Business: dcd930f6-6d66-4990-8837-a6c1e96a8256
2025-07-14 22:13:25.187 18564-18801 UserPreferencesRepo     app.forku                            D    Last Selected Site: 7ecd101b-1f23-442d-bcd6-75be6c5a3e8f
2025-07-14 22:13:25.187 18564-18801 UserPreferencesRepo     app.forku                            D    Effective context: businessId=dcd930f6-6d66-4990-8837-a6c1e96a8256, siteId=7ecd101b-1f23-442d-bcd6-75be6c5a3e8f
2025-07-14 22:13:25.199 18564-18564 BusinessContextManager  app.forku                            D  🔍 getCurrentUserPreferences() returned: true
2025-07-14 22:13:25.199 18564-18564 BusinessContextManager  app.forku                            D  🔍 User preferences loading result:
2025-07-14 22:13:25.199 18564-18564 BusinessContextManager  app.forku                            D    - Preferences found: true
2025-07-14 22:13:25.199 18564-18564 BusinessContextManager  app.forku                            D    - Business ID: dcd930f6-6d66-4990-8837-a6c1e96a8256
2025-07-14 22:13:25.199 18564-18564 BusinessContextManager  app.forku                            D    - Site ID: 7ecd101b-1f23-442d-bcd6-75be6c5a3e8f
2025-07-14 22:13:25.199 18564-18564 BusinessContextManager  app.forku                            D    - Last Selected Business: dcd930f6-6d66-4990-8837-a6c1e96a8256
2025-07-14 22:13:25.199 18564-18564 BusinessContextManager  app.forku                            D    - Last Selected Site: 7ecd101b-1f23-442d-bcd6-75be6c5a3e8f
2025-07-14 22:13:25.199 18564-18564 BusinessContextManager  app.forku                            D  🔍 Effective context from preferences:
2025-07-14 22:13:25.199 18564-18564 BusinessContextManager  app.forku                            D    - Effective Business ID: dcd930f6-6d66-4990-8837-a6c1e96a8256
2025-07-14 22:13:25.199 18564-18564 BusinessContextManager  app.forku                            D    - Effective Site ID: 7ecd101b-1f23-442d-bcd6-75be6c5a3e8f
2025-07-14 22:13:25.200 18564-18564 BusinessContextManager  app.forku                            D  ✅ Valid business context found from preferences
