2025-07-19 17:09:17.338 28814-28940 AuthDataStore           app.forku                            D  Getting cached application token: eyJhbGciOi
2025-07-19 17:09:17.338 28814-28940 AuthDataStore           app.forku                            D  [LOCK] getTokenExpirationDate() - token: eyJhbGciOiJIUzI1NiIsInR5cCI6Ik...
2025-07-19 17:09:17.339 28814-28940 AuthDataStore           app.forku                            D  [LOCK] JWT payload: {"UserId":"d139312d-3d82-4a47-8f1f-b9e1fc380d27","unique_name":"NoBusinessUser","family_name":"NoSiteUserAsWell","Is2FAEnabled":"false","role":"Administrator,User","nbf":1752960798,"exp":1753565598,"iat":1752960798,"iss":"self"}, exp: 1753565598
2025-07-19 17:09:17.507 28814-28814 SiteRepo                app.forku                            D  Found 3 total sites for business
2025-07-19 17:09:17.507 28814-28814 SiteRepo                app.forku                            D  =====================================
2025-07-19 17:09:17.508 28814-28814 VehicleListViewModel    app.forku                            D  ✅ Admin mode: Loaded 3 sites for filtering
2025-07-19 17:09:17.557 28814-30317 okhttp.OkHttpClient     app.forku                            I  <-- 200 https://godev.collectiveintelligence.com.au/forkuapp-de6b98b5-4402-4a8f-891b-70b3591df162/api/gouser/byid/7c48494b-298a-4a7c-8dec-f9492f236b84?include=UserRoleItems%2CUserBusinesses%2CUserSiteItems (340ms, unknown-length body)
2025-07-19 17:09:17.559 28814-30317 UserDto                 app.forku                            D  Initializing UserDto with picture: null
2025-07-19 17:09:17.810 28814-28940 UserRepository          app.forku                            D  API response code: 200
2025-07-19 17:09:17.810 28814-28940 UserRepository          app.forku                            D  Received user DTO: id=7c48494b-298a-4a7c-8dec-f9492f236b84, userRoleItems count: 1, userBusinesses count: 1, userSiteItems count: 1
2025-07-19 17:09:17.810 28814-28940 UserMapper              app.forku                            D  === Mapping UserDto to User ===
2025-07-19 17:09:17.810 28814-28940 UserMapper              app.forku                            D  User ID: 7c48494b-298a-4a7c-8dec-f9492f236b84
2025-07-19 17:09:17.810 28814-28940 UserMapper              app.forku                            D  User fullName: multisiteuser onlythat
2025-07-19 17:09:17.810 28814-28940 UserMapper              app.forku                            D  User username: multisiteuser
2025-07-19 17:09:17.810 28814-28940 UserMapper              app.forku                            D  UserRoleItems count: 1
2025-07-19 17:09:17.810 28814-28940 UserMapper              app.forku                            D  Raw userRoleItems data: [GOUserRoleDto(GOUserId=7c48494b-298a-4a7c-8dec-f9492f236b84, gORoleName=User, isActive=false, isMarkedForDeletion=false, isDirty=true, internalObjectId=null)]
2025-07-19 17:09:17.810 28814-28940 UserMapper              app.forku                            D  Role 0: userId=7c48494b-298a-4a7c-8dec-f9492f236b84, roleName=User, isActive=false
2025-07-19 17:09:17.810 28814-28940 UserMapper              app.forku                            D  Using UserRoleManager.getEffectiveRole for proper priority handling
2025-07-19 17:09:17.810 28814-28940 UserRoleManager         app.forku                            D  === Determining Effective Role ===
2025-07-19 17:09:17.810 28814-28940 UserRoleManager         app.forku                            D  User: null (null)
2025-07-19 17:09:17.810 28814-28940 UserRoleManager         app.forku                            D  User general role: null
2025-07-19 17:09:17.810 28814-28940 UserRoleManager         app.forku                            D  UserRoleItems count: 1
2025-07-19 17:09:17.810 28814-28940 UserRoleManager         app.forku                            D  Business role: null
2025-07-19 17:09:17.810 28814-28940 UserRoleManager         app.forku                            D  Business context: null
2025-07-19 17:09:17.811 28814-28940 UserRoleManager         app.forku                            D  --- Analyzing UserRoleItems with Priority Logic ---
2025-07-19 17:09:17.811 28814-28940 UserRoleManager         app.forku                            D  Role 0: User, active: false
2025-07-19 17:09:17.811 28814-28940 UserRoleManager         app.forku                            D  === Converting role string ===
2025-07-19 17:09:17.811 28814-28940 UserRoleManager         app.forku                            D  Input roleString: 'User'
2025-07-19 17:09:17.811 28814-28940 UserRoleManager         app.forku                            D  Default role: operator
2025-07-19 17:09:17.811 28814-28940 UserRoleManager         app.forku                            D  Normalized role string: 'user'
2025-07-19 17:09:17.812 28814-28940 UserRoleManager         app.forku                            D  Final conversion result: operator
2025-07-19 17:09:17.812 28814-28940 UserRoleManager         app.forku                            D  Found priority role (may be inactive): User -> operator
2025-07-19 17:09:17.812 28814-28940 UserRoleManager         app.forku                            D  ✅ Using UserRoleItems role: operator
2025-07-19 17:09:17.812 28814-28940 UserMapper              app.forku                            D  Final mapped role for user 7c48494b-298a-4a7c-8dec-f9492f236b84: operator
2025-07-19 17:09:17.812 28814-28940 UserMapper              app.forku                            D  UserBusinesses: [UserBusinessDto(businessId=dcd930f6-6d66-4990-8837-a6c1e96a8256, siteId=null, goUserId=7c48494b-298a-4a7c-8dec-f9492f236b84, isDirty=true)]
2025-07-19 17:09:17.812 28814-28940 UserMapper              app.forku                            D  Resolved businessId: dcd930f6-6d66-4990-8837-a6c1e96a8256
2025-07-19 17:09:17.812 28814-28940 UserMapper              app.forku                            D  Processing user photo: id=7c48494b-298a-4a7c-8dec-f9492f236b84, picture=, pictureInternalName=null
2025-07-19 17:09:17.812 28814-28940 UserMapper              app.forku                            D  No picture field or it's blank, setting photoUrl to null
2025-07-19 17:09:17.812 28814-28940 UserMapper              app.forku                            D  Final user mapping: id=7c48494b-298a-4a7c-8dec-f9492f236b84, photoUrl=null, role=operator
2025-07-19 17:09:17.812 28814-28940 UserRepository          app.forku                            D  Mapped user: id=7c48494b-298a-4a7c-8dec-f9492f236b84, role=operator, businessId=dcd930f6-6d66-4990-8837-a6c1e96a8256, siteId=370affcb-34a1-4993-a613-729fe31e9834, photoUrl=null
2025-07-19 17:09:17.813 28814-28940 appflow VehicleRepo     app.forku                            D  Successfully cached 2 users
2025-07-19 17:09:17.814 28814-28940 VehicleMapper           app.forku                            D  Mapping VehicleDto to Vehicle: id=7c9f56bf-deed-4be4-b046-17fef34ecf7e, codename=Other Site Vehicle, businessId=dcd930f6-6d66-4990-8837-a6c1e96a8256, siteId=7ecd101b-1f23-442d-bcd6-75be6c5a3e8f, vehicleTypeId=6948c970-bbeb-48d3-bd4c-ce26b2d30993, categoryId=a0f2f612-7a71-479d-9dbf-19369a5a0de3
2025-07-19 17:09:17.815 28814-28940 VehicleSessionMapper    app.forku                            D  VehicleSessionDto: VehicleSessionDto(Id=0f5c8742-4212-4903-aa4b-1a39a593cc5f, ChecklistAnswerId=e1436620-0a91-44f4-8334-ddf13fad7ebe, GOUserId=d139312d-3d82-4a47-8f1f-b9e1fc380d27, VehicleId=7c9f56bf-deed-4be4-b046-17fef34ecf7e, StartTime=2025-07-11T06:18:30.007+00:00, EndTime=2025-07-11T20:09:59.137+00:00, Status=1, StartLocationCoordinates=4.4011939,-74.3897191, EndLocationCoordinates=null, Timestamp=2025-07-11T20:09:59.137+00:00, VehicleSessionClosedMethod=1, ClosedBy=d139312d-3d82-4a47-8f1f-b9e1fc380d27, IsDirty=false, IsNew=false, IsMarkedForDeletion=false, Duration=831, BusinessId=dcd930f6-6d66-4990-8837-a6c1e96a8256, siteId=7ecd101b-1f23-442d-bcd6-75be6c5a3e8f, initialHourMeter=8,1, finalHourMeter=8,2, GOUser=null, Vehicle=null, ChecklistAnswer=null)
2025-07-19 17:09:17.815 28814-28940 VehicleSessionMapper    app.forku                            D  Mapping session 0f5c8742-4212-4903-aa4b-1a39a593cc5f - GOUser present: false, Vehicle present: false, ChecklistAnswer present: false
2025-07-19 17:09:17.815 28814-28940 VehicleSessionMapper    app.forku                            W  No GOUser data included for session 0f5c8742-4212-4903-aa4b-1a39a593cc5f
2025-07-19 17:09:17.815 28814-28940 VehicleSessionMapper    app.forku                            W  No Vehicle data included for session 0f5c8742-4212-4903-aa4b-1a39a593cc5f
2025-07-19 17:09:17.815 28814-28940 VehicleSessionMapper    app.forku                            D  Mapped session 0f5c8742-4212-4903-aa4b-1a39a593cc5f - operatorName: Unknown, vehicleName: Unknown
2025-07-19 17:09:17.817 28814-28940 VehicleSessionMapper    app.forku                            D  VehicleSessionDto: VehicleSessionDto(Id=a22e3a8e-68e3-4710-b708-25def9c0948a, ChecklistAnswerId=0d3bde61-5b1c-4c68-ad17-79e2736b9e4e, GOUserId=d139312d-3d82-4a47-8f1f-b9e1fc380d27, VehicleId=7c9f56bf-deed-4be4-b046-17fef34ecf7e, StartTime=2025-07-11T00:17:09.11+00:00, EndTime=2025-07-11T06:15:12.44+00:00, Status=1, StartLocationCoordinates=4.4386643,-74.3834886, EndLocationCoordinates=null, Timestamp=2025-07-11T06:15:12.44+00:00, VehicleSessionClosedMethod=1, ClosedBy=d139312d-3d82-4a47-8f1f-b9e1fc380d27, IsDirty=false, IsNew=false, IsMarkedForDeletion=false, Duration=358, BusinessId=dcd930f6-6d66-4990-8837-a6c1e96a8256, siteId=7ecd101b-1f23-442d-bcd6-75be6c5a3e8f, initialHourMeter=8,0, finalHourMeter=8,1, GOUser=null, Vehicle=null, ChecklistAnswer=null)
2025-07-19 17:09:17.817 28814-28940 VehicleSessionMapper    app.forku                            D  Mapping session a22e3a8e-68e3-4710-b708-25def9c0948a - GOUser present: false, Vehicle present: false, ChecklistAnswer present: false
2025-07-19 17:09:17.817 28814-28940 VehicleSessionMapper    app.forku                            W  No GOUser data included for session a22e3a8e-68e3-4710-b708-25def9c0948a
2025-07-19 17:09:17.817 28814-28940 VehicleSessionMapper    app.forku                            W  No Vehicle data included for session a22e3a8e-68e3-4710-b708-25def9c0948a
2025-07-19 17:09:17.817 28814-28940 VehicleSessionMapper    app.forku                            D  Mapped session a22e3a8e-68e3-4710-b708-25def9c0948a - operatorName: Unknown, vehicleName: Unknown
2025-07-19 17:09:17.820 28814-28940 VehicleSessionMapper    app.forku                            D  VehicleSessionDto: VehicleSessionDto(Id=c2cfdc9f-d9f9-4cfa-af1a-4bc5fe6942ad, ChecklistAnswerId=f38c0564-4a3e-4d22-b89f-75e8624b4cab, GOUserId=7c48494b-298a-4a7c-8dec-f9492f236b84, VehicleId=7c9f56bf-deed-4be4-b046-17fef34ecf7e, StartTime=2025-07-10T22:29:56.3+00:00, EndTime=2025-07-10T22:36:24.78+00:00, Status=1, StartLocationCoordinates=4.4340249,-74.3845881, EndLocationCoordinates=null, Timestamp=2025-07-10T22:36:24.78+00:00, VehicleSessionClosedMethod=0, ClosedBy=7c48494b-298a-4a7c-8dec-f9492f236b84, IsDirty=false, IsNew=false, IsMarkedForDeletion=false, Duration=6, BusinessId=dcd930f6-6d66-4990-8837-a6c1e96a8256, siteId=370affcb-34a1-4993-a613-729fe31e9834, initialHourMeter=8,0, finalHourMeter=null, GOUser=null, Vehicle=null, ChecklistAnswer=null)
2025-07-19 17:09:17.820 28814-28940 VehicleSessionMapper    app.forku                            D  Mapping session c2cfdc9f-d9f9-4cfa-af1a-4bc5fe6942ad - GOUser present: false, Vehicle present: false, ChecklistAnswer present: false
2025-07-19 17:09:17.820 28814-28940 VehicleSessionMapper    app.forku                            W  No GOUser data included for session c2cfdc9f-d9f9-4cfa-af1a-4bc5fe6942ad
2025-07-19 17:09:17.820 28814-28940 VehicleSessionMapper    app.forku                            W  No Vehicle data included for session c2cfdc9f-d9f9-4cfa-af1a-4bc5fe6942ad
2025-07-19 17:09:17.820 28814-28940 VehicleSessionMapper    app.forku                            D  Mapped session c2cfdc9f-d9f9-4cfa-af1a-4bc5fe6942ad - operatorName: Unknown, vehicleName: Unknown
2025-07-19 17:09:17.822 28814-28940 VehicleSessionMapper    app.forku                            D  VehicleSessionDto: VehicleSessionDto(Id=1cfc8261-ce3e-4c9b-ae47-9b4a3c737347, ChecklistAnswerId=20e77881-0c86-4680-a84d-871d13e3192b, GOUserId=d139312d-3d82-4a47-8f1f-b9e1fc380d27, VehicleId=7c9f56bf-deed-4be4-b046-17fef34ecf7e, StartTime=2025-07-12T19:49:23.323+00:00, EndTime=2025-07-19T17:27:13.707+00:00, Status=1, StartLocationCoordinates=4.4386643,-74.3834886, EndLocationCoordinates=null, Timestamp=2025-07-19T17:27:13.707+00:00, VehicleSessionClosedMethod=1, ClosedBy=d139312d-3d82-4a47-8f1f-b9e1fc380d27, IsDirty=false, IsNew=false, IsMarkedForDeletion=false, Duration=9937, BusinessId=dcd930f6-6d66-4990-8837-a6c1e96a8256, siteId=7ecd101b-1f23-442d-bcd6-75be6c5a3e8f, initialHourMeter=8,2, finalHourMeter=8,3, GOUser=null, Vehicle=null, ChecklistAnswer=null)
2025-07-19 17:09:17.822 28814-28940 VehicleSessionMapper    app.forku                            D  Mapping session 1cfc8261-ce3e-4c9b-ae47-9b4a3c737347 - GOUser present: false, Vehicle present: false, ChecklistAnswer present: false
2025-07-19 17:09:17.822 28814-28940 VehicleSessionMapper    app.forku                            W  No GOUser data included for session 1cfc8261-ce3e-4c9b-ae47-9b4a3c737347
2025-07-19 17:09:17.822 28814-28940 VehicleSessionMapper    app.forku                            W  No Vehicle data included for session 1cfc8261-ce3e-4c9b-ae47-9b4a3c737347
2025-07-19 17:09:17.822 28814-28940 VehicleSessionMapper    app.forku                            D  Mapped session 1cfc8261-ce3e-4c9b-ae47-9b4a3c737347 - operatorName: Unknown, vehicleName: Unknown
2025-07-19 17:09:17.824 28814-28940 VehicleRepo             app.forku                            D  Vehicle Other Site Vehicle: Found 6 checklists, selected: 90e74532-4bc1-44fc-a35d-206ff290750a with date: 2025-07-19T17:28:03.917+00:00
2025-07-19 17:09:17.824 28814-28940 appflow VehicleRepo     app.forku                            D  Successfully fetched 1 vehicles with related data
2025-07-19 17:09:17.824 28814-28940 VehicleListViewModel    app.forku                            D  ✅ OPTIMIZED: Loaded 1 vehicles with 1 vehicle API call + 2 unique user API calls instead of 1 + 5 calls
2025-07-19 17:09:17.825 28814-28814 VehicleListViewModel    app.forku                            D  [LOG] vehiclesWithData.size = 1
2025-07-19 17:09:17.825 28814-28814 VehicleListViewModel    app.forku                            D  [LOG] vehicles.size = 1
2025-07-19 17:09:17.825 28814-28814 VehicleListViewModel    app.forku                            D  [LOG] activeSessions.size = 0
2025-07-19 17:09:17.826 28814-28814 VehicleListViewModel    app.forku                            D  [LOG] lastChecks.size = 1
2025-07-19 17:09:17.827 28814-28814 VehicleListViewModel    app.forku                            D  [LOG] checklistAnswers.size = 1
2025-07-19 17:09:17.827 28814-28814 VehicleListViewModel    app.forku                            D  [LOG] Estado final actualizado: vehicles=1, sessions=0, lastChecks=1
2025-07-19 17:09:17.827 28814-28814 VehicleListViewModel    app.forku                            D  [LOG] FINALLY: isLoading=false
2025-07-19 17:09:17.847 28814-28814 VehicleListScreen       app.forku                            D  🔍 RENDER BusinessSiteFilters with:
2025-07-19 17:09:17.848 28814-28814 VehicleListScreen       app.forku                            D    - selectedBusinessId: dcd930f6-6d66-4990-8837-a6c1e96a8256
2025-07-19 17:09:17.848 28814-28814 VehicleListScreen       app.forku                            D    - selectedSiteId: 7ecd101b-1f23-442d-bcd6-75be6c5a3e8f
2025-07-19 17:09:17.848 28814-28814 VehicleListScreen       app.forku                            D    - isAllSitesSelected: false
2025-07-19 17:09:17.848 28814-28814 VehicleListScreen       app.forku                            D    - currentUserRole: administrator
2025-07-19 17:09:17.894 28814-28814 VehicleItem             app.forku                            D  vehicle.type: VehicleType(Id=6948c970-bbeb-48d3-bd4c-ce26b2d30993, Name=Light Truck, RequiresCertification=false, VehicleCategoryId=a0f2f612-7a71-479d-9dbf-19369a5a0de3, IsMarkedForDeletion=false, InternalObjectId=2)
2025-07-19 17:09:17.894 28814-28814 VehicleItem             app.forku                            D  vehicle.type.Name: Light Truck
2025-07-19 17:09:17.965 28814-30317 appflow AuthInterceptor app.forku                            D  Starting request interception:
                                                                                                    - URL: https://godev.collectiveintelligence.com.au/forkuapp-de6b98b5-4402-4a8f-891b-70b3591df162/api/vehicle/file/7c9f56bf-deed-4be4-b046-17fef34ecf7e/Picture?t=%LASTEDITEDTIME%
                                                                                                    - Method: GET
2025-07-19 17:09:17.965 28814-30317 AuthDataStore           app.forku                            D  Getting cached application token: eyJhbGciOi
2025-07-19 17:09:17.965 28814-30317 GOServicesManager       app.forku                            D  Getting CSRF token... forceRefresh=false
2025-07-19 17:09:17.965 28814-30317 GOServicesManager       app.forku                            D  Using cached CSRF token and cookie
2025-07-19 17:09:17.966 28814-30317 appflow AuthInterceptor app.forku                            D  🔍 Added ApplicationToken and BearerToken to cookie
2025-07-19 17:09:17.967 28814-30317 appflow AuthInterceptor app.forku                            D  🔍 Added cleaned Antiforgery cookie: .AspNetCore.Antiforgery._bj8tIMu5EI=CfDJ8Fg4pSr8Do...
2025-07-19 17:09:17.967 28814-30317 appflow AuthInterceptor app.forku                            D  🔍 Final cookie string length: 994
2025-07-19 17:09:17.968 28814-30317 okhttp.OkHttpClient     app.forku                            I  --> GET https://godev.collectiveintelligence.com.au/forkuapp-de6b98b5-4402-4a8f-891b-70b3591df162/api/vehicle/file/7c9f56bf-deed-4be4-b046-17fef34ecf7e/Picture?t=%LASTEDITEDTIME%
2025-07-19 17:09:18.268 28814-30317 okhttp.OkHttpClient     app.forku                            I  <-- 500 https://godev.collectiveintelligence.com.au/forkuapp-de6b98b5-4402-4a8f-891b-70b3591df162/api/vehicle/file/7c9f56bf-deed-4be4-b046-17fef34ecf7e/Picture?t=%LASTEDITEDTIME% (299ms, 488-byte body)
2025-07-19 17:09:18.269 28814-30317 RetryInterceptor        app.forku                            D  Request failed (500), attempt 1 of 3
2025-07-19 17:09:18.341 28814-28940 SESSION_FLOW            app.forku                            D  🔄 Performing token renewal...
2025-07-19 17:09:18.341 28814-28940 AuthDataStore           app.forku                            D  Getting cached application token: eyJhbGciOi
2025-07-19 17:09:18.341 28814-28940 AuthDataStore           app.forku                            D  [LOCK] getTokenExpirationDate() - token: eyJhbGciOiJIUzI1NiIsInR5cCI6Ik...
2025-07-19 17:09:18.342 28814-28940 AuthDataStore           app.forku                            D  [LOCK] JWT payload: {"UserId":"d139312d-3d82-4a47-8f1f-b9e1fc380d27","unique_name":"NoBusinessUser","family_name":"NoSiteUserAsWell","Is2FAEnabled":"false","role":"Administrator,User","nbf":1752960798,"exp":1753565598,"iat":1752960798,"iss":"self"}, exp: 1753565598
2025-07-19 17:09:18.342 28814-28940 SESSION_FLOW            app.forku                            D  🔄 Using GOSecurityProviderRepository for token renewal...
2025-07-19 17:09:18.342 28814-28940 GOSecurityProvider      app.forku                            D  🔄 Starting token renewal process...
2025-07-19 17:09:18.345 28814-28940 GOSecurityProvider      app.forku                            D  🔍 Current user context: NoBusinessUser (d139312d-3d82-4a47-8f1f-b9e1fc380d27)
2025-07-19 17:09:18.345 28814-28940 GOSecurityProvider      app.forku                            D  🔍 Getting headers for renewal (CSRF token AND cookies)...
2025-07-19 17:09:18.345 28814-28940 AuthDataStore           app.forku                            D  Getting cached application token: eyJhbGciOi
2025-07-19 17:09:18.345 28814-28940 GOServicesManager       app.forku                            D  Getting CSRF token... forceRefresh=false
2025-07-19 17:09:18.345 28814-28940 GOServicesManager       app.forku                            D  Using cached CSRF token and cookie
2025-07-19 17:09:18.346 28814-28940 GOSecurityProvider      app.forku                            D  🔍 Got headers for renewal:
2025-07-19 17:09:18.346 28814-28940 GOSecurityProvider      app.forku                            D    - CSRF Token: CfDJ8Fg4pSr8DoxBgBaS...
2025-07-19 17:09:18.346 28814-28940 GOSecurityProvider      app.forku                            D    - Raw Cookie: .AspNetCore.Antiforgery._bj8tIMu5EI=CfDJ8Fg4pSr8DoxBgBaSElZSS13OG_Pq1Z_cy6KyaDbU1SItdF3iVS0-Sv_nHxkw...
2025-07-19 17:09:18.346 28814-28940 GOSecurityProvider      app.forku                            D    - ApplicationToken: eyJhbGciOiJIUzI1NiIs...
2025-07-19 17:09:18.346 28814-28940 GOSecurityProvider      app.forku                            D  🔧 Debug cookie constructed: ApplicationToken=eyJhbGciOiJIUzI1NiIsInR5cCI6IkpXVCJ9.eyJVc2VySWQiOiJkMTM5MzEyZC0zZDgyLTRhNDctOGYxZi1iOWUxZmMzODBkMjciLCJ1bmlxdWVfbmFtZSI6Ik5vQnVzaW5l...
2025-07-19 17:09:18.346 28814-28940 GOSecurityProvider      app.forku                            D  🌐 Sending token renewal request with debug cookie...
2025-07-19 17:09:18.355 28814-30385 okhttp.OkHttpClient     app.forku                            I  --> GET https://godev.collectiveintelligence.com.au/forkuapp-de6b98b5-4402-4a8f-891b-70b3591df162/api/gosecurityprovider/renewtoken
2025-07-19 17:09:18.667 28814-30385 okhttp.OkHttpClient     app.forku                            I  <-- 200 https://godev.collectiveintelligence.com.au/forkuapp-de6b98b5-4402-4a8f-891b-70b3591df162/api/gosecurityprovider/renewtoken (312ms, unknown-length body)
2025-07-19 17:09:18.923 28814-28940 GOSecurityProvider      app.forku                            D  📡 Token renewal response: code=200, isSuccessful=true
2025-07-19 17:09:18.923 28814-28940 GOSecurityProvider      app.forku                            D  ✅ Token renewal successful, processing response...
2025-07-19 17:09:18.923 28814-28940 GOSecurityProvider      app.forku                            D  🔄 New application token received, updating stored data...
2025-07-19 17:09:18.936 28814-28940 AuthDataStore           app.forku                            D  Saved application token: eyJhbGciOi...
2025-07-19 17:09:18.936 28814-28940 AuthDataStore           app.forku                            D  [setCurrentUser] User recibido: id=d139312d-3d82-4a47-8f1f-b9e1fc380d27, businessId=null
2025-07-19 17:09:18.936 28814-28940 AuthDataStore           app.forku                            D  [setCurrentUser] BusinessId final a guardar: null
2025-07-19 17:09:18.988 28814-29045 AuthDataStore           app.forku                            D  Tokens stored in secure preferences: eyJhbGciOi...
2025-07-19 17:09:18.988 28814-29045 AuthDataStore           app.forku                            D  User data stored successfully
2025-07-19 17:09:18.988 28814-29045 GOSecurityProvider      app.forku                            D  ✅ Token renewal completed successfully
2025-07-19 17:09:18.991 28814-29045 SESSION_FLOW            app.forku                            D  [TOKEN RENEWAL] Before renewal: businessId=null, siteId=null, systemOwnerId=null, userPreferencesId=null
2025-07-19 17:09:18.991 28814-29045 SESSION_FLOW            app.forku                            D  [TOKEN RENEWAL] After renewal: businessId=null, siteId=null, systemOwnerId=null, userPreferencesId=null
2025-07-19 17:09:18.991 28814-29045 AuthDataStore           app.forku                            D  [setCurrentUser] User recibido: id=d139312d-3d82-4a47-8f1f-b9e1fc380d27, businessId=null
2025-07-19 17:09:18.991 28814-29045 AuthDataStore           app.forku                            D  [setCurrentUser] BusinessId final a guardar: null
2025-07-19 17:09:19.026 28814-28940 AuthDataStore           app.forku                            D  Tokens stored in secure preferences: eyJhbGciOi...
2025-07-19 17:09:19.026 28814-28940 AuthDataStore           app.forku                            D  User data stored successfully
2025-07-19 17:09:19.026 28814-28940 SESSION_FLOW            app.forku                            D  ✅ Token renewal completed successfully (1 successes)
2025-07-19 17:09:19.027 28814-28940 AuthDataStore           app.forku                            D  Initializing application token...
2025-07-19 17:09:19.046 28814-28940 AuthDataStore           app.forku                            D  Application token initialized: eyJhbGciOi
2025-07-19 17:09:19.047 28814-28940 AuthDataStore           app.forku                            D  Authentication token initialized: eyJhbGciOi
2025-07-19 17:09:19.047 28814-28940 AuthDataStore           app.forku                            D  CSRF token initialized: CfDJ8Fg4pS
2025-07-19 17:09:19.047 28814-28940 AuthDataStore           app.forku                            D  Antiforgery cookie initialized: .AspNetCore.Antiforg
2025-07-19 17:09:19.047 28814-28940 AuthDataStore           app.forku                            D  Getting cached application token: eyJhbGciOi
2025-07-19 17:09:19.047 28814-28940 AuthDataStore           app.forku                            D  [LOCK] getTokenExpirationDate() - token: eyJhbGciOiJIUzI1NiIsInR5cCI6Ik...
2025-07-19 17:09:19.047 28814-28940 AuthDataStore           app.forku                            D  [LOCK] JWT payload: {"UserId":"d139312d-3d82-4a47-8f1f-b9e1fc380d27","unique_name":"NoBusinessUser","family_name":"NoSiteUserAsWell","Is2FAEnabled":"false","role":"Administrator,User","nbf":1752960798,"exp":1753565598,"iat":1752960798,"iss":"self"}, exp: 1753565598
2025-07-19 17:09:19.271 28814-30317 okhttp.OkHttpClient     app.forku                            I  --> GET https://godev.collectiveintelligence.com.au/forkuapp-de6b98b5-4402-4a8f-891b-70b3591df162/api/vehicle/file/7c9f56bf-deed-4be4-b046-17fef34ecf7e/Picture?t=%LASTEDITEDTIME%
2025-07-19 17:09:19.565 28814-30317 okhttp.OkHttpClient     app.forku                            I  <-- 500 https://godev.collectiveintelligence.com.au/forkuapp-de6b98b5-4402-4a8f-891b-70b3591df162/api/vehicle/file/7c9f56bf-deed-4be4-b046-17fef34ecf7e/Picture?t=%LASTEDITEDTIME% (293ms, 488-byte body)
2025-07-19 17:09:19.565 28814-30317 RetryInterceptor        app.forku                            D  Request failed (500), attempt 2 of 3
2025-07-19 17:09:21.567 28814-30317 okhttp.OkHttpClient     app.forku                            I  --> GET https://godev.collectiveintelligence.com.au/forkuapp-de6b98b5-4402-4a8f-891b-70b3591df162/api/vehicle/file/7c9f56bf-deed-4be4-b046-17fef34ecf7e/Picture?t=%LASTEDITEDTIME%
2025-07-19 17:09:21.892 28814-30317 okhttp.OkHttpClient     app.forku                            I  <-- 500 https://godev.collectiveintelligence.com.au/forkuapp-de6b98b5-4402-4a8f-891b-70b3591df162/api/vehicle/file/7c9f56bf-deed-4be4-b046-17fef34ecf7e/Picture?t=%LASTEDITEDTIME% (324ms, 488-byte body)
2025-07-19 17:09:21.893 28814-30317 RetryInterceptor        app.forku                            D  Request failed (500), attempt 3 of 3
2025-07-19 17:09:22.058 28814-28940 SESSION_FLOW            app.forku                            D  ⏰ Initial delay completed, starting keep-alive loop
2025-07-19 17:09:22.058 28814-28940 SESSION_FLOW            app.forku                            D  🔄 Keep-alive loop iteration starting
2025-07-19 17:09:22.058 28814-28940 AuthDataStore           app.forku                            D  Getting cached application token: eyJhbGciOi
2025-07-19 17:09:22.058 28814-28940 AuthDataStore           app.forku                            D  Getting cached application token: eyJhbGciOi
2025-07-19 17:09:22.058 28814-28940 AuthDataStore           app.forku                            D  [LOCK] getTokenExpirationDate() - token: eyJhbGciOiJIUzI1NiIsInR5cCI6Ik...
2025-07-19 17:09:22.058 28814-28940 AuthDataStore           app.forku                            D  [LOCK] JWT payload: {"UserId":"d139312d-3d82-4a47-8f1f-b9e1fc380d27","unique_name":"NoBusinessUser","family_name":"NoSiteUserAsWell","Is2FAEnabled":"false","role":"Administrator,User","nbf":1752960798,"exp":1753565598,"iat":1752960798,"iss":"self"}, exp: 1753565598
2025-07-19 17:09:22.059 28814-28940 SESSION_FLOW            app.forku                            D  [DEBUG] SessionKeepAliveManager - Token: eyJhbGciOiJIUzI1NiIsInR5cCI6IkpXVCJ9.eyJVc2VySWQiOiJkMTM5MzEyZC0zZDgyLTRhNDctOGYxZi1iOWUxZmMzODBkMjciLCJ1bmlxdWVfbmFtZSI6Ik5vQnVzaW5lc3NVc2VyIiwiZmFtaWx5X25hbWUiOiJOb1NpdGVVc2VyQXNXZWxsIiwiSXMyRkFFbmFibGVkIjoiZmFsc2UiLCJyb2xlIjoiQWRtaW5pc3RyYXRvcixVc2VyIiwibmJmIjoxNzUyOTYwNzk4LCJleHAiOjE3NTM1NjU1OTgsImlhdCI6MTc1Mjk2MDc5OCwiaXNzIjoic2VsZiJ9.qcN874LbZhQeeDKTMNzJdurzknbEB_DCSlaU1IyEGe8
2025-07-19 17:09:22.059 28814-28940 SESSION_FLOW            app.forku                            D  [DEBUG] SessionKeepAliveManager - Token expiration: Sat Jul 26 16:33:18 GMT-05:00 2025
2025-07-19 17:09:22.059 28814-28940 SESSION_FLOW            app.forku                            D  🔄 Performing keep-alive ping...
2025-07-19 17:09:22.059 28814-28940 GOServicesManager       app.forku                            D  Getting CSRF token... forceRefresh=false
2025-07-19 17:09:22.059 28814-28940 GOServicesManager       app.forku                            D  Using cached CSRF token and cookie
2025-07-19 17:09:22.059 28814-28940 SESSION_FLOW            app.forku                            D  🔍 Keep-alive headers obtained:
2025-07-19 17:09:22.059 28814-28940 SESSION_FLOW            app.forku                            D    - CSRF Token: CfDJ8Fg4pSr8DoxBgBaS...
2025-07-19 17:09:22.059 28814-28940 SESSION_FLOW            app.forku                            D    - Cookie length: 191
2025-07-19 17:09:22.065 28814-30385 okhttp.OkHttpClient     app.forku                            I  --> GET https://godev.collectiveintelligence.com.au/forkuapp-de6b98b5-4402-4a8f-891b-70b3591df162/api/gosecurityprovider/keepalive
2025-07-19 17:09:22.352 28814-30385 okhttp.OkHttpClient     app.forku                            I  <-- 200 https://godev.collectiveintelligence.com.au/forkuapp-de6b98b5-4402-4a8f-891b-70b3591df162/api/gosecurityprovider/keepalive (286ms, unknown-length body)
2025-07-19 17:09:22.355 28814-28940 SESSION_FLOW            app.forku                            D  ✅ Keep-alive successful
2025-07-19 17:09:22.355 28814-28940 AuthDataStore           app.forku                            D  Getting cached application token: eyJhbGciOi
2025-07-19 17:09:22.355 28814-28940 AuthDataStore           app.forku                            D  [LOCK] getTokenExpirationDate() - token: eyJhbGciOiJIUzI1NiIsInR5cCI6Ik...
2025-07-19 17:09:22.357 28814-28940 AuthDataStore           app.forku                            D  [LOCK] JWT payload: {"UserId":"d139312d-3d82-4a47-8f1f-b9e1fc380d27","unique_name":"NoBusinessUser","family_name":"NoSiteUserAsWell","Is2FAEnabled":"false","role":"Administrator,User","nbf":1752960798,"exp":1753565598,"iat":1752960798,"iss":"self"}, exp: 1753565598
2025-07-19 17:09:22.357 28814-28940 AuthDataStore           app.forku                            D  Getting cached application token: eyJhbGciOi
2025-07-19 17:09:22.358 28814-28940 AuthDataStore           app.forku                            D  [LOCK] getTokenExpirationDate() - token: eyJhbGciOiJIUzI1NiIsInR5cCI6Ik...
2025-07-19 17:09:22.358 28814-28940 AuthDataStore           app.forku                            D  [LOCK] JWT payload: {"UserId":"d139312d-3d82-4a47-8f1f-b9e1fc380d27","unique_name":"NoBusinessUser","family_name":"NoSiteUserAsWell","Is2FAEnabled":"false","role":"Administrator,User","nbf":1752960798,"exp":1753565598,"iat":1752960798,"iss":"self"}, exp: 1753565598
2025-07-19 17:09:22.358 28814-28940 SESSION_FLOW            app.forku                            D  ⏳ Waiting 300000ms for next keep-alive
2025-07-19 17:09:24.606 28814-28814 ViewRootImpl            app.forku                            I  updatePointerIcon pointerType = 1000, calling pid = 28814
2025-07-19 17:09:24.607 28814-28814 InputManager            app.forku                            D  setPointerIconType iconId = 1000, callingPid = 28814
2025-07-19 17:09:25.894 28814-30317 okhttp.OkHttpClient     app.forku                            I  --> GET https://godev.collectiveintelligence.com.au/forkuapp-de6b98b5-4402-4a8f-891b-70b3591df162/api/vehicle/file/7c9f56bf-deed-4be4-b046-17fef34ecf7e/Picture?t=%LASTEDITEDTIME%
2025-07-19 17:09:26.191 28814-30317 okhttp.OkHttpClient     app.forku                            I  <-- 500 https://godev.collectiveintelligence.com.au/forkuapp-de6b98b5-4402-4a8f-891b-70b3591df162/api/vehicle/file/7c9f56bf-deed-4be4-b046-17fef34ecf7e/Picture?t=%LASTEDITEDTIME% (295ms, 488-byte body)
2025-07-19 17:09:26.194 28814-28814 RealImageLoader         app.forku                            I  🚨 Failed - https://godev.collectiveintelligence.com.au/forkuapp-de6b98b5-4402-4a8f-891b-70b3591df162/api/vehicle/file/7c9f56bf-deed-4be4-b046-17fef34ecf7e/Picture?t=%LASTEDITEDTIME% - coil.network.HttpException: HTTP 500: 
2025-07-19 17:09:26.197 28814-28814 VehicleImage            app.forku                            E  Error loading image for vehicle 7c9f56bf-deed-4be4-b046-17fef34ecf7e: Error(painter=BitmapPainter(image=androidx.compose.ui.graphics.AndroidImageBitmap@7cee23f, srcOffset=(0, 0), srcSize=60 x 60, filterQuality=Low), result=coil.request.ErrorResult@be6fcec5)
2025-07-19 17:10:05.517 28814-28814 ViewRootIm...nActivity] app.forku                            I  ViewPostIme pointer 0
2025-07-19 17:10:05.656 28814-28814 ViewRootIm...nActivity] app.forku                            I  ViewPostIme pointer 1
2025-07-19 17:10:05.699 28814-28814 SESSION_FLOW            app.forku                            D  ⏸️ App paused - transitioning to background mode
2025-07-19 17:10:05.699 28814-28814 SESSION_FLOW            app.forku                            D  🌙 Transitioning SessionKeepAlive to background mode
2025-07-19 17:10:05.699 28814-28814 SESSION_FLOW            app.forku                            D  🌙 App going to background - switching to background intervals
2025-07-19 17:10:05.699 28814-28814 SESSION_FLOW            app.forku                            D  🔄 Restarting jobs with background intervals
2025-07-19 17:10:05.700 28814-28940 SESSION_FLOW            app.forku                            D  🔄 Keep-alive job cancelled - this is normal during app lifecycle changes
2025-07-19 17:10:05.700 28814-28814 SESSION_FLOW            app.forku                            D  🔄 Starting background jobs - Keep-alive: 300s, Token renewal: 300s
2025-07-19 17:10:05.701 28814-29045 SESSION_FLOW            app.forku                            D  🔄 Token renewal job cancelled - this is normal during app lifecycle changes
2025-07-19 17:10:05.701 28814-28814 SESSION_FLOW            app.forku                            D  🛑 App stopped - maintaining background session
2025-07-19 17:10:05.707 28814-28814 ViewRootImpl            app.forku                            I  updatePointerIcon pointerType = 1000, calling pid = 28814
2025-07-19 17:10:05.708 28814-28814 InputManager            app.forku                            D  setPointerIconType iconId = 1000, callingPid = 28814
2025-07-19 17:10:05.780 28814-28814 VehicleProfileVM        app.forku                            D  Initializing for vehicleId: 7c9f56bf-deed-4be4-b046-17fef34ecf7e, navBusinessId: dcd930f6-6d66-4990-8837-a6c1e96a8256
2025-07-19 17:10:05.784 28814-28814 VehicleProfileVM_Debug  app.forku                            D  User details before determining effectiveBusinessId: Role=administrator, UserBusinessId=null, NavBusinessId=dcd930f6-6d66-4990-8837-a6c1e96a8256
2025-07-19 17:10:05.784 28814-28814 VehicleProfileVM_Debug  app.forku                            D  Determined effectiveBusinessId: dcd930f6-6d66-4990-8837-a6c1e96a8256 based on Role=administrator
2025-07-19 17:10:05.784 28814-28814 VehicleProfileVM        app.forku                            D  Attempting to load vehicle 7c9f56bf-deed-4be4-b046-17fef34ecf7e with optimized API call
2025-07-19 17:10:05.786 28814-29047 appflow VehicleRepo     app.forku                            D  getVehicleWithOptimizedData called with id=7c9f56bf-deed-4be4-b046-17fef34ecf7e, businessId=dcd930f6-6d66-4990-8837-a6c1e96a8256
2025-07-19 17:10:05.787 28814-29047 GOServicesManager       app.forku                            D  Getting CSRF token... forceRefresh=false
2025-07-19 17:10:05.787 28814-29047 GOServicesManager       app.forku                            D  Using cached CSRF token and cookie
2025-07-19 17:10:05.787 28814-29047 appflow VehicleRepo     app.forku                            D  Making optimized API call with include parameter...
2025-07-19 17:10:05.791 28814-28814 DashboardViewModel      app.forku                            D  [loadCurrentUser] user original: User(id=d139312d-3d82-4a47-8f1f-b9e1fc380d27, token=eyJhbGciOiJIUzI1NiIsInR5cCI6IkpXVCJ9.eyJVc2VySWQiOiJkMTM5MzEyZC0zZDgyLTRhNDctOGYxZi1iOWUxZmMzODBkMjciLCJ1bmlxdWVfbmFtZSI6Ik5vQnVzaW5lc3NVc2VyIiwiZmFtaWx5X25hbWUiOiJOb1NpdGVVc2VyQXNXZWxsIiwiSXMyRkFFbmFibGVkIjoiZmFsc2UiLCJyb2xlIjoiQWRtaW5pc3RyYXRvcixVc2VyIiwibmJmIjoxNzUyOTYwNzk4LCJleHAiOjE3NTM1NjU1OTgsImlhdCI6MTc1Mjk2MDc5OCwiaXNzIjoic2VsZiJ9.qcN874LbZhQeeDKTMNzJdurzknbEB_DCSlaU1IyEGe8, refreshToken=eyJhbGciOiJIUzI1NiIsInR5cCI6IkpXVCJ9.eyJVc2VySWQiOiJkMTM5MzEyZC0zZDgyLTRhNDctOGYxZi1iOWUxZmMzODBkMjciLCJuYmYiOjE3NTI5NjA3OTgsImV4cCI6MTc1MzU2NTU5OCwiaWF0IjoxNzUyOTYwNzk4LCJpc3MiOiJzZWxmIn0.2UD_XcIqNa0XjsN_kV7Y9bfmEEjRD6lTjHzf7QIkqps, email=NoBusinessUser, username=NoBusinessUser, firstName=NoBusinessUser, lastName=NoSiteUserAsWell, photoUrl=null, role=administrator, certifications=[], points=0, totalHours=0.0, totalDistance=0, sessionsCompleted=0, incidentsReported=0, lastMedicalCheck=null, lastLogin=1752960798768, isActive=true, isApproved=true, password=1234567890, businessId=null, siteId=null, systemOwnerId=null, userPreferencesId=null)
2025-07-19 17:10:05.791 28814-28814 DashboardViewModel      app.forku                            D  [loadCurrentUser] fixedUser: User(id=d139312d-3d82-4a47-8f1f-b9e1fc380d27, token=eyJhbGciOiJIUzI1NiIsInR5cCI6IkpXVCJ9.eyJVc2VySWQiOiJkMTM5MzEyZC0zZDgyLTRhNDctOGYxZi1iOWUxZmMzODBkMjciLCJ1bmlxdWVfbmFtZSI6Ik5vQnVzaW5lc3NVc2VyIiwiZmFtaWx5X25hbWUiOiJOb1NpdGVVc2VyQXNXZWxsIiwiSXMyRkFFbmFibGVkIjoiZmFsc2UiLCJyb2xlIjoiQWRtaW5pc3RyYXRvcixVc2VyIiwibmJmIjoxNzUyOTYwNzk4LCJleHAiOjE3NTM1NjU1OTgsImlhdCI6MTc1Mjk2MDc5OCwiaXNzIjoic2VsZiJ9.qcN874LbZhQeeDKTMNzJdurzknbEB_DCSlaU1IyEGe8, refreshToken=eyJhbGciOiJIUzI1NiIsInR5cCI6IkpXVCJ9.eyJVc2VySWQiOiJkMTM5MzEyZC0zZDgyLTRhNDctOGYxZi1iOWUxZmMzODBkMjciLCJuYmYiOjE3NTI5NjA3OTgsImV4cCI6MTc1MzU2NTU5OCwiaWF0IjoxNzUyOTYwNzk4LCJpc3MiOiJzZWxmIn0.2UD_XcIqNa0XjsN_kV7Y9bfmEEjRD6lTjHzf7QIkqps, email=NoBusinessUser, username=NoBusinessUser, firstName=NoBusinessUser, lastName=NoSiteUserAsWell, photoUrl=null, role=administrator, certifications=[], points=0, totalHours=0.0, totalDistance=0, sessionsCompleted=0, incidentsReported=0, lastMedicalCheck=null, lastLogin=1752960798768, isActive=true, isApproved=true, password=1234567890, businessId=dcd930f6-6d66-4990-8837-a6c1e96a8256, siteId=null, systemOwnerId=null, userPreferencesId=null)
2025-07-19 17:10:05.798 28814-28814 AuthDataStore           app.forku                            D  Getting cached application token: eyJhbGciOi
2025-07-19 17:10:05.798 28814-28814 DashboardViewModel      app.forku                            D  🔍 Found saved user and token - validating session
2025-07-19 17:10:05.799 28814-28814 AuthDataStore           app.forku                            D  Getting cached application token: eyJhbGciOi
2025-07-19 17:10:05.799 28814-28814 AuthDataStore           app.forku                            D  [LOCK] getTokenExpirationDate() - token: eyJhbGciOiJIUzI1NiIsInR5cCI6Ik...
2025-07-19 17:10:05.799 28814-28814 AuthDataStore           app.forku                            D  [LOCK] JWT payload: {"UserId":"d139312d-3d82-4a47-8f1f-b9e1fc380d27","unique_name":"NoBusinessUser","family_name":"NoSiteUserAsWell","Is2FAEnabled":"false","role":"Administrator,User","nbf":1752960798,"exp":1753565598,"iat":1752960798,"iss":"self"}, exp: 1753565598
2025-07-19 17:10:05.799 28814-28814 DashboardViewModel      app.forku                            D  ✅ Token is valid - performing silent login
2025-07-19 17:10:05.805 28814-30317 appflow AuthInterceptor app.forku                            D  Starting request interception:
                                                                                                    - URL: https://godev.collectiveintelligence.com.au/forkuapp-de6b98b5-4402-4a8f-891b-70b3591df162/api/vehicle/byid/7c9f56bf-deed-4be4-b046-17fef34ecf7e?include=VehicleSessionItems%2CChecklistAnswerItems%2CVehicleType
                                                                                                    - Method: GET
2025-07-19 17:10:05.805 28814-30317 AuthDataStore           app.forku                            D  Getting cached application token: eyJhbGciOi
2025-07-19 17:10:05.805 28814-30317 GOServicesManager       app.forku                            D  Getting CSRF token... forceRefresh=false
2025-07-19 17:10:05.806 28814-30317 GOServicesManager       app.forku                            D  Using cached CSRF token and cookie
2025-07-19 17:10:05.807 28814-30317 appflow AuthInterceptor app.forku                            D  🔍 Added ApplicationToken and BearerToken to cookie
2025-07-19 17:10:05.807 28814-30317 appflow AuthInterceptor app.forku                            D  🔍 Added cleaned Antiforgery cookie: .AspNetCore.Antiforgery._bj8tIMu5EI=CfDJ8Fg4pSr8Do...
2025-07-19 17:10:05.808 28814-30317 appflow AuthInterceptor app.forku                            D  🔍 Final cookie string length: 994
2025-07-19 17:10:05.809 28814-30317 okhttp.OkHttpClient     app.forku                            I  --> GET https://godev.collectiveintelligence.com.au/forkuapp-de6b98b5-4402-4a8f-891b-70b3591df162/api/vehicle/byid/7c9f56bf-deed-4be4-b046-17fef34ecf7e?include=VehicleSessionItems%2CChecklistAnswerItems%2CVehicleType
2025-07-19 17:10:05.811 28814-28814 HourMeterValidator      app.forku                            D  🔍 Validating hour meter update: new='0', current='0', allowEqual=false
2025-07-19 17:10:05.813 28814-28814 HourMeterValidator      app.forku                            D  ✅ Parsed '0' as 0.0 (dot format)
2025-07-19 17:10:05.813 28814-28814 HourMeterValidator      app.forku                            D  ✅ Parsed '0' as 0.0 (dot format)
2025-07-19 17:10:05.813 28814-28814 HourMeterValidator      app.forku                            W  ❌ Hour meter value must increase. Current value is already 0.0.
2025-07-19 17:10:05.994 28814-28814 SESSION_FLOW            app.forku                            D  📊 Session Status - KeepAlive: true, Background: true
2025-07-19 17:10:05.997 28814-28814 VehiclePro...creenDebug app.forku                            D  vehicle=null, isLoading=true, error=null
2025-07-19 17:10:05.997 28814-28814 VehicleProfileScreen    app.forku                            D  User role: administrator
2025-07-19 17:10:06.000 28814-28814 VehicleProfileVM_Debug  app.forku                            D  User details before determining effectiveBusinessId: Role=administrator, UserBusinessId=null, NavBusinessId=dcd930f6-6d66-4990-8837-a6c1e96a8256
2025-07-19 17:10:06.000 28814-28814 VehicleProfileVM_Debug  app.forku                            D  Determined effectiveBusinessId: dcd930f6-6d66-4990-8837-a6c1e96a8256 based on Role=administrator
2025-07-19 17:10:06.000 28814-28814 VehicleProfileVM        app.forku                            D  Attempting to load vehicle 7c9f56bf-deed-4be4-b046-17fef34ecf7e with optimized API call
2025-07-19 17:10:06.001 28814-29047 appflow VehicleRepo     app.forku                            D  getVehicleWithOptimizedData called with id=7c9f56bf-deed-4be4-b046-17fef34ecf7e, businessId=dcd930f6-6d66-4990-8837-a6c1e96a8256
2025-07-19 17:10:06.001 28814-29047 GOServicesManager       app.forku                            D  Getting CSRF token... forceRefresh=false
2025-07-19 17:10:06.001 28814-29047 GOServicesManager       app.forku                            D  Using cached CSRF token and cookie
2025-07-19 17:10:06.002 28814-29047 appflow VehicleRepo     app.forku                            D  Making optimized API call with include parameter...
2025-07-19 17:10:06.002 28814-28814 appflow                 app.forku                            D  VehicleProfileScreen LaunchedEffect state.hasActivePreShiftCheck: false
2025-07-19 17:10:06.002 28814-28814 appflow                 app.forku                            D  VehicleProfileScreen LaunchedEffect state.hasActiveSession: false
2025-07-19 17:10:06.002 28814-28814 appflow                 app.forku                            D  VehicleProfileScreen LaunchedEffect state.vehicle.businessId: null
2025-07-19 17:10:06.002 28814-28814 appflow                 app.forku                            D  VehicleProfileScreen LaunchedEffect state.vehicle.codename: null
2025-07-19 17:10:06.002 28814-28814 appflow                 app.forku                            D  VehicleProfileScreen LaunchedEffect state.vehicle?.status?.name: null
2025-07-19 17:10:06.003 28814-29043 UserPreferencesRepo     app.forku                            D  🔍 getCurrentUserPreferences called - starting user preferences loading
2025-07-19 17:10:06.003 28814-29043 UserPreferencesRepo     app.forku                            D  🔍 About to call getCurrentUserWithPreferences...
2025-07-19 17:10:06.004 28814-28814 SESSION_FLOW            app.forku                            D  [DEBUG] LaunchedEffect(authState) triggered. Current state: app.forku.core.auth.AuthenticationState$Authenticated@2a30ad8
2025-07-19 17:10:06.004 28814-28814 SESSION_FLOW            app.forku                            D  [DEBUG] Authentication confirmed. User is authenticated.
2025-07-19 17:10:06.004 28814-28814 SESSION_FLOW            app.forku                            D  [DEBUG] Restarting SessionKeepAlive after authentication
2025-07-19 17:10:06.005 28814-28814 AuthDataStore           app.forku                            D  Getting cached application token: eyJhbGciOi
2025-07-19 17:10:06.005 28814-28814 SESSION_FLOW            app.forku                            D  🚀 Starting session keep-alive service
2025-07-19 17:10:06.005 28814-28814 SESSION_FLOW            app.forku                            D  ⚠️ Keep-alive already active, stopping previous instance
2025-07-19 17:10:06.005 28814-28814 SESSION_FLOW            app.forku                            D  🛑 Stopping session keep-alive service
2025-07-19 17:10:06.005 28814-28814 SessionKeepAliveWorker  app.forku                            D  ❌ Cancelled session keep-alive work
2025-07-19 17:10:06.005 28814-28814 SESSION_FLOW            app.forku                            D  🔄 Cancelling keep-alive job (isActive: true)
2025-07-19 17:10:06.006 28814-29043 appflow UserRepository  app.forku                            D  Getting current user from API to check UserPreferencesId: d139312d-3d82-4a47-8f1f-b9e1fc380d27
2025-07-19 17:10:06.006 28814-28814 SESSION_FLOW            app.forku                            D  🔄 Cancelling token renewal job (isActive: true)
2025-07-19 17:10:06.006 28814-29043 GOServicesManager       app.forku                            D  Getting CSRF token... forceRefresh=false
2025-07-19 17:10:06.006 28814-29043 GOServicesManager       app.forku                            D  Using cached CSRF token and cookie
2025-07-19 17:10:06.007 28814-29042 SESSION_FLOW            app.forku                            D  🔄 Token renewal job cancelled - this is normal during app lifecycle changes
2025-07-19 17:10:06.007 28814-28814 SESSION_FLOW            app.forku                            D  ✅ Session keep-alive service stopped and cleaned up
2025-07-19 17:10:06.007 28814-28814 SESSION_FLOW            app.forku                            D  ✅ Keep-alive status set to active
2025-07-19 17:10:06.008 28814-28814 SessionKeepAliveWorker  app.forku                            D  📅 Scheduled periodic session keep-alive work
2025-07-19 17:10:06.009 28814-29042 SESSION_FLOW            app.forku                            D  🔄 Keep-alive coroutine started
2025-07-19 17:10:06.009 28814-28814 SESSION_FLOW            app.forku                            D  🎯 Session keep-alive service fully started
2025-07-19 17:10:06.009 28814-28939 SESSION_FLOW            app.forku                            D  🔄 Token renewal coroutine started
2025-07-19 17:10:06.010 28814-28939 SESSION_FLOW            app.forku                            D  ⏳ Waiting 300000ms for token renewal check
2025-07-19 17:10:06.010 28814-28814 SESSION_FLOW            app.forku                            D  📊 Session Status - KeepAlive: true, Background: true
2025-07-19 17:10:06.011 28814-30633 appflow AuthInterceptor app.forku                            D  Starting request interception:
                                                                                                    - URL: https://godev.collectiveintelligence.com.au/forkuapp-de6b98b5-4402-4a8f-891b-70b3591df162/api/vehicle/byid/7c9f56bf-deed-4be4-b046-17fef34ecf7e?include=VehicleSessionItems%2CChecklistAnswerItems%2CVehicleType
                                                                                                    - Method: GET
2025-07-19 17:10:06.011 28814-30633 AuthDataStore           app.forku                            D  Getting cached application token: eyJhbGciOi
