2025-06-08 18:25:09.681 14647-14737 VehicleSessionMapper    app.forku                            D  Mapped session 479972de-fbaf-45ef-b36e-8fe6eccb2421 - operatorName: Unknown, vehicleName: Unknown
2025-06-08 18:25:09.682 14647-14737 VehicleSessionMapper    app.forku                            D  Mapping session 6eba77a8-e45d-49e9-a428-9e88cd8a498b - GOUser present: false, Vehicle present: false
2025-06-08 18:25:09.682 14647-14737 VehicleSessionMapper    app.forku                            W  No GOUser data included for session 6eba77a8-e45d-49e9-a428-9e88cd8a498b
2025-06-08 18:25:09.682 14647-14737 VehicleSessionMapper    app.forku                            W  No Vehicle data included for session 6eba77a8-e45d-49e9-a428-9e88cd8a498b
2025-06-08 18:25:09.683 14647-14737 VehicleSessionMapper    app.forku                            D  Mapped session 6eba77a8-e45d-49e9-a428-9e88cd8a498b - operatorName: Unknown, vehicleName: Unknown
2025-06-08 18:25:09.684 14647-14737 VehicleSessionMapper    app.forku                            D  Mapping session 57046b51-195b-423e-92e5-a63aa6dcf0b5 - GOUser present: false, Vehicle present: false
2025-06-08 18:25:09.684 14647-14737 VehicleSessionMapper    app.forku                            W  No GOUser data included for session 57046b51-195b-423e-92e5-a63aa6dcf0b5
2025-06-08 18:25:09.684 14647-14737 VehicleSessionMapper    app.forku                            W  No Vehicle data included for session 57046b51-195b-423e-92e5-a63aa6dcf0b5
2025-06-08 18:25:09.684 14647-14737 VehicleSessionMapper    app.forku                            D  Mapped session 57046b51-195b-423e-92e5-a63aa6dcf0b5 - operatorName: Unknown, vehicleName: Unknown
2025-06-08 18:25:09.685 14647-14737 VehicleSessionMapper    app.forku                            D  Mapping session 5feb367b-4465-48e4-a75d-ea1b12807faf - GOUser present: false, Vehicle present: false
2025-06-08 18:25:09.685 14647-14737 VehicleSessionMapper    app.forku                            W  No GOUser data included for session 5feb367b-4465-48e4-a75d-ea1b12807faf
2025-06-08 18:25:09.685 14647-14737 VehicleSessionMapper    app.forku                            W  No Vehicle data included for session 5feb367b-4465-48e4-a75d-ea1b12807faf
2025-06-08 18:25:09.685 14647-14737 VehicleSessionMapper    app.forku                            D  Mapped session 5feb367b-4465-48e4-a75d-ea1b12807faf - operatorName: Unknown, vehicleName: Unknown
2025-06-08 18:25:09.686 14647-14737 VehicleSessionMapper    app.forku                            D  Mapping session 290ceaa0-c614-448d-8330-f57bdbfd93b0 - GOUser present: false, Vehicle present: false
2025-06-08 18:25:09.686 14647-14737 VehicleSessionMapper    app.forku                            W  No GOUser data included for session 290ceaa0-c614-448d-8330-f57bdbfd93b0
2025-06-08 18:25:09.686 14647-14737 VehicleSessionMapper    app.forku                            W  No Vehicle data included for session 290ceaa0-c614-448d-8330-f57bdbfd93b0
2025-06-08 18:25:09.686 14647-14737 VehicleSessionMapper    app.forku                            D  Mapped session 290ceaa0-c614-448d-8330-f57bdbfd93b0 - operatorName: Unknown, vehicleName: Unknown
2025-06-08 18:25:09.688 14647-14737 VehicleSessionMapper    app.forku                            D  Mapping session ffde2459-67dc-4d92-9aef-84d9bfce6541 - GOUser present: false, Vehicle present: false
2025-06-08 18:25:09.688 14647-14737 VehicleSessionMapper    app.forku                            W  No GOUser data included for session ffde2459-67dc-4d92-9aef-84d9bfce6541
2025-06-08 18:25:09.688 14647-14737 VehicleSessionMapper    app.forku                            W  No Vehicle data included for session ffde2459-67dc-4d92-9aef-84d9bfce6541
2025-06-08 18:25:09.688 14647-14737 VehicleSessionMapper    app.forku                            D  Mapped session ffde2459-67dc-4d92-9aef-84d9bfce6541 - operatorName: Unknown, vehicleName: Unknown
2025-06-08 18:25:09.689 14647-14737 VehicleSessionMapper    app.forku                            D  Mapping session 8dcb1c8c-5198-416e-88f1-1b6ea72d463c - GOUser present: false, Vehicle present: false
2025-06-08 18:25:09.689 14647-14737 VehicleSessionMapper    app.forku                            W  No GOUser data included for session 8dcb1c8c-5198-416e-88f1-1b6ea72d463c
2025-06-08 18:25:09.689 14647-14737 VehicleSessionMapper    app.forku                            W  No Vehicle data included for session 8dcb1c8c-5198-416e-88f1-1b6ea72d463c
2025-06-08 18:25:09.689 14647-14737 VehicleSessionMapper    app.forku                            D  Mapped session 8dcb1c8c-5198-416e-88f1-1b6ea72d463c - operatorName: Unknown, vehicleName: Unknown
2025-06-08 18:25:09.690 14647-14737 VehicleSessionMapper    app.forku                            D  Mapping session aa250712-d55a-41a0-9db2-1e81ea161858 - GOUser present: false, Vehicle present: false
2025-06-08 18:25:09.690 14647-14737 VehicleSessionMapper    app.forku                            W  No GOUser data included for session aa250712-d55a-41a0-9db2-1e81ea161858
2025-06-08 18:25:09.691 14647-14737 VehicleSessionMapper    app.forku                            W  No Vehicle data included for session aa250712-d55a-41a0-9db2-1e81ea161858
2025-06-08 18:25:09.691 14647-14737 VehicleSessionMapper    app.forku                            D  Mapped session aa250712-d55a-41a0-9db2-1e81ea161858 - operatorName: Unknown, vehicleName: Unknown
2025-06-08 18:25:09.692 14647-14737 VehicleSessionMapper    app.forku                            D  Mapping session e5eff00d-9b6e-49df-825c-29aff59551ff - GOUser present: false, Vehicle present: false
2025-06-08 18:25:09.692 14647-14737 VehicleSessionMapper    app.forku                            W  No GOUser data included for session e5eff00d-9b6e-49df-825c-29aff59551ff
2025-06-08 18:25:09.692 14647-14737 VehicleSessionMapper    app.forku                            W  No Vehicle data included for session e5eff00d-9b6e-49df-825c-29aff59551ff
2025-06-08 18:25:09.692 14647-14737 VehicleSessionMapper    app.forku                            D  Mapped session e5eff00d-9b6e-49df-825c-29aff59551ff - operatorName: Unknown, vehicleName: Unknown
2025-06-08 18:25:09.693 14647-14737 VehicleSessionMapper    app.forku                            D  Mapping session dffa2fe5-8f5b-4930-b326-31b0085710a8 - GOUser present: false, Vehicle present: false
2025-06-08 18:25:09.693 14647-14737 VehicleSessionMapper    app.forku                            W  No GOUser data included for session dffa2fe5-8f5b-4930-b326-31b0085710a8
2025-06-08 18:25:09.693 14647-14737 VehicleSessionMapper    app.forku                            W  No Vehicle data included for session dffa2fe5-8f5b-4930-b326-31b0085710a8
2025-06-08 18:25:09.693 14647-14737 VehicleSessionMapper    app.forku                            D  Mapped session dffa2fe5-8f5b-4930-b326-31b0085710a8 - operatorName: Unknown, vehicleName: Unknown
2025-06-08 18:25:09.695 14647-14737 VehicleSessionMapper    app.forku                            D  Mapping session fdcf56d2-722e-4bd1-8532-38bb06861617 - GOUser present: false, Vehicle present: false
2025-06-08 18:25:09.695 14647-14737 VehicleSessionMapper    app.forku                            W  No GOUser data included for session fdcf56d2-722e-4bd1-8532-38bb06861617
2025-06-08 18:25:09.695 14647-14737 VehicleSessionMapper    app.forku                            W  No Vehicle data included for session fdcf56d2-722e-4bd1-8532-38bb06861617
2025-06-08 18:25:09.695 14647-14737 VehicleSessionMapper    app.forku                            D  Mapped session fdcf56d2-722e-4bd1-8532-38bb06861617 - operatorName: Unknown, vehicleName: Unknown
2025-06-08 18:25:09.697 14647-14737 VehicleSessionMapper    app.forku                            D  Mapping session c55715b6-0660-4b54-9a99-3af152479027 - GOUser present: false, Vehicle present: false
2025-06-08 18:25:09.697 14647-14737 VehicleSessionMapper    app.forku                            W  No GOUser data included for session c55715b6-0660-4b54-9a99-3af152479027
2025-06-08 18:25:09.697 14647-14737 VehicleSessionMapper    app.forku                            W  No Vehicle data included for session c55715b6-0660-4b54-9a99-3af152479027
2025-06-08 18:25:09.697 14647-14737 VehicleSessionMapper    app.forku                            D  Mapped session c55715b6-0660-4b54-9a99-3af152479027 - operatorName: Unknown, vehicleName: Unknown
2025-06-08 18:25:09.698 14647-14737 VehicleSessionMapper    app.forku                            D  Mapping session c6a20a3d-a90d-4e43-99f3-3eadf1ac01c2 - GOUser present: false, Vehicle present: false
2025-06-08 18:25:09.698 14647-14737 VehicleSessionMapper    app.forku                            W  No GOUser data included for session c6a20a3d-a90d-4e43-99f3-3eadf1ac01c2
2025-06-08 18:25:09.698 14647-14737 VehicleSessionMapper    app.forku                            W  No Vehicle data included for session c6a20a3d-a90d-4e43-99f3-3eadf1ac01c2
2025-06-08 18:25:09.698 14647-14737 VehicleSessionMapper    app.forku                            D  Mapped session c6a20a3d-a90d-4e43-99f3-3eadf1ac01c2 - operatorName: Unknown, vehicleName: Unknown
2025-06-08 18:25:09.699 14647-14737 VehicleSessionMapper    app.forku                            D  Mapping session aa57cfd4-0ca9-4e6c-8ef0-8937b3f88cb0 - GOUser present: false, Vehicle present: false
2025-06-08 18:25:09.699 14647-14737 VehicleSessionMapper    app.forku                            W  No GOUser data included for session aa57cfd4-0ca9-4e6c-8ef0-8937b3f88cb0
2025-06-08 18:25:09.699 14647-14737 VehicleSessionMapper    app.forku                            W  No Vehicle data included for session aa57cfd4-0ca9-4e6c-8ef0-8937b3f88cb0
2025-06-08 18:25:09.699 14647-14737 VehicleSessionMapper    app.forku                            D  Mapped session aa57cfd4-0ca9-4e6c-8ef0-8937b3f88cb0 - operatorName: Unknown, vehicleName: Unknown
2025-06-08 18:25:09.700 14647-14737 VehicleSessionMapper    app.forku                            D  Mapping session a7094db7-9214-49dd-baae-8e1640a847ba - GOUser present: false, Vehicle present: false
2025-06-08 18:25:09.700 14647-14737 VehicleSessionMapper    app.forku                            W  No GOUser data included for session a7094db7-9214-49dd-baae-8e1640a847ba
2025-06-08 18:25:09.700 14647-14737 VehicleSessionMapper    app.forku                            W  No Vehicle data included for session a7094db7-9214-49dd-baae-8e1640a847ba
2025-06-08 18:25:09.700 14647-14737 VehicleSessionMapper    app.forku                            D  Mapped session a7094db7-9214-49dd-baae-8e1640a847ba - operatorName: Unknown, vehicleName: Unknown
2025-06-08 18:25:09.701 14647-14737 VehicleSessionMapper    app.forku                            D  Mapping session 9d2a1c1a-c38c-4565-ada6-99fc38adc706 - GOUser present: false, Vehicle present: false
2025-06-08 18:25:09.701 14647-14737 VehicleSessionMapper    app.forku                            W  No GOUser data included for session 9d2a1c1a-c38c-4565-ada6-99fc38adc706
2025-06-08 18:25:09.701 14647-14737 VehicleSessionMapper    app.forku                            W  No Vehicle data included for session 9d2a1c1a-c38c-4565-ada6-99fc38adc706
2025-06-08 18:25:09.701 14647-14737 VehicleSessionMapper    app.forku                            D  Mapped session 9d2a1c1a-c38c-4565-ada6-99fc38adc706 - operatorName: Unknown, vehicleName: Unknown
2025-06-08 18:25:09.702 14647-14737 VehicleSessionMapper    app.forku                            D  Mapping session 50640ba7-7547-46ee-a1e3-a4331c7e4119 - GOUser present: false, Vehicle present: false
2025-06-08 18:25:09.702 14647-14737 VehicleSessionMapper    app.forku                            W  No GOUser data included for session 50640ba7-7547-46ee-a1e3-a4331c7e4119
2025-06-08 18:25:09.702 14647-14737 VehicleSessionMapper    app.forku                            W  No Vehicle data included for session 50640ba7-7547-46ee-a1e3-a4331c7e4119
2025-06-08 18:25:09.702 14647-14737 VehicleSessionMapper    app.forku                            D  Mapped session 50640ba7-7547-46ee-a1e3-a4331c7e4119 - operatorName: Unknown, vehicleName: Unknown
2025-06-08 18:25:09.703 14647-14737 VehicleSessionMapper    app.forku                            D  Mapping session bca954cd-cff7-4441-8304-ee5e2985029a - GOUser present: false, Vehicle present: false
2025-06-08 18:25:09.703 14647-14737 VehicleSessionMapper    app.forku                            W  No GOUser data included for session bca954cd-cff7-4441-8304-ee5e2985029a
2025-06-08 18:25:09.703 14647-14737 VehicleSessionMapper    app.forku                            W  No Vehicle data included for session bca954cd-cff7-4441-8304-ee5e2985029a
2025-06-08 18:25:09.703 14647-14737 VehicleSessionMapper    app.forku                            D  Mapped session bca954cd-cff7-4441-8304-ee5e2985029a - operatorName: Unknown, vehicleName: Unknown
2025-06-08 18:25:09.706 14647-14737 VehicleSessionMapper    app.forku                            D  Mapping session 7b65bc86-70c6-46c1-9857-28128e8bf883 - GOUser present: false, Vehicle present: false
2025-06-08 18:25:09.706 14647-14737 VehicleSessionMapper    app.forku                            W  No GOUser data included for session 7b65bc86-70c6-46c1-9857-28128e8bf883
2025-06-08 18:25:09.706 14647-14737 VehicleSessionMapper    app.forku                            W  No Vehicle data included for session 7b65bc86-70c6-46c1-9857-28128e8bf883
2025-06-08 18:25:09.706 14647-14737 VehicleSessionMapper    app.forku                            D  Mapped session 7b65bc86-70c6-46c1-9857-28128e8bf883 - operatorName: Unknown, vehicleName: Unknown
2025-06-08 18:25:09.707 14647-14737 VehicleSessionMapper    app.forku                            D  Mapping session aa6b6470-ba1e-4e4d-9f38-9d75af6a1401 - GOUser present: false, Vehicle present: false
2025-06-08 18:25:09.707 14647-14737 VehicleSessionMapper    app.forku                            W  No GOUser data included for session aa6b6470-ba1e-4e4d-9f38-9d75af6a1401
2025-06-08 18:25:09.707 14647-14737 VehicleSessionMapper    app.forku                            W  No Vehicle data included for session aa6b6470-ba1e-4e4d-9f38-9d75af6a1401
2025-06-08 18:25:09.707 14647-14737 VehicleSessionMapper    app.forku                            D  Mapped session aa6b6470-ba1e-4e4d-9f38-9d75af6a1401 - operatorName: Unknown, vehicleName: Unknown
2025-06-08 18:25:09.708 14647-14737 appflow VehicleRepo     app.forku                            D  Successfully fetched 6 vehicles with related data
2025-06-08 18:25:09.708 14647-14737 VehicleListViewModel    app.forku                            D   OPTIMIZED: Loaded 6 vehicles with 1 vehicle API call + 4 unique user API calls instead of 1 + 30 calls
2025-06-08 18:25:09.714 14647-14647 VehicleListViewModel    app.forku                            D   OPTIMIZED: Loaded 6 vehicles with optimized API calls
2025-06-08 18:25:09.789 14647-14647 VehicleItem_Debug       app.forku                            D  === Vehicle Big Joe Checklist Debug ===
2025-06-08 18:25:09.789 14647-14647 VehicleItem_Debug       app.forku                            D  ChecklistAnswer ID: 9dcb2439-4c39-4dfb-9d56-0c042f1201eb
2025-06-08 18:25:09.789 14647-14647 VehicleItem_Debug       app.forku                            D  ChecklistAnswer status (Int): 2
2025-06-08 18:25:09.789 14647-14647 VehicleItem_Debug       app.forku                            D  ChecklistAnswer lastCheckDateTime: 2025-05-25T14:46:00.13+00:00
2025-06-08 18:25:09.789 14647-14647 VehicleItem_Debug       app.forku                            D  ChecklistAnswer endDateTime: 2025-05-25T14:46:00.13+00:00
2025-06-08 18:25:09.789 14647-14647 VehicleItem_Debug       app.forku                            D  ChecklistAnswer vehicleId: 99216b5e-2ffc-4f76-b9e5-0e9fafcaa125
2025-06-08 18:25:09.789 14647-14647 VehicleItem_Debug       app.forku                            D  StatusEnum: COMPLETED_PASS
2025-06-08 18:25:09.789 14647-14647 VehicleItem_Debug       app.forku                            D  Final statusText: Pass
2025-06-08 18:25:09.790 14647-14647 VehicleItem_Debug       app.forku                            D  === End Vehicle Big Joe Checklist Debug ===
2025-06-08 18:25:09.797 14647-14647 VehicleItem             app.forku                            D  operatorName value: test testy
2025-06-08 18:25:09.797 14647-14647 VehicleItem             app.forku                            D  operatorImage value: null
2025-06-08 18:25:09.884 14647-14647 RealImageLoader         app.forku                            I   Successful (MEMORY_CACHE) - https://godev.collectiveintelligence.com.au/forkuapp-de6b98b5-4402-4a8f-891b-70b3591df162/api/vehicle/file/99216b5e-2ffc-4f76-b9e5-0e9fafcaa125/Picture?t=%LASTEDITEDTIME%
2025-06-08 18:25:09.886 14647-14647 VehicleImage            app.forku                            D  Successfully loaded image for vehicle 99216b5e-2ffc-4f76-b9e5-0e9fafcaa125
2025-06-08 18:25:09.983 14647-14647 VehicleItem_Debug       app.forku                            D  === Vehicle Black Sun Checklist Debug ===
2025-06-08 18:25:09.983 14647-14647 VehicleItem_Debug       app.forku                            D  ChecklistAnswer ID: 50ea0a41-c174-4e99-aa8f-b4b690974ab7
2025-06-08 18:25:09.983 14647-14647 VehicleItem_Debug       app.forku                            D  ChecklistAnswer status (Int): 2
2025-06-08 18:25:09.983 14647-14647 VehicleItem_Debug       app.forku                            D  ChecklistAnswer lastCheckDateTime: 2025-06-05T20:30:38.44+00:00
2025-06-08 18:25:09.983 14647-14647 VehicleItem_Debug       app.forku                            D  ChecklistAnswer endDateTime: 2025-06-05T20:30:38.44+00:00
2025-06-08 18:25:09.983 14647-14647 VehicleItem_Debug       app.forku                            D  ChecklistAnswer vehicleId: d4e5135c-bb0d-430b-85d4-ff6b83a00702
2025-06-08 18:25:09.983 14647-14647 VehicleItem_Debug       app.forku                            D  StatusEnum: COMPLETED_PASS
2025-06-08 18:25:09.983 14647-14647 VehicleItem_Debug       app.forku                            D  Final statusText: Pass
2025-06-08 18:25:09.983 14647-14647 VehicleItem_Debug       app.forku                            D  === End Vehicle Black Sun Checklist Debug ===
2025-06-08 18:25:10.108 14647-14647 VehicleItem_Debug       app.forku                            D  === Vehicle Gleason Checklist Debug ===
2025-06-08 18:25:10.108 14647-14647 VehicleItem_Debug       app.forku                            D  ChecklistAnswer ID: 361b683b-c05f-451f-b8b4-01bc5967a580
2025-06-08 18:25:10.108 14647-14647 VehicleItem_Debug       app.forku                            D  ChecklistAnswer status (Int): 1
2025-06-08 18:25:10.108 14647-14647 VehicleItem_Debug       app.forku                            D  ChecklistAnswer lastCheckDateTime: 2025-05-29T20:35:19.327+00:00
2025-06-08 18:25:10.108 14647-14647 VehicleItem_Debug       app.forku                            D  ChecklistAnswer endDateTime: 2025-05-29T20:35:19.327+00:00
2025-06-08 18:25:10.108 14647-14647 VehicleItem_Debug       app.forku                            D  ChecklistAnswer vehicleId: c20c315c-6d60-4c9b-aa98-0718d70c6f7f
2025-06-08 18:25:10.108 14647-14647 VehicleItem_Debug       app.forku                            D  StatusEnum: IN_PROGRESS
2025-06-08 18:25:10.108 14647-14647 VehicleItem_Debug       app.forku                            D  Final statusText: In Progress
2025-06-08 18:25:10.108 14647-14647 VehicleItem_Debug       app.forku                            D  === End Vehicle Gleason Checklist Debug ===
2025-06-08 18:25:10.237 14647-14647 VehicleItem_Debug       app.forku                            D  === Vehicle IceWall Checklist Debug ===
2025-06-08 18:25:10.237 14647-14647 VehicleItem_Debug       app.forku                            D  ChecklistAnswer ID: 57f33022-317e-4e74-9ece-80521d5140e8
2025-06-08 18:25:10.237 14647-14647 VehicleItem_Debug       app.forku                            D  ChecklistAnswer status (Int): 2
2025-06-08 18:25:10.237 14647-14647 VehicleItem_Debug       app.forku                            D  ChecklistAnswer lastCheckDateTime: 2025-06-05T19:14:39.317+00:00
2025-06-08 18:25:10.237 14647-14647 VehicleItem_Debug       app.forku                            D  ChecklistAnswer endDateTime: 2025-06-05T19:14:39.317+00:00
2025-06-08 18:25:10.238 14647-14647 VehicleItem_Debug       app.forku                            D  ChecklistAnswer vehicleId: 9b722053-cd47-45d0-ac4a-197f67fb7629
2025-06-08 18:25:10.238 14647-14647 VehicleItem_Debug       app.forku                            D  StatusEnum: COMPLETED_PASS
2025-06-08 18:25:10.238 14647-14647 VehicleItem_Debug       app.forku                            D  Final statusText: Pass
2025-06-08 18:25:10.238 14647-14647 VehicleItem_Debug       app.forku                            D  === End Vehicle IceWall Checklist Debug ===
2025-06-08 18:25:10.353 14647-14647 VehicleItem_Debug       app.forku                            D  === Vehicle Navigator Checklist Debug ===
2025-06-08 18:25:10.353 14647-14647 VehicleItem_Debug       app.forku                            D  ChecklistAnswer ID: 6b53ad6a-1c16-4307-bafb-04ed5c2b69c9
2025-06-08 18:25:10.353 14647-14647 VehicleItem_Debug       app.forku                            D  ChecklistAnswer status (Int): 1
2025-06-08 18:25:10.353 14647-14647 VehicleItem_Debug       app.forku                            D  ChecklistAnswer lastCheckDateTime: 2025-05-31T02:46:13.62+00:00
2025-06-08 18:25:10.353 14647-14647 VehicleItem_Debug       app.forku                            D  ChecklistAnswer endDateTime: 2025-05-31T02:46:13.62+00:00
2025-06-08 18:25:10.353 14647-14647 VehicleItem_Debug       app.forku                            D  ChecklistAnswer vehicleId: 412278b5-0a15-43ad-862e-b83a9aa921a9
2025-06-08 18:25:10.353 14647-14647 VehicleItem_Debug       app.forku                            D  StatusEnum: IN_PROGRESS
2025-06-08 18:25:10.353 14647-14647 VehicleItem_Debug       app.forku                            D  Final statusText: In Progress
2025-06-08 18:25:10.353 14647-14647 VehicleItem_Debug       app.forku                            D  === End Vehicle Navigator Checklist Debug ===
2025-06-08 18:25:10.569 14647-14647 Choreographer           app.forku                            I  Skipped 49 frames!  The application may be doing too much work on its main thread.
2025-06-08 18:25:10.601 14647-14662 OpenGLRenderer          app.forku                            I  Davey! duration=854ms; Flags=0, FrameTimelineVsyncId=505098, IntendedVsync=48721840388452, Vsync=48721840388452, InputEventId=0, HandleInputStart=48721841200611, AnimationStart=48721841206496, PerformTraversalsStart=48721871565726, DrawStart=48721871687034, FrameDeadline=48721873721784, FrameInterval=48721841187188, FrameStartTime=16666666, SyncQueued=48722680360687, SyncStart=48722680505149, IssueDrawCommandsStart=48722681026034, SwapBuffers=48722688410072, FrameCompleted=48722694614457, DequeueBufferDuration=38077, QueueBufferDuration=1375346, GpuCompleted=48722694614457, SwapBuffersCompleted=48722691268072, DisplayPresentTime=0, 
2025-06-08 18:25:10.630 14647-14647 RealImageLoader         app.forku                            I   Successful (DISK) - https://godev.collectiveintelligence.com.au/forkuapp-de6b98b5-4402-4a8f-891b-70b3591df162/api/vehicle/file/d4e5135c-bb0d-430b-85d4-ff6b83a00702/Picture?t=%LASTEDITEDTIME%
2025-06-08 18:25:10.632 14647-14647 VehicleImage            app.forku                            D  Successfully loaded image for vehicle d4e5135c-bb0d-430b-85d4-ff6b83a00702
2025-06-08 18:25:10.633 14647-14647 RealImageLoader         app.forku                            I   Successful (DISK) - https://godev.collectiveintelligence.com.au/forkuapp-de6b98b5-4402-4a8f-891b-70b3591df162/api/vehicle/file/c20c315c-6d60-4c9b-aa98-0718d70c6f7f/Picture?t=%LASTEDITEDTIME%
2025-06-08 18:25:10.635 14647-14647 VehicleImage            app.forku                            D  Successfully loaded image for vehicle c20c315c-6d60-4c9b-aa98-0718d70c6f7f
2025-06-08 18:25:10.636 14647-14647 RealImageLoader         app.forku                            I   Successful (DISK) - https://godev.collectiveintelligence.com.au/forkuapp-de6b98b5-4402-4a8f-891b-70b3591df162/api/vehicle/file/9b722053-cd47-45d0-ac4a-197f67fb7629/Picture?t=%LASTEDITEDTIME%
2025-06-08 18:25:10.638 14647-14647 VehicleImage            app.forku                            D  Successfully loaded image for vehicle 9b722053-cd47-45d0-ac4a-197f67fb7629
2025-06-08 18:25:10.639 14647-14647 RealImageLoader         app.forku                            I   Successful (DISK) - https://godev.collectiveintelligence.com.au/forkuapp-de6b98b5-4402-4a8f-891b-70b3591df162/api/vehicle/file/412278b5-0a15-43ad-862e-b83a9aa921a9/Picture?t=%LASTEDITEDTIME%
2025-06-08 18:25:10.640 14647-14647 VehicleImage            app.forku                            D  Successfully loaded image for vehicle 412278b5-0a15-43ad-862e-b83a9aa921a9
2025-06-08 18:25:10.649 14647-14662 OpenGLRenderer          app.forku                            I  Davey! duration=895ms; Flags=0, FrameTimelineVsyncId=505100, IntendedVsync=48721857033259, Vsync=48722673699893, InputEventId=0, HandleInputStart=48722687279457, AnimationStart=48722687283341, PerformTraversalsStart=48722700585303, DrawStart=48722700728418, FrameDeadline=48721890366591, FrameInterval=48722687095880, FrameStartTime=16666666, SyncQueued=48722746510995, SyncStart=48722746648149, IssueDrawCommandsStart=48722747000110, SwapBuffers=48722750884918, FrameCompleted=48722752950610, DequeueBufferDuration=38039, QueueBufferDuration=1284038, GpuCompleted=48722752950610, SwapBuffersCompleted=48722752950610, DisplayPresentTime=0, 
2025-06-08 18:25:13.000 14647-14647 ViewRootIm...nActivity] app.forku                            I  ViewPostIme pointer 0
2025-06-08 18:25:13.089 14647-14647 ViewRootIm...nActivity] app.forku                            I  ViewPostIme pointer 1
2025-06-08 18:25:13.207 14647-14647 VehicleProfileVM        app.forku                            D  Initializing for vehicleId: c20c315c-6d60-4c9b-aa98-0718d70c6f7f, navBusinessId: 200dd110-d7f4-421f-8263-9265c85e8315
2025-06-08 18:25:13.211 14647-14647 VehicleProfileVM_Debug  app.forku                            D  User details before determining effectiveBusinessId: Role=administrator, UserBusinessId=null, NavBusinessId=200dd110-d7f4-421f-8263-9265c85e8315
2025-06-08 18:25:13.212 14647-14647 VehicleProfileVM_Debug  app.forku                            D  Determined effectiveBusinessId: 200dd110-d7f4-421f-8263-9265c85e8315 based on Role=administrator
2025-06-08 18:25:13.212 14647-14647 VehicleProfileVM        app.forku                            D  Attempting to load vehicle c20c315c-6d60-4c9b-aa98-0718d70c6f7f with optimized API call
2025-06-08 18:25:13.214 14647-14737 appflow VehicleRepo     app.forku                            D  getVehicleWithOptimizedData called with id=c20c315c-6d60-4c9b-aa98-0718d70c6f7f, businessId=200dd110-d7f4-421f-8263-9265c85e8315
2025-06-08 18:25:13.215 14647-14737 GOServicesManager       app.forku                            D  Getting CSRF token... forceRefresh=false
2025-06-08 18:25:13.219 14647-14647 DashboardViewModel      app.forku                            D  [loadCurrentUser] user original: User(id=867b342e-5d9a-484c-a2db-3fd08a0dfeaf, token=eyJhbGciOiJIUzI1NiIsInR5cCI6IkpXVCJ9.eyJVc2VySWQiOiI4NjdiMzQyZS01ZDlhLTQ4NGMtYTJkYi0zZmQwOGEwZGZlYWYiLCJ1bmlxdWVfbmFtZSI6IkFkIiwiZmFtaWx5X25hbWUiOiJNaW4iLCJJczJGQUVuYWJsZWQiOiJmYWxzZSIsInJvbGUiOiJBZG1pbmlzdHJhdG9yIiwibmJmIjoxNzQ5NDI1MDg3LCJleHAiOjE3NDk0MjY4ODcsImlhdCI6MTc0OTQyNTA4NywiaXNzIjoic2VsZiJ9.EWownNWzcPnV33i8vaydtvAL5CZU783JDW63AkqIo4M, refreshToken=eyJhbGciOiJIUzI1NiIsInR5cCI6IkpXVCJ9.eyJVc2VySWQiOiI4NjdiMzQyZS01ZDlhLTQ4NGMtYTJkYi0zZmQwOGEwZGZlYWYiLCJuYmYiOjE3NDk0MjUwODcsImV4cCI6MTc0OTQyNjg4NywiaWF0IjoxNzQ5NDI1MDg3LCJpc3MiOiJzZWxmIn0.tU7CoxFeu8hMWU5hfFZYQYiiWnv2lkiIN8SYgmvHbZg, email=Admin, username=Ad, firstName=Ad, lastName=Min, photoUrl=null, role=administrator, certifications=[], points=0, totalHours=0.0, totalDistance=0, sessionsCompleted=0, incidentsReported=0, lastMedicalCheck=null, lastLogin=1749425087149, isActive=true, isApproved=true, password=Admin, businessId=null, siteId=null, systemOwnerId=null)
2025-06-08 18:25:13.219 14647-14647 DashboardViewModel      app.forku                            D  [loadCurrentUser] fixedUser: User(id=867b342e-5d9a-484c-a2db-3fd08a0dfeaf, token=eyJhbGciOiJIUzI1NiIsInR5cCI6IkpXVCJ9.eyJVc2VySWQiOiI4NjdiMzQyZS01ZDlhLTQ4NGMtYTJkYi0zZmQwOGEwZGZlYWYiLCJ1bmlxdWVfbmFtZSI6IkFkIiwiZmFtaWx5X25hbWUiOiJNaW4iLCJJczJGQUVuYWJsZWQiOiJmYWxzZSIsInJvbGUiOiJBZG1pbmlzdHJhdG9yIiwibmJmIjoxNzQ5NDI1MDg3LCJleHAiOjE3NDk0MjY4ODcsImlhdCI6MTc0OTQyNTA4NywiaXNzIjoic2VsZiJ9.EWownNWzcPnV33i8vaydtvAL5CZU783JDW63AkqIo4M, refreshToken=eyJhbGciOiJIUzI1NiIsInR5cCI6IkpXVCJ9.eyJVc2VySWQiOiI4NjdiMzQyZS01ZDlhLTQ4NGMtYTJkYi0zZmQwOGEwZGZlYWYiLCJuYmYiOjE3NDk0MjUwODcsImV4cCI6MTc0OTQyNjg4NywiaWF0IjoxNzQ5NDI1MDg3LCJpc3MiOiJzZWxmIn0.tU7CoxFeu8hMWU5hfFZYQYiiWnv2lkiIN8SYgmvHbZg, email=Admin, username=Ad, firstName=Ad, lastName=Min, photoUrl=null, role=administrator, certifications=[], points=0, totalHours=0.0, totalDistance=0, sessionsCompleted=0, incidentsReported=0, lastMedicalCheck=null, lastLogin=1749425087149, isActive=true, isApproved=true, password=Admin, businessId=200dd110-d7f4-421f-8263-9265c85e8315, siteId=null, systemOwnerId=null)
2025-06-08 18:25:13.221 14647-14737 GOServicesManager       app.forku                            D  Using cached CSRF token and cookie
2025-06-08 18:25:13.221 14647-14737 appflow VehicleRepo     app.forku                            D  Making optimized API call with include parameter...
2025-06-08 18:25:13.236 14647-14811 appflow AuthInterceptor app.forku                            D  Starting request interception:
                                                                                                    - URL: https://godev.collectiveintelligence.com.au/forkuapp-de6b98b5-4402-4a8f-891b-70b3591df162/api/vehicle/byid/c20c315c-6d60-4c9b-aa98-0718d70c6f7f?include=VehicleSessionItems%2CChecklistAnswerItems%2CVehicleType
                                                                                                    - Method: GET
2025-06-08 18:25:13.236 14647-14811 AuthDataStore           app.forku                            D  Getting cached application token: eyJhbGciOi
2025-06-08 18:25:13.236 14647-14811 GOServicesManager       app.forku                            D  Getting CSRF token... forceRefresh=false
2025-06-08 18:25:13.242 14647-14811 GOServicesManager       app.forku                            D  Using cached CSRF token and cookie
2025-06-08 18:25:13.243 14647-14811 appflow AuthInterceptor app.forku                            W  Invalid Antiforgery cookie format: .AspNetCore.Antiforgery._bj8tIMu5EI=CfDJ8NI0kPAAx9FHpBw9-eO_XbsP0ORciU5YMITd6Sc4RcRy0EwKjj8inNRiuZs--Bv18E628ghR6rcEGnnu4Nen9kwUixiwkGXgP4SyZxz8Ojf5Ey2DAb7KWXpSuCard8GEhBDFi5pReR6SUxj57ZMQtx0; path=/forkuapp-de6b98b5-4402-4a8f-891b-70b3591df162; samesite=strict; httponly
2025-06-08 18:25:13.244 14647-14811 okhttp.OkHttpClient     app.forku                            I  --> GET https://godev.collectiveintelligence.com.au/forkuapp-de6b98b5-4402-4a8f-891b-70b3591df162/api/vehicle/byid/c20c315c-6d60-4c9b-aa98-0718d70c6f7f?include=VehicleSessionItems%2CChecklistAnswerItems%2CVehicleType
2025-06-08 18:25:13.393 14647-14647 VehiclePro...creenDebug app.forku                            D  vehicle=null, isLoading=true, error=null
2025-06-08 18:25:13.394 14647-14647 VehicleProfileScreen    app.forku                            D  User role: administrator
2025-06-08 18:25:13.396 14647-14647 VehicleProfileVM_Debug  app.forku                            D  User details before determining effectiveBusinessId: Role=administrator, UserBusinessId=null, NavBusinessId=200dd110-d7f4-421f-8263-9265c85e8315
2025-06-08 18:25:13.396 14647-14647 VehicleProfileVM_Debug  app.forku                            D  Determined effectiveBusinessId: 200dd110-d7f4-421f-8263-9265c85e8315 based on Role=administrator
2025-06-08 18:25:13.396 14647-14647 VehicleProfileVM        app.forku                            D  Attempting to load vehicle c20c315c-6d60-4c9b-aa98-0718d70c6f7f with optimized API call
2025-06-08 18:25:13.397 14647-14647 appflow                 app.forku                            D  VehicleProfileScreen LaunchedEffect state.hasActivePreShiftCheck: false
2025-06-08 18:25:13.398 14647-14647 appflow                 app.forku                            D  VehicleProfileScreen LaunchedEffect state.hasActiveSession: false
2025-06-08 18:25:13.398 14647-14647 appflow                 app.forku                            D  VehicleProfileScreen LaunchedEffect state.vehicle.businessId: null
2025-06-08 18:25:13.398 14647-14647 appflow                 app.forku                            D  VehicleProfileScreen LaunchedEffect state.vehicle.codename: null
2025-06-08 18:25:13.398 14647-14647 appflow                 app.forku                            D  VehicleProfileScreen LaunchedEffect state.vehicle?.status?.name: null
2025-06-08 18:25:13.398 14647-14737 appflow VehicleRepo     app.forku                            D  getVehicleWithOptimizedData called with id=c20c315c-6d60-4c9b-aa98-0718d70c6f7f, businessId=200dd110-d7f4-421f-8263-9265c85e8315
2025-06-08 18:25:13.398 14647-14737 GOServicesManager       app.forku                            D  Getting CSRF token... forceRefresh=false
2025-06-08 18:25:13.406 14647-14737 GOServicesManager       app.forku                            D  Using cached CSRF token and cookie
2025-06-08 18:25:13.406 14647-14737 appflow VehicleRepo     app.forku                            D  Making optimized API call with include parameter...
2025-06-08 18:25:13.425 14647-14927 appflow AuthInterceptor app.forku                            D  Starting request interception:
                                                                                                    - URL: https://godev.collectiveintelligence.com.au/forkuapp-de6b98b5-4402-4a8f-891b-70b3591df162/api/vehicle/byid/c20c315c-6d60-4c9b-aa98-0718d70c6f7f?include=VehicleSessionItems%2CChecklistAnswerItems%2CVehicleType
                                                                                                    - Method: GET
2025-06-08 18:25:13.425 14647-14927 AuthDataStore           app.forku                            D  Getting cached application token: eyJhbGciOi
2025-06-08 18:25:13.425 14647-14927 GOServicesManager       app.forku                            D  Getting CSRF token... forceRefresh=false
2025-06-08 18:25:13.431 14647-14927 GOServicesManager       app.forku                            D  Using cached CSRF token and cookie
2025-06-08 18:25:13.432 14647-14927 appflow AuthInterceptor app.forku                            W  Invalid Antiforgery cookie format: .AspNetCore.Antiforgery._bj8tIMu5EI=CfDJ8NI0kPAAx9FHpBw9-eO_XbsP0ORciU5YMITd6Sc4RcRy0EwKjj8inNRiuZs--Bv18E628ghR6rcEGnnu4Nen9kwUixiwkGXgP4SyZxz8Ojf5Ey2DAb7KWXpSuCard8GEhBDFi5pReR6SUxj57ZMQtx0; path=/forkuapp-de6b98b5-4402-4a8f-891b-70b3591df162; samesite=strict; httponly
2025-06-08 18:25:13.433 14647-14927 okhttp.OkHttpClient     app.forku                            I  --> GET https://godev.collectiveintelligence.com.au/forkuapp-de6b98b5-4402-4a8f-891b-70b3591df162/api/vehicle/byid/c20c315c-6d60-4c9b-aa98-0718d70c6f7f?include=VehicleSessionItems%2CChecklistAnswerItems%2CVehicleType
2025-06-08 18:25:13.504 14647-14647 VehicleItem_Debug       app.forku                            D  === Vehicle Big Joe Checklist Debug ===
2025-06-08 18:25:13.504 14647-14647 VehicleItem_Debug       app.forku                            D  ChecklistAnswer ID: 9dcb2439-4c39-4dfb-9d56-0c042f1201eb
2025-06-08 18:25:13.504 14647-14647 VehicleItem_Debug       app.forku                            D  ChecklistAnswer status (Int): 2
2025-06-08 18:25:13.505 14647-14647 VehicleItem_Debug       app.forku                            D  ChecklistAnswer lastCheckDateTime: 2025-05-25T14:46:00.13+00:00
2025-06-08 18:25:13.505 14647-14647 VehicleItem_Debug       app.forku                            D  ChecklistAnswer endDateTime: 2025-05-25T14:46:00.13+00:00
2025-06-08 18:25:13.505 14647-14647 VehicleItem_Debug       app.forku                            D  ChecklistAnswer vehicleId: 99216b5e-2ffc-4f76-b9e5-0e9fafcaa125
2025-06-08 18:25:13.505 14647-14647 VehicleItem_Debug       app.forku                            D  StatusEnum: COMPLETED_PASS
2025-06-08 18:25:13.505 14647-14647 VehicleItem_Debug       app.forku                            D  Final statusText: Pass
2025-06-08 18:25:13.505 14647-14647 VehicleItem_Debug       app.forku                            D  === End Vehicle Big Joe Checklist Debug ===
2025-06-08 18:25:13.514 14647-14647 VehicleItem             app.forku                            D  operatorName value: test testy
2025-06-08 18:25:13.514 14647-14647 VehicleItem             app.forku                            D  operatorImage value: null
2025-06-08 18:25:13.526 14647-14647 VehicleItem_Debug       app.forku                            D  === Vehicle Black Sun Checklist Debug ===
2025-06-08 18:25:13.526 14647-14647 VehicleItem_Debug       app.forku                            D  ChecklistAnswer ID: 50ea0a41-c174-4e99-aa8f-b4b690974ab7
2025-06-08 18:25:13.526 14647-14647 VehicleItem_Debug       app.forku                            D  ChecklistAnswer status (Int): 2
2025-06-08 18:25:13.526 14647-14647 VehicleItem_Debug       app.forku                            D  ChecklistAnswer lastCheckDateTime: 2025-06-05T20:30:38.44+00:00
2025-06-08 18:25:13.526 14647-14647 VehicleItem_Debug       app.forku                            D  ChecklistAnswer endDateTime: 2025-06-05T20:30:38.44+00:00
2025-06-08 18:25:13.526 14647-14647 VehicleItem_Debug       app.forku                            D  ChecklistAnswer vehicleId: d4e5135c-bb0d-430b-85d4-ff6b83a00702
2025-06-08 18:25:13.527 14647-14647 VehicleItem_Debug       app.forku                            D  StatusEnum: COMPLETED_PASS
2025-06-08 18:25:13.527 14647-14647 VehicleItem_Debug       app.forku                            D  Final statusText: Pass
2025-06-08 18:25:13.527 14647-14647 VehicleItem_Debug       app.forku                            D  === End Vehicle Black Sun Checklist Debug ===
2025-06-08 18:25:13.540 14647-14647 VehicleItem_Debug       app.forku                            D  === Vehicle Gleason Checklist Debug ===
2025-06-08 18:25:13.540 14647-14647 VehicleItem_Debug       app.forku                            D  ChecklistAnswer ID: 361b683b-c05f-451f-b8b4-01bc5967a580
2025-06-08 18:25:13.540 14647-14647 VehicleItem_Debug       app.forku                            D  ChecklistAnswer status (Int): 1
2025-06-08 18:25:13.540 14647-14647 VehicleItem_Debug       app.forku                            D  ChecklistAnswer lastCheckDateTime: 2025-05-29T20:35:19.327+00:00
2025-06-08 18:25:13.540 14647-14647 VehicleItem_Debug       app.forku                            D  ChecklistAnswer endDateTime: 2025-05-29T20:35:19.327+00:00
2025-06-08 18:25:13.540 14647-14647 VehicleItem_Debug       app.forku                            D  ChecklistAnswer vehicleId: c20c315c-6d60-4c9b-aa98-0718d70c6f7f
2025-06-08 18:25:13.540 14647-14647 VehicleItem_Debug       app.forku                            D  StatusEnum: IN_PROGRESS
2025-06-08 18:25:13.540 14647-14647 VehicleItem_Debug       app.forku                            D  Final statusText: In Progress
2025-06-08 18:25:13.540 14647-14647 VehicleItem_Debug       app.forku                            D  === End Vehicle Gleason Checklist Debug ===
2025-06-08 18:25:13.553 14647-14647 VehicleItem_Debug       app.forku                            D  === Vehicle IceWall Checklist Debug ===
2025-06-08 18:25:13.553 14647-14647 VehicleItem_Debug       app.forku                            D  ChecklistAnswer ID: 57f33022-317e-4e74-9ece-80521d5140e8
2025-06-08 18:25:13.553 14647-14647 VehicleItem_Debug       app.forku                            D  ChecklistAnswer status (Int): 2
2025-06-08 18:25:13.553 14647-14647 VehicleItem_Debug       app.forku                            D  ChecklistAnswer lastCheckDateTime: 2025-06-05T19:14:39.317+00:00
2025-06-08 18:25:13.553 14647-14647 VehicleItem_Debug       app.forku                            D  ChecklistAnswer endDateTime: 2025-06-05T19:14:39.317+00:00
2025-06-08 18:25:13.553 14647-14647 VehicleItem_Debug       app.forku                            D  ChecklistAnswer vehicleId: 9b722053-cd47-45d0-ac4a-197f67fb7629
2025-06-08 18:25:13.553 14647-14647 VehicleItem_Debug       app.forku                            D  StatusEnum: COMPLETED_PASS
2025-06-08 18:25:13.553 14647-14647 VehicleItem_Debug       app.forku                            D  Final statusText: Pass
2025-06-08 18:25:13.553 14647-14647 VehicleItem_Debug       app.forku                            D  === End Vehicle IceWall Checklist Debug ===
2025-06-08 18:25:13.568 14647-14647 VehicleItem_Debug       app.forku                            D  === Vehicle Navigator Checklist Debug ===
2025-06-08 18:25:13.568 14647-14647 VehicleItem_Debug       app.forku                            D  ChecklistAnswer ID: 6b53ad6a-1c16-4307-bafb-04ed5c2b69c9
2025-06-08 18:25:13.568 14647-14647 VehicleItem_Debug       app.forku                            D  ChecklistAnswer status (Int): 1
2025-06-08 18:25:13.568 14647-14647 VehicleItem_Debug       app.forku                            D  ChecklistAnswer lastCheckDateTime: 2025-05-31T02:46:13.62+00:00
2025-06-08 18:25:13.568 14647-14647 VehicleItem_Debug       app.forku                            D  ChecklistAnswer endDateTime: 2025-05-31T02:46:13.62+00:00
2025-06-08 18:25:13.568 14647-14647 VehicleItem_Debug       app.forku                            D  ChecklistAnswer vehicleId: 412278b5-0a15-43ad-862e-b83a9aa921a9
2025-06-08 18:25:13.569 14647-14647 VehicleItem_Debug       app.forku                            D  StatusEnum: IN_PROGRESS
2025-06-08 18:25:13.569 14647-14647 VehicleItem_Debug       app.forku                            D  Final statusText: In Progress
2025-06-08 18:25:13.569 14647-14647 VehicleItem_Debug       app.forku                            D  === End Vehicle Navigator Checklist Debug ===
2025-06-08 18:25:13.623 14647-14652 app.forku               app.forku                            I  Compiler allocated 7760KB to compile void app.forku.presentation.vehicle.list.VehicleItemKt.VehicleItem(app.forku.domain.model.vehicle.Vehicle, app.forku.domain.model.user.UserRole, app.forku.domain.model.session.VehicleSessionInfo, boolean, app.forku.presentation.vehicle.list.StatusChipConfig, app.forku.presentation.vehicle.list.VehicleItemTextConfigs, app.forku.domain.model.checklist.PreShiftCheck, coil.ImageLoader, app.forku.domain.model.checklist.ChecklistAnswer, kotlin.jvm.functions.Function0, androidx.compose.runtime.Composer, int, int)
2025-06-08 18:25:13.633 14647-14647 VehiclePro...creenDebug app.forku                            D  vehicle=null, isLoading=false, error=null
2025-06-08 18:25:13.683 14647-14811 okhttp.OkHttpClient     app.forku                            I  <-- 200 https://godev.collectiveintelligence.com.au/forkuapp-de6b98b5-4402-4a8f-891b-70b3591df162/api/vehicle/byid/c20c315c-6d60-4c9b-aa98-0718d70c6f7f?include=VehicleSessionItems%2CChecklistAnswerItems%2CVehicleType (437ms, unknown-length body)
2025-06-08 18:25:13.730 14647-14737 appflow VehicleRepo     app.forku                            D  Successfully fetched vehicle with included data
2025-06-08 18:25:13.730 14647-14737 VehicleMapper           app.forku                            D  === Mapping VehicleDto with included data ===
2025-06-08 18:25:13.730 14647-14737 VehicleMapper           app.forku                            D  Vehicle ID: c20c315c-6d60-4c9b-aa98-0718d70c6f7f
2025-06-08 18:25:13.730 14647-14737 VehicleMapper           app.forku                            D  VehicleSessionItems count: 8
2025-06-08 18:25:13.730 14647-14737 VehicleMapper           app.forku                            D  ChecklistAnswerItems count: 66
2025-06-08 18:25:13.731 14647-14737 VehicleMapper           app.forku                            D  Processing session: 4a1c5363-0072-4b64-81d0-16486f2379a7, Status: 1, UserId: 11717300-cb52-4e87-bae9-d5a4a8323e5e
2025-06-08 18:25:13.731 14647-14737 VehicleSessionMapper    app.forku                            D  Mapping session 4a1c5363-0072-4b64-81d0-16486f2379a7 - GOUser present: false, Vehicle present: false
2025-06-08 18:25:13.731 14647-14737 VehicleSessionMapper    app.forku                            W  No GOUser data included for session 4a1c5363-0072-4b64-81d0-16486f2379a7
2025-06-08 18:25:13.731 14647-14737 VehicleSessionMapper    app.forku                            W  No Vehicle data included for session 4a1c5363-0072-4b64-81d0-16486f2379a7
2025-06-08 18:25:13.731 14647-14737 VehicleSessionMapper    app.forku                            D  Mapped session 4a1c5363-0072-4b64-81d0-16486f2379a7 - operatorName: Unknown, vehicleName: Unknown
2025-06-08 18:25:13.731 14647-14737 VehicleMapper           app.forku                            D  Processing session: efe1908c-01e7-4887-9496-374f2b02b020, Status: 1, UserId: 11717300-cb52-4e87-bae9-d5a4a8323e5e
2025-06-08 18:25:13.731 14647-14737 VehicleSessionMapper    app.forku                            D  Mapping session efe1908c-01e7-4887-9496-374f2b02b020 - GOUser present: false, Vehicle present: false
2025-06-08 18:25:13.731 14647-14737 VehicleSessionMapper    app.forku                            W  No GOUser data included for session efe1908c-01e7-4887-9496-374f2b02b020
2025-06-08 18:25:13.732 14647-14737 VehicleSessionMapper    app.forku                            W  No Vehicle data included for session efe1908c-01e7-4887-9496-374f2b02b020
2025-06-08 18:25:13.732 14647-14737 VehicleSessionMapper    app.forku                            D  Mapped session efe1908c-01e7-4887-9496-374f2b02b020 - operatorName: Unknown, vehicleName: Unknown
2025-06-08 18:25:13.732 14647-14737 VehicleMapper           app.forku                            D  Processing session: b4449958-804b-4f33-9ec1-a0f90dbf63ed, Status: 1, UserId: 11717300-cb52-4e87-bae9-d5a4a8323e5e
2025-06-08 18:25:13.732 14647-14737 VehicleSessionMapper    app.forku                            D  Mapping session b4449958-804b-4f33-9ec1-a0f90dbf63ed - GOUser present: false, Vehicle present: false
2025-06-08 18:25:13.732 14647-14737 VehicleSessionMapper    app.forku                            W  No GOUser data included for session b4449958-804b-4f33-9ec1-a0f90dbf63ed
2025-06-08 18:25:13.732 14647-14737 VehicleSessionMapper    app.forku                            W  No Vehicle data included for session b4449958-804b-4f33-9ec1-a0f90dbf63ed
2025-06-08 18:25:13.732 14647-14737 VehicleSessionMapper    app.forku                            D  Mapped session b4449958-804b-4f33-9ec1-a0f90dbf63ed - operatorName: Unknown, vehicleName: Unknown
2025-06-08 18:25:13.732 14647-14737 VehicleMapper           app.forku                            D  Processing session: 1a253685-46df-4ce0-aa86-a9527cab962b, Status: 1, UserId: 867b342e-5d9a-484c-a2db-3fd08a0dfeaf
2025-06-08 18:25:13.732 14647-14737 VehicleSessionMapper    app.forku                            D  Mapping session 1a253685-46df-4ce0-aa86-a9527cab962b - GOUser present: false, Vehicle present: false
2025-06-08 18:25:13.732 14647-14737 VehicleSessionMapper    app.forku                            W  No GOUser data included for session 1a253685-46df-4ce0-aa86-a9527cab962b
2025-06-08 18:25:13.732 14647-14737 VehicleSessionMapper    app.forku                            W  No Vehicle data included for session 1a253685-46df-4ce0-aa86-a9527cab962b
2025-06-08 18:25:13.732 14647-14737 VehicleSessionMapper    app.forku                            D  Mapped session 1a253685-46df-4ce0-aa86-a9527cab962b - operatorName: Unknown, vehicleName: Unknown
2025-06-08 18:25:13.732 14647-14737 VehicleMapper           app.forku                            D  Processing session: c1bfa01c-d977-4dda-9a50-deff6d159b0a, Status: 1, UserId: 867b342e-5d9a-484c-a2db-3fd08a0dfeaf
2025-06-08 18:25:13.732 14647-14737 VehicleSessionMapper    app.forku                            D  Mapping session c1bfa01c-d977-4dda-9a50-deff6d159b0a - GOUser present: false, Vehicle present: false
2025-06-08 18:25:13.733 14647-14737 VehicleSessionMapper    app.forku                            W  No GOUser data included for session c1bfa01c-d977-4dda-9a50-deff6d159b0a
2025-06-08 18:25:13.733 14647-14737 VehicleSessionMapper    app.forku                            W  No Vehicle data included for session c1bfa01c-d977-4dda-9a50-deff6d159b0a
2025-06-08 18:25:13.733 14647-14737 VehicleSessionMapper    app.forku                            D  Mapped session c1bfa01c-d977-4dda-9a50-deff6d159b0a - operatorName: Unknown, vehicleName: Unknown
2025-06-08 18:25:13.733 14647-14737 VehicleMapper           app.forku                            D  Processing session: 4b75b486-46d8-4592-a4c3-edb9bd8c891f, Status: 1, UserId: 867b342e-5d9a-484c-a2db-3fd08a0dfeaf
2025-06-08 18:25:13.733 14647-14737 VehicleSessionMapper    app.forku                            D  Mapping session 4b75b486-46d8-4592-a4c3-edb9bd8c891f - GOUser present: false, Vehicle present: false
2025-06-08 18:25:13.733 14647-14737 VehicleSessionMapper    app.forku                            W  No GOUser data included for session 4b75b486-46d8-4592-a4c3-edb9bd8c891f
2025-06-08 18:25:13.733 14647-14737 VehicleSessionMapper    app.forku                            W  No Vehicle data included for session 4b75b486-46d8-4592-a4c3-edb9bd8c891f
2025-06-08 18:25:13.733 14647-14737 VehicleSessionMapper    app.forku                            D  Mapped session 4b75b486-46d8-4592-a4c3-edb9bd8c891f - operatorName: Unknown, vehicleName: Unknown
