2025-07-19 17:10:07.502 28814-30323 okhttp.OkHttpClient     app.forku                            I  <-- 200 https://godev.collectiveintelligence.com.au/forkuapp-de6b98b5-4402-4a8f-891b-70b3591df162/api/gouser/byid/d139312d-3d82-4a47-8f1f-b9e1fc380d27?include=UserRoleItems%2CUserBusinesses%2CUserSiteItems (497ms, unknown-length body)
2025-07-19 17:10:07.505 28814-30323 UserDto                 app.forku                            D  Initializing UserDto with picture: null
2025-07-19 17:10:07.506 28814-30317 okhttp.OkHttpClient     app.forku                            I  <-- 200 https://godev.collectiveintelligence.com.au/forkuapp-de6b98b5-4402-4a8f-891b-70b3591df162/api/gouser/byid/d139312d-3d82-4a47-8f1f-b9e1fc380d27?include=UserRoleItems%2CUserBusinesses%2CUserSiteItems (520ms, unknown-length body)
2025-07-19 17:10:07.508 28814-30317 UserDto                 app.forku                            D  Initializing UserDto with picture: null
2025-07-19 17:10:07.510 28814-29043 appflow UserRepository  app.forku                            D  User preferences status:
2025-07-19 17:10:07.510 28814-29043 appflow UserRepository  app.forku                            D    Has UserPreferencesId: true
2025-07-19 17:10:07.510 28814-29043 appflow UserRepository  app.forku                            D    UserPreferencesId: 0f8280cf-a51d-4890-8eae-5bb442593375
2025-07-19 17:10:07.510 28814-29043 appflow UserRepository  app.forku                            D  Fetching UserPreferences by ID: 0f8280cf-a51d-4890-8eae-5bb442593375
2025-07-19 17:10:07.510 28814-29043 GOServicesManager       app.forku                            D  Getting CSRF token... forceRefresh=false
2025-07-19 17:10:07.510 28814-29043 GOServicesManager       app.forku                            D  Using cached CSRF token and cookie
2025-07-19 17:10:07.516 28814-29043 UserRepository          app.forku                            D  API response code: 200
2025-07-19 17:10:07.516 28814-29043 UserRepository          app.forku                            D  Received user DTO: id=d139312d-3d82-4a47-8f1f-b9e1fc380d27, userRoleItems count: 2, userBusinesses count: 1, userSiteItems count: 0
2025-07-19 17:10:07.516 28814-29043 UserMapper              app.forku                            D  === Mapping UserDto to User ===
2025-07-19 17:10:07.516 28814-29043 UserMapper              app.forku                            D  User ID: d139312d-3d82-4a47-8f1f-b9e1fc380d27
2025-07-19 17:10:07.516 28814-29043 UserMapper              app.forku                            D  User fullName: NoBusinessUser NoSiteUserAsWell
2025-07-19 17:10:07.516 28814-29043 UserMapper              app.forku                            D  User username: NoBusinessUser
2025-07-19 17:10:07.516 28814-29043 UserMapper              app.forku                            D  UserRoleItems count: 2
2025-07-19 17:10:07.516 28814-29043 UserMapper              app.forku                            D  Raw userRoleItems data: [GOUserRoleDto(GOUserId=d139312d-3d82-4a47-8f1f-b9e1fc380d27, gORoleName=Administrator, isActive=false, isMarkedForDeletion=false, isDirty=true, internalObjectId=null), GOUserRoleDto(GOUserId=d139312d-3d82-4a47-8f1f-b9e1fc380d27, gORoleName=User, isActive=false, isMarkedForDeletion=false, isDirty=true, internalObjectId=null)]
2025-07-19 17:10:07.517 28814-29043 UserMapper              app.forku                            D  Role 0: userId=d139312d-3d82-4a47-8f1f-b9e1fc380d27, roleName=Administrator, isActive=false
2025-07-19 17:10:07.517 28814-29043 UserMapper              app.forku                            D  Role 1: userId=d139312d-3d82-4a47-8f1f-b9e1fc380d27, roleName=User, isActive=false
2025-07-19 17:10:07.517 28814-29043 UserMapper              app.forku                            D  Using UserRoleManager.getEffectiveRole for proper priority handling
2025-07-19 17:10:07.517 28814-29043 UserRoleManager         app.forku                            D  === Determining Effective Role ===
2025-07-19 17:10:07.517 28814-29043 UserRoleManager         app.forku                            D  User: null (null)
2025-07-19 17:10:07.517 28814-29043 UserRoleManager         app.forku                            D  User general role: null
2025-07-19 17:10:07.517 28814-29043 UserRoleManager         app.forku                            D  UserRoleItems count: 2
2025-07-19 17:10:07.517 28814-29043 UserRoleManager         app.forku                            D  Business role: null
2025-07-19 17:10:07.517 28814-29043 UserRoleManager         app.forku                            D  Business context: null
2025-07-19 17:10:07.517 28814-29043 UserRoleManager         app.forku                            D  --- Analyzing UserRoleItems with Priority Logic ---
2025-07-19 17:10:07.517 28814-29043 UserRoleManager         app.forku                            D  Role 0: Administrator, active: false
2025-07-19 17:10:07.517 28814-29043 UserRoleManager         app.forku                            D  Role 1: User, active: false
2025-07-19 17:10:07.517 28814-29043 UserRoleManager         app.forku                            D  === Converting role string ===
2025-07-19 17:10:07.518 28814-29043 UserRoleManager         app.forku                            D  Input roleString: 'Administrator'
2025-07-19 17:10:07.518 28814-29043 UserRoleManager         app.forku                            D  Default role: operator
2025-07-19 17:10:07.518 28814-29043 UserRoleManager         app.forku                            D  Normalized role string: 'administrator'
2025-07-19 17:10:07.518 28814-29043 UserRoleManager         app.forku                            D  Final conversion result: administrator
2025-07-19 17:10:07.518 28814-29043 UserRoleManager         app.forku                            D  Found priority role (may be inactive): Administrator -> administrator
2025-07-19 17:10:07.518 28814-29043 UserRoleManager         app.forku                            D  ✅ Using UserRoleItems role: administrator
2025-07-19 17:10:07.518 28814-29043 UserMapper              app.forku                            D  Final mapped role for user d139312d-3d82-4a47-8f1f-b9e1fc380d27: admin
2025-07-19 17:10:07.518 28814-29043 UserMapper              app.forku                            D  UserBusinesses: [UserBusinessDto(businessId=dcd930f6-6d66-4990-8837-a6c1e96a8256, siteId=null, goUserId=d139312d-3d82-4a47-8f1f-b9e1fc380d27, isDirty=true)]
2025-07-19 17:10:07.518 28814-29043 UserMapper              app.forku                            D  Resolved businessId: dcd930f6-6d66-4990-8837-a6c1e96a8256
2025-07-19 17:10:07.518 28814-29043 UserMapper              app.forku                            D  Processing user photo: id=d139312d-3d82-4a47-8f1f-b9e1fc380d27, picture=, pictureInternalName=null
2025-07-19 17:10:07.518 28814-29043 UserMapper              app.forku                            D  No picture field or it's blank, setting photoUrl to null
2025-07-19 17:10:07.518 28814-29043 UserMapper              app.forku                            D  Final user mapping: id=d139312d-3d82-4a47-8f1f-b9e1fc380d27, photoUrl=null, role=administrator
2025-07-19 17:10:07.519 28814-29043 UserRepository          app.forku                            D  Mapped user: id=d139312d-3d82-4a47-8f1f-b9e1fc380d27, role=administrator, businessId=dcd930f6-6d66-4990-8837-a6c1e96a8256, siteId=null, photoUrl=null
2025-07-19 17:10:07.519 28814-30323 appflow AuthInterceptor app.forku                            D  Starting request interception:
                                                                                                    - URL: https://godev.collectiveintelligence.com.au/forkuapp-de6b98b5-4402-4a8f-891b-70b3591df162/api/userpreferences/byid/0f8280cf-a51d-4890-8eae-5bb442593375
                                                                                                    - Method: GET
2025-07-19 17:10:07.520 28814-30323 AuthDataStore           app.forku                            D  Getting cached application token: eyJhbGciOi
2025-07-19 17:10:07.520 28814-30323 GOServicesManager       app.forku                            D  Getting CSRF token... forceRefresh=false
2025-07-19 17:10:07.520 28814-30323 GOServicesManager       app.forku                            D  Using cached CSRF token and cookie
2025-07-19 17:10:07.521 28814-30323 appflow AuthInterceptor app.forku                            D  🔍 Added ApplicationToken and BearerToken to cookie
2025-07-19 17:10:07.521 28814-30323 appflow AuthInterceptor app.forku                            D  🔍 Added cleaned Antiforgery cookie: .AspNetCore.Antiforgery._bj8tIMu5EI=CfDJ8Fg4pSr8Do...
2025-07-19 17:10:07.521 28814-30323 appflow AuthInterceptor app.forku                            D  🔍 Final cookie string length: 994
2025-07-19 17:10:07.522 28814-30323 okhttp.OkHttpClient     app.forku                            I  --> GET https://godev.collectiveintelligence.com.au/forkuapp-de6b98b5-4402-4a8f-891b-70b3591df162/api/userpreferences/byid/0f8280cf-a51d-4890-8eae-5bb442593375
2025-07-19 17:10:07.525 28814-28814 VehicleProfileVM        app.forku                            D  Optimized data loaded:
                                                                                                    - Vehicle: Other Site Vehicle
                                                                                                    - Active session: null
                                                                                                    - Last session: 1cfc8261-ce3e-4c9b-ae47-9b4a3c737347
                                                                                                    - Last checklist: 90e74532-4bc1-44fc-a35d-206ff290750a
                                                                                                    - Active operator: null
                                                                                                    - Last operator: NoBusinessUser NoSiteUserAsWell
                                                                                                    - Last checklist operator: NoBusinessUser NoSiteUserAsWell
2025-07-19 17:10:07.542 28814-28814 HourMeterValidator      app.forku                            D  🔍 Validating hour meter update: new='8.3', current='8,3', allowEqual=false
2025-07-19 17:10:07.542 28814-28814 HourMeterValidator      app.forku                            D  ✅ Parsed '8.3' as 8.3 (dot format)
2025-07-19 17:10:07.543 28814-28814 HourMeterValidator      app.forku                            D  ✅ Parsed '8,3' as 8.3 (comma format normalized to '8.3')
2025-07-19 17:10:07.543 28814-28814 HourMeterValidator      app.forku                            W  ❌ Hour meter value must increase. Current value is already 8.3.
2025-07-19 17:10:07.556 28814-28814 VehicleProfileScreen    app.forku                            D  === 🎯 MENU DEBUG ===
2025-07-19 17:10:07.556 28814-28814 VehicleProfileScreen    app.forku                            D  userRole: administrator
2025-07-19 17:10:07.557 28814-28814 VehicleProfileScreen    app.forku                            D  shouldShowMenu: true
2025-07-19 17:10:07.557 28814-28814 VehicleProfileScreen    app.forku                            D  vehicle?.status: AVAILABLE
2025-07-19 17:10:07.557 28814-28814 VehicleProfileScreen    app.forku                            D  state.hasActiveSession: false
2025-07-19 17:10:07.557 28814-28814 VehicleProfileScreen    app.forku                            D  state.hasActivePreShiftCheck: true
2025-07-19 17:10:07.557 28814-28814 VehicleProfileScreen    app.forku                            D  isVehicleOutOfService: false
2025-07-19 17:10:07.557 28814-28814 VehicleProfileScreen    app.forku                            D  ========================
2025-07-19 17:10:07.560 28814-28814 VehicleProfileScreen    app.forku                            D  🔧 Adding ADMIN options
2025-07-19 17:10:07.562 28814-28814 VehicleProfileScreen    app.forku                            D  🔧 Adding checklist option: 'Continue Checklist', enabled: false
2025-07-19 17:10:07.562 28814-28814 VehicleProfileScreen    app.forku                            D     - vehicle?.status == VehicleStatus.AVAILABLE: true
2025-07-19 17:10:07.563 28814-28814 VehicleProfileScreen    app.forku                            D     - !state.hasActiveSession: true
2025-07-19 17:10:07.563 28814-28814 VehicleProfileScreen    app.forku                            D     - canShowStartChecklist: false
2025-07-19 17:10:07.563 28814-28814 VehicleProfileScreen    app.forku                            D  🎯 Rendering OptionsDropdownMenu with 3 options
2025-07-19 17:10:07.564 28814-28814 VehicleProfileScreen    app.forku                            D    [0] Change Vehicle Status - enabled: true
2025-07-19 17:10:07.564 28814-28814 VehicleProfileScreen    app.forku                            D    [1] Update Hour Meter - enabled: true
2025-07-19 17:10:07.564 28814-28814 VehicleProfileScreen    app.forku                            D    [2] Show QR Code - enabled: true
2025-07-19 17:10:07.770 28814-30322 okhttp.OkHttpClient     app.forku                            I  <-- 200 https://godev.collectiveintelligence.com.au/forkuapp-de6b98b5-4402-4a8f-891b-70b3591df162/api/gouser/byid/d139312d-3d82-4a47-8f1f-b9e1fc380d27?include=UserRoleItems%2CUserBusinesses%2CUserSiteItems (455ms, unknown-length body)
2025-07-19 17:10:07.772 28814-30322 UserDto                 app.forku                            D  Initializing UserDto with picture: null
2025-07-19 17:10:07.773 28814-30317 appflow AuthInterceptor app.forku                            D  Starting request interception:
                                                                                                    - URL: https://godev.collectiveintelligence.com.au/forkuapp-de6b98b5-4402-4a8f-891b-70b3591df162/api/vehicle/file/7c9f56bf-deed-4be4-b046-17fef34ecf7e/Picture?t=%LASTEDITEDTIME%
                                                                                                    - Method: GET
2025-07-19 17:10:07.773 28814-30317 AuthDataStore           app.forku                            D  Getting cached application token: eyJhbGciOi
2025-07-19 17:10:07.773 28814-30317 GOServicesManager       app.forku                            D  Getting CSRF token... forceRefresh=false
2025-07-19 17:10:07.773 28814-30317 GOServicesManager       app.forku                            D  Using cached CSRF token and cookie
2025-07-19 17:10:07.774 28814-30317 appflow AuthInterceptor app.forku                            D  🔍 Added ApplicationToken and BearerToken to cookie
2025-07-19 17:10:07.774 28814-30317 appflow AuthInterceptor app.forku                            D  🔍 Added cleaned Antiforgery cookie: .AspNetCore.Antiforgery._bj8tIMu5EI=CfDJ8Fg4pSr8Do...
2025-07-19 17:10:07.774 28814-30317 appflow AuthInterceptor app.forku                            D  🔍 Final cookie string length: 994
2025-07-19 17:10:07.775 28814-30317 okhttp.OkHttpClient     app.forku                            I  --> GET https://godev.collectiveintelligence.com.au/forkuapp-de6b98b5-4402-4a8f-891b-70b3591df162/api/vehicle/file/7c9f56bf-deed-4be4-b046-17fef34ecf7e/Picture?t=%LASTEDITEDTIME%
2025-07-19 17:10:07.787 28814-29043 UserRepository          app.forku                            D  API response code: 200
2025-07-19 17:10:07.788 28814-29043 UserRepository          app.forku                            D  Received user DTO: id=d139312d-3d82-4a47-8f1f-b9e1fc380d27, userRoleItems count: 2, userBusinesses count: 1, userSiteItems count: 0
2025-07-19 17:10:07.788 28814-29043 UserMapper              app.forku                            D  === Mapping UserDto to User ===
2025-07-19 17:10:07.788 28814-29043 UserMapper              app.forku                            D  User ID: d139312d-3d82-4a47-8f1f-b9e1fc380d27
2025-07-19 17:10:07.788 28814-29043 UserMapper              app.forku                            D  User fullName: NoBusinessUser NoSiteUserAsWell
2025-07-19 17:10:07.788 28814-29043 UserMapper              app.forku                            D  User username: NoBusinessUser
2025-07-19 17:10:07.788 28814-29043 UserMapper              app.forku                            D  UserRoleItems count: 2
2025-07-19 17:10:07.788 28814-29043 UserMapper              app.forku                            D  Raw userRoleItems data: [GOUserRoleDto(GOUserId=d139312d-3d82-4a47-8f1f-b9e1fc380d27, gORoleName=Administrator, isActive=false, isMarkedForDeletion=false, isDirty=true, internalObjectId=null), GOUserRoleDto(GOUserId=d139312d-3d82-4a47-8f1f-b9e1fc380d27, gORoleName=User, isActive=false, isMarkedForDeletion=false, isDirty=true, internalObjectId=null)]
2025-07-19 17:10:07.788 28814-29043 UserMapper              app.forku                            D  Role 0: userId=d139312d-3d82-4a47-8f1f-b9e1fc380d27, roleName=Administrator, isActive=false
2025-07-19 17:10:07.788 28814-29043 UserMapper              app.forku                            D  Role 1: userId=d139312d-3d82-4a47-8f1f-b9e1fc380d27, roleName=User, isActive=false
2025-07-19 17:10:07.788 28814-29043 UserMapper              app.forku                            D  Using UserRoleManager.getEffectiveRole for proper priority handling
2025-07-19 17:10:07.788 28814-29043 UserRoleManager         app.forku                            D  === Determining Effective Role ===
2025-07-19 17:10:07.788 28814-29043 UserRoleManager         app.forku                            D  User: null (null)
2025-07-19 17:10:07.788 28814-29043 UserRoleManager         app.forku                            D  User general role: null
2025-07-19 17:10:07.788 28814-29043 UserRoleManager         app.forku                            D  UserRoleItems count: 2
2025-07-19 17:10:07.789 28814-29043 UserRoleManager         app.forku                            D  Business role: null
2025-07-19 17:10:07.789 28814-29043 UserRoleManager         app.forku                            D  Business context: null
2025-07-19 17:10:07.789 28814-29043 UserRoleManager         app.forku                            D  --- Analyzing UserRoleItems with Priority Logic ---
2025-07-19 17:10:07.789 28814-29043 UserRoleManager         app.forku                            D  Role 0: Administrator, active: false
2025-07-19 17:10:07.789 28814-29043 UserRoleManager         app.forku                            D  Role 1: User, active: false
2025-07-19 17:10:07.789 28814-29043 UserRoleManager         app.forku                            D  === Converting role string ===
2025-07-19 17:10:07.789 28814-29043 UserRoleManager         app.forku                            D  Input roleString: 'Administrator'
2025-07-19 17:10:07.789 28814-30633 okhttp.OkHttpClient     app.forku                            I  <-- 200 https://godev.collectiveintelligence.com.au/forkuapp-de6b98b5-4402-4a8f-891b-70b3591df162/api/gouser/byid/d139312d-3d82-4a47-8f1f-b9e1fc380d27?include=UserRoleItems%2CUserBusinesses%2CUserSiteItems (558ms, unknown-length body)
2025-07-19 17:10:07.789 28814-29043 UserRoleManager         app.forku                            D  Default role: operator
2025-07-19 17:10:07.789 28814-29043 UserRoleManager         app.forku                            D  Normalized role string: 'administrator'
2025-07-19 17:10:07.790 28814-29043 UserRoleManager         app.forku                            D  Final conversion result: administrator
2025-07-19 17:10:07.790 28814-29043 UserRoleManager         app.forku                            D  Found priority role (may be inactive): Administrator -> administrator
2025-07-19 17:10:07.790 28814-29043 UserRoleManager         app.forku                            D  ✅ Using UserRoleItems role: administrator
2025-07-19 17:10:07.790 28814-29043 UserMapper              app.forku                            D  Final mapped role for user d139312d-3d82-4a47-8f1f-b9e1fc380d27: admin
2025-07-19 17:10:07.790 28814-29043 UserMapper              app.forku                            D  UserBusinesses: [UserBusinessDto(businessId=dcd930f6-6d66-4990-8837-a6c1e96a8256, siteId=null, goUserId=d139312d-3d82-4a47-8f1f-b9e1fc380d27, isDirty=true)]
2025-07-19 17:10:07.790 28814-29043 UserMapper              app.forku                            D  Resolved businessId: dcd930f6-6d66-4990-8837-a6c1e96a8256
2025-07-19 17:10:07.790 28814-29043 UserMapper              app.forku                            D  Processing user photo: id=d139312d-3d82-4a47-8f1f-b9e1fc380d27, picture=, pictureInternalName=null
2025-07-19 17:10:07.790 28814-29043 UserMapper              app.forku                            D  No picture field or it's blank, setting photoUrl to null
2025-07-19 17:10:07.790 28814-29043 UserMapper              app.forku                            D  Final user mapping: id=d139312d-3d82-4a47-8f1f-b9e1fc380d27, photoUrl=null, role=administrator
2025-07-19 17:10:07.791 28814-29043 UserRepository          app.forku                            D  Mapped user: id=d139312d-3d82-4a47-8f1f-b9e1fc380d27, role=administrator, businessId=dcd930f6-6d66-4990-8837-a6c1e96a8256, siteId=null, photoUrl=null
2025-07-19 17:10:07.792 28814-30633 UserDto                 app.forku                            D  Initializing UserDto with picture: null
2025-07-19 17:10:07.986 28814-28814 VehiclePro...creenDebug app.forku                            D  vehicle=Vehicle(id=7c9f56bf-deed-4be4-b046-17fef34ecf7e, codename=Other Site Vehicle, type=VehicleType(Id=6948c970-bbeb-48d3-bd4c-ce26b2d30993, Name=Light Truck, RequiresCertification=false, VehicleCategoryId=a0f2f612-7a71-479d-9dbf-19369a5a0de3, IsMarkedForDeletion=false, InternalObjectId=0), status=AVAILABLE, model=Test123456, serialNumber=987456321, description=Test, bestSuitedFor=Test, photoModel=, categoryId=a0f2f612-7a71-479d-9dbf-19369a5a0de3, vehicleTypeId=, energyType=DIESEL, energySource=2, energySourceDisplayString=null, nextService=0, currentHourMeter=8,3, hasIssues=false, businessId=dcd930f6-6d66-4990-8837-a6c1e96a8256, siteId=7ecd101b-1f23-442d-bcd6-75be6c5a3e8f, isDirty=true, isNew=true, isMarkedForDeletion=false), isLoading=false, error=null
2025-07-19 17:10:07.986 28814-28814 appflow                 app.forku                            D  VehicleProfileScreen LaunchedEffect state.hasActivePreShiftCheck: true
2025-07-19 17:10:07.986 28814-28814 appflow                 app.forku                            D  VehicleProfileScreen LaunchedEffect state.hasActiveSession: false
2025-07-19 17:10:07.986 28814-28814 appflow                 app.forku                            D  VehicleProfileScreen LaunchedEffect state.vehicle.businessId: dcd930f6-6d66-4990-8837-a6c1e96a8256
2025-07-19 17:10:07.986 28814-28814 appflow                 app.forku                            D  VehicleProfileScreen LaunchedEffect state.vehicle.codename: Other Site Vehicle
2025-07-19 17:10:07.987 28814-28814 appflow                 app.forku                            D  VehicleProfileScreen LaunchedEffect state.vehicle?.status?.name: AVAILABLE
2025-07-19 17:10:07.990 28814-28814 VehicleProfile          app.forku                            D  Fetching last check for vehicle 7c9f56bf-deed-4be4-b046-17fef34ecf7e with business context: dcd930f6-6d66-4990-8837-a6c1e96a8256
2025-07-19 17:10:08.022 28814-29043 UserRepository          app.forku                            D  API response code: 200
2025-07-19 17:10:08.022 28814-29043 UserRepository          app.forku                            D  Received user DTO: id=d139312d-3d82-4a47-8f1f-b9e1fc380d27, userRoleItems count: 2, userBusinesses count: 1, userSiteItems count: 0
2025-07-19 17:10:08.022 28814-29043 UserMapper              app.forku                            D  === Mapping UserDto to User ===
2025-07-19 17:10:08.022 28814-29043 UserMapper              app.forku                            D  User ID: d139312d-3d82-4a47-8f1f-b9e1fc380d27
2025-07-19 17:10:08.022 28814-29043 UserMapper              app.forku                            D  User fullName: NoBusinessUser NoSiteUserAsWell
2025-07-19 17:10:08.022 28814-29043 UserMapper              app.forku                            D  User username: NoBusinessUser
2025-07-19 17:10:08.022 28814-29043 UserMapper              app.forku                            D  UserRoleItems count: 2
2025-07-19 17:10:08.022 28814-29043 UserMapper              app.forku                            D  Raw userRoleItems data: [GOUserRoleDto(GOUserId=d139312d-3d82-4a47-8f1f-b9e1fc380d27, gORoleName=Administrator, isActive=false, isMarkedForDeletion=false, isDirty=true, internalObjectId=null), GOUserRoleDto(GOUserId=d139312d-3d82-4a47-8f1f-b9e1fc380d27, gORoleName=User, isActive=false, isMarkedForDeletion=false, isDirty=true, internalObjectId=null)]
2025-07-19 17:10:08.022 28814-29043 UserMapper              app.forku                            D  Role 0: userId=d139312d-3d82-4a47-8f1f-b9e1fc380d27, roleName=Administrator, isActive=false
2025-07-19 17:10:08.022 28814-29043 UserMapper              app.forku                            D  Role 1: userId=d139312d-3d82-4a47-8f1f-b9e1fc380d27, roleName=User, isActive=false
2025-07-19 17:10:08.022 28814-29043 UserMapper              app.forku                            D  Using UserRoleManager.getEffectiveRole for proper priority handling
2025-07-19 17:10:08.023 28814-29043 UserRoleManager         app.forku                            D  === Determining Effective Role ===
2025-07-19 17:10:08.023 28814-29043 UserRoleManager         app.forku                            D  User: null (null)
2025-07-19 17:10:08.023 28814-29043 UserRoleManager         app.forku                            D  User general role: null
2025-07-19 17:10:08.023 28814-29043 UserRoleManager         app.forku                            D  UserRoleItems count: 2
2025-07-19 17:10:08.023 28814-29043 UserRoleManager         app.forku                            D  Business role: null
2025-07-19 17:10:08.023 28814-29043 UserRoleManager         app.forku                            D  Business context: null
2025-07-19 17:10:08.023 28814-29043 UserRoleManager         app.forku                            D  --- Analyzing UserRoleItems with Priority Logic ---
2025-07-19 17:10:08.023 28814-29043 UserRoleManager         app.forku                            D  Role 0: Administrator, active: false
2025-07-19 17:10:08.023 28814-29043 UserRoleManager         app.forku                            D  Role 1: User, active: false
2025-07-19 17:10:08.023 28814-29043 UserRoleManager         app.forku                            D  === Converting role string ===
2025-07-19 17:10:08.023 28814-29043 UserRoleManager         app.forku                            D  Input roleString: 'Administrator'
2025-07-19 17:10:08.023 28814-29043 UserRoleManager         app.forku                            D  Default role: operator
2025-07-19 17:10:08.024 28814-29043 UserRoleManager         app.forku                            D  Normalized role string: 'administrator'
2025-07-19 17:10:08.024 28814-29043 UserRoleManager         app.forku                            D  Final conversion result: administrator
2025-07-19 17:10:08.024 28814-29043 UserRoleManager         app.forku                            D  Found priority role (may be inactive): Administrator -> administrator
2025-07-19 17:10:08.024 28814-29043 UserRoleManager         app.forku                            D  ✅ Using UserRoleItems role: administrator
2025-07-19 17:10:08.024 28814-29043 UserMapper              app.forku                            D  Final mapped role for user d139312d-3d82-4a47-8f1f-b9e1fc380d27: admin
2025-07-19 17:10:08.024 28814-29043 UserMapper              app.forku                            D  UserBusinesses: [UserBusinessDto(businessId=dcd930f6-6d66-4990-8837-a6c1e96a8256, siteId=null, goUserId=d139312d-3d82-4a47-8f1f-b9e1fc380d27, isDirty=true)]
2025-07-19 17:10:08.024 28814-29043 UserMapper              app.forku                            D  Resolved businessId: dcd930f6-6d66-4990-8837-a6c1e96a8256
2025-07-19 17:10:08.024 28814-29043 UserMapper              app.forku                            D  Processing user photo: id=d139312d-3d82-4a47-8f1f-b9e1fc380d27, picture=, pictureInternalName=null
2025-07-19 17:10:08.024 28814-29043 UserMapper              app.forku                            D  No picture field or it's blank, setting photoUrl to null
2025-07-19 17:10:08.024 28814-29043 UserMapper              app.forku                            D  Final user mapping: id=d139312d-3d82-4a47-8f1f-b9e1fc380d27, photoUrl=null, role=administrator
2025-07-19 17:10:08.025 28814-29043 UserRepository          app.forku                            D  Mapped user: id=d139312d-3d82-4a47-8f1f-b9e1fc380d27, role=administrator, businessId=dcd930f6-6d66-4990-8837-a6c1e96a8256, siteId=null, photoUrl=null
2025-07-19 17:10:08.031 28814-30633 appflow AuthInterceptor app.forku                            D  Starting request interception:
                                                                                                    - URL: https://godev.collectiveintelligence.com.au/forkuapp-de6b98b5-4402-4a8f-891b-70b3591df162/api/checklist/list
                                                                                                    - Method: GET
2025-07-19 17:10:08.032 28814-30633 AuthDataStore           app.forku                            D  Getting cached application token: eyJhbGciOi
2025-07-19 17:10:08.032 28814-30633 GOServicesManager       app.forku                            D  Getting CSRF token... forceRefresh=false
2025-07-19 17:10:08.032 28814-30633 GOServicesManager       app.forku                            D  Using cached CSRF token and cookie
2025-07-19 17:10:08.034 28814-30633 appflow AuthInterceptor app.forku                            D  🔍 Added ApplicationToken and BearerToken to cookie
2025-07-19 17:10:08.034 28814-30633 appflow AuthInterceptor app.forku                            D  🔍 Added cleaned Antiforgery cookie: .AspNetCore.Antiforgery._bj8tIMu5EI=CfDJ8Fg4pSr8Do...
2025-07-19 17:10:08.034 28814-30633 appflow AuthInterceptor app.forku                            D  🔍 Final cookie string length: 994
2025-07-19 17:10:08.036 28814-30633 okhttp.OkHttpClient     app.forku                            I  --> GET https://godev.collectiveintelligence.com.au/forkuapp-de6b98b5-4402-4a8f-891b-70b3591df162/api/checklist/list
2025-07-19 17:10:08.037 28814-30323 okhttp.OkHttpClient     app.forku                            I  <-- 200 https://godev.collectiveintelligence.com.au/forkuapp-de6b98b5-4402-4a8f-891b-70b3591df162/api/userpreferences/byid/0f8280cf-a51d-4890-8eae-5bb442593375 (514ms, unknown-length body)
2025-07-19 17:10:08.043 28814-29043 appflow UserRepository  app.forku                            D  Successfully fetched UserPreferences:
2025-07-19 17:10:08.043 28814-29043 appflow UserRepository  app.forku                            D    Business ID: dcd930f6-6d66-4990-8837-a6c1e96a8256
2025-07-19 17:10:08.043 28814-29043 appflow UserRepository  app.forku                            D    Site ID: 7ecd101b-1f23-442d-bcd6-75be6c5a3e8f
2025-07-19 17:10:08.043 28814-29043 appflow UserRepository  app.forku                            D    Last Selected Business: dcd930f6-6d66-4990-8837-a6c1e96a8256
2025-07-19 17:10:08.043 28814-29043 appflow UserRepository  app.forku                            D    Last Selected Site: 7ecd101b-1f23-442d-bcd6-75be6c5a3e8f
2025-07-19 17:10:08.043 28814-29043 appflow UserRepository  app.forku                            D    Effective context: businessId=dcd930f6-6d66-4990-8837-a6c1e96a8256, siteId=7ecd101b-1f23-442d-bcd6-75be6c5a3e8f
2025-07-19 17:10:08.043 28814-29043 UserMapper              app.forku                            D  === Mapping UserDto to User ===
2025-07-19 17:10:08.043 28814-29043 UserMapper              app.forku                            D  User ID: d139312d-3d82-4a47-8f1f-b9e1fc380d27
2025-07-19 17:10:08.043 28814-29043 UserMapper              app.forku                            D  User fullName: NoBusinessUser NoSiteUserAsWell
2025-07-19 17:10:08.043 28814-29043 UserMapper              app.forku                            D  User username: NoBusinessUser
2025-07-19 17:10:08.043 28814-29043 UserMapper              app.forku                            D  UserRoleItems count: 2
2025-07-19 17:10:08.044 28814-29043 UserMapper              app.forku                            D  Raw userRoleItems data: [GOUserRoleDto(GOUserId=d139312d-3d82-4a47-8f1f-b9e1fc380d27, gORoleName=Administrator, isActive=false, isMarkedForDeletion=false, isDirty=true, internalObjectId=null), GOUserRoleDto(GOUserId=d139312d-3d82-4a47-8f1f-b9e1fc380d27, gORoleName=User, isActive=false, isMarkedForDeletion=false, isDirty=true, internalObjectId=null)]
2025-07-19 17:10:08.044 28814-29043 UserMapper              app.forku                            D  Role 0: userId=d139312d-3d82-4a47-8f1f-b9e1fc380d27, roleName=Administrator, isActive=false
2025-07-19 17:10:08.044 28814-29043 UserMapper              app.forku                            D  Role 1: userId=d139312d-3d82-4a47-8f1f-b9e1fc380d27, roleName=User, isActive=false
2025-07-19 17:10:08.044 28814-29043 UserMapper              app.forku                            D  Using UserRoleManager.getEffectiveRole for proper priority handling
2025-07-19 17:10:08.044 28814-29043 UserRoleManager         app.forku                            D  === Determining Effective Role ===
2025-07-19 17:10:08.044 28814-29043 UserRoleManager         app.forku                            D  User: null (null)
2025-07-19 17:10:08.044 28814-29043 UserRoleManager         app.forku                            D  User general role: null
2025-07-19 17:10:08.044 28814-29043 UserRoleManager         app.forku                            D  UserRoleItems count: 2
2025-07-19 17:10:08.044 28814-29043 UserRoleManager         app.forku                            D  Business role: null
2025-07-19 17:10:08.044 28814-29043 UserRoleManager         app.forku                            D  Business context: null
2025-07-19 17:10:08.044 28814-29043 UserRoleManager         app.forku                            D  --- Analyzing UserRoleItems with Priority Logic ---
2025-07-19 17:10:08.044 28814-29043 UserRoleManager         app.forku                            D  Role 0: Administrator, active: false
2025-07-19 17:10:08.044 28814-29043 UserRoleManager         app.forku                            D  Role 1: User, active: false
2025-07-19 17:10:08.044 28814-29043 UserRoleManager         app.forku                            D  === Converting role string ===
2025-07-19 17:10:08.044 28814-29043 UserRoleManager         app.forku                            D  Input roleString: 'Administrator'
2025-07-19 17:10:08.044 28814-29043 UserRoleManager         app.forku                            D  Default role: operator
2025-07-19 17:10:08.045 28814-29043 UserRoleManager         app.forku                            D  Normalized role string: 'administrator'
2025-07-19 17:10:08.045 28814-29043 UserRoleManager         app.forku                            D  Final conversion result: administrator
2025-07-19 17:10:08.045 28814-29043 UserRoleManager         app.forku                            D  Found priority role (may be inactive): Administrator -> administrator
2025-07-19 17:10:08.045 28814-29043 UserRoleManager         app.forku                            D  ✅ Using UserRoleItems role: administrator
2025-07-19 17:10:08.045 28814-29043 UserMapper              app.forku                            D  Final mapped role for user d139312d-3d82-4a47-8f1f-b9e1fc380d27: admin
2025-07-19 17:10:08.045 28814-29043 UserMapper              app.forku                            D  UserBusinesses: [UserBusinessDto(businessId=dcd930f6-6d66-4990-8837-a6c1e96a8256, siteId=null, goUserId=d139312d-3d82-4a47-8f1f-b9e1fc380d27, isDirty=true)]
2025-07-19 17:10:08.045 28814-29043 UserMapper              app.forku                            D  Resolved businessId: dcd930f6-6d66-4990-8837-a6c1e96a8256
2025-07-19 17:10:08.045 28814-29043 UserMapper              app.forku                            D  Processing user photo: id=d139312d-3d82-4a47-8f1f-b9e1fc380d27, picture=, pictureInternalName=null
2025-07-19 17:10:08.045 28814-29043 UserMapper              app.forku                            D  No picture field or it's blank, setting photoUrl to null
2025-07-19 17:10:08.045 28814-29043 UserMapper              app.forku                            D  Final user mapping: id=d139312d-3d82-4a47-8f1f-b9e1fc380d27, photoUrl=null, role=administrator
2025-07-19 17:10:08.046 28814-29043 UserPreferencesRepo     app.forku                            D  🔍 getCurrentUserWithPreferences completed:
2025-07-19 17:10:08.046 28814-29043 UserPreferencesRepo     app.forku                            D    - User found: true
2025-07-19 17:10:08.046 28814-29043 UserPreferencesRepo     app.forku                            D    - User ID: d139312d-3d82-4a47-8f1f-b9e1fc380d27
2025-07-19 17:10:08.046 28814-29043 UserPreferencesRepo     app.forku                            D    - User name: NoBusinessUser
2025-07-19 17:10:08.046 28814-29043 UserPreferencesRepo     app.forku                            D    - Preferences found: true
2025-07-19 17:10:08.046 28814-29043 UserPreferencesRepo     app.forku                            D  ✅ Successfully loaded preferences for user d139312d-3d82-4a47-8f1f-b9e1fc380d27
2025-07-19 17:10:08.046 28814-29043 UserPreferencesRepo     app.forku                            D    Business ID: dcd930f6-6d66-4990-8837-a6c1e96a8256
2025-07-19 17:10:08.046 28814-29043 UserPreferencesRepo     app.forku                            D    Site ID: 7ecd101b-1f23-442d-bcd6-75be6c5a3e8f
2025-07-19 17:10:08.046 28814-29043 UserPreferencesRepo     app.forku                            D    Last Selected Business: dcd930f6-6d66-4990-8837-a6c1e96a8256
2025-07-19 17:10:08.046 28814-29043 UserPreferencesRepo     app.forku                            D    Last Selected Site: 7ecd101b-1f23-442d-bcd6-75be6c5a3e8f
2025-07-19 17:10:08.046 28814-29043 UserPreferencesRepo     app.forku                            D    Effective context: businessId=dcd930f6-6d66-4990-8837-a6c1e96a8256, siteId=7ecd101b-1f23-442d-bcd6-75be6c5a3e8f
2025-07-19 17:10:08.076 28814-28814 VehicleProfileVM        app.forku                            D  Loading last checklist operator: d139312d-3d82-4a47-8f1f-b9e1fc380d27
2025-07-19 17:10:08.078 28814-29043 UserRepository          app.forku                            D  Getting user by ID: d139312d-3d82-4a47-8f1f-b9e1fc380d27
2025-07-19 17:10:08.078 28814-29043 GOServicesManager       app.forku                            D  Getting CSRF token... forceRefresh=false
2025-07-19 17:10:08.078 28814-29043 GOServicesManager       app.forku                            D  Using cached CSRF token and cookie
2025-07-19 17:10:08.089 28814-28814 VehicleProfileVM        app.forku                            D  Optimized data loaded:
                                                                                                    - Vehicle: Other Site Vehicle
                                                                                                    - Active session: null
                                                                                                    - Last session: 1cfc8261-ce3e-4c9b-ae47-9b4a3c737347
                                                                                                    - Last checklist: 90e74532-4bc1-44fc-a35d-206ff290750a
                                                                                                    - Active operator: null
                                                                                                    - Last operator: NoBusinessUser NoSiteUserAsWell
                                                                                                    - Last checklist operator: NoBusinessUser NoSiteUserAsWell
2025-07-19 17:10:08.095 28814-30323 appflow AuthInterceptor app.forku                            D  Starting request interception:
                                                                                                    - URL: https://godev.collectiveintelligence.com.au/forkuapp-de6b98b5-4402-4a8f-891b-70b3591df162/api/gouser/byid/d139312d-3d82-4a47-8f1f-b9e1fc380d27?include=UserRoleItems%2CUserBusinesses%2CUserSiteItems
                                                                                                    - Method: GET
2025-07-19 17:10:08.095 28814-30323 AuthDataStore           app.forku                            D  Getting cached application token: eyJhbGciOi
2025-07-19 17:10:08.095 28814-30323 GOServicesManager       app.forku                            D  Getting CSRF token... forceRefresh=false
2025-07-19 17:10:08.095 28814-30323 GOServicesManager       app.forku                            D  Using cached CSRF token and cookie
2025-07-19 17:10:08.097 28814-30323 appflow AuthInterceptor app.forku                            D  🔍 Added ApplicationToken and BearerToken to cookie
2025-07-19 17:10:08.097 28814-30323 appflow AuthInterceptor app.forku                            D  🔍 Added cleaned Antiforgery cookie: .AspNetCore.Antiforgery._bj8tIMu5EI=CfDJ8Fg4pSr8Do...
2025-07-19 17:10:08.097 28814-30323 appflow AuthInterceptor app.forku                            D  🔍 Final cookie string length: 994
2025-07-19 17:10:08.098 28814-30323 okhttp.OkHttpClient     app.forku                            I  --> GET https://godev.collectiveintelligence.com.au/forkuapp-de6b98b5-4402-4a8f-891b-70b3591df162/api/gouser/byid/d139312d-3d82-4a47-8f1f-b9e1fc380d27?include=UserRoleItems%2CUserBusinesses%2CUserSiteItems
2025-07-19 17:10:08.100 28814-28821 app.forku               app.forku                            I  Background concurrent copying GC freed 10MB AllocSpace bytes, 6(256KB) LOS objects, 49% free, 10MB/21MB, paused 367us,255us total 109.808ms
2025-07-19 17:10:08.108 28814-28814 VehicleProfileScreen    app.forku                            D  === 🎯 MENU DEBUG ===
2025-07-19 17:10:08.108 28814-28814 VehicleProfileScreen    app.forku                            D  userRole: administrator
2025-07-19 17:10:08.108 28814-28814 VehicleProfileScreen    app.forku                            D  shouldShowMenu: true
2025-07-19 17:10:08.109 28814-28814 VehicleProfileScreen    app.forku                            D  vehicle?.status: AVAILABLE
2025-07-19 17:10:08.109 28814-28814 VehicleProfileScreen    app.forku                            D  state.hasActiveSession: false
2025-07-19 17:10:08.109 28814-28814 VehicleProfileScreen    app.forku                            D  state.hasActivePreShiftCheck: true
2025-07-19 17:10:08.109 28814-28814 VehicleProfileScreen    app.forku                            D  isVehicleOutOfService: false
2025-07-19 17:10:08.109 28814-28814 VehicleProfileScreen    app.forku                            D  ========================
2025-07-19 17:10:08.109 28814-28814 VehicleProfileScreen    app.forku                            D  🔧 Adding ADMIN options
2025-07-19 17:10:08.109 28814-28814 VehicleProfileScreen    app.forku                            D  🔧 Adding checklist option: 'Continue Checklist', enabled: true
2025-07-19 17:10:08.110 28814-28814 VehicleProfileScreen    app.forku                            D     - vehicle?.status == VehicleStatus.AVAILABLE: true
2025-07-19 17:10:08.110 28814-28814 VehicleProfileScreen    app.forku                            D     - !state.hasActiveSession: true
2025-07-19 17:10:08.110 28814-28814 VehicleProfileScreen    app.forku                            D     - canShowStartChecklist: true
2025-07-19 17:10:08.111 28814-28814 VehicleProfileScreen    app.forku                            D  🎯 Rendering OptionsDropdownMenu with 4 options
2025-07-19 17:10:08.111 28814-28814 VehicleProfileScreen    app.forku                            D    [0] Change Vehicle Status - enabled: true
2025-07-19 17:10:08.111 28814-28814 VehicleProfileScreen    app.forku                            D    [1] Update Hour Meter - enabled: true
2025-07-19 17:10:08.111 28814-28814 VehicleProfileScreen    app.forku                            D    [2] Show QR Code - enabled: true
2025-07-19 17:10:08.111 28814-28814 VehicleProfileScreen    app.forku                            D    [3] Continue Checklist - enabled: true
2025-07-19 17:10:08.290 28814-30317 okhttp.OkHttpClient     app.forku                            I  <-- 500 https://godev.collectiveintelligence.com.au/forkuapp-de6b98b5-4402-4a8f-891b-70b3591df162/api/vehicle/file/7c9f56bf-deed-4be4-b046-17fef34ecf7e/Picture?t=%LASTEDITEDTIME% (514ms, 488-byte body)
2025-07-19 17:10:08.291 28814-30317 RetryInterceptor        app.forku                            D  Request failed (500), attempt 1 of 3
2025-07-19 17:10:08.468 28814-29043 SESSION_FLOW            app.forku                            D  🔄 Performing token renewal...
2025-07-19 17:10:08.469 28814-29043 AuthDataStore           app.forku                            D  Getting cached application token: eyJhbGciOi
2025-07-19 17:10:08.469 28814-29043 AuthDataStore           app.forku                            D  [LOCK] getTokenExpirationDate() - token: eyJhbGciOiJIUzI1NiIsInR5cCI6Ik...
2025-07-19 17:10:08.470 28814-29043 AuthDataStore           app.forku                            D  [LOCK] JWT payload: {"UserId":"d139312d-3d82-4a47-8f1f-b9e1fc380d27","unique_name":"NoBusinessUser","family_name":"NoSiteUserAsWell","Is2FAEnabled":"false","role":"Administrator,User","nbf":1752960798,"exp":1753565598,"iat":1752960798,"iss":"self"}, exp: 1753565598
2025-07-19 17:10:08.470 28814-29043 SESSION_FLOW            app.forku                            D  🔄 Using GOSecurityProviderRepository for token renewal...
2025-07-19 17:10:08.471 28814-29043 GOSecurityProvider      app.forku                            D  🔄 Starting token renewal process...
2025-07-19 17:10:08.476 28814-29043 GOSecurityProvider      app.forku                            D  🔍 Current user context: NoBusinessUser (d139312d-3d82-4a47-8f1f-b9e1fc380d27)
2025-07-19 17:10:08.476 28814-29043 GOSecurityProvider      app.forku                            D  🔍 Getting headers for renewal (CSRF token AND cookies)...
2025-07-19 17:10:08.476 28814-29043 AuthDataStore           app.forku                            D  Getting cached application token: eyJhbGciOi
2025-07-19 17:10:08.476 28814-29043 GOServicesManager       app.forku                            D  Getting CSRF token... forceRefresh=false
2025-07-19 17:10:08.476 28814-29043 GOServicesManager       app.forku                            D  Using cached CSRF token and cookie
2025-07-19 17:10:08.477 28814-29043 GOSecurityProvider      app.forku                            D  🔍 Got headers for renewal:
2025-07-19 17:10:08.477 28814-29043 GOSecurityProvider      app.forku                            D    - CSRF Token: CfDJ8Fg4pSr8DoxBgBaS...
2025-07-19 17:10:08.477 28814-29043 GOSecurityProvider      app.forku                            D    - Raw Cookie: .AspNetCore.Antiforgery._bj8tIMu5EI=CfDJ8Fg4pSr8DoxBgBaSElZSS13OG_Pq1Z_cy6KyaDbU1SItdF3iVS0-Sv_nHxkw...
2025-07-19 17:10:08.477 28814-29043 GOSecurityProvider      app.forku                            D    - ApplicationToken: eyJhbGciOiJIUzI1NiIs...
2025-07-19 17:10:08.477 28814-29043 GOSecurityProvider      app.forku                            D  🔧 Debug cookie constructed: ApplicationToken=eyJhbGciOiJIUzI1NiIsInR5cCI6IkpXVCJ9.eyJVc2VySWQiOiJkMTM5MzEyZC0zZDgyLTRhNDctOGYxZi1iOWUxZmMzODBkMjciLCJ1bmlxdWVfbmFtZSI6Ik5vQnVzaW5l...
2025-07-19 17:10:08.477 28814-29043 GOSecurityProvider      app.forku                            D  🌐 Sending token renewal request with debug cookie...
2025-07-19 17:10:08.483 28814-30385 okhttp.OkHttpClient     app.forku                            I  --> GET https://godev.collectiveintelligence.com.au/forkuapp-de6b98b5-4402-4a8f-891b-70b3591df162/api/gosecurityprovider/renewtoken
2025-07-19 17:10:08.558 28814-30633 okhttp.OkHttpClient     app.forku                            I  <-- 200 https://godev.collectiveintelligence.com.au/forkuapp-de6b98b5-4402-4a8f-891b-70b3591df162/api/checklist/list (522ms, unknown-length body)
2025-07-19 17:10:08.581 28814-30323 okhttp.OkHttpClient     app.forku                            I  <-- 200 https://godev.collectiveintelligence.com.au/forkuapp-de6b98b5-4402-4a8f-891b-70b3591df162/api/gouser/byid/d139312d-3d82-4a47-8f1f-b9e1fc380d27?include=UserRoleItems%2CUserBusinesses%2CUserSiteItems (482ms, unknown-length body)
2025-07-19 17:10:08.583 28814-30323 UserDto                 app.forku                            D  Initializing UserDto with picture: null
2025-07-19 17:10:08.588 28814-29043 UserRepository          app.forku                            D  API response code: 200
2025-07-19 17:10:08.588 28814-29043 UserRepository          app.forku                            D  Received user DTO: id=d139312d-3d82-4a47-8f1f-b9e1fc380d27, userRoleItems count: 2, userBusinesses count: 1, userSiteItems count: 0
2025-07-19 17:10:08.588 28814-29043 UserMapper              app.forku                            D  === Mapping UserDto to User ===
2025-07-19 17:10:08.588 28814-29043 UserMapper              app.forku                            D  User ID: d139312d-3d82-4a47-8f1f-b9e1fc380d27
2025-07-19 17:10:08.588 28814-29043 UserMapper              app.forku                            D  User fullName: NoBusinessUser NoSiteUserAsWell
2025-07-19 17:10:08.588 28814-29043 UserMapper              app.forku                            D  User username: NoBusinessUser
2025-07-19 17:10:08.588 28814-29043 UserMapper              app.forku                            D  UserRoleItems count: 2
