2025-06-08 18:25:14.096 14647-14737 VehicleMapper           app.forku                            D  Processing checklist: 2e8489fc-329f-4cac-aabc-c89c883460d2, Status: 1, UserId: 867b342e-5d9a-484c-a2db-3fd08a0dfeaf, LastCheckDateTime: 2025-05-30T00:17:07.987+00:00, EndDateTime: 2025-05-30T00:17:07.987+00:00
2025-06-08 18:25:14.096 14647-14737 VehicleMapper           app.forku                            D  Processing checklist: a5e952b6-a93b-4e1f-abc2-d046a1c961d3, Status: 1, UserId: 867b342e-5d9a-484c-a2db-3fd08a0dfeaf, LastCheckDateTime: 2025-05-30T06:31:36.88+00:00, EndDateTime: 2025-05-30T06:31:36.88+00:00
2025-06-08 18:25:14.096 14647-14737 VehicleMapper           app.forku                            D  Processing checklist: 59bc9748-b94d-4c7c-8959-d393210643f8, Status: 1, UserId: 867b342e-5d9a-484c-a2db-3fd08a0dfeaf, LastCheckDateTime: 2025-05-30T01:32:49.253+00:00, EndDateTime: 2025-05-30T01:32:49.253+00:00
2025-06-08 18:25:14.096 14647-14737 VehicleMapper           app.forku                            D  Processing checklist: c60f5c94-9596-4f14-b1e0-d63c0e5b1b1d, Status: 1, UserId: 867b342e-5d9a-484c-a2db-3fd08a0dfeaf, LastCheckDateTime: 2025-05-30T20:08:16.91+00:00, EndDateTime: 2025-05-30T20:08:16.91+00:00
2025-06-08 18:25:14.096 14647-14737 VehicleMapper           app.forku                            D  Processing checklist: fe642fd7-4358-41df-bfca-d70b1413f86a, Status: 2, UserId: 11717300-cb52-4e87-bae9-d5a4a8323e5e, LastCheckDateTime: 2025-06-03T21:11:07.117+00:00, EndDateTime: 2025-06-03T21:11:07.117+00:00
2025-06-08 18:25:14.096 14647-14737 VehicleMapper           app.forku                            D  Processing checklist: 7bce468e-0a64-4b5c-a8e5-d9f2c807002d, Status: 1, UserId: 11717300-cb52-4e87-bae9-d5a4a8323e5e, LastCheckDateTime: 2025-06-03T21:09:20.547+00:00, EndDateTime: 2025-06-03T21:09:20.547+00:00
2025-06-08 18:25:14.096 14647-14737 VehicleMapper           app.forku                            D  Processing checklist: 86115536-415c-477b-9206-e2f7db114cb8, Status: 1, UserId: 867b342e-5d9a-484c-a2db-3fd08a0dfeaf, LastCheckDateTime: 2025-05-29T21:13:52.377+00:00, EndDateTime: 2025-05-29T21:13:52.377+00:00
2025-06-08 18:25:14.096 14647-14737 VehicleMapper           app.forku                            D  Processing checklist: 44d7c12d-ee28-4841-bb3d-e62e1bf0545d, Status: 1, UserId: 867b342e-5d9a-484c-a2db-3fd08a0dfeaf, LastCheckDateTime: 2025-05-30T04:51:12.703+00:00, EndDateTime: 2025-05-30T04:51:12.703+00:00
2025-06-08 18:25:14.097 14647-14737 VehicleMapper           app.forku                            D  Processing checklist: ac7772f7-fa13-4422-a141-e869aa42d2a4, Status: 1, UserId: 867b342e-5d9a-484c-a2db-3fd08a0dfeaf, LastCheckDateTime: 2025-05-30T15:38:44.463+00:00, EndDateTime: 2025-05-30T15:38:44.463+00:00
2025-06-08 18:25:14.097 14647-14737 VehicleMapper           app.forku                            D  Processing checklist: c2ad6c0f-b608-4598-bc69-ee67f09fe586, Status: 1, UserId: 867b342e-5d9a-484c-a2db-3fd08a0dfeaf, LastCheckDateTime: 2025-05-30T18:36:42.977+00:00, EndDateTime: 2025-05-30T18:36:42.977+00:00
2025-06-08 18:25:14.097 14647-14737 VehicleMapper           app.forku                            D  Processing checklist: 85ac8a8c-d934-4809-a380-f211ed9761fe, Status: 1, UserId: 867b342e-5d9a-484c-a2db-3fd08a0dfeaf, LastCheckDateTime: 2025-05-30T14:30:40.74+00:00, EndDateTime: 2025-05-30T14:30:40.74+00:00
2025-06-08 18:25:14.097 14647-14737 VehicleMapper           app.forku                            D  Processing checklist: 8c4c5b1c-f7ba-4085-941b-f5dbecc7f115, Status: 1, UserId: 867b342e-5d9a-484c-a2db-3fd08a0dfeaf, LastCheckDateTime: 2025-05-30T03:28:06.437+00:00, EndDateTime: 2025-05-30T03:28:06.437+00:00
2025-06-08 18:25:14.097 14647-14737 VehicleMapper           app.forku                            D  Processing checklist: 47dbe856-5f42-4dfc-b0e9-fc19f324858d, Status: 1, UserId: 867b342e-5d9a-484c-a2db-3fd08a0dfeaf, LastCheckDateTime: 2025-05-30T19:53:14.087+00:00, EndDateTime: 2025-05-30T19:53:14.087+00:00
2025-06-08 18:25:14.097 14647-14737 VehicleMapper           app.forku                            D  Processing checklist: f9b0f4e1-8fb8-4687-af66-fe2616e0784d, Status: 1, UserId: 867b342e-5d9a-484c-a2db-3fd08a0dfeaf, LastCheckDateTime: 2025-05-30T13:25:56.3+00:00, EndDateTime: 2025-05-30T13:25:56.3+00:00
2025-06-08 18:25:14.127 14647-14737 VehicleMapper           app.forku                            D  Last checklist answer found: a3fd3277-ba34-4caf-96f6-af2fbb0c9f48, Status: 2, DateTime: 2025-06-05T23:53:23.14+00:00
2025-06-08 18:25:14.168 14647-14811 okhttp.OkHttpClient     app.forku                            I  <-- 200 https://godev.collectiveintelligence.com.au/forkuapp-de6b98b5-4402-4a8f-891b-70b3591df162/api/gouser/byid/867b342e-5d9a-484c-a2db-3fd08a0dfeaf (367ms, unknown-length body)
2025-06-08 18:25:14.171 14647-14811 UserDto                 app.forku                            D  Initializing UserDto with picture: null
2025-06-08 18:25:14.174 14647-14737 UserRepository          app.forku                            D  API response code: 200
2025-06-08 18:25:14.174 14647-14737 UserRepository          app.forku                            D  API response body: UserDto(id=867b342e-5d9a-484c-a2db-3fd08a0dfeaf, username=Admin, email=info@generativeobjects.com, firstName=Ad, lastName=Min, fullName=Admin, password=**********, passwordExpiry=null, passwordExpiryWithTimezoneOffset=null, blocked=false, userValidated=true, unregistered=false, isMarkedForDeletion=null, isDirty=true, isNew=null, internalObjectId=null, emailChangeValidationInProgress=false, emailValidated=true, newEmailAddress=null, newEmailValidated=null, answeredChecklistItemItems=[], certificationItems2=[], checklistAnswerItems=[], feedbackItems=[], incidentItems=[], notificationItems=[], userBusinesses=[], userChecklistItems=[], userCollisionIncidentItems=[], userGroupItems=[], userMultimediaItems=[], userNearMissIncidentItems=[], userRoleItems=[], picture=null, pictureFileSize=null, pictureInternalName=null)
2025-06-08 18:25:14.174 14647-14737 UserRepository          app.forku                            D  API response headers: content-type: application/json; charset=utf-8
                                                                                                    server: Microsoft-IIS/10.0
                                                                                                    strict-transport-security: max-age=2592000
                                                                                                    x-powered-by: ASP.NET
                                                                                                    date: Sun, 08 Jun 2025 23:25:13 GMT
2025-06-08 18:25:14.174 14647-14737 UserRepository          app.forku                            D  API response error body: null
2025-06-08 18:25:14.174 14647-14737 UserRepository          app.forku                            D  Received user DTO: id=867b342e-5d9a-484c-a2db-3fd08a0dfeaf, picture=null, pictureInternalName=null
2025-06-08 18:25:14.174 14647-14737 UserRepository          app.forku                            D  UserDto for Ana: id=867b342e-5d9a-484c-a2db-3fd08a0dfeaf, picture=null, pictureInternalName=null
2025-06-08 18:25:14.184 14647-14811 appflow AuthInterceptor app.forku                            D  Starting request interception:
                                                                                                    - URL: https://godev.collectiveintelligence.com.au/forkuapp-de6b98b5-4402-4a8f-891b-70b3591df162/api/gouserrole/list
                                                                                                    - Method: GET
2025-06-08 18:25:14.184 14647-14811 AuthDataStore           app.forku                            D  Getting cached application token: eyJhbGciOi
2025-06-08 18:25:14.184 14647-14811 GOServicesManager       app.forku                            D  Getting CSRF token... forceRefresh=false
2025-06-08 18:25:14.192 14647-14811 GOServicesManager       app.forku                            D  Using cached CSRF token and cookie
2025-06-08 18:25:14.192 14647-14811 appflow AuthInterceptor app.forku                            W  Invalid Antiforgery cookie format: .AspNetCore.Antiforgery._bj8tIMu5EI=CfDJ8NI0kPAAx9FHpBw9-eO_XbsP0ORciU5YMITd6Sc4RcRy0EwKjj8inNRiuZs--Bv18E628ghR6rcEGnnu4Nen9kwUixiwkGXgP4SyZxz8Ojf5Ey2DAb7KWXpSuCard8GEhBDFi5pReR6SUxj57ZMQtx0; path=/forkuapp-de6b98b5-4402-4a8f-891b-70b3591df162; samesite=strict; httponly
2025-06-08 18:25:14.194 14647-14811 okhttp.OkHttpClient     app.forku                            I  --> GET https://godev.collectiveintelligence.com.au/forkuapp-de6b98b5-4402-4a8f-891b-70b3591df162/api/gouserrole/list
2025-06-08 18:25:14.293 14647-14647 ViewRootImpl            app.forku                            I  updatePointerIcon pointerType = 1000, calling pid = 14647
2025-06-08 18:25:14.294 14647-14647 InputManager            app.forku                            D  setPointerIconType iconId = 1000, callingPid = 14647
2025-06-08 18:25:14.311 14647-14647 VehicleProfileVM_Debug  app.forku                            D  User details before determining effectiveBusinessId: Role=administrator, UserBusinessId=null, NavBusinessId=200dd110-d7f4-421f-8263-9265c85e8315
2025-06-08 18:25:14.311 14647-14647 VehicleProfileVM_Debug  app.forku                            D  Determined effectiveBusinessId: 200dd110-d7f4-421f-8263-9265c85e8315 based on Role=administrator
2025-06-08 18:25:14.312 14647-14647 VehicleProfileVM        app.forku                            D  Attempting to load vehicle c20c315c-6d60-4c9b-aa98-0718d70c6f7f with optimized API call
2025-06-08 18:25:14.313 14647-14737 appflow VehicleRepo     app.forku                            D  getVehicleWithOptimizedData called with id=c20c315c-6d60-4c9b-aa98-0718d70c6f7f, businessId=200dd110-d7f4-421f-8263-9265c85e8315
2025-06-08 18:25:14.313 14647-14737 GOServicesManager       app.forku                            D  Getting CSRF token... forceRefresh=false
2025-06-08 18:25:14.316 14647-14647 VehicleProfileVM        app.forku                            D  Vehicle loaded with optimized data: Gleason
2025-06-08 18:25:14.316 14647-14647 VehicleProfileVM        app.forku                            D  Loading last operator: 867b342e-5d9a-484c-a2db-3fd08a0dfeaf
2025-06-08 18:25:14.317 14647-14736 UserRepository          app.forku                            D  Getting user by ID: 867b342e-5d9a-484c-a2db-3fd08a0dfeaf
2025-06-08 18:25:14.321 14647-14737 GOServicesManager       app.forku                            D  Using cached CSRF token and cookie
2025-06-08 18:25:14.321 14647-14737 appflow VehicleRepo     app.forku                            D  Making optimized API call with include parameter...
2025-06-08 18:25:14.332 14647-14927 appflow AuthInterceptor app.forku                            D  Starting request interception:
                                                                                                    - URL: https://godev.collectiveintelligence.com.au/forkuapp-de6b98b5-4402-4a8f-891b-70b3591df162/api/gouser/byid/867b342e-5d9a-484c-a2db-3fd08a0dfeaf
                                                                                                    - Method: GET
2025-06-08 18:25:14.332 14647-14927 AuthDataStore           app.forku                            D  Getting cached application token: eyJhbGciOi
2025-06-08 18:25:14.332 14647-14927 GOServicesManager       app.forku                            D  Getting CSRF token... forceRefresh=false
2025-06-08 18:25:14.338 14647-14812 appflow AuthInterceptor app.forku                            D  Starting request interception:
                                                                                                    - URL: https://godev.collectiveintelligence.com.au/forkuapp-de6b98b5-4402-4a8f-891b-70b3591df162/api/vehicle/byid/c20c315c-6d60-4c9b-aa98-0718d70c6f7f?include=VehicleSessionItems%2CChecklistAnswerItems%2CVehicleType
                                                                                                    - Method: GET
2025-06-08 18:25:14.338 14647-14927 GOServicesManager       app.forku                            D  Using cached CSRF token and cookie
2025-06-08 18:25:14.338 14647-14812 AuthDataStore           app.forku                            D  Getting cached application token: eyJhbGciOi
2025-06-08 18:25:14.338 14647-14812 GOServicesManager       app.forku                            D  Getting CSRF token... forceRefresh=false
2025-06-08 18:25:14.339 14647-14927 appflow AuthInterceptor app.forku                            W  Invalid Antiforgery cookie format: .AspNetCore.Antiforgery._bj8tIMu5EI=CfDJ8NI0kPAAx9FHpBw9-eO_XbsP0ORciU5YMITd6Sc4RcRy0EwKjj8inNRiuZs--Bv18E628ghR6rcEGnnu4Nen9kwUixiwkGXgP4SyZxz8Ojf5Ey2DAb7KWXpSuCard8GEhBDFi5pReR6SUxj57ZMQtx0; path=/forkuapp-de6b98b5-4402-4a8f-891b-70b3591df162; samesite=strict; httponly
2025-06-08 18:25:14.340 14647-14927 okhttp.OkHttpClient     app.forku                            I  --> GET https://godev.collectiveintelligence.com.au/forkuapp-de6b98b5-4402-4a8f-891b-70b3591df162/api/gouser/byid/867b342e-5d9a-484c-a2db-3fd08a0dfeaf
2025-06-08 18:25:14.344 14647-14812 GOServicesManager       app.forku                            D  Using cached CSRF token and cookie
2025-06-08 18:25:14.345 14647-14812 appflow AuthInterceptor app.forku                            W  Invalid Antiforgery cookie format: .AspNetCore.Antiforgery._bj8tIMu5EI=CfDJ8NI0kPAAx9FHpBw9-eO_XbsP0ORciU5YMITd6Sc4RcRy0EwKjj8inNRiuZs--Bv18E628ghR6rcEGnnu4Nen9kwUixiwkGXgP4SyZxz8Ojf5Ey2DAb7KWXpSuCard8GEhBDFi5pReR6SUxj57ZMQtx0; path=/forkuapp-de6b98b5-4402-4a8f-891b-70b3591df162; samesite=strict; httponly
2025-06-08 18:25:14.346 14647-14812 okhttp.OkHttpClient     app.forku                            I  --> GET https://godev.collectiveintelligence.com.au/forkuapp-de6b98b5-4402-4a8f-891b-70b3591df162/api/vehicle/byid/c20c315c-6d60-4c9b-aa98-0718d70c6f7f?include=VehicleSessionItems%2CChecklistAnswerItems%2CVehicleType
2025-06-08 18:25:14.489 14647-14811 okhttp.OkHttpClient     app.forku                            I  <-- 200 https://godev.collectiveintelligence.com.au/forkuapp-de6b98b5-4402-4a8f-891b-70b3591df162/api/gouserrole/list (295ms, unknown-length body)
2025-06-08 18:25:14.758 14647-14737 UserMapper              app.forku                            D  === Mapping UserDto to User ===
2025-06-08 18:25:14.758 14647-14737 UserMapper              app.forku                            D  User ID: 867b342e-5d9a-484c-a2db-3fd08a0dfeaf
2025-06-08 18:25:14.758 14647-14737 UserMapper              app.forku                            D  User fullName: Admin
2025-06-08 18:25:14.758 14647-14737 UserMapper              app.forku                            D  User username: Admin
2025-06-08 18:25:14.758 14647-14737 UserMapper              app.forku                            D  UserRoleItems count: 0
2025-06-08 18:25:14.758 14647-14737 UserMapper              app.forku                            D  Raw userRoleItems data: []
2025-06-08 18:25:14.759 14647-14737 UserMapper              app.forku                            D  Final mapped role for user 867b342e-5d9a-484c-a2db-3fd08a0dfeaf: operator
2025-06-08 18:25:14.759 14647-14737 UserMapper              app.forku                            D  Processing user photo: id=867b342e-5d9a-484c-a2db-3fd08a0dfeaf, picture=null, pictureInternalName=null
2025-06-08 18:25:14.759 14647-14737 UserMapper              app.forku                            D  No picture field or it's blank, setting photoUrl to null
2025-06-08 18:25:14.759 14647-14737 UserMapper              app.forku                            D  Final user mapping: id=867b342e-5d9a-484c-a2db-3fd08a0dfeaf, photoUrl=null, role=operator
2025-06-08 18:25:14.759 14647-14737 UserRepository          app.forku                            D  Mapped user: id=867b342e-5d9a-484c-a2db-3fd08a0dfeaf, photoUrl=null
2025-06-08 18:25:14.760 14647-14647 VehicleProfileVM        app.forku                            D  Loading last checklist operator: 867b342e-5d9a-484c-a2db-3fd08a0dfeaf
2025-06-08 18:25:14.763 14647-14737 UserRepository          app.forku                            D  Getting user by ID: 867b342e-5d9a-484c-a2db-3fd08a0dfeaf
2025-06-08 18:25:14.775 14647-14927 okhttp.OkHttpClient     app.forku                            I  <-- 200 https://godev.collectiveintelligence.com.au/forkuapp-de6b98b5-4402-4a8f-891b-70b3591df162/api/gouser/byid/867b342e-5d9a-484c-a2db-3fd08a0dfeaf (434ms, unknown-length body)
2025-06-08 18:25:14.778 14647-14927 UserDto                 app.forku                            D  Initializing UserDto with picture: null
2025-06-08 18:25:14.779 14647-14811 appflow AuthInterceptor app.forku                            D  Starting request interception:
                                                                                                    - URL: https://godev.collectiveintelligence.com.au/forkuapp-de6b98b5-4402-4a8f-891b-70b3591df162/api/gouser/byid/867b342e-5d9a-484c-a2db-3fd08a0dfeaf
                                                                                                    - Method: GET
2025-06-08 18:25:14.779 14647-14811 AuthDataStore           app.forku                            D  Getting cached application token: eyJhbGciOi
2025-06-08 18:25:14.779 14647-14811 GOServicesManager       app.forku                            D  Getting CSRF token... forceRefresh=false
2025-06-08 18:25:14.781 14647-14737 UserRepository          app.forku                            D  API response code: 200
2025-06-08 18:25:14.781 14647-14737 UserRepository          app.forku                            D  API response body: UserDto(id=867b342e-5d9a-484c-a2db-3fd08a0dfeaf, username=Admin, email=info@generativeobjects.com, firstName=Ad, lastName=Min, fullName=Admin, password=**********, passwordExpiry=null, passwordExpiryWithTimezoneOffset=null, blocked=false, userValidated=true, unregistered=false, isMarkedForDeletion=null, isDirty=true, isNew=null, internalObjectId=null, emailChangeValidationInProgress=false, emailValidated=true, newEmailAddress=null, newEmailValidated=null, answeredChecklistItemItems=[], certificationItems2=[], checklistAnswerItems=[], feedbackItems=[], incidentItems=[], notificationItems=[], userBusinesses=[], userChecklistItems=[], userCollisionIncidentItems=[], userGroupItems=[], userMultimediaItems=[], userNearMissIncidentItems=[], userRoleItems=[], picture=null, pictureFileSize=null, pictureInternalName=null)
2025-06-08 18:25:14.781 14647-14737 UserRepository          app.forku                            D  API response headers: content-type: application/json; charset=utf-8
                                                                                                    server: Microsoft-IIS/10.0
                                                                                                    strict-transport-security: max-age=2592000
                                                                                                    x-powered-by: ASP.NET
                                                                                                    date: Sun, 08 Jun 2025 23:25:15 GMT
2025-06-08 18:25:14.781 14647-14737 UserRepository          app.forku                            D  API response error body: null
2025-06-08 18:25:14.781 14647-14737 UserRepository          app.forku                            D  Received user DTO: id=867b342e-5d9a-484c-a2db-3fd08a0dfeaf, picture=null, pictureInternalName=null
2025-06-08 18:25:14.782 14647-14737 UserRepository          app.forku                            D  UserDto for Ana: id=867b342e-5d9a-484c-a2db-3fd08a0dfeaf, picture=null, pictureInternalName=null
2025-06-08 18:25:14.785 14647-14811 GOServicesManager       app.forku                            D  Using cached CSRF token and cookie
2025-06-08 18:25:14.786 14647-14811 appflow AuthInterceptor app.forku                            W  Invalid Antiforgery cookie format: .AspNetCore.Antiforgery._bj8tIMu5EI=CfDJ8NI0kPAAx9FHpBw9-eO_XbsP0ORciU5YMITd6Sc4RcRy0EwKjj8inNRiuZs--Bv18E628ghR6rcEGnnu4Nen9kwUixiwkGXgP4SyZxz8Ojf5Ey2DAb7KWXpSuCard8GEhBDFi5pReR6SUxj57ZMQtx0; path=/forkuapp-de6b98b5-4402-4a8f-891b-70b3591df162; samesite=strict; httponly
2025-06-08 18:25:14.788 14647-14811 okhttp.OkHttpClient     app.forku                            I  --> GET https://godev.collectiveintelligence.com.au/forkuapp-de6b98b5-4402-4a8f-891b-70b3591df162/api/gouser/byid/867b342e-5d9a-484c-a2db-3fd08a0dfeaf
2025-06-08 18:25:14.793 14647-14927 appflow AuthInterceptor app.forku                            D  Starting request interception:
                                                                                                    - URL: https://godev.collectiveintelligence.com.au/forkuapp-de6b98b5-4402-4a8f-891b-70b3591df162/api/gouserrole/list
                                                                                                    - Method: GET
2025-06-08 18:25:14.793 14647-14927 AuthDataStore           app.forku                            D  Getting cached application token: eyJhbGciOi
2025-06-08 18:25:14.793 14647-14927 GOServicesManager       app.forku                            D  Getting CSRF token... forceRefresh=false
2025-06-08 18:25:14.800 14647-14927 GOServicesManager       app.forku                            D  Using cached CSRF token and cookie
2025-06-08 18:25:14.802 14647-14927 appflow AuthInterceptor app.forku                            W  Invalid Antiforgery cookie format: .AspNetCore.Antiforgery._bj8tIMu5EI=CfDJ8NI0kPAAx9FHpBw9-eO_XbsP0ORciU5YMITd6Sc4RcRy0EwKjj8inNRiuZs--Bv18E628ghR6rcEGnnu4Nen9kwUixiwkGXgP4SyZxz8Ojf5Ey2DAb7KWXpSuCard8GEhBDFi5pReR6SUxj57ZMQtx0; path=/forkuapp-de6b98b5-4402-4a8f-891b-70b3591df162; samesite=strict; httponly
2025-06-08 18:25:14.803 14647-14927 okhttp.OkHttpClient     app.forku                            I  --> GET https://godev.collectiveintelligence.com.au/forkuapp-de6b98b5-4402-4a8f-891b-70b3591df162/api/gouserrole/list
2025-06-08 18:25:14.930 14647-14812 okhttp.OkHttpClient     app.forku                            I  <-- 200 https://godev.collectiveintelligence.com.au/forkuapp-de6b98b5-4402-4a8f-891b-70b3591df162/api/vehicle/byid/c20c315c-6d60-4c9b-aa98-0718d70c6f7f?include=VehicleSessionItems%2CChecklistAnswerItems%2CVehicleType (583ms, unknown-length body)
2025-06-08 18:25:14.979 14647-14737 appflow VehicleRepo     app.forku                            D  Successfully fetched vehicle with included data
2025-06-08 18:25:14.979 14647-14737 VehicleMapper           app.forku                            D  === Mapping VehicleDto with included data ===
2025-06-08 18:25:14.979 14647-14737 VehicleMapper           app.forku                            D  Vehicle ID: c20c315c-6d60-4c9b-aa98-0718d70c6f7f
2025-06-08 18:25:14.979 14647-14737 VehicleMapper           app.forku                            D  VehicleSessionItems count: 8
2025-06-08 18:25:14.979 14647-14737 VehicleMapper           app.forku                            D  ChecklistAnswerItems count: 66
2025-06-08 18:25:14.980 14647-14737 VehicleMapper           app.forku                            D  Processing session: 4a1c5363-0072-4b64-81d0-16486f2379a7, Status: 1, UserId: 11717300-cb52-4e87-bae9-d5a4a8323e5e
2025-06-08 18:25:14.980 14647-14737 VehicleSessionMapper    app.forku                            D  Mapping session 4a1c5363-0072-4b64-81d0-16486f2379a7 - GOUser present: false, Vehicle present: false
2025-06-08 18:25:14.980 14647-14737 VehicleSessionMapper    app.forku                            W  No GOUser data included for session 4a1c5363-0072-4b64-81d0-16486f2379a7
2025-06-08 18:25:14.980 14647-14737 VehicleSessionMapper    app.forku                            W  No Vehicle data included for session 4a1c5363-0072-4b64-81d0-16486f2379a7
2025-06-08 18:25:14.980 14647-14737 VehicleSessionMapper    app.forku                            D  Mapped session 4a1c5363-0072-4b64-81d0-16486f2379a7 - operatorName: Unknown, vehicleName: Unknown
2025-06-08 18:25:14.980 14647-14737 VehicleMapper           app.forku                            D  Processing session: efe1908c-01e7-4887-9496-374f2b02b020, Status: 1, UserId: 11717300-cb52-4e87-bae9-d5a4a8323e5e
2025-06-08 18:25:14.980 14647-14737 VehicleSessionMapper    app.forku                            D  Mapping session efe1908c-01e7-4887-9496-374f2b02b020 - GOUser present: false, Vehicle present: false
2025-06-08 18:25:14.980 14647-14737 VehicleSessionMapper    app.forku                            W  No GOUser data included for session efe1908c-01e7-4887-9496-374f2b02b020
2025-06-08 18:25:14.981 14647-14737 VehicleSessionMapper    app.forku                            W  No Vehicle data included for session efe1908c-01e7-4887-9496-374f2b02b020
2025-06-08 18:25:14.981 14647-14737 VehicleSessionMapper    app.forku                            D  Mapped session efe1908c-01e7-4887-9496-374f2b02b020 - operatorName: Unknown, vehicleName: Unknown
2025-06-08 18:25:14.981 14647-14737 VehicleMapper           app.forku                            D  Processing session: b4449958-804b-4f33-9ec1-a0f90dbf63ed, Status: 1, UserId: 11717300-cb52-4e87-bae9-d5a4a8323e5e
2025-06-08 18:25:14.981 14647-14737 VehicleSessionMapper    app.forku                            D  Mapping session b4449958-804b-4f33-9ec1-a0f90dbf63ed - GOUser present: false, Vehicle present: false
2025-06-08 18:25:14.981 14647-14737 VehicleSessionMapper    app.forku                            W  No GOUser data included for session b4449958-804b-4f33-9ec1-a0f90dbf63ed
2025-06-08 18:25:14.981 14647-14737 VehicleSessionMapper    app.forku                            W  No Vehicle data included for session b4449958-804b-4f33-9ec1-a0f90dbf63ed
2025-06-08 18:25:14.981 14647-14737 VehicleSessionMapper    app.forku                            D  Mapped session b4449958-804b-4f33-9ec1-a0f90dbf63ed - operatorName: Unknown, vehicleName: Unknown
2025-06-08 18:25:14.981 14647-14737 VehicleMapper           app.forku                            D  Processing session: 1a253685-46df-4ce0-aa86-a9527cab962b, Status: 1, UserId: 867b342e-5d9a-484c-a2db-3fd08a0dfeaf
2025-06-08 18:25:14.981 14647-14737 VehicleSessionMapper    app.forku                            D  Mapping session 1a253685-46df-4ce0-aa86-a9527cab962b - GOUser present: false, Vehicle present: false
2025-06-08 18:25:14.981 14647-14737 VehicleSessionMapper    app.forku                            W  No GOUser data included for session 1a253685-46df-4ce0-aa86-a9527cab962b
2025-06-08 18:25:14.981 14647-14737 VehicleSessionMapper    app.forku                            W  No Vehicle data included for session 1a253685-46df-4ce0-aa86-a9527cab962b
2025-06-08 18:25:14.981 14647-14737 VehicleSessionMapper    app.forku                            D  Mapped session 1a253685-46df-4ce0-aa86-a9527cab962b - operatorName: Unknown, vehicleName: Unknown
2025-06-08 18:25:14.981 14647-14737 VehicleMapper           app.forku                            D  Processing session: c1bfa01c-d977-4dda-9a50-deff6d159b0a, Status: 1, UserId: 867b342e-5d9a-484c-a2db-3fd08a0dfeaf
2025-06-08 18:25:14.982 14647-14737 VehicleSessionMapper    app.forku                            D  Mapping session c1bfa01c-d977-4dda-9a50-deff6d159b0a - GOUser present: false, Vehicle present: false
2025-06-08 18:25:14.982 14647-14737 VehicleSessionMapper    app.forku                            W  No GOUser data included for session c1bfa01c-d977-4dda-9a50-deff6d159b0a
2025-06-08 18:25:14.982 14647-14737 VehicleSessionMapper    app.forku                            W  No Vehicle data included for session c1bfa01c-d977-4dda-9a50-deff6d159b0a
2025-06-08 18:25:14.982 14647-14737 VehicleSessionMapper    app.forku                            D  Mapped session c1bfa01c-d977-4dda-9a50-deff6d159b0a - operatorName: Unknown, vehicleName: Unknown
2025-06-08 18:25:14.982 14647-14737 VehicleMapper           app.forku                            D  Processing session: 4b75b486-46d8-4592-a4c3-edb9bd8c891f, Status: 1, UserId: 867b342e-5d9a-484c-a2db-3fd08a0dfeaf
2025-06-08 18:25:14.982 14647-14737 VehicleSessionMapper    app.forku                            D  Mapping session 4b75b486-46d8-4592-a4c3-edb9bd8c891f - GOUser present: false, Vehicle present: false
2025-06-08 18:25:14.982 14647-14737 VehicleSessionMapper    app.forku                            W  No GOUser data included for session 4b75b486-46d8-4592-a4c3-edb9bd8c891f
2025-06-08 18:25:14.982 14647-14737 VehicleSessionMapper    app.forku                            W  No Vehicle data included for session 4b75b486-46d8-4592-a4c3-edb9bd8c891f
2025-06-08 18:25:14.982 14647-14737 VehicleSessionMapper    app.forku                            D  Mapped session 4b75b486-46d8-4592-a4c3-edb9bd8c891f - operatorName: Unknown, vehicleName: Unknown
2025-06-08 18:25:14.982 14647-14737 VehicleMapper           app.forku                            D  Processing session: 261298c5-5a50-43eb-a264-f3d614f2e333, Status: 1, UserId: 11717300-cb52-4e87-bae9-d5a4a8323e5e
2025-06-08 18:25:14.982 14647-14737 VehicleSessionMapper    app.forku                            D  Mapping session 261298c5-5a50-43eb-a264-f3d614f2e333 - GOUser present: false, Vehicle present: false
2025-06-08 18:25:14.982 14647-14737 VehicleSessionMapper    app.forku                            W  No GOUser data included for session 261298c5-5a50-43eb-a264-f3d614f2e333
2025-06-08 18:25:14.983 14647-14737 VehicleSessionMapper    app.forku                            W  No Vehicle data included for session 261298c5-5a50-43eb-a264-f3d614f2e333
2025-06-08 18:25:14.983 14647-14737 VehicleSessionMapper    app.forku                            D  Mapped session 261298c5-5a50-43eb-a264-f3d614f2e333 - operatorName: Unknown, vehicleName: Unknown
2025-06-08 18:25:14.983 14647-14737 VehicleMapper           app.forku                            D  Processing session: 8c682db7-c101-47be-b167-f9b52961e1a6, Status: 1, UserId: 4d793757-0df6-4a27-9e7c-95c1e81e29e3
2025-06-08 18:25:14.983 14647-14737 VehicleSessionMapper    app.forku                            D  Mapping session 8c682db7-c101-47be-b167-f9b52961e1a6 - GOUser present: false, Vehicle present: false
2025-06-08 18:25:14.983 14647-14737 VehicleSessionMapper    app.forku                            W  No GOUser data included for session 8c682db7-c101-47be-b167-f9b52961e1a6
2025-06-08 18:25:14.983 14647-14737 VehicleSessionMapper    app.forku                            W  No Vehicle data included for session 8c682db7-c101-47be-b167-f9b52961e1a6
2025-06-08 18:25:14.983 14647-14737 VehicleSessionMapper    app.forku                            D  Mapped session 8c682db7-c101-47be-b167-f9b52961e1a6 - operatorName: Unknown, vehicleName: Unknown
2025-06-08 18:25:14.983 14647-14737 VehicleMapper           app.forku                            D  Active session found: null
2025-06-08 18:25:14.983 14647-14737 VehicleMapper           app.forku                            D  Last session found: c1bfa01c-d977-4dda-9a50-deff6d159b0a
2025-06-08 18:25:14.983 14647-14737 VehicleMapper           app.forku                            D  Processing checklist: 361b683b-c05f-451f-b8b4-01bc5967a580, Status: 1, UserId: 867b342e-5d9a-484c-a2db-3fd08a0dfeaf, LastCheckDateTime: 2025-05-29T20:35:19.327+00:00, EndDateTime: 2025-05-29T20:35:19.327+00:00
2025-06-08 18:25:14.984 14647-14737 VehicleMapper           app.forku                            D  Processing checklist: ca083e31-d085-4a70-bd60-01d72bbbb255, Status: 1, UserId: 867b342e-5d9a-484c-a2db-3fd08a0dfeaf, LastCheckDateTime: 2025-05-30T03:20:18.907+00:00, EndDateTime: 2025-05-30T03:20:18.907+00:00
2025-06-08 18:25:14.984 14647-14737 VehicleMapper           app.forku                            D  Processing checklist: 2d894988-7edb-404a-9a84-04fea53a5f51, Status: 1, UserId: 867b342e-5d9a-484c-a2db-3fd08a0dfeaf, LastCheckDateTime: 2025-05-30T06:40:23.107+00:00, EndDateTime: 2025-05-30T06:40:23.107+00:00
2025-06-08 18:25:14.984 14647-14737 VehicleMapper           app.forku                            D  Processing checklist: e98e85be-23a5-4a92-a2b1-076ceefd6a71, Status: 3, UserId: 4d793757-0df6-4a27-9e7c-95c1e81e29e3, LastCheckDateTime: 2025-05-30T16:06:32.01+00:00, EndDateTime: 2025-05-30T16:06:32.01+00:00
2025-06-08 18:25:14.984 14647-14737 VehicleMapper           app.forku                            D  Processing checklist: e30187a1-aa90-4ac9-bc2d-0bd6cb17d46a, Status: 1, UserId: 867b342e-5d9a-484c-a2db-3fd08a0dfeaf, LastCheckDateTime: 2025-05-30T01:54:35.72+00:00, EndDateTime: 2025-05-30T01:54:35.72+00:00
2025-06-08 18:25:14.984 14647-14737 VehicleMapper           app.forku                            D  Processing checklist: 1875f4c8-fea2-4ba8-bc14-16fbe617f1e2, Status: 1, UserId: 867b342e-5d9a-484c-a2db-3fd08a0dfeaf, LastCheckDateTime: 2025-05-30T20:27:54.773+00:00, EndDateTime: 2025-05-30T20:27:54.773+00:00
2025-06-08 18:25:14.984 14647-14737 VehicleMapper           app.forku                            D  Processing checklist: 5eba65de-e64b-4b1f-b19e-18484d56630d, Status: 1, UserId: 867b342e-5d9a-484c-a2db-3fd08a0dfeaf, LastCheckDateTime: 2025-05-30T01:52:49.68+00:00, EndDateTime: 2025-05-30T01:52:49.68+00:00
2025-06-08 18:25:14.984 14647-14737 VehicleMapper           app.forku                            D  Processing checklist: fdc8aed2-64d0-4ac3-8a6d-23f7f7770f33, Status: 1, UserId: 867b342e-5d9a-484c-a2db-3fd08a0dfeaf, LastCheckDateTime: 2025-05-30T17:01:06.37+00:00, EndDateTime: 2025-05-30T17:01:06.37+00:00
2025-06-08 18:25:14.984 14647-14737 VehicleMapper           app.forku                            D  Processing checklist: cc3546d5-846b-438e-bdd7-2554b182d179, Status: 2, UserId: 11717300-cb52-4e87-bae9-d5a4a8323e5e, LastCheckDateTime: 2025-06-03T21:27:29.63+00:00, EndDateTime: 2025-06-03T21:27:29.63+00:00
2025-06-08 18:25:14.985 14647-14737 VehicleMapper           app.forku                            D  Processing checklist: a6a66a0f-d891-4680-98dc-277f11e6b056, Status: 1, UserId: 867b342e-5d9a-484c-a2db-3fd08a0dfeaf, LastCheckDateTime: 2025-05-30T15:59:45.753+00:00, EndDateTime: 2025-05-30T15:59:45.753+00:00
2025-06-08 18:25:14.985 14647-14737 VehicleMapper           app.forku                            D  Processing checklist: 00ae5071-2d06-49b7-bf1d-27ceffe30709, Status: 1, UserId: 867b342e-5d9a-484c-a2db-3fd08a0dfeaf, LastCheckDateTime: 2025-05-30T02:14:27.103+00:00, EndDateTime: 2025-05-30T02:14:27.103+00:00
2025-06-08 18:25:14.985 14647-14737 VehicleMapper           app.forku                            D  Processing checklist: d52a1b69-121a-4beb-b246-3366bec83a98, Status: 1, UserId: 867b342e-5d9a-484c-a2db-3fd08a0dfeaf, LastCheckDateTime: 2025-05-30T14:28:59.64+00:00, EndDateTime: 2025-05-30T14:28:59.64+00:00
2025-06-08 18:25:14.985 14647-14737 VehicleMapper           app.forku                            D  Processing checklist: 90cf6c71-9a6e-4842-914c-34cb8e13f949, Status: 2, UserId: 867b342e-5d9a-484c-a2db-3fd08a0dfeaf, LastCheckDateTime: 2025-06-05T22:52:17.05+00:00, EndDateTime: 2025-06-05T22:52:17.05+00:00
2025-06-08 18:25:14.985 14647-14737 VehicleMapper           app.forku                            D  Processing checklist: f1cef40d-da9a-43c3-8352-36271279b54e, Status: 1, UserId: 867b342e-5d9a-484c-a2db-3fd08a0dfeaf, LastCheckDateTime: 2025-05-30T04:32:23.64+00:00, EndDateTime: 2025-05-30T04:32:23.64+00:00
2025-06-08 18:25:14.985 14647-14737 VehicleMapper           app.forku                            D  Processing checklist: 55cad212-7d4e-4e40-b665-38e3f9670c3f, Status: 1, UserId: 867b342e-5d9a-484c-a2db-3fd08a0dfeaf, LastCheckDateTime: 2025-05-30T15:36:14.21+00:00, EndDateTime: 2025-05-30T15:36:14.21+00:00
2025-06-08 18:25:14.985 14647-14737 VehicleMapper           app.forku                            D  Processing checklist: bb310847-588e-4be9-a5b4-3a1a0792a7e7, Status: 1, UserId: 867b342e-5d9a-484c-a2db-3fd08a0dfeaf, LastCheckDateTime: 2025-05-30T21:34:52.457+00:00, EndDateTime: 2025-05-30T21:34:52.457+00:00
2025-06-08 18:25:14.986 14647-14737 VehicleMapper           app.forku                            D  Processing checklist: 9934520f-75c4-4979-b636-3a87d2befdd5, Status: 1, UserId: 867b342e-5d9a-484c-a2db-3fd08a0dfeaf, LastCheckDateTime: 2025-05-30T19:02:58.73+00:00, EndDateTime: 2025-05-30T19:02:58.73+00:00
2025-06-08 18:25:14.986 14647-14737 VehicleMapper           app.forku                            D  Processing checklist: 22c78dbc-6ef0-4931-a039-3aa260cc820f, Status: 1, UserId: 867b342e-5d9a-484c-a2db-3fd08a0dfeaf, LastCheckDateTime: 2025-05-29T21:12:15.213+00:00, EndDateTime: 2025-05-29T21:12:15.213+00:00
2025-06-08 18:25:14.986 14647-14737 VehicleMapper           app.forku                            D  Processing checklist: 6d6aa571-5f93-4fcc-a80d-4732ec7d03e0, Status: 1, UserId: 867b342e-5d9a-484c-a2db-3fd08a0dfeaf, LastCheckDateTime: 2025-05-30T05:34:12.29+00:00, EndDateTime: 2025-05-30T05:34:12.29+00:00
2025-06-08 18:25:14.986 14647-14737 VehicleMapper           app.forku                            D  Processing checklist: 4dcd6e75-749f-40b6-af19-4858cf51b060, Status: 1, UserId: 867b342e-5d9a-484c-a2db-3fd08a0dfeaf, LastCheckDateTime: 2025-05-30T01:17:46.393+00:00, EndDateTime: 2025-05-30T01:17:46.393+00:00
2025-06-08 18:25:14.986 14647-14737 VehicleMapper           app.forku                            D  Processing checklist: 3dd65486-61c9-4477-a855-4f4adee21771, Status: 1, UserId: 867b342e-5d9a-484c-a2db-3fd08a0dfeaf, LastCheckDateTime: 2025-05-30T01:54:11.26+00:00, EndDateTime: 2025-05-30T01:54:11.26+00:00
2025-06-08 18:25:14.986 14647-14737 VehicleMapper           app.forku                            D  Processing checklist: 9b4e7548-23c1-4a6f-81e1-545f77a32b4c, Status: 1, UserId: 867b342e-5d9a-484c-a2db-3fd08a0dfeaf, LastCheckDateTime: 2025-05-30T14:06:49.37+00:00, EndDateTime: 2025-05-30T14:06:49.37+00:00
2025-06-08 18:25:14.987 14647-14737 VehicleMapper           app.forku                            D  Processing checklist: 9343c3eb-491d-4560-917c-5ec6399eda0a, Status: 1, UserId: 867b342e-5d9a-484c-a2db-3fd08a0dfeaf, LastCheckDateTime: 2025-05-30T05:54:25.047+00:00, EndDateTime: 2025-05-30T05:54:25.047+00:00
2025-06-08 18:25:14.987 14647-14737 VehicleMapper           app.forku                            D  Processing checklist: c11efede-129e-4eb1-ab86-6a1866b96a13, Status: 1, UserId: 867b342e-5d9a-484c-a2db-3fd08a0dfeaf, LastCheckDateTime: 2025-05-30T05:56:15.633+00:00, EndDateTime: 2025-05-30T05:56:15.633+00:00
2025-06-08 18:25:14.987 14647-14737 VehicleMapper           app.forku                            D  Processing checklist: bb622aa6-7381-4b4d-b01e-6e6876cca760, Status: 1, UserId: 867b342e-5d9a-484c-a2db-3fd08a0dfeaf, LastCheckDateTime: 2025-05-30T18:02:19.683+00:00, EndDateTime: 2025-05-30T18:02:19.683+00:00
2025-06-08 18:25:14.987 14647-14737 VehicleMapper           app.forku                            D  Processing checklist: e272598e-6c7c-42ac-9b88-6f67eb8fd107, Status: 1, UserId: 867b342e-5d9a-484c-a2db-3fd08a0dfeaf, LastCheckDateTime: 2025-05-30T06:13:39.133+00:00, EndDateTime: 2025-05-30T06:13:39.133+00:00
2025-06-08 18:25:14.987 14647-14737 VehicleMapper           app.forku                            D  Processing checklist: 8ec459a0-711b-4751-b15d-75b05e155bbc, Status: 1, UserId: 867b342e-5d9a-484c-a2db-3fd08a0dfeaf, LastCheckDateTime: 2025-05-30T06:56:25.283+00:00, EndDateTime: 2025-05-30T06:56:25.283+00:00
2025-06-08 18:25:14.987 14647-14737 VehicleMapper           app.forku                            D  Processing checklist: c64b24fe-0bab-46a5-807a-7764afcbdbfd, Status: 1, UserId: 867b342e-5d9a-484c-a2db-3fd08a0dfeaf, LastCheckDateTime: 2025-05-30T02:36:28.72+00:00, EndDateTime: 2025-05-30T02:36:28.72+00:00
2025-06-08 18:25:14.988 14647-14737 VehicleMapper           app.forku                            D  Processing checklist: bd9b10ea-ae69-4919-a094-7a3ea2a1276b, Status: 1, UserId: 867b342e-5d9a-484c-a2db-3fd08a0dfeaf, LastCheckDateTime: 2025-05-30T02:44:40.927+00:00, EndDateTime: 2025-05-30T02:44:40.927+00:00
2025-06-08 18:25:14.988 14647-14737 VehicleMapper           app.forku                            D  Processing checklist: c8e81bd8-5b61-4b70-9172-7bfed594e06f, Status: 1, UserId: 867b342e-5d9a-484c-a2db-3fd08a0dfeaf, LastCheckDateTime: 2025-05-30T19:18:33.653+00:00, EndDateTime: 2025-05-30T19:18:33.653+00:00
2025-06-08 18:25:14.988 14647-14737 VehicleMapper           app.forku                            D  Processing checklist: ef956099-92a4-4116-a840-7c3926a461a0, Status: 3, UserId: 867b342e-5d9a-484c-a2db-3fd08a0dfeaf, LastCheckDateTime: 2025-05-23T23:29:23.437+00:00, EndDateTime: 2025-05-23T23:29:23.437+00:00
2025-06-08 18:25:14.988 14647-14737 VehicleMapper           app.forku                            D  Processing checklist: 67473b86-25ea-4014-85af-7ccd03b82298, Status: 1, UserId: 867b342e-5d9a-484c-a2db-3fd08a0dfeaf, LastCheckDateTime: 2025-05-30T16:46:41.827+00:00, EndDateTime: 2025-05-30T16:46:41.827+00:00
2025-06-08 18:25:14.988 14647-14737 VehicleMapper           app.forku                            D  Processing checklist: c9d9081a-fd8e-4c39-9718-7d8de8da3fe7, Status: 1, UserId: 867b342e-5d9a-484c-a2db-3fd08a0dfeaf, LastCheckDateTime: 2025-05-30T00:27:35.757+00:00, EndDateTime: 2025-05-30T00:27:35.757+00:00
2025-06-08 18:25:14.988 14647-14737 VehicleMapper           app.forku                            D  Processing checklist: 52b33ea9-a777-462e-a6aa-7dbedbf82fcd, Status: 2, UserId: 11717300-cb52-4e87-bae9-d5a4a8323e5e, LastCheckDateTime: 2025-06-02T23:25:24.137+00:00, EndDateTime: 2025-06-02T23:25:24.137+00:00
2025-06-08 18:25:14.989 14647-14737 VehicleMapper           app.forku                            D  Processing checklist: 1c0c2ba3-e7fb-4d35-ab3c-82ae1b2fd96a, Status: 1, UserId: 867b342e-5d9a-484c-a2db-3fd08a0dfeaf, LastCheckDateTime: 2025-05-30T02:54:27.923+00:00, EndDateTime: 2025-05-30T02:54:27.923+00:00
2025-06-08 18:25:14.989 14647-14737 VehicleMapper           app.forku                            D  Processing checklist: fc6a690d-f7d9-4b62-b193-83146009932f, Status: 1, UserId: 867b342e-5d9a-484c-a2db-3fd08a0dfeaf, LastCheckDateTime: 2025-05-30T05:55:32.057+00:00, EndDateTime: 2025-05-30T05:55:32.057+00:00
2025-06-08 18:25:14.989 14647-14737 VehicleMapper           app.forku                            D  Processing checklist: 2d535223-b7f9-4f7b-9bf2-83fe78c81a7c, Status: 1, UserId: 867b342e-5d9a-484c-a2db-3fd08a0dfeaf, LastCheckDateTime: 2025-05-30T19:22:18.667+00:00, EndDateTime: 2025-05-30T19:22:18.667+00:00
2025-06-08 18:25:14.989 14647-14737 VehicleMapper           app.forku                            D  Processing checklist: 871a5af7-9317-44d8-aaee-845c24a4ecae, Status: 1, UserId: 867b342e-5d9a-484c-a2db-3fd08a0dfeaf, LastCheckDateTime: 2025-05-30T00:36:05.907+00:00, EndDateTime: 2025-05-30T00:36:05.907+00:00
2025-06-08 18:25:14.989 14647-14737 VehicleMapper           app.forku                            D  Processing checklist: fc98b2d8-981e-4855-88e9-84b694564a44, Status: 1, UserId: 867b342e-5d9a-484c-a2db-3fd08a0dfeaf, LastCheckDateTime: 2025-05-30T01:48:46.003+00:00, EndDateTime: 2025-05-30T01:48:46.003+00:00
2025-06-08 18:25:14.989 14647-14737 VehicleMapper           app.forku                            D  Processing checklist: 3388a167-d602-4d73-95d0-8f549b3f66a5, Status: 1, UserId: 867b342e-5d9a-484c-a2db-3fd08a0dfeaf, LastCheckDateTime: 2025-05-30T19:39:44.65+00:00, EndDateTime: 2025-05-30T19:39:44.65+00:00
2025-06-08 18:25:14.989 14647-14737 VehicleMapper           app.forku                            D  Processing checklist: 4d5c5f44-48d3-4295-a5a3-90cc4f78f6c6, Status: 1, UserId: 867b342e-5d9a-484c-a2db-3fd08a0dfeaf, LastCheckDateTime: 2025-05-30T20:43:39.78+00:00, EndDateTime: 2025-05-30T20:43:39.78+00:00
2025-06-08 18:25:14.989 14647-14737 VehicleMapper           app.forku                            D  Processing checklist: 6905bebe-9dda-4c5d-939a-94de2953925b, Status: 1, UserId: 867b342e-5d9a-484c-a2db-3fd08a0dfeaf, LastCheckDateTime: 2025-05-30T16:32:22.873+00:00, EndDateTime: 2025-05-30T16:32:22.873+00:00
2025-06-08 18:25:14.990 14647-14737 VehicleMapper           app.forku                            D  Processing checklist: 4d22db5c-974c-4000-90ce-9bd422f0c531, Status: 1, UserId: 867b342e-5d9a-484c-a2db-3fd08a0dfeaf, LastCheckDateTime: 2025-05-30T01:02:59.483+00:00, EndDateTime: 2025-05-30T01:02:59.483+00:00
2025-06-08 18:25:14.990 14647-14737 VehicleMapper           app.forku                            D  Processing checklist: 18444705-d3e9-484b-a470-a62cdb2a74cb, Status: 2, UserId: 11717300-cb52-4e87-bae9-d5a4a8323e5e, LastCheckDateTime: 2025-06-03T21:08:26.183+00:00, EndDateTime: 2025-06-03T21:08:26.183+00:00
2025-06-08 18:25:14.990 14647-14737 VehicleMapper           app.forku                            D  Processing checklist: 5ae780af-2b9b-44a1-9fe2-a7c2ed4b1130, Status: 2, UserId: 867b342e-5d9a-484c-a2db-3fd08a0dfeaf, LastCheckDateTime: 2025-05-19T21:58:09.593+00:00, EndDateTime: 2025-05-19T21:58:09.593+00:00
2025-06-08 18:25:14.990 14647-14737 VehicleMapper           app.forku                            D  Processing checklist: c18a952d-cba6-46d8-8e1c-ac31547afe41, Status: 1, UserId: 867b342e-5d9a-484c-a2db-3fd08a0dfeaf, LastCheckDateTime: 2025-06-05T21:51:58.063+00:00, EndDateTime: 2025-06-05T21:51:58.063+00:00
2025-06-08 18:25:14.990 14647-14737 VehicleMapper           app.forku                            D  Processing checklist: 4aa6fe34-61fc-45d0-9976-ae84d26767ff, Status: 1, UserId: 867b342e-5d9a-484c-a2db-3fd08a0dfeaf, LastCheckDateTime: 2025-05-30T18:51:52.98+00:00, EndDateTime: 2025-05-30T18:51:52.98+00:00
2025-06-08 18:25:14.990 14647-14737 VehicleMapper           app.forku                            D  Processing checklist: a3fd3277-ba34-4caf-96f6-af2fbb0c9f48, Status: 2, UserId: 867b342e-5d9a-484c-a2db-3fd08a0dfeaf, LastCheckDateTime: 2025-06-05T23:53:23.14+00:00, EndDateTime: 2025-06-05T23:53:23.14+00:00
2025-06-08 18:25:14.990 14647-14737 VehicleMapper           app.forku                            D  Processing checklist: 56658df8-56be-4b34-b02a-affb26dc887c, Status: 1, UserId: 867b342e-5d9a-484c-a2db-3fd08a0dfeaf, LastCheckDateTime: 2025-05-30T20:32:01.37+00:00, EndDateTime: 2025-05-30T20:32:01.37+00:00
2025-06-08 18:25:14.990 14647-14737 VehicleMapper           app.forku                            D  Processing checklist: be08bf63-6ec9-4b76-a639-b85032df9bf0, Status: 1, UserId: 867b342e-5d9a-484c-a2db-3fd08a0dfeaf, LastCheckDateTime: 2025-05-30T04:12:31.867+00:00, EndDateTime: 2025-05-30T04:12:31.867+00:00
2025-06-08 18:25:14.990 14647-14737 VehicleMapper           app.forku                            D  Processing checklist: 49ebd315-b35b-4645-852a-b856ece4ba4e, Status: 1, UserId: 867b342e-5d9a-484c-a2db-3fd08a0dfeaf, LastCheckDateTime: 2025-05-30T17:12:22.617+00:00, EndDateTime: 2025-05-30T17:12:22.617+00:00
2025-06-08 18:25:14.991 14647-14737 VehicleMapper           app.forku                            D  Processing checklist: 4f4dcaf2-208d-4bd5-95dd-c73d280a4218, Status: 2, UserId: 4d793757-0df6-4a27-9e7c-95c1e81e29e3, LastCheckDateTime: 2025-05-30T16:09:04.087+00:00, EndDateTime: 2025-05-30T16:09:04.087+00:00
2025-06-08 18:25:14.991 14647-14737 VehicleMapper           app.forku                            D  Processing checklist: 2e8489fc-329f-4cac-aabc-c89c883460d2, Status: 1, UserId: 867b342e-5d9a-484c-a2db-3fd08a0dfeaf, LastCheckDateTime: 2025-05-30T00:17:07.987+00:00, EndDateTime: 2025-05-30T00:17:07.987+00:00
2025-06-08 18:25:14.991 14647-14737 VehicleMapper           app.forku                            D  Processing checklist: a5e952b6-a93b-4e1f-abc2-d046a1c961d3, Status: 1, UserId: 867b342e-5d9a-484c-a2db-3fd08a0dfeaf, LastCheckDateTime: 2025-05-30T06:31:36.88+00:00, EndDateTime: 2025-05-30T06:31:36.88+00:00
2025-06-08 18:25:14.991 14647-14737 VehicleMapper           app.forku                            D  Processing checklist: 59bc9748-b94d-4c7c-8959-d393210643f8, Status: 1, UserId: 867b342e-5d9a-484c-a2db-3fd08a0dfeaf, LastCheckDateTime: 2025-05-30T01:32:49.253+00:00, EndDateTime: 2025-05-30T01:32:49.253+00:00
2025-06-08 18:25:14.991 14647-14737 VehicleMapper           app.forku                            D  Processing checklist: c60f5c94-9596-4f14-b1e0-d63c0e5b1b1d, Status: 1, UserId: 867b342e-5d9a-484c-a2db-3fd08a0dfeaf, LastCheckDateTime: 2025-05-30T20:08:16.91+00:00, EndDateTime: 2025-05-30T20:08:16.91+00:00
2025-06-08 18:25:14.991 14647-14737 VehicleMapper           app.forku                            D  Processing checklist: fe642fd7-4358-41df-bfca-d70b1413f86a, Status: 2, UserId: 11717300-cb52-4e87-bae9-d5a4a8323e5e, LastCheckDateTime: 2025-06-03T21:11:07.117+00:00, EndDateTime: 2025-06-03T21:11:07.117+00:00
2025-06-08 18:25:14.991 14647-14737 VehicleMapper           app.forku                            D  Processing checklist: 7bce468e-0a64-4b5c-a8e5-d9f2c807002d, Status: 1, UserId: 11717300-cb52-4e87-bae9-d5a4a8323e5e, LastCheckDateTime: 2025-06-03T21:09:20.547+00:00, EndDateTime: 2025-06-03T21:09:20.547+00:00
2025-06-08 18:25:14.991 14647-14737 VehicleMapper           app.forku                            D  Processing checklist: 86115536-415c-477b-9206-e2f7db114cb8, Status: 1, UserId: 867b342e-5d9a-484c-a2db-3fd08a0dfeaf, LastCheckDateTime: 2025-05-29T21:13:52.377+00:00, EndDateTime: 2025-05-29T21:13:52.377+00:00
2025-06-08 18:25:14.991 14647-14737 VehicleMapper           app.forku                            D  Processing checklist: 44d7c12d-ee28-4841-bb3d-e62e1bf0545d, Status: 1, UserId: 867b342e-5d9a-484c-a2db-3fd08a0dfeaf, LastCheckDateTime: 2025-05-30T04:51:12.703+00:00, EndDateTime: 2025-05-30T04:51:12.703+00:00
